e2e	Set up job	﻿2025-12-12T07:10:18.6684208Z Current runner version: '2.329.0'
e2e	Set up job	2025-12-12T07:10:18.6707800Z ##[group]Runner Image Provisioner
e2e	Set up job	2025-12-12T07:10:18.6708613Z Hosted Compute Agent
e2e	Set up job	2025-12-12T07:10:18.6709184Z Version: 20251202.455
e2e	Set up job	2025-12-12T07:10:18.6709745Z Commit: 6c10caca4910e198df60de23adf20ad317c474e3
e2e	Set up job	2025-12-12T07:10:18.6710531Z Build Date: 2025-12-02T15:56:59Z
e2e	Set up job	2025-12-12T07:10:18.6711154Z Worker ID: {d8120e38-cf82-4c38-b2e3-81723d3d2be5}
e2e	Set up job	2025-12-12T07:10:18.6711841Z ##[endgroup]
e2e	Set up job	2025-12-12T07:10:18.6712405Z ##[group]Operating System
e2e	Set up job	2025-12-12T07:10:18.6712982Z Ubuntu
e2e	Set up job	2025-12-12T07:10:18.6713444Z 24.04.3
e2e	Set up job	2025-12-12T07:10:18.6713928Z LTS
e2e	Set up job	2025-12-12T07:10:18.6714393Z ##[endgroup]
e2e	Set up job	2025-12-12T07:10:18.6714887Z ##[group]Runner Image
e2e	Set up job	2025-12-12T07:10:18.6715676Z Image: ubuntu-24.04
e2e	Set up job	2025-12-12T07:10:18.6716171Z Version: 20251208.163.1
e2e	Set up job	2025-12-12T07:10:18.6717175Z Included Software: https://github.com/actions/runner-images/blob/ubuntu24/20251208.163/images/ubuntu/Ubuntu2404-Readme.md
e2e	Set up job	2025-12-12T07:10:18.6718570Z Image Release: https://github.com/actions/runner-images/releases/tag/ubuntu24%2F20251208.163
e2e	Set up job	2025-12-12T07:10:18.6719688Z ##[endgroup]
e2e	Set up job	2025-12-12T07:10:18.6720780Z ##[group]GITHUB_TOKEN Permissions
e2e	Set up job	2025-12-12T07:10:18.6722704Z Contents: read
e2e	Set up job	2025-12-12T07:10:18.6723349Z Metadata: read
e2e	Set up job	2025-12-12T07:10:18.6723883Z Packages: read
e2e	Set up job	2025-12-12T07:10:18.6724352Z ##[endgroup]
e2e	Set up job	2025-12-12T07:10:18.6726535Z Secret source: Actions
e2e	Set up job	2025-12-12T07:10:18.6727239Z Prepare workflow directory
e2e	Set up job	2025-12-12T07:10:18.7067418Z Prepare all required actions
e2e	Set up job	2025-12-12T07:10:18.7123955Z Getting action download info
e2e	Set up job	2025-12-12T07:10:19.0478385Z Download action repository 'actions/checkout@v4' (SHA:34e114876b0b11c390a56381ad16ebd13914f8d5)
e2e	Set up job	2025-12-12T07:10:19.1645281Z Download action repository 'pnpm/action-setup@v4' (SHA:41ff72655975bd51cab0327fa583b6e92b6d3061)
e2e	Set up job	2025-12-12T07:10:19.4600785Z Download action repository 'actions/setup-node@v4' (SHA:49933ea5288caeca8642d1e84afbd3f7d6820020)
e2e	Set up job	2025-12-12T07:10:19.5503343Z Download action repository 'actions/upload-artifact@v4' (SHA:ea165f8d65b6e75b540449e92b4886f43607fa02)
e2e	Set up job	2025-12-12T07:10:19.7616199Z Complete job name: e2e
e2e	Checkout code	﻿2025-12-12T07:10:19.8352361Z ##[group]Run actions/checkout@v4
e2e	Checkout code	2025-12-12T07:10:19.8353394Z with:
e2e	Checkout code	2025-12-12T07:10:19.8353894Z   repository: lilyth-y/dashboard
e2e	Checkout code	2025-12-12T07:10:19.8354809Z   token: ***
e2e	Checkout code	2025-12-12T07:10:19.8355475Z   ssh-strict: true
e2e	Checkout code	2025-12-12T07:10:19.8355981Z   ssh-user: git
e2e	Checkout code	2025-12-12T07:10:19.8356496Z   persist-credentials: true
e2e	Checkout code	2025-12-12T07:10:19.8357109Z   clean: true
e2e	Checkout code	2025-12-12T07:10:19.8357636Z   sparse-checkout-cone-mode: true
e2e	Checkout code	2025-12-12T07:10:19.8358311Z   fetch-depth: 1
e2e	Checkout code	2025-12-12T07:10:19.8358800Z   fetch-tags: false
e2e	Checkout code	2025-12-12T07:10:19.8359315Z   show-progress: true
e2e	Checkout code	2025-12-12T07:10:19.8359826Z   lfs: false
e2e	Checkout code	2025-12-12T07:10:19.8360292Z   submodules: false
e2e	Checkout code	2025-12-12T07:10:19.8361053Z   set-safe-directory: true
e2e	Checkout code	2025-12-12T07:10:19.8361970Z ##[endgroup]
e2e	Checkout code	2025-12-12T07:10:19.9463096Z Syncing repository: lilyth-y/dashboard
e2e	Checkout code	2025-12-12T07:10:19.9466775Z ##[group]Getting Git version info
e2e	Checkout code	2025-12-12T07:10:19.9468541Z Working directory is '/home/runner/work/dashboard/dashboard'
e2e	Checkout code	2025-12-12T07:10:19.9471075Z [command]/usr/bin/git version
e2e	Checkout code	2025-12-12T07:10:19.9545880Z git version 2.52.0
e2e	Checkout code	2025-12-12T07:10:19.9572462Z ##[endgroup]
e2e	Checkout code	2025-12-12T07:10:19.9586552Z Temporarily overriding HOME='/home/runner/work/_temp/9087a294-f132-4917-a892-dba832a97bb6' before making global git config changes
e2e	Checkout code	2025-12-12T07:10:19.9588957Z Adding repository directory to the temporary git global config as a safe directory
e2e	Checkout code	2025-12-12T07:10:19.9598761Z [command]/usr/bin/git config --global --add safe.directory /home/runner/work/dashboard/dashboard
e2e	Checkout code	2025-12-12T07:10:19.9638646Z Deleting the contents of '/home/runner/work/dashboard/dashboard'
e2e	Checkout code	2025-12-12T07:10:19.9642027Z ##[group]Initializing the repository
e2e	Checkout code	2025-12-12T07:10:19.9647360Z [command]/usr/bin/git init /home/runner/work/dashboard/dashboard
e2e	Checkout code	2025-12-12T07:10:19.9777664Z hint: Using 'master' as the name for the initial branch. This default branch name
e2e	Checkout code	2025-12-12T07:10:19.9780113Z hint: will change to "main" in Git 3.0. To configure the initial branch name
e2e	Checkout code	2025-12-12T07:10:19.9782585Z hint: to use in all of your new repositories, which will suppress this warning,
e2e	Checkout code	2025-12-12T07:10:19.9784370Z hint: call:
e2e	Checkout code	2025-12-12T07:10:19.9784813Z hint:
e2e	Checkout code	2025-12-12T07:10:19.9785704Z hint: 	git config --global init.defaultBranch <name>
e2e	Checkout code	2025-12-12T07:10:19.9786545Z hint:
e2e	Checkout code	2025-12-12T07:10:19.9787362Z hint: Names commonly chosen instead of 'master' are 'main', 'trunk' and
e2e	Checkout code	2025-12-12T07:10:19.9789217Z hint: 'development'. The just-created branch can be renamed via this command:
e2e	Checkout code	2025-12-12T07:10:19.9790382Z hint:
e2e	Checkout code	2025-12-12T07:10:19.9790852Z hint: 	git branch -m <name>
e2e	Checkout code	2025-12-12T07:10:19.9791433Z hint:
e2e	Checkout code	2025-12-12T07:10:19.9792291Z hint: Disable this message with "git config set advice.defaultBranchName false"
e2e	Checkout code	2025-12-12T07:10:19.9794411Z Initialized empty Git repository in /home/runner/work/dashboard/dashboard/.git/
e2e	Checkout code	2025-12-12T07:10:19.9797124Z [command]/usr/bin/git remote add origin https://github.com/lilyth-y/dashboard
e2e	Checkout code	2025-12-12T07:10:19.9837916Z ##[endgroup]
e2e	Checkout code	2025-12-12T07:10:19.9839336Z ##[group]Disabling automatic garbage collection
e2e	Checkout code	2025-12-12T07:10:19.9841078Z [command]/usr/bin/git config --local gc.auto 0
e2e	Checkout code	2025-12-12T07:10:19.9869657Z ##[endgroup]
e2e	Checkout code	2025-12-12T07:10:19.9871003Z ##[group]Setting up auth
e2e	Checkout code	2025-12-12T07:10:19.9876001Z [command]/usr/bin/git config --local --name-only --get-regexp core\.sshCommand
e2e	Checkout code	2025-12-12T07:10:19.9905170Z [command]/usr/bin/git submodule foreach --recursive sh -c "git config --local --name-only --get-regexp 'core\.sshCommand' && git config --local --unset-all 'core.sshCommand' || :"
e2e	Checkout code	2025-12-12T07:10:20.0255951Z [command]/usr/bin/git config --local --name-only --get-regexp http\.https\:\/\/github\.com\/\.extraheader
e2e	Checkout code	2025-12-12T07:10:20.0284190Z [command]/usr/bin/git submodule foreach --recursive sh -c "git config --local --name-only --get-regexp 'http\.https\:\/\/github\.com\/\.extraheader' && git config --local --unset-all 'http.https://github.com/.extraheader' || :"
e2e	Checkout code	2025-12-12T07:10:20.0499416Z [command]/usr/bin/git config --local --name-only --get-regexp ^includeIf\.gitdir:
e2e	Checkout code	2025-12-12T07:10:20.0527805Z [command]/usr/bin/git submodule foreach --recursive git config --local --show-origin --name-only --get-regexp remote.origin.url
e2e	Checkout code	2025-12-12T07:10:20.0752350Z [command]/usr/bin/git config --local http.https://github.com/.extraheader AUTHORIZATION: basic ***
e2e	Checkout code	2025-12-12T07:10:20.0784643Z ##[endgroup]
e2e	Checkout code	2025-12-12T07:10:20.0785840Z ##[group]Fetching the repository
e2e	Checkout code	2025-12-12T07:10:20.0793811Z [command]/usr/bin/git -c protocol.version=2 fetch --no-tags --prune --no-recurse-submodules --depth=1 origin +d9bb0d275edc1737bc35a1bcbbfdcaa4b63fcd05:refs/remotes/origin/main
e2e	Checkout code	2025-12-12T07:10:20.2867074Z From https://github.com/lilyth-y/dashboard
e2e	Checkout code	2025-12-12T07:10:20.2869849Z  * [new ref]         d9bb0d275edc1737bc35a1bcbbfdcaa4b63fcd05 -> origin/main
e2e	Checkout code	2025-12-12T07:10:20.2900882Z ##[endgroup]
e2e	Checkout code	2025-12-12T07:10:20.2902428Z ##[group]Determining the checkout info
e2e	Checkout code	2025-12-12T07:10:20.2904298Z ##[endgroup]
e2e	Checkout code	2025-12-12T07:10:20.2909260Z [command]/usr/bin/git sparse-checkout disable
e2e	Checkout code	2025-12-12T07:10:20.2953657Z [command]/usr/bin/git config --local --unset-all extensions.worktreeConfig
e2e	Checkout code	2025-12-12T07:10:20.2979929Z ##[group]Checking out the ref
e2e	Checkout code	2025-12-12T07:10:20.2984437Z [command]/usr/bin/git checkout --progress --force -B main refs/remotes/origin/main
e2e	Checkout code	2025-12-12T07:10:20.3151688Z Switched to a new branch 'main'
e2e	Checkout code	2025-12-12T07:10:20.3154718Z branch 'main' set up to track 'origin/main'.
e2e	Checkout code	2025-12-12T07:10:20.3161581Z ##[endgroup]
e2e	Checkout code	2025-12-12T07:10:20.3193776Z [command]/usr/bin/git log -1 --format=%H
e2e	Checkout code	2025-12-12T07:10:20.3215327Z d9bb0d275edc1737bc35a1bcbbfdcaa4b63fcd05
e2e	Setup PNPM	﻿2025-12-12T07:10:20.3440366Z ##[group]Run pnpm/action-setup@v4
e2e	Setup PNPM	2025-12-12T07:10:20.3441056Z with:
e2e	Setup PNPM	2025-12-12T07:10:20.3441462Z   version: 9
e2e	Setup PNPM	2025-12-12T07:10:20.3441899Z   dest: ~/setup-pnpm
e2e	Setup PNPM	2025-12-12T07:10:20.3442408Z   run_install: null
e2e	Setup PNPM	2025-12-12T07:10:20.3442933Z   package_json_file: package.json
e2e	Setup PNPM	2025-12-12T07:10:20.3443575Z   standalone: false
e2e	Setup PNPM	2025-12-12T07:10:20.3444235Z ##[endgroup]
e2e	Setup PNPM	2025-12-12T07:10:20.3983107Z ##[group]Running self-installer...
e2e	Setup PNPM	2025-12-12T07:10:20.9428078Z Progress: resolved 1, reused 0, downloaded 0, added 0
e2e	Setup PNPM	2025-12-12T07:10:20.9516316Z Packages: +1
e2e	Setup PNPM	2025-12-12T07:10:20.9517442Z +
e2e	Setup PNPM	2025-12-12T07:10:21.3895286Z Progress: resolved 1, reused 0, downloaded 1, added 1, done
e2e	Setup PNPM	2025-12-12T07:10:21.4177069Z 
e2e	Setup PNPM	2025-12-12T07:10:21.4177647Z dependencies:
e2e	Setup PNPM	2025-12-12T07:10:21.4178540Z + pnpm 9.15.9 (10.25.0 is available)
e2e	Setup PNPM	2025-12-12T07:10:21.4179128Z 
e2e	Setup PNPM	2025-12-12T07:10:21.4217520Z Done in 861ms
e2e	Setup PNPM	2025-12-12T07:10:21.4406683Z ##[endgroup]
e2e	Setup PNPM	2025-12-12T07:10:21.4411715Z Installation Completed!
e2e	Setup Node.js	﻿2025-12-12T07:10:21.4626050Z ##[group]Run actions/setup-node@v4
e2e	Setup Node.js	2025-12-12T07:10:21.4627070Z with:
e2e	Setup Node.js	2025-12-12T07:10:21.4627805Z   node-version: 20
e2e	Setup Node.js	2025-12-12T07:10:21.4628593Z   cache: pnpm
e2e	Setup Node.js	2025-12-12T07:10:21.4629368Z   always-auth: false
e2e	Setup Node.js	2025-12-12T07:10:21.4630187Z   check-latest: false
e2e	Setup Node.js	2025-12-12T07:10:21.4631246Z   token: ***
e2e	Setup Node.js	2025-12-12T07:10:21.4632005Z env:
e2e	Setup Node.js	2025-12-12T07:10:21.4632871Z   PNPM_HOME: /home/runner/setup-pnpm/node_modules/.bin
e2e	Setup Node.js	2025-12-12T07:10:21.4633955Z ##[endgroup]
e2e	Setup Node.js	2025-12-12T07:10:21.6416665Z Found in cache @ /opt/hostedtoolcache/node/20.19.6/x64
e2e	Setup Node.js	2025-12-12T07:10:21.6422476Z ##[group]Environment details
e2e	Setup Node.js	2025-12-12T07:10:23.6587662Z node: v20.19.6
e2e	Setup Node.js	2025-12-12T07:10:23.6588129Z npm: 10.8.2
e2e	Setup Node.js	2025-12-12T07:10:23.6588428Z yarn: 1.22.22
e2e	Setup Node.js	2025-12-12T07:10:23.6589477Z ##[endgroup]
e2e	Setup Node.js	2025-12-12T07:10:23.6615329Z [command]/home/runner/setup-pnpm/node_modules/.bin/pnpm store path --silent
e2e	Setup Node.js	2025-12-12T07:10:24.1577754Z /home/runner/setup-pnpm/node_modules/.bin/store/v3
e2e	Setup Node.js	2025-12-12T07:10:24.2527143Z pnpm cache is not found
e2e	Install dependencies	﻿2025-12-12T07:10:24.2634116Z ##[group]Run pnpm install --frozen-lockfile
e2e	Install dependencies	2025-12-12T07:10:24.2634522Z [36;1mpnpm install --frozen-lockfile[0m
e2e	Install dependencies	2025-12-12T07:10:24.2679298Z shell: /usr/bin/bash -e {0}
e2e	Install dependencies	2025-12-12T07:10:24.2679556Z env:
e2e	Install dependencies	2025-12-12T07:10:24.2679792Z   PNPM_HOME: /home/runner/setup-pnpm/node_modules/.bin
e2e	Install dependencies	2025-12-12T07:10:24.2680103Z ##[endgroup]
e2e	Install dependencies	2025-12-12T07:10:24.7243214Z Lockfile is up to date, resolution step is skipped
e2e	Install dependencies	2025-12-12T07:10:24.8196123Z Progress: resolved 1, reused 0, downloaded 0, added 0
e2e	Install dependencies	2025-12-12T07:10:24.9587361Z Packages: +878
e2e	Install dependencies	2025-12-12T07:10:24.9593045Z ++++++++++++++++++++++++++++++++++++++++++++++++++++++++++++++++++++++++++++++++
e2e	Install dependencies	2025-12-12T07:10:25.8307014Z Progress: resolved 878, reused 0, downloaded 33, added 21
e2e	Install dependencies	2025-12-12T07:10:26.8341978Z Progress: resolved 878, reused 0, downloaded 160, added 151
e2e	Install dependencies	2025-12-12T07:10:27.8358446Z Progress: resolved 878, reused 0, downloaded 195, added 189
e2e	Install dependencies	2025-12-12T07:10:28.8347075Z Progress: resolved 878, reused 0, downloaded 213, added 204
e2e	Install dependencies	2025-12-12T07:10:29.8343829Z Progress: resolved 878, reused 0, downloaded 455, added 455
e2e	Install dependencies	2025-12-12T07:10:30.8344019Z Progress: resolved 878, reused 0, downloaded 791, added 783
e2e	Install dependencies	2025-12-12T07:10:31.0746011Z Progress: resolved 878, reused 0, downloaded 878, added 878, done
e2e	Install dependencies	2025-12-12T07:10:31.3696395Z .../node_modules/@prisma/engines postinstall$ node scripts/postinstall.js
e2e	Install dependencies	2025-12-12T07:10:31.3937289Z .../sharp@0.33.5/node_modules/sharp install$ node install/check
e2e	Install dependencies	2025-12-12T07:10:31.3941149Z .../node_modules/unrs-resolver postinstall$ napi-postinstall unrs-resolver 1.11.1 check
e2e	Install dependencies	2025-12-12T07:10:31.3950160Z .../node_modules/msw postinstall$ node -e "import('./config/scripts/postinstall.js').catch(() => void 0)"
e2e	Install dependencies	2025-12-12T07:10:31.4391146Z .../esbuild@0.25.12/node_modules/esbuild postinstall$ node install.js
e2e	Install dependencies	2025-12-12T07:10:31.4936803Z .../node_modules/unrs-resolver postinstall: Done
e2e	Install dependencies	2025-12-12T07:10:31.4996051Z .../node_modules/msw postinstall: Done
e2e	Install dependencies	2025-12-12T07:10:31.5456747Z .../esbuild@0.25.12/node_modules/esbuild postinstall: Done
e2e	Install dependencies	2025-12-12T07:10:31.7280400Z .../sharp@0.33.5/node_modules/sharp install: Done
e2e	Install dependencies	2025-12-12T07:10:32.7305734Z .../node_modules/@prisma/engines postinstall: Done
e2e	Install dependencies	2025-12-12T07:10:32.8328618Z .../node_modules/prisma preinstall$ node scripts/preinstall-entry.js
e2e	Install dependencies	2025-12-12T07:10:32.9162994Z .../node_modules/prisma preinstall: Done
e2e	Install dependencies	2025-12-12T07:10:33.1091717Z .../node_modules/@prisma/client postinstall$ node scripts/postinstall.js
e2e	Install dependencies	2025-12-12T07:10:35.4642558Z .../node_modules/@prisma/client postinstall: Prisma schema loaded from prisma/schema.prisma
e2e	Install dependencies	2025-12-12T07:10:35.8397975Z .../node_modules/@prisma/client postinstall: ✔ Generated Prisma Client (v6.19.0) to ./node_modules/.pnpm/@prisma+client@6.19.0_prisma@6.19.0_magicast@0.3.5_typescript@5.9.3__typescript@5.9.3/node_modules/@prisma/client in 167ms
e2e	Install dependencies	2025-12-12T07:10:35.8401988Z .../node_modules/@prisma/client postinstall: Start by importing your Prisma Client (See: https://pris.ly/d/importing-client)
e2e	Install dependencies	2025-12-12T07:10:35.8407142Z .../node_modules/@prisma/client postinstall: Tip: Interested in query caching in just a few lines of code? Try Accelerate today! https://pris.ly/tip-3-accelerate
e2e	Install dependencies	2025-12-12T07:10:35.8616193Z .../node_modules/@prisma/client postinstall: Done
e2e	Install dependencies	2025-12-12T07:10:36.2327136Z 
e2e	Install dependencies	2025-12-12T07:10:36.2327825Z dependencies:
e2e	Install dependencies	2025-12-12T07:10:36.2328283Z + @auth/prisma-adapter 2.11.1
e2e	Install dependencies	2025-12-12T07:10:36.2328982Z + @hookform/resolvers 3.10.0
e2e	Install dependencies	2025-12-12T07:10:36.2329428Z + @prisma/client 6.19.0
e2e	Install dependencies	2025-12-12T07:10:36.2333153Z + @radix-ui/react-accordion 1.2.2
e2e	Install dependencies	2025-12-12T07:10:36.2352851Z + @radix-ui/react-alert-dialog 1.1.4
e2e	Install dependencies	2025-12-12T07:10:36.2353378Z + @radix-ui/react-aspect-ratio 1.1.1
e2e	Install dependencies	2025-12-12T07:10:36.2353831Z + @radix-ui/react-avatar 1.1.2
e2e	Install dependencies	2025-12-12T07:10:36.2354250Z + @radix-ui/react-checkbox 1.1.3
e2e	Install dependencies	2025-12-12T07:10:36.2354694Z + @radix-ui/react-collapsible 1.1.2
e2e	Install dependencies	2025-12-12T07:10:36.2355393Z + @radix-ui/react-context-menu 2.2.4
e2e	Install dependencies	2025-12-12T07:10:36.2355849Z + @radix-ui/react-dialog 1.1.4
e2e	Install dependencies	2025-12-12T07:10:36.2356312Z + @radix-ui/react-dropdown-menu 2.1.4
e2e	Install dependencies	2025-12-12T07:10:36.2357106Z + @radix-ui/react-hover-card 1.1.4
e2e	Install dependencies	2025-12-12T07:10:36.2357513Z + @radix-ui/react-label 2.1.1
e2e	Install dependencies	2025-12-12T07:10:36.2357941Z + @radix-ui/react-menubar 1.1.4
e2e	Install dependencies	2025-12-12T07:10:36.2358391Z + @radix-ui/react-navigation-menu 1.2.3
e2e	Install dependencies	2025-12-12T07:10:36.2358861Z + @radix-ui/react-popover 1.1.4
e2e	Install dependencies	2025-12-12T07:10:36.2359293Z + @radix-ui/react-progress 1.1.1
e2e	Install dependencies	2025-12-12T07:10:36.2359734Z + @radix-ui/react-radio-group 1.2.2
e2e	Install dependencies	2025-12-12T07:10:36.2360181Z + @radix-ui/react-scroll-area 1.2.2
e2e	Install dependencies	2025-12-12T07:10:36.2360614Z + @radix-ui/react-select 2.1.4
e2e	Install dependencies	2025-12-12T07:10:36.2361042Z + @radix-ui/react-separator 1.1.1
e2e	Install dependencies	2025-12-12T07:10:36.2361472Z + @radix-ui/react-slider 1.2.2
e2e	Install dependencies	2025-12-12T07:10:36.2361852Z + @radix-ui/react-slot 1.1.1
e2e	Install dependencies	2025-12-12T07:10:36.2362246Z + @radix-ui/react-switch 1.1.2
e2e	Install dependencies	2025-12-12T07:10:36.2362615Z + @radix-ui/react-tabs 1.1.2
e2e	Install dependencies	2025-12-12T07:10:36.2362984Z + @radix-ui/react-toast 1.2.4
e2e	Install dependencies	2025-12-12T07:10:36.2363403Z + @radix-ui/react-toggle 1.1.1
e2e	Install dependencies	2025-12-12T07:10:36.2363828Z + @radix-ui/react-toggle-group 1.1.1
e2e	Install dependencies	2025-12-12T07:10:36.2364281Z + @radix-ui/react-tooltip 1.1.6
e2e	Install dependencies	2025-12-12T07:10:36.2364646Z + @swc/helpers 0.5.17
e2e	Install dependencies	2025-12-12T07:10:36.2364986Z + @vercel/analytics 1.3.1
e2e	Install dependencies	2025-12-12T07:10:36.2365488Z + autoprefixer 10.4.22
e2e	Install dependencies	2025-12-12T07:10:36.2365791Z + bcryptjs 3.0.3
e2e	Install dependencies	2025-12-12T07:10:36.2366187Z + class-variance-authority 0.7.1
e2e	Install dependencies	2025-12-12T07:10:36.2366544Z + clsx 2.1.1
e2e	Install dependencies	2025-12-12T07:10:36.2366807Z + cmdk 1.0.4
e2e	Install dependencies	2025-12-12T07:10:36.2367062Z + date-fns 4.1.0
e2e	Install dependencies	2025-12-12T07:10:36.2367388Z + embla-carousel-react 8.5.1
e2e	Install dependencies	2025-12-12T07:10:36.2367731Z + geist 1.5.1
e2e	Install dependencies	2025-12-12T07:10:36.2368012Z + input-otp 1.4.1
e2e	Install dependencies	2025-12-12T07:10:36.2368323Z + lucide-react 0.454.0
e2e	Install dependencies	2025-12-12T07:10:36.2368645Z + next 15.1.0
e2e	Install dependencies	2025-12-12T07:10:36.2368997Z + next-auth 4.24.13
e2e	Install dependencies	2025-12-12T07:10:36.2369306Z + next-themes 0.4.6
e2e	Install dependencies	2025-12-12T07:10:36.2369588Z + prisma 6.19.0
e2e	Install dependencies	2025-12-12T07:10:36.2369864Z + react 19.0.0
e2e	Install dependencies	2025-12-12T07:10:36.2370173Z + react-day-picker 9.8.0
e2e	Install dependencies	2025-12-12T07:10:36.2370514Z + react-dom 19.0.0
e2e	Install dependencies	2025-12-12T07:10:36.2370841Z + react-hook-form 7.66.1
e2e	Install dependencies	2025-12-12T07:10:36.2371241Z + react-resizable-panels 2.1.9
e2e	Install dependencies	2025-12-12T07:10:36.2371614Z + recharts 2.15.0
e2e	Install dependencies	2025-12-12T07:10:36.2371889Z + sonner 1.7.4
e2e	Install dependencies	2025-12-12T07:10:36.2372183Z + styled-jsx 5.1.7
e2e	Install dependencies	2025-12-12T07:10:36.2372499Z + tailwind-merge 2.6.0
e2e	Install dependencies	2025-12-12T07:10:36.2373043Z + tailwindcss-animate 1.0.7
e2e	Install dependencies	2025-12-12T07:10:36.2373371Z + vaul 0.9.9
e2e	Install dependencies	2025-12-12T07:10:36.2373624Z + zod 3.25.76
e2e	Install dependencies	2025-12-12T07:10:36.2373784Z 
e2e	Install dependencies	2025-12-12T07:10:36.2373906Z devDependencies:
e2e	Install dependencies	2025-12-12T07:10:36.2374229Z + @commitlint/cli 19.8.1
e2e	Install dependencies	2025-12-12T07:10:36.2374647Z + @commitlint/config-conventional 19.8.1
e2e	Install dependencies	2025-12-12T07:10:36.2375271Z + @mswjs/http-middleware 0.10.3
e2e	Install dependencies	2025-12-12T07:10:36.2375648Z + @playwright/test 1.56.1
e2e	Install dependencies	2025-12-12T07:10:36.2376057Z + @testing-library/jest-dom 6.9.1
e2e	Install dependencies	2025-12-12T07:10:36.2376573Z + @testing-library/react 16.3.0
e2e	Install dependencies	2025-12-12T07:10:36.2377050Z + @testing-library/user-event 14.6.1
e2e	Install dependencies	2025-12-12T07:10:36.2377448Z + @types/bcryptjs 3.0.0
e2e	Install dependencies	2025-12-12T07:10:36.2377797Z + @types/node 22.19.1
e2e	Install dependencies	2025-12-12T07:10:36.2378113Z + @types/react 19.2.6
e2e	Install dependencies	2025-12-12T07:10:36.2378443Z + @types/react-dom 19.2.3
e2e	Install dependencies	2025-12-12T07:10:36.2378805Z + @vitejs/plugin-react 5.1.1
e2e	Install dependencies	2025-12-12T07:10:36.2379223Z + @vitest/coverage-istanbul 4.0.15
e2e	Install dependencies	2025-12-12T07:10:36.2379586Z + eslint 9.39.1
e2e	Install dependencies	2025-12-12T07:10:36.2379909Z + eslint-config-next 15.5.5
e2e	Install dependencies	2025-12-12T07:10:36.2380294Z + eslint-plugin-import 2.32.0
e2e	Install dependencies	2025-12-12T07:10:36.2380741Z + eslint-plugin-unused-imports 4.3.0
e2e	Install dependencies	2025-12-12T07:10:36.2381115Z + husky 9.1.7
e2e	Install dependencies	2025-12-12T07:10:36.2381383Z + jsdom 25.0.1
e2e	Install dependencies	2025-12-12T07:10:36.2381687Z + lint-staged 15.5.2
e2e	Install dependencies	2025-12-12T07:10:36.2381987Z + msw 2.12.2
e2e	Install dependencies	2025-12-12T07:10:36.2382251Z + postcss 8.5.6
e2e	Install dependencies	2025-12-12T07:10:36.2382545Z + tailwindcss 3.4.18
e2e	Install dependencies	2025-12-12T07:10:36.2382830Z + tsx 4.20.6
e2e	Install dependencies	2025-12-12T07:10:36.2383111Z + typescript 5.9.3
e2e	Install dependencies	2025-12-12T07:10:36.2383432Z + typescript-eslint 8.47.0
e2e	Install dependencies	2025-12-12T07:10:36.2383754Z + vitest 4.0.15
e2e	Install dependencies	2025-12-12T07:10:36.2383917Z 
e2e	Install dependencies	2025-12-12T07:10:36.2752395Z 
e2e	Install dependencies	2025-12-12T07:10:36.2753951Z > my-v0-project@0.1.0 prepare /home/runner/work/dashboard/dashboard
e2e	Install dependencies	2025-12-12T07:10:36.2754693Z > husky install
e2e	Install dependencies	2025-12-12T07:10:36.2754966Z 
e2e	Install dependencies	2025-12-12T07:10:36.3250163Z husky - install command is DEPRECATED
e2e	Install dependencies	2025-12-12T07:10:36.3606998Z Done in 12s using pnpm v9.15.9
e2e	Generate Prisma client	﻿2025-12-12T07:10:36.4286491Z ##[group]Run pnpm run db:generate
e2e	Generate Prisma client	2025-12-12T07:10:36.4286835Z [36;1mpnpm run db:generate[0m
e2e	Generate Prisma client	2025-12-12T07:10:36.4320336Z shell: /usr/bin/bash -e {0}
e2e	Generate Prisma client	2025-12-12T07:10:36.4320563Z env:
e2e	Generate Prisma client	2025-12-12T07:10:36.4320778Z   PNPM_HOME: /home/runner/setup-pnpm/node_modules/.bin
e2e	Generate Prisma client	2025-12-12T07:10:36.4321053Z ##[endgroup]
e2e	Generate Prisma client	2025-12-12T07:10:36.8372423Z 
e2e	Generate Prisma client	2025-12-12T07:10:36.8373767Z > my-v0-project@0.1.0 db:generate /home/runner/work/dashboard/dashboard
e2e	Generate Prisma client	2025-12-12T07:10:36.8374162Z > prisma generate
e2e	Generate Prisma client	2025-12-12T07:10:36.8374280Z 
e2e	Generate Prisma client	2025-12-12T07:10:37.7411983Z Prisma schema loaded from prisma/schema.prisma
e2e	Generate Prisma client	2025-12-12T07:10:38.0718138Z 
e2e	Generate Prisma client	2025-12-12T07:10:38.0720286Z ✔ Generated Prisma Client (v6.19.0) to ./node_modules/.pnpm/@prisma+client@6.19.0_prisma@6.19.0_magicast@0.3.5_typescript@5.9.3__typescript@5.9.3/node_modules/@prisma/client in 173ms
e2e	Generate Prisma client	2025-12-12T07:10:38.0721172Z 
e2e	Generate Prisma client	2025-12-12T07:10:38.0721698Z Start by importing your Prisma Client (See: https://pris.ly/d/importing-client)
e2e	Generate Prisma client	2025-12-12T07:10:38.0722146Z 
e2e	Generate Prisma client	2025-12-12T07:10:38.0722827Z Tip: Want to turn off tips and other hints? https://pris.ly/tip-4-nohints
e2e	Generate Prisma client	2025-12-12T07:10:38.0723225Z 
e2e	Install Playwright browsers	﻿2025-12-12T07:10:38.1007696Z ##[group]Run pnpm exec playwright install --with-deps
e2e	Install Playwright browsers	2025-12-12T07:10:38.1008087Z [36;1mpnpm exec playwright install --with-deps[0m
e2e	Install Playwright browsers	2025-12-12T07:10:38.1039932Z shell: /usr/bin/bash -e {0}
e2e	Install Playwright browsers	2025-12-12T07:10:38.1040153Z env:
e2e	Install Playwright browsers	2025-12-12T07:10:38.1040376Z   PNPM_HOME: /home/runner/setup-pnpm/node_modules/.bin
e2e	Install Playwright browsers	2025-12-12T07:10:38.1040649Z ##[endgroup]
e2e	Install Playwright browsers	2025-12-12T07:10:39.0202352Z Installing dependencies...
e2e	Install Playwright browsers	2025-12-12T07:10:39.0263788Z Switching to root user to install dependencies...
e2e	Install Playwright browsers	2025-12-12T07:10:39.1356817Z Get:1 file:/etc/apt/apt-mirrors.txt Mirrorlist [144 B]
e2e	Install Playwright browsers	2025-12-12T07:10:39.1689983Z Hit:2 http://azure.archive.ubuntu.com/ubuntu noble InRelease
e2e	Install Playwright browsers	2025-12-12T07:10:39.1691408Z Get:6 https://packages.microsoft.com/repos/azure-cli noble InRelease [3564 B]
e2e	Install Playwright browsers	2025-12-12T07:10:39.1806358Z Get:7 https://packages.microsoft.com/ubuntu/24.04/prod noble InRelease [3600 B]
e2e	Install Playwright browsers	2025-12-12T07:10:39.1846200Z Get:3 http://azure.archive.ubuntu.com/ubuntu noble-updates InRelease [126 kB]
e2e	Install Playwright browsers	2025-12-12T07:10:39.1889935Z Get:4 http://azure.archive.ubuntu.com/ubuntu noble-backports InRelease [126 kB]
e2e	Install Playwright browsers	2025-12-12T07:10:39.1933677Z Get:5 http://azure.archive.ubuntu.com/ubuntu noble-security InRelease [126 kB]
e2e	Install Playwright browsers	2025-12-12T07:10:39.3383049Z Get:8 https://packages.microsoft.com/repos/azure-cli noble/main amd64 Packages [1884 B]
e2e	Install Playwright browsers	2025-12-12T07:10:39.3881566Z Get:9 https://packages.microsoft.com/ubuntu/24.04/prod noble/main armhf Packages [11.3 kB]
e2e	Install Playwright browsers	2025-12-12T07:10:39.3928177Z Get:10 https://packages.microsoft.com/ubuntu/24.04/prod noble/main arm64 Packages [56.9 kB]
e2e	Install Playwright browsers	2025-12-12T07:10:39.3978934Z Get:11 https://packages.microsoft.com/ubuntu/24.04/prod noble/main amd64 Packages [75.3 kB]
e2e	Install Playwright browsers	2025-12-12T07:10:39.4314165Z Get:12 http://azure.archive.ubuntu.com/ubuntu noble-updates/main amd64 Packages [1675 kB]
e2e	Install Playwright browsers	2025-12-12T07:10:39.4419177Z Get:13 http://azure.archive.ubuntu.com/ubuntu noble-updates/main Translation-en [309 kB]
e2e	Install Playwright browsers	2025-12-12T07:10:39.4443478Z Get:14 http://azure.archive.ubuntu.com/ubuntu noble-updates/main amd64 Components [175 kB]
e2e	Install Playwright browsers	2025-12-12T07:10:39.4458443Z Get:15 http://azure.archive.ubuntu.com/ubuntu noble-updates/main amd64 c-n-f Metadata [15.8 kB]
e2e	Install Playwright browsers	2025-12-12T07:10:39.4466726Z Get:16 http://azure.archive.ubuntu.com/ubuntu noble-updates/universe amd64 Packages [1501 kB]
e2e	Install Playwright browsers	2025-12-12T07:10:39.4540741Z Get:17 http://azure.archive.ubuntu.com/ubuntu noble-updates/universe Translation-en [304 kB]
e2e	Install Playwright browsers	2025-12-12T07:10:39.4565923Z Get:18 http://azure.archive.ubuntu.com/ubuntu noble-updates/universe amd64 Components [378 kB]
e2e	Install Playwright browsers	2025-12-12T07:10:39.4590164Z Get:19 http://azure.archive.ubuntu.com/ubuntu noble-updates/universe amd64 c-n-f Metadata [31.4 kB]
e2e	Install Playwright browsers	2025-12-12T07:10:39.4600099Z Get:20 http://azure.archive.ubuntu.com/ubuntu noble-updates/restricted amd64 Packages [2404 kB]
e2e	Install Playwright browsers	2025-12-12T07:10:39.4708330Z Get:21 http://azure.archive.ubuntu.com/ubuntu noble-updates/restricted Translation-en [549 kB]
e2e	Install Playwright browsers	2025-12-12T07:10:39.5190547Z Get:22 http://azure.archive.ubuntu.com/ubuntu noble-updates/restricted amd64 Components [212 B]
e2e	Install Playwright browsers	2025-12-12T07:10:39.5200921Z Get:23 http://azure.archive.ubuntu.com/ubuntu noble-updates/multiverse amd64 Components [940 B]
e2e	Install Playwright browsers	2025-12-12T07:10:39.5208939Z Get:24 http://azure.archive.ubuntu.com/ubuntu noble-backports/main amd64 Components [7156 B]
e2e	Install Playwright browsers	2025-12-12T07:10:39.5218314Z Get:25 http://azure.archive.ubuntu.com/ubuntu noble-backports/universe amd64 Components [11.0 kB]
e2e	Install Playwright browsers	2025-12-12T07:10:39.5232898Z Get:26 http://azure.archive.ubuntu.com/ubuntu noble-backports/restricted amd64 Components [212 B]
e2e	Install Playwright browsers	2025-12-12T07:10:39.5240929Z Get:27 http://azure.archive.ubuntu.com/ubuntu noble-backports/multiverse amd64 Components [212 B]
e2e	Install Playwright browsers	2025-12-12T07:10:39.5508046Z Get:28 http://azure.archive.ubuntu.com/ubuntu noble-security/main amd64 Packages [1378 kB]
e2e	Install Playwright browsers	2025-12-12T07:10:39.5579136Z Get:29 http://azure.archive.ubuntu.com/ubuntu noble-security/main Translation-en [224 kB]
e2e	Install Playwright browsers	2025-12-12T07:10:39.5594401Z Get:30 http://azure.archive.ubuntu.com/ubuntu noble-security/main amd64 Components [21.5 kB]
e2e	Install Playwright browsers	2025-12-12T07:10:39.5604102Z Get:31 http://azure.archive.ubuntu.com/ubuntu noble-security/main amd64 c-n-f Metadata [9488 B]
e2e	Install Playwright browsers	2025-12-12T07:10:39.5612738Z Get:32 http://azure.archive.ubuntu.com/ubuntu noble-security/universe amd64 Packages [916 kB]
e2e	Install Playwright browsers	2025-12-12T07:10:39.5659659Z Get:33 http://azure.archive.ubuntu.com/ubuntu noble-security/universe Translation-en [207 kB]
e2e	Install Playwright browsers	2025-12-12T07:10:39.5677036Z Get:34 http://azure.archive.ubuntu.com/ubuntu noble-security/universe amd64 Components [71.4 kB]
e2e	Install Playwright browsers	2025-12-12T07:10:39.5687561Z Get:35 http://azure.archive.ubuntu.com/ubuntu noble-security/universe amd64 c-n-f Metadata [19.4 kB]
e2e	Install Playwright browsers	2025-12-12T07:10:39.6110888Z Get:36 http://azure.archive.ubuntu.com/ubuntu noble-security/restricted amd64 Packages [2266 kB]
e2e	Install Playwright browsers	2025-12-12T07:10:39.6215933Z Get:37 http://azure.archive.ubuntu.com/ubuntu noble-security/restricted Translation-en [518 kB]
e2e	Install Playwright browsers	2025-12-12T07:10:39.6240918Z Get:38 http://azure.archive.ubuntu.com/ubuntu noble-security/restricted amd64 Components [212 B]
e2e	Install Playwright browsers	2025-12-12T07:10:39.6275439Z Get:39 http://azure.archive.ubuntu.com/ubuntu noble-security/multiverse amd64 Components [208 B]
e2e	Install Playwright browsers	2025-12-12T07:10:50.5329628Z Fetched 13.5 MB in 2s (8252 kB/s)
e2e	Install Playwright browsers	2025-12-12T07:10:51.2705896Z Reading package lists...
e2e	Install Playwright browsers	2025-12-12T07:10:51.2964198Z Reading package lists...
e2e	Install Playwright browsers	2025-12-12T07:10:51.4656702Z Building dependency tree...
e2e	Install Playwright browsers	2025-12-12T07:10:51.4664093Z Reading state information...
e2e	Install Playwright browsers	2025-12-12T07:10:51.4827944Z libasound2t64 is already the newest version (1.2.11-1ubuntu0.1).
e2e	Install Playwright browsers	2025-12-12T07:10:51.4828675Z libasound2t64 set to manually installed.
e2e	Install Playwright browsers	2025-12-12T07:10:51.4829544Z libatk-bridge2.0-0t64 is already the newest version (2.52.0-1build1).
e2e	Install Playwright browsers	2025-12-12T07:10:51.4830371Z libatk-bridge2.0-0t64 set to manually installed.
e2e	Install Playwright browsers	2025-12-12T07:10:51.4831153Z libatk1.0-0t64 is already the newest version (2.52.0-1build1).
e2e	Install Playwright browsers	2025-12-12T07:10:51.4831832Z libatk1.0-0t64 set to manually installed.
e2e	Install Playwright browsers	2025-12-12T07:10:51.4832566Z libatspi2.0-0t64 is already the newest version (2.52.0-1build1).
e2e	Install Playwright browsers	2025-12-12T07:10:51.4833318Z libatspi2.0-0t64 set to manually installed.
e2e	Install Playwright browsers	2025-12-12T07:10:51.4833785Z libcairo2 is already the newest version (1.18.0-3build1).
e2e	Install Playwright browsers	2025-12-12T07:10:51.4834232Z libcairo2 set to manually installed.
e2e	Install Playwright browsers	2025-12-12T07:10:51.4834707Z libcups2t64 is already the newest version (2.4.7-1.2ubuntu7.9).
e2e	Install Playwright browsers	2025-12-12T07:10:51.4835697Z libcups2t64 set to manually installed.
e2e	Install Playwright browsers	2025-12-12T07:10:51.4836439Z libdbus-1-3 is already the newest version (1.14.10-4ubuntu4.1).
e2e	Install Playwright browsers	2025-12-12T07:10:51.4836891Z libdbus-1-3 set to manually installed.
e2e	Install Playwright browsers	2025-12-12T07:10:51.4837374Z libdrm2 is already the newest version (2.4.122-1~ubuntu0.24.04.2).
e2e	Install Playwright browsers	2025-12-12T07:10:51.4837835Z libdrm2 set to manually installed.
e2e	Install Playwright browsers	2025-12-12T07:10:51.4838307Z libgbm1 is already the newest version (25.0.7-0ubuntu0.24.04.2).
e2e	Install Playwright browsers	2025-12-12T07:10:51.4838761Z libgbm1 set to manually installed.
e2e	Install Playwright browsers	2025-12-12T07:10:51.4839218Z libnspr4 is already the newest version (2:4.35-1.1build1).
e2e	Install Playwright browsers	2025-12-12T07:10:51.4839657Z libnspr4 set to manually installed.
e2e	Install Playwright browsers	2025-12-12T07:10:51.4840122Z libnss3 is already the newest version (2:3.98-1build1).
e2e	Install Playwright browsers	2025-12-12T07:10:51.4840504Z libnss3 set to manually installed.
e2e	Install Playwright browsers	2025-12-12T07:10:51.4840899Z libpango-1.0-0 is already the newest version (1.52.1+ds-1build1).
e2e	Install Playwright browsers	2025-12-12T07:10:51.4841298Z libpango-1.0-0 set to manually installed.
e2e	Install Playwright browsers	2025-12-12T07:10:51.4841677Z libx11-6 is already the newest version (2:1.8.7-1build1).
e2e	Install Playwright browsers	2025-12-12T07:10:51.4842034Z libx11-6 set to manually installed.
e2e	Install Playwright browsers	2025-12-12T07:10:51.4842390Z libxcb1 is already the newest version (1.15-1ubuntu2).
e2e	Install Playwright browsers	2025-12-12T07:10:51.4842730Z libxcb1 set to manually installed.
e2e	Install Playwright browsers	2025-12-12T07:10:51.4843129Z libxcomposite1 is already the newest version (1:0.4.5-1build3).
e2e	Install Playwright browsers	2025-12-12T07:10:51.4843534Z libxcomposite1 set to manually installed.
e2e	Install Playwright browsers	2025-12-12T07:10:51.4843933Z libxdamage1 is already the newest version (1:1.1.6-1build1).
e2e	Install Playwright browsers	2025-12-12T07:10:51.4844309Z libxdamage1 set to manually installed.
e2e	Install Playwright browsers	2025-12-12T07:10:51.4844691Z libxext6 is already the newest version (2:1.3.4-1build2).
e2e	Install Playwright browsers	2025-12-12T07:10:51.4845258Z libxext6 set to manually installed.
e2e	Install Playwright browsers	2025-12-12T07:10:51.4845672Z libxfixes3 is already the newest version (1:6.0.0-2build1).
e2e	Install Playwright browsers	2025-12-12T07:10:51.4846352Z libxfixes3 set to manually installed.
e2e	Install Playwright browsers	2025-12-12T07:10:51.4846707Z libxkbcommon0 is already the newest version (1.6.0-1build1).
e2e	Install Playwright browsers	2025-12-12T07:10:51.4847210Z libxkbcommon0 set to manually installed.
e2e	Install Playwright browsers	2025-12-12T07:10:51.4847591Z libxrandr2 is already the newest version (2:1.5.2-2build1).
e2e	Install Playwright browsers	2025-12-12T07:10:51.4847924Z libxrandr2 set to manually installed.
e2e	Install Playwright browsers	2025-12-12T07:10:51.4848291Z libcairo-gobject2 is already the newest version (1.18.0-3build1).
e2e	Install Playwright browsers	2025-12-12T07:10:51.4848671Z libcairo-gobject2 set to manually installed.
e2e	Install Playwright browsers	2025-12-12T07:10:51.4849060Z libfontconfig1 is already the newest version (2.15.0-1.1ubuntu2).
e2e	Install Playwright browsers	2025-12-12T07:10:51.4849411Z libfontconfig1 set to manually installed.
e2e	Install Playwright browsers	2025-12-12T07:10:51.4849791Z libfreetype6 is already the newest version (2.13.2+dfsg-1build3).
e2e	Install Playwright browsers	2025-12-12T07:10:51.4850317Z libfreetype6 set to manually installed.
e2e	Install Playwright browsers	2025-12-12T07:10:51.4850739Z libgdk-pixbuf-2.0-0 is already the newest version (2.42.10+dfsg-3ubuntu3.2).
e2e	Install Playwright browsers	2025-12-12T07:10:51.4851176Z libgdk-pixbuf-2.0-0 set to manually installed.
e2e	Install Playwright browsers	2025-12-12T07:10:51.4851577Z libgtk-3-0t64 is already the newest version (3.24.41-4ubuntu1.3).
e2e	Install Playwright browsers	2025-12-12T07:10:51.4851930Z libgtk-3-0t64 set to manually installed.
e2e	Install Playwright browsers	2025-12-12T07:10:51.4852322Z libpangocairo-1.0-0 is already the newest version (1.52.1+ds-1build1).
e2e	Install Playwright browsers	2025-12-12T07:10:51.4852711Z libpangocairo-1.0-0 set to manually installed.
e2e	Install Playwright browsers	2025-12-12T07:10:51.4853084Z libx11-xcb1 is already the newest version (2:1.8.7-1build1).
e2e	Install Playwright browsers	2025-12-12T07:10:51.4853425Z libx11-xcb1 set to manually installed.
e2e	Install Playwright browsers	2025-12-12T07:10:51.4853758Z libxcb-shm0 is already the newest version (1.15-1ubuntu2).
e2e	Install Playwright browsers	2025-12-12T07:10:51.4854091Z libxcb-shm0 set to manually installed.
e2e	Install Playwright browsers	2025-12-12T07:10:51.4854441Z libxcursor1 is already the newest version (1:1.2.1-1build1).
e2e	Install Playwright browsers	2025-12-12T07:10:51.4854767Z libxcursor1 set to manually installed.
e2e	Install Playwright browsers	2025-12-12T07:10:51.4855329Z libxi6 is already the newest version (2:1.8.1-1build1).
e2e	Install Playwright browsers	2025-12-12T07:10:51.4855647Z libxi6 set to manually installed.
e2e	Install Playwright browsers	2025-12-12T07:10:51.4856005Z libxrender1 is already the newest version (1:0.9.10-1.1build1).
e2e	Install Playwright browsers	2025-12-12T07:10:51.4856352Z libxrender1 set to manually installed.
e2e	Install Playwright browsers	2025-12-12T07:10:51.4856684Z libicu74 is already the newest version (74.2-1ubuntu3.1).
e2e	Install Playwright browsers	2025-12-12T07:10:51.4857092Z libatomic1 is already the newest version (14.2.0-4ubuntu2~24.04).
e2e	Install Playwright browsers	2025-12-12T07:10:51.4857435Z libatomic1 set to manually installed.
e2e	Install Playwright browsers	2025-12-12T07:10:51.4857888Z libenchant-2-2 is already the newest version (2.3.3-2build2).
e2e	Install Playwright browsers	2025-12-12T07:10:51.4858359Z libenchant-2-2 set to manually installed.
e2e	Install Playwright browsers	2025-12-12T07:10:51.4858708Z libepoxy0 is already the newest version (1.5.10-1build1).
e2e	Install Playwright browsers	2025-12-12T07:10:51.4859035Z libepoxy0 set to manually installed.
e2e	Install Playwright browsers	2025-12-12T07:10:51.4859413Z libgstreamer1.0-0 is already the newest version (1.24.2-1ubuntu0.1).
e2e	Install Playwright browsers	2025-12-12T07:10:51.4859787Z libgstreamer1.0-0 set to manually installed.
e2e	Install Playwright browsers	2025-12-12T07:10:51.4860167Z libharfbuzz0b is already the newest version (8.3.0-2build2).
e2e	Install Playwright browsers	2025-12-12T07:10:51.4860512Z libharfbuzz0b set to manually installed.
e2e	Install Playwright browsers	2025-12-12T07:10:51.4860869Z libjpeg-turbo8 is already the newest version (2.1.5-2ubuntu2).
e2e	Install Playwright browsers	2025-12-12T07:10:51.4861224Z libjpeg-turbo8 set to manually installed.
e2e	Install Playwright browsers	2025-12-12T07:10:51.4861563Z liblcms2-2 is already the newest version (2.14-2build1).
e2e	Install Playwright browsers	2025-12-12T07:10:51.4861883Z liblcms2-2 set to manually installed.
e2e	Install Playwright browsers	2025-12-12T07:10:51.4862263Z libwayland-client0 is already the newest version (1.22.0-2.1build1).
e2e	Install Playwright browsers	2025-12-12T07:10:51.4862648Z libwayland-client0 set to manually installed.
e2e	Install Playwright browsers	2025-12-12T07:10:51.6347224Z libwayland-egl1 is already the newest version (1.22.0-2.1build1).
e2e	Install Playwright browsers	2025-12-12T07:10:51.6348213Z libwayland-egl1 set to manually installed.
e2e	Install Playwright browsers	2025-12-12T07:10:51.6348969Z libwayland-server0 is already the newest version (1.22.0-2.1build1).
e2e	Install Playwright browsers	2025-12-12T07:10:51.6349528Z libwayland-server0 set to manually installed.
e2e	Install Playwright browsers	2025-12-12T07:10:51.6350038Z libwebp7 is already the newest version (1.3.2-0.4build3).
e2e	Install Playwright browsers	2025-12-12T07:10:51.6350817Z libwebp7 set to manually installed.
e2e	Install Playwright browsers	2025-12-12T07:10:51.6351824Z libwebpdemux2 is already the newest version (1.3.2-0.4build3).
e2e	Install Playwright browsers	2025-12-12T07:10:51.6352297Z libwebpdemux2 set to manually installed.
e2e	Install Playwright browsers	2025-12-12T07:10:51.6352790Z libxml2 is already the newest version (2.9.14+dfsg-1.3ubuntu3.6).
e2e	Install Playwright browsers	2025-12-12T07:10:51.6353255Z libxml2 set to manually installed.
e2e	Install Playwright browsers	2025-12-12T07:10:51.6353821Z libxslt1.1 is already the newest version (1.1.39-0exp1ubuntu0.24.04.2).
e2e	Install Playwright browsers	2025-12-12T07:10:51.6354608Z libxslt1.1 set to manually installed.
e2e	Install Playwright browsers	2025-12-12T07:10:51.6355390Z xvfb is already the newest version (2:21.1.12-1ubuntu1.5).
e2e	Install Playwright browsers	2025-12-12T07:10:51.6356045Z fonts-noto-color-emoji is already the newest version (2.047-0ubuntu0.24.04.1).
e2e	Install Playwright browsers	2025-12-12T07:10:51.6356677Z fonts-liberation is already the newest version (1:2.1.5-3).
e2e	Install Playwright browsers	2025-12-12T07:10:51.6357132Z fonts-liberation set to manually installed.
e2e	Install Playwright browsers	2025-12-12T07:10:51.6357684Z The following additional packages will be installed:
e2e	Install Playwright browsers	2025-12-12T07:10:51.6358089Z   gir1.2-glib-2.0 glib-networking glib-networking-common
e2e	Install Playwright browsers	2025-12-12T07:10:51.6358591Z   glib-networking-services gsettings-desktop-schemas libaa1 libabsl20220623t64
e2e	Install Playwright browsers	2025-12-12T07:10:51.6359125Z   libass9 libasyncns0 libavc1394-0 libavcodec60 libavfilter9 libavformat60
e2e	Install Playwright browsers	2025-12-12T07:10:51.6359580Z   libavtp0 libavutil58 libblas3 libbluray2 libbs2b0 libcaca0
e2e	Install Playwright browsers	2025-12-12T07:10:51.6360043Z   libcairo-script-interpreter2 libcdparanoia0 libchromaprint1 libcjson1
e2e	Install Playwright browsers	2025-12-12T07:10:51.6360491Z   libcodec2-1.2 libdav1d7 libdc1394-25 libdca0 libdecor-0-0
e2e	Install Playwright browsers	2025-12-12T07:10:51.6360925Z   libdirectfb-1.7-7t64 libdv4t64 libdvdnav4 libdvdread8t64 libegl-mesa0
e2e	Install Playwright browsers	2025-12-12T07:10:51.6361398Z   libegl1 libfaad2 libflac12t64 libfluidsynth3 libfreeaptx0 libgav1-1
e2e	Install Playwright browsers	2025-12-12T07:10:51.6361849Z   libglib2.0-bin libglib2.0-data libgme0 libgraphene-1.0-0 libgsm1
e2e	Install Playwright browsers	2025-12-12T07:10:51.6362520Z   libgssdp-1.6-0 libgstreamer-plugins-good1.0-0 libgtk-4-common libgupnp-1.6-0
e2e	Install Playwright browsers	2025-12-12T07:10:51.6363032Z   libgupnp-igd-1.6-0 libhwy1t64 libiec61883-0 libimath-3-1-29t64
e2e	Install Playwright browsers	2025-12-12T07:10:51.6363469Z   libinstpatch-1.0-2 libjack-jackd2-0 libjxl0.7 liblapack3 liblc3-1
e2e	Install Playwright browsers	2025-12-12T07:10:51.6363964Z   libldacbt-enc2 liblilv-0-0 liblrdf0 libltc11 libmbedcrypto7t64 libmfx1
e2e	Install Playwright browsers	2025-12-12T07:10:51.6364408Z   libmjpegutils-2.1-0t64 libmodplug1 libmp3lame0 libmpcdec6
e2e	Install Playwright browsers	2025-12-12T07:10:51.6364843Z   libmpeg2encpp-2.1-0t64 libmpg123-0t64 libmplex2-2.1-0t64 libmysofa1
e2e	Install Playwright browsers	2025-12-12T07:10:51.6365463Z   libneon27t64 libnice10 libopenal-data libopenal1 libopenexr-3-1-30
e2e	Install Playwright browsers	2025-12-12T07:10:51.6365894Z   libopenh264-7 libopenmpt0t64 libopenni2-0 liborc-0.4-0t64
e2e	Install Playwright browsers	2025-12-12T07:10:51.6366319Z   libpipewire-0.3-0t64 libplacebo338 libpocketsphinx3 libpostproc57
e2e	Install Playwright browsers	2025-12-12T07:10:51.6366800Z   libproxy1v5 libpulse0 libqrencode4 libraptor2-0 librav1e0 libraw1394-11
e2e	Install Playwright browsers	2025-12-12T07:10:51.6367321Z   librist4 librsvg2-2 librubberband2 libsamplerate0 libsbc1 libsdl2-2.0-0
e2e	Install Playwright browsers	2025-12-12T07:10:51.6367814Z   libsecret-common libserd-0-0 libshine3 libshout3 libsndfile1 libsndio7.0
e2e	Install Playwright browsers	2025-12-12T07:10:51.6368285Z   libsord-0-0 libsoundtouch1 libsoup-3.0-0 libsoup-3.0-common libsoxr0
e2e	Install Playwright browsers	2025-12-12T07:10:51.6368767Z   libspa-0.2-modules libspandsp2t64 libspeex1 libsphinxbase3t64 libsratom-0-0
e2e	Install Playwright browsers	2025-12-12T07:10:51.6369248Z   libsrt1.5-gnutls libsrtp2-1 libssh-4 libssh-gcrypt-4 libsvtav1enc1d1
e2e	Install Playwright browsers	2025-12-12T07:10:51.6369692Z   libswresample4 libswscale7 libtag1v5 libtag1v5-vanilla libtheora0
e2e	Install Playwright browsers	2025-12-12T07:10:51.6370123Z   libtwolame0 libudfread0 libunibreak5 libv4l-0t64 libv4lconvert0t64
e2e	Install Playwright browsers	2025-12-12T07:10:51.6370560Z   libva-drm2 libva-x11-2 libva2 libvdpau1 libvidstab1.1 libvisual-0.4-0
e2e	Install Playwright browsers	2025-12-12T07:10:51.6370989Z   libvo-aacenc0 libvo-amrwbenc0 libvorbisenc2 libvpl2 libwavpack1
e2e	Install Playwright browsers	2025-12-12T07:10:51.6371421Z   libwebrtc-audio-processing1 libwildmidi2 libx265-199 libxcb-xkb1
e2e	Install Playwright browsers	2025-12-12T07:10:51.6371866Z   libxkbcommon-x11-0 libxvidcore4 libyuv0 libzbar0t64 libzimg2 libzix-0-0
e2e	Install Playwright browsers	2025-12-12T07:10:51.6372343Z   libzvbi-common libzvbi0t64 libzxing3 ocl-icd-libopencl1 session-migration
e2e	Install Playwright browsers	2025-12-12T07:10:51.6372802Z   timgm6mb-soundfont xfonts-encodings xfonts-utils
e2e	Install Playwright browsers	2025-12-12T07:10:51.6373235Z Suggested packages:
e2e	Install Playwright browsers	2025-12-12T07:10:51.6373562Z   frei0r-plugins gvfs libcuda1 libnvcuvid1 libnvidia-encode1 libbluray-bdj
e2e	Install Playwright browsers	2025-12-12T07:10:51.6374031Z   libdirectfb-extra libdv-bin oss-compat libdvdcss2 low-memory-monitor
e2e	Install Playwright browsers	2025-12-12T07:10:51.6374516Z   libvisual-0.4-plugins jackd2 liblrdf0-dev libportaudio2 opus-tools pipewire
e2e	Install Playwright browsers	2025-12-12T07:10:51.6375102Z   pulseaudio raptor2-utils libraw1394-doc librsvg2-bin serdi sndiod sordi
e2e	Install Playwright browsers	2025-12-12T07:10:51.6375536Z   speex libwildmidi-config opencl-icd fluid-soundfont-gm
e2e	Install Playwright browsers	2025-12-12T07:10:51.6375842Z Recommended packages:
e2e	Install Playwright browsers	2025-12-12T07:10:51.6376136Z   fonts-ipafont-mincho fonts-tlwg-loma gstreamer1.0-x libaacs0
e2e	Install Playwright browsers	2025-12-12T07:10:51.6376570Z   default-libdecor-0-plugin-1 | libdecor-0-plugin-1 gstreamer1.0-gl
e2e	Install Playwright browsers	2025-12-12T07:10:51.6377062Z   libgtk-4-bin librsvg2-common libgtk-4-media-gstreamer libpipewire-0.3-common
e2e	Install Playwright browsers	2025-12-12T07:10:51.6377694Z   pocketsphinx-en-us va-driver-all | va-driver vdpau-driver-all | vdpau-driver
e2e	Install Playwright browsers	2025-12-12T07:10:51.6378055Z   libmagickcore-6.q16-7-extra
e2e	Install Playwright browsers	2025-12-12T07:10:51.7516878Z The following NEW packages will be installed:
e2e	Install Playwright browsers	2025-12-12T07:10:51.7517848Z   fonts-freefont-ttf fonts-ipafont-gothic fonts-tlwg-loma-otf fonts-unifont
e2e	Install Playwright browsers	2025-12-12T07:10:51.7518672Z   fonts-wqy-zenhei glib-networking glib-networking-common
e2e	Install Playwright browsers	2025-12-12T07:10:51.7519571Z   glib-networking-services gsettings-desktop-schemas gstreamer1.0-libav
e2e	Install Playwright browsers	2025-12-12T07:10:51.7520253Z   gstreamer1.0-plugins-bad gstreamer1.0-plugins-base gstreamer1.0-plugins-good
e2e	Install Playwright browsers	2025-12-12T07:10:51.7520797Z   libaa1 libabsl20220623t64 libass9 libasyncns0 libavc1394-0 libavcodec60
e2e	Install Playwright browsers	2025-12-12T07:10:51.7521281Z   libavfilter9 libavformat60 libavif16 libavtp0 libavutil58 libblas3
e2e	Install Playwright browsers	2025-12-12T07:10:51.7521778Z   libbluray2 libbs2b0 libcaca0 libcairo-script-interpreter2 libcdparanoia0
e2e	Install Playwright browsers	2025-12-12T07:10:51.7522647Z   libchromaprint1 libcjson1 libcodec2-1.2 libdav1d7 libdc1394-25 libdca0
e2e	Install Playwright browsers	2025-12-12T07:10:51.7523284Z   libdecor-0-0 libdirectfb-1.7-7t64 libdv4t64 libdvdnav4 libdvdread8t64
e2e	Install Playwright browsers	2025-12-12T07:10:51.7523780Z   libegl-mesa0 libegl1 libevent-2.1-7t64 libfaad2 libflac12t64 libflite1
e2e	Install Playwright browsers	2025-12-12T07:10:51.7524277Z   libfluidsynth3 libfreeaptx0 libgav1-1 libgles2 libgme0 libgraphene-1.0-0
e2e	Install Playwright browsers	2025-12-12T07:10:51.7524787Z   libgsm1 libgssdp-1.6-0 libgstreamer-gl1.0-0 libgstreamer-plugins-bad1.0-0
e2e	Install Playwright browsers	2025-12-12T07:10:51.7525519Z   libgstreamer-plugins-base1.0-0 libgstreamer-plugins-good1.0-0 libgtk-4-1
e2e	Install Playwright browsers	2025-12-12T07:10:51.7526069Z   libgtk-4-common libgupnp-1.6-0 libgupnp-igd-1.6-0 libharfbuzz-icu0
e2e	Install Playwright browsers	2025-12-12T07:10:51.7526831Z   libhwy1t64 libhyphen0 libiec61883-0 libimath-3-1-29t64 libinstpatch-1.0-2
e2e	Install Playwright browsers	2025-12-12T07:10:51.7527346Z   libjack-jackd2-0 libjxl0.7 liblapack3 liblc3-1 libldacbt-enc2 liblilv-0-0
e2e	Install Playwright browsers	2025-12-12T07:10:51.7527854Z   liblrdf0 libltc11 libmanette-0.2-0 libmbedcrypto7t64 libmfx1
e2e	Install Playwright browsers	2025-12-12T07:10:51.7528262Z   libmjpegutils-2.1-0t64 libmodplug1 libmp3lame0 libmpcdec6
e2e	Install Playwright browsers	2025-12-12T07:10:51.7528710Z   libmpeg2encpp-2.1-0t64 libmpg123-0t64 libmplex2-2.1-0t64 libmysofa1
e2e	Install Playwright browsers	2025-12-12T07:10:51.7529180Z   libneon27t64 libnice10 libopenal-data libopenal1 libopenexr-3-1-30
e2e	Install Playwright browsers	2025-12-12T07:10:51.7529640Z   libopenh264-7 libopenmpt0t64 libopenni2-0 libopus0 liborc-0.4-0t64
e2e	Install Playwright browsers	2025-12-12T07:10:51.7530093Z   libpipewire-0.3-0t64 libplacebo338 libpocketsphinx3 libpostproc57
e2e	Install Playwright browsers	2025-12-12T07:10:51.7530547Z   libproxy1v5 libpulse0 libqrencode4 libraptor2-0 librav1e0 libraw1394-11
e2e	Install Playwright browsers	2025-12-12T07:10:51.7531037Z   librist4 librsvg2-2 librubberband2 libsamplerate0 libsbc1 libsdl2-2.0-0
e2e	Install Playwright browsers	2025-12-12T07:10:51.7531656Z   libsecret-1-0 libsecret-common libserd-0-0 libshine3 libshout3 libsndfile1
e2e	Install Playwright browsers	2025-12-12T07:10:51.7532123Z   libsndio7.0 libsord-0-0 libsoundtouch1 libsoup-3.0-0 libsoup-3.0-common
e2e	Install Playwright browsers	2025-12-12T07:10:51.7532566Z   libsoxr0 libspa-0.2-modules libspandsp2t64 libspeex1 libsphinxbase3t64
e2e	Install Playwright browsers	2025-12-12T07:10:51.7533021Z   libsratom-0-0 libsrt1.5-gnutls libsrtp2-1 libssh-gcrypt-4 libsvtav1enc1d1
e2e	Install Playwright browsers	2025-12-12T07:10:51.7533655Z   libswresample4 libswscale7 libtag1v5 libtag1v5-vanilla libtheora0
e2e	Install Playwright browsers	2025-12-12T07:10:51.7534085Z   libtwolame0 libudfread0 libunibreak5 libv4l-0t64 libv4lconvert0t64
e2e	Install Playwright browsers	2025-12-12T07:10:51.7534854Z   libva-drm2 libva-x11-2 libva2 libvdpau1 libvidstab1.1 libvisual-0.4-0
e2e	Install Playwright browsers	2025-12-12T07:10:51.7535437Z   libvo-aacenc0 libvo-amrwbenc0 libvorbisenc2 libvpl2 libvpx9 libwavpack1
e2e	Install Playwright browsers	2025-12-12T07:10:51.7535913Z   libwebrtc-audio-processing1 libwildmidi2 libwoff1 libx264-164 libx265-199
e2e	Install Playwright browsers	2025-12-12T07:10:51.7536403Z   libxcb-xkb1 libxkbcommon-x11-0 libxvidcore4 libyuv0 libzbar0t64 libzimg2
e2e	Install Playwright browsers	2025-12-12T07:10:51.7536861Z   libzix-0-0 libzvbi-common libzvbi0t64 libzxing3 ocl-icd-libopencl1
e2e	Install Playwright browsers	2025-12-12T07:10:51.7537303Z   session-migration timgm6mb-soundfont xfonts-cyrillic xfonts-encodings
e2e	Install Playwright browsers	2025-12-12T07:10:51.7537676Z   xfonts-scalable xfonts-utils
e2e	Install Playwright browsers	2025-12-12T07:10:51.7538131Z The following packages will be upgraded:
e2e	Install Playwright browsers	2025-12-12T07:10:51.7538570Z   gir1.2-glib-2.0 libglib2.0-0t64 libglib2.0-bin libglib2.0-data
e2e	Install Playwright browsers	2025-12-12T07:10:51.7539062Z   libpng16-16t64 libssh-4
e2e	Install Playwright browsers	2025-12-12T07:10:51.7763980Z 6 upgraded, 179 newly installed, 0 to remove and 48 not upgraded.
e2e	Install Playwright browsers	2025-12-12T07:10:51.7764676Z Need to get 116 MB of archives.
e2e	Install Playwright browsers	2025-12-12T07:10:51.7765538Z After this operation, 363 MB of additional disk space will be used.
e2e	Install Playwright browsers	2025-12-12T07:10:51.7766276Z Get:1 file:/etc/apt/apt-mirrors.txt Mirrorlist [144 B]
e2e	Install Playwright browsers	2025-12-12T07:10:51.7974383Z Get:2 http://azure.archive.ubuntu.com/ubuntu noble/universe amd64 fonts-ipafont-gothic all 00303-21ubuntu1 [3513 kB]
e2e	Install Playwright browsers	2025-12-12T07:10:51.8387992Z Get:3 http://azure.archive.ubuntu.com/ubuntu noble-updates/main amd64 libglib2.0-data all 2.80.0-6ubuntu3.5 [48.8 kB]
e2e	Install Playwright browsers	2025-12-12T07:10:51.8408527Z Get:4 http://azure.archive.ubuntu.com/ubuntu noble-updates/main amd64 libglib2.0-bin amd64 2.80.0-6ubuntu3.5 [97.9 kB]
e2e	Install Playwright browsers	2025-12-12T07:10:51.8438500Z Get:5 http://azure.archive.ubuntu.com/ubuntu noble-updates/main amd64 gir1.2-glib-2.0 amd64 2.80.0-6ubuntu3.5 [183 kB]
e2e	Install Playwright browsers	2025-12-12T07:10:51.8473568Z Get:6 http://azure.archive.ubuntu.com/ubuntu noble-updates/main amd64 libglib2.0-0t64 amd64 2.80.0-6ubuntu3.5 [1544 kB]
e2e	Install Playwright browsers	2025-12-12T07:10:51.8661635Z Get:7 http://azure.archive.ubuntu.com/ubuntu noble-updates/main amd64 libpng16-16t64 amd64 1.6.43-5ubuntu0.1 [187 kB]
e2e	Install Playwright browsers	2025-12-12T07:10:51.8706810Z Get:8 http://azure.archive.ubuntu.com/ubuntu noble/main amd64 fonts-freefont-ttf all 20211204+svn4273-2 [5641 kB]
e2e	Install Playwright browsers	2025-12-12T07:10:51.9562735Z Get:9 http://azure.archive.ubuntu.com/ubuntu noble/universe amd64 fonts-tlwg-loma-otf all 1:0.7.3-1 [107 kB]
e2e	Install Playwright browsers	2025-12-12T07:10:51.9597304Z Get:10 http://azure.archive.ubuntu.com/ubuntu noble/universe amd64 fonts-unifont all 1:15.1.01-1build1 [2993 kB]
e2e	Install Playwright browsers	2025-12-12T07:10:51.9842031Z Get:11 http://azure.archive.ubuntu.com/ubuntu noble/universe amd64 fonts-wqy-zenhei all 0.9.45-8 [7472 kB]
e2e	Install Playwright browsers	2025-12-12T07:10:52.0399260Z Get:12 http://azure.archive.ubuntu.com/ubuntu noble/main amd64 libproxy1v5 amd64 0.5.4-4build1 [26.5 kB]
e2e	Install Playwright browsers	2025-12-12T07:10:52.0417794Z Get:13 http://azure.archive.ubuntu.com/ubuntu noble/main amd64 glib-networking-common all 2.80.0-1build1 [6702 B]
e2e	Install Playwright browsers	2025-12-12T07:10:52.0462518Z Get:14 http://azure.archive.ubuntu.com/ubuntu noble/main amd64 glib-networking-services amd64 2.80.0-1build1 [12.8 kB]
e2e	Install Playwright browsers	2025-12-12T07:10:52.0482925Z Get:15 http://azure.archive.ubuntu.com/ubuntu noble/main amd64 session-migration amd64 0.3.9build1 [9034 B]
e2e	Install Playwright browsers	2025-12-12T07:10:52.0501531Z Get:16 http://azure.archive.ubuntu.com/ubuntu noble-updates/main amd64 gsettings-desktop-schemas all 46.1-0ubuntu1 [35.6 kB]
e2e	Install Playwright browsers	2025-12-12T07:10:52.0520916Z Get:17 http://azure.archive.ubuntu.com/ubuntu noble/main amd64 glib-networking amd64 2.80.0-1build1 [64.1 kB]
e2e	Install Playwright browsers	2025-12-12T07:10:52.0546429Z Get:18 http://azure.archive.ubuntu.com/ubuntu noble/universe amd64 libva2 amd64 2.20.0-2build1 [66.2 kB]
e2e	Install Playwright browsers	2025-12-12T07:10:52.0566246Z Get:19 http://azure.archive.ubuntu.com/ubuntu noble/universe amd64 libva-drm2 amd64 2.20.0-2build1 [7124 B]
e2e	Install Playwright browsers	2025-12-12T07:10:52.1005609Z Get:20 http://azure.archive.ubuntu.com/ubuntu noble/universe amd64 libva-x11-2 amd64 2.20.0-2build1 [12.0 kB]
e2e	Install Playwright browsers	2025-12-12T07:10:52.1029201Z Get:21 http://azure.archive.ubuntu.com/ubuntu noble/main amd64 libvdpau1 amd64 1.5-2build1 [27.8 kB]
e2e	Install Playwright browsers	2025-12-12T07:10:52.1056623Z Get:22 http://azure.archive.ubuntu.com/ubuntu noble/universe amd64 libvpl2 amd64 2023.3.0-1build1 [99.8 kB]
e2e	Install Playwright browsers	2025-12-12T07:10:52.1085442Z Get:23 http://azure.archive.ubuntu.com/ubuntu noble/universe amd64 ocl-icd-libopencl1 amd64 2.3.2-1build1 [38.5 kB]
e2e	Install Playwright browsers	2025-12-12T07:10:52.1110997Z Get:24 http://azure.archive.ubuntu.com/ubuntu noble/universe amd64 libavutil58 amd64 7:6.1.1-3ubuntu5 [401 kB]
e2e	Install Playwright browsers	2025-12-12T07:10:52.1159161Z Get:25 http://azure.archive.ubuntu.com/ubuntu noble/universe amd64 libcodec2-1.2 amd64 1.2.0-2build1 [8998 kB]
e2e	Install Playwright browsers	2025-12-12T07:10:52.1721092Z Get:26 http://azure.archive.ubuntu.com/ubuntu noble/universe amd64 libdav1d7 amd64 1.4.1-1build1 [604 kB]
e2e	Install Playwright browsers	2025-12-12T07:10:52.1782450Z Get:27 http://azure.archive.ubuntu.com/ubuntu noble/universe amd64 libgsm1 amd64 1.0.22-1build1 [27.8 kB]
e2e	Install Playwright browsers	2025-12-12T07:10:52.1801336Z Get:28 http://azure.archive.ubuntu.com/ubuntu noble/universe amd64 libhwy1t64 amd64 1.0.7-8.1build1 [584 kB]
e2e	Install Playwright browsers	2025-12-12T07:10:52.1858571Z Get:29 http://azure.archive.ubuntu.com/ubuntu noble-updates/universe amd64 libjxl0.7 amd64 0.7.0-10.2ubuntu6.1 [1001 kB]
e2e	Install Playwright browsers	2025-12-12T07:10:52.2019253Z Get:30 http://azure.archive.ubuntu.com/ubuntu noble/main amd64 libmp3lame0 amd64 3.100-6build1 [142 kB]
e2e	Install Playwright browsers	2025-12-12T07:10:52.2054442Z Get:31 http://azure.archive.ubuntu.com/ubuntu noble/main amd64 libopus0 amd64 1.4-1build1 [208 kB]
e2e	Install Playwright browsers	2025-12-12T07:10:52.2089836Z Get:32 http://azure.archive.ubuntu.com/ubuntu noble/universe amd64 librav1e0 amd64 0.7.1-2 [1022 kB]
e2e	Install Playwright browsers	2025-12-12T07:10:52.2177762Z Get:33 http://azure.archive.ubuntu.com/ubuntu noble/main amd64 librsvg2-2 amd64 2.58.0+dfsg-1build1 [2135 kB]
e2e	Install Playwright browsers	2025-12-12T07:10:52.2332469Z Get:34 http://azure.archive.ubuntu.com/ubuntu noble/universe amd64 libshine3 amd64 3.1.1-2build1 [23.2 kB]
e2e	Install Playwright browsers	2025-12-12T07:10:52.2354448Z Get:35 http://azure.archive.ubuntu.com/ubuntu noble-updates/main amd64 libspeex1 amd64 1.2.1-2ubuntu2.24.04.1 [59.6 kB]
e2e	Install Playwright browsers	2025-12-12T07:10:52.2380744Z Get:36 http://azure.archive.ubuntu.com/ubuntu noble/universe amd64 libsvtav1enc1d1 amd64 1.7.0+dfsg-2build1 [2425 kB]
e2e	Install Playwright browsers	2025-12-12T07:10:52.2553348Z Get:37 http://azure.archive.ubuntu.com/ubuntu noble/universe amd64 libsoxr0 amd64 0.1.3-4build3 [80.0 kB]
e2e	Install Playwright browsers	2025-12-12T07:10:52.2580085Z Get:38 http://azure.archive.ubuntu.com/ubuntu noble/universe amd64 libswresample4 amd64 7:6.1.1-3ubuntu5 [63.8 kB]
e2e	Install Playwright browsers	2025-12-12T07:10:52.3058055Z Get:39 http://azure.archive.ubuntu.com/ubuntu noble/main amd64 libtheora0 amd64 1.1.1+dfsg.1-16.1build3 [211 kB]
e2e	Install Playwright browsers	2025-12-12T07:10:52.3181514Z Get:40 http://azure.archive.ubuntu.com/ubuntu noble/main amd64 libtwolame0 amd64 0.4.0-2build3 [52.3 kB]
e2e	Install Playwright browsers	2025-12-12T07:10:52.3205561Z Get:41 http://azure.archive.ubuntu.com/ubuntu noble/main amd64 libvorbisenc2 amd64 1.3.7-1build3 [80.8 kB]
e2e	Install Playwright browsers	2025-12-12T07:10:52.3227161Z Get:42 http://azure.archive.ubuntu.com/ubuntu noble-updates/main amd64 libvpx9 amd64 1.14.0-1ubuntu2.2 [1143 kB]
e2e	Install Playwright browsers	2025-12-12T07:10:52.3337185Z Get:43 http://azure.archive.ubuntu.com/ubuntu noble/universe amd64 libx264-164 amd64 2:0.164.3108+git31e19f9-1 [604 kB]
e2e	Install Playwright browsers	2025-12-12T07:10:52.3390182Z Get:44 http://azure.archive.ubuntu.com/ubuntu noble/universe amd64 libx265-199 amd64 3.5-2build1 [1226 kB]
e2e	Install Playwright browsers	2025-12-12T07:10:52.3488189Z Get:45 http://azure.archive.ubuntu.com/ubuntu noble/universe amd64 libxvidcore4 amd64 2:1.3.7-1build1 [219 kB]
e2e	Install Playwright browsers	2025-12-12T07:10:52.3520334Z Get:46 http://azure.archive.ubuntu.com/ubuntu noble/universe amd64 libzvbi-common all 0.2.42-2 [42.4 kB]
e2e	Install Playwright browsers	2025-12-12T07:10:52.3541169Z Get:47 http://azure.archive.ubuntu.com/ubuntu noble/universe amd64 libzvbi0t64 amd64 0.2.42-2 [261 kB]
e2e	Install Playwright browsers	2025-12-12T07:10:52.3580299Z Get:48 http://azure.archive.ubuntu.com/ubuntu noble/universe amd64 libavcodec60 amd64 7:6.1.1-3ubuntu5 [5851 kB]
e2e	Install Playwright browsers	2025-12-12T07:10:52.3950761Z Get:49 http://azure.archive.ubuntu.com/ubuntu noble/universe amd64 libunibreak5 amd64 5.1-2build1 [25.0 kB]
e2e	Install Playwright browsers	2025-12-12T07:10:52.3970545Z Get:50 http://azure.archive.ubuntu.com/ubuntu noble/universe amd64 libass9 amd64 1:0.17.1-2build1 [104 kB]
e2e	Install Playwright browsers	2025-12-12T07:10:52.3992513Z Get:51 http://azure.archive.ubuntu.com/ubuntu noble/universe amd64 libudfread0 amd64 1.1.2-1build1 [19.0 kB]
e2e	Install Playwright browsers	2025-12-12T07:10:52.4008883Z Get:52 http://azure.archive.ubuntu.com/ubuntu noble/universe amd64 libbluray2 amd64 1:1.3.4-1build1 [159 kB]
e2e	Install Playwright browsers	2025-12-12T07:10:52.4034982Z Get:53 http://azure.archive.ubuntu.com/ubuntu noble/universe amd64 libchromaprint1 amd64 1.5.1-5 [30.5 kB]
e2e	Install Playwright browsers	2025-12-12T07:10:52.4053203Z Get:54 http://azure.archive.ubuntu.com/ubuntu noble/universe amd64 libgme0 amd64 0.6.3-7build1 [134 kB]
e2e	Install Playwright browsers	2025-12-12T07:10:52.4080455Z Get:55 http://azure.archive.ubuntu.com/ubuntu noble-updates/main amd64 libmpg123-0t64 amd64 1.32.5-1ubuntu1.1 [169 kB]
e2e	Install Playwright browsers	2025-12-12T07:10:52.4113452Z Get:56 http://azure.archive.ubuntu.com/ubuntu noble/universe amd64 libopenmpt0t64 amd64 0.7.3-1.1build3 [647 kB]
e2e	Install Playwright browsers	2025-12-12T07:10:52.4179476Z Get:57 http://azure.archive.ubuntu.com/ubuntu noble/universe amd64 libcjson1 amd64 1.7.17-1 [24.8 kB]
e2e	Install Playwright browsers	2025-12-12T07:10:52.4641744Z Get:58 http://azure.archive.ubuntu.com/ubuntu noble/universe amd64 libmbedcrypto7t64 amd64 2.28.8-1 [209 kB]
e2e	Install Playwright browsers	2025-12-12T07:10:52.4677108Z Get:59 http://azure.archive.ubuntu.com/ubuntu noble/universe amd64 librist4 amd64 0.2.10+dfsg-2 [74.9 kB]
e2e	Install Playwright browsers	2025-12-12T07:10:52.4709183Z Get:60 http://azure.archive.ubuntu.com/ubuntu noble/universe amd64 libsrt1.5-gnutls amd64 1.5.3-1build2 [316 kB]
e2e	Install Playwright browsers	2025-12-12T07:10:52.4755317Z Get:61 http://azure.archive.ubuntu.com/ubuntu noble-updates/main amd64 libssh-gcrypt-4 amd64 0.10.6-2ubuntu0.2 [224 kB]
e2e	Install Playwright browsers	2025-12-12T07:10:52.4797580Z Get:62 http://azure.archive.ubuntu.com/ubuntu noble/universe amd64 libavformat60 amd64 7:6.1.1-3ubuntu5 [1153 kB]
e2e	Install Playwright browsers	2025-12-12T07:10:52.4948749Z Get:63 http://azure.archive.ubuntu.com/ubuntu noble/universe amd64 libbs2b0 amd64 3.1.0+dfsg-7build1 [10.6 kB]
e2e	Install Playwright browsers	2025-12-12T07:10:52.4968409Z Get:64 http://azure.archive.ubuntu.com/ubuntu noble/universe amd64 libflite1 amd64 2.2-6build3 [13.6 MB]
e2e	Install Playwright browsers	2025-12-12T07:10:52.6450297Z Get:65 http://azure.archive.ubuntu.com/ubuntu noble/universe amd64 libserd-0-0 amd64 0.32.2-1 [43.6 kB]
e2e	Install Playwright browsers	2025-12-12T07:10:52.6470965Z Get:66 http://azure.archive.ubuntu.com/ubuntu noble/universe amd64 libzix-0-0 amd64 0.4.2-2build1 [23.6 kB]
e2e	Install Playwright browsers	2025-12-12T07:10:52.6504814Z Get:67 http://azure.archive.ubuntu.com/ubuntu noble/universe amd64 libsord-0-0 amd64 0.16.16-2build1 [15.8 kB]
e2e	Install Playwright browsers	2025-12-12T07:10:52.6523327Z Get:68 http://azure.archive.ubuntu.com/ubuntu noble/universe amd64 libsratom-0-0 amd64 0.6.16-1build1 [17.3 kB]
e2e	Install Playwright browsers	2025-12-12T07:10:52.6542816Z Get:69 http://azure.archive.ubuntu.com/ubuntu noble/universe amd64 liblilv-0-0 amd64 0.24.22-1build1 [41.0 kB]
e2e	Install Playwright browsers	2025-12-12T07:10:52.6561380Z Get:70 http://azure.archive.ubuntu.com/ubuntu noble/universe amd64 libmysofa1 amd64 1.3.2+dfsg-2ubuntu2 [1158 kB]
e2e	Install Playwright browsers	2025-12-12T07:10:52.6681037Z Get:71 http://azure.archive.ubuntu.com/ubuntu noble/universe amd64 libplacebo338 amd64 6.338.2-2build1 [2654 kB]
e2e	Install Playwright browsers	2025-12-12T07:10:52.6929437Z Get:72 http://azure.archive.ubuntu.com/ubuntu noble-updates/main amd64 libblas3 amd64 3.12.0-3build1.1 [238 kB]
e2e	Install Playwright browsers	2025-12-12T07:10:52.6967742Z Get:73 http://azure.archive.ubuntu.com/ubuntu noble-updates/main amd64 liblapack3 amd64 3.12.0-3build1.1 [2646 kB]
e2e	Install Playwright browsers	2025-12-12T07:10:52.7212006Z Get:74 http://azure.archive.ubuntu.com/ubuntu noble/main amd64 libasyncns0 amd64 0.8-6build4 [11.3 kB]
e2e	Install Playwright browsers	2025-12-12T07:10:52.7233659Z Get:75 http://azure.archive.ubuntu.com/ubuntu noble/main amd64 libflac12t64 amd64 1.4.3+ds-2.1ubuntu2 [197 kB]
e2e	Install Playwright browsers	2025-12-12T07:10:52.7680851Z Get:76 http://azure.archive.ubuntu.com/ubuntu noble-updates/main amd64 libsndfile1 amd64 1.2.2-1ubuntu5.24.04.1 [209 kB]
e2e	Install Playwright browsers	2025-12-12T07:10:52.7716909Z Get:77 http://azure.archive.ubuntu.com/ubuntu noble-updates/main amd64 libpulse0 amd64 1:16.1+dfsg1-2ubuntu10.1 [292 kB]
e2e	Install Playwright browsers	2025-12-12T07:10:52.7778062Z Get:78 http://azure.archive.ubuntu.com/ubuntu noble/universe amd64 libsphinxbase3t64 amd64 0.8+5prealpha+1-17build2 [126 kB]
e2e	Install Playwright browsers	2025-12-12T07:10:52.7787604Z Get:79 http://azure.archive.ubuntu.com/ubuntu noble/universe amd64 libpocketsphinx3 amd64 0.8.0+real5prealpha+1-15ubuntu5 [133 kB]
e2e	Install Playwright browsers	2025-12-12T07:10:52.7813258Z Get:80 http://azure.archive.ubuntu.com/ubuntu noble/universe amd64 libpostproc57 amd64 7:6.1.1-3ubuntu5 [49.9 kB]
e2e	Install Playwright browsers	2025-12-12T07:10:52.7832652Z Get:81 http://azure.archive.ubuntu.com/ubuntu noble/main amd64 libsamplerate0 amd64 0.2.2-4build1 [1344 kB]
e2e	Install Playwright browsers	2025-12-12T07:10:52.7966787Z Get:82 http://azure.archive.ubuntu.com/ubuntu noble/universe amd64 librubberband2 amd64 3.3.0+dfsg-2build1 [130 kB]
e2e	Install Playwright browsers	2025-12-12T07:10:52.7994377Z Get:83 http://azure.archive.ubuntu.com/ubuntu noble/universe amd64 libswscale7 amd64 7:6.1.1-3ubuntu5 [193 kB]
e2e	Install Playwright browsers	2025-12-12T07:10:52.8027892Z Get:84 http://azure.archive.ubuntu.com/ubuntu noble/universe amd64 libvidstab1.1 amd64 1.1.0-2build1 [38.5 kB]
e2e	Install Playwright browsers	2025-12-12T07:10:52.8047488Z Get:85 http://azure.archive.ubuntu.com/ubuntu noble/universe amd64 libzimg2 amd64 3.0.5+ds1-1build1 [254 kB]
e2e	Install Playwright browsers	2025-12-12T07:10:52.8086763Z Get:86 http://azure.archive.ubuntu.com/ubuntu noble/universe amd64 libavfilter9 amd64 7:6.1.1-3ubuntu5 [4235 kB]
e2e	Install Playwright browsers	2025-12-12T07:10:52.8596774Z Get:87 http://azure.archive.ubuntu.com/ubuntu noble-updates/main amd64 liborc-0.4-0t64 amd64 1:0.4.38-1ubuntu0.1 [207 kB]
e2e	Install Playwright browsers	2025-12-12T07:10:52.8649973Z Get:88 http://azure.archive.ubuntu.com/ubuntu noble-updates/main amd64 libgstreamer-plugins-base1.0-0 amd64 1.24.2-1ubuntu0.3 [862 kB]
e2e	Install Playwright browsers	2025-12-12T07:10:52.8823036Z Get:89 http://azure.archive.ubuntu.com/ubuntu noble/universe amd64 gstreamer1.0-libav amd64 1.24.1-1build1 [103 kB]
e2e	Install Playwright browsers	2025-12-12T07:10:52.8850802Z Get:90 http://azure.archive.ubuntu.com/ubuntu noble/main amd64 libcdparanoia0 amd64 3.10.2+debian-14build3 [48.5 kB]
e2e	Install Playwright browsers	2025-12-12T07:10:52.8876941Z Get:91 http://azure.archive.ubuntu.com/ubuntu noble/main amd64 libvisual-0.4-0 amd64 0.4.2-2build1 [115 kB]
e2e	Install Playwright browsers	2025-12-12T07:10:52.8913644Z Get:92 http://azure.archive.ubuntu.com/ubuntu noble-updates/main amd64 gstreamer1.0-plugins-base amd64 1.24.2-1ubuntu0.3 [721 kB]
e2e	Install Playwright browsers	2025-12-12T07:10:52.9040869Z Get:93 http://azure.archive.ubuntu.com/ubuntu noble/main amd64 libaa1 amd64 1.4p5-51.1 [49.9 kB]
e2e	Install Playwright browsers	2025-12-12T07:10:52.9067176Z Get:94 http://azure.archive.ubuntu.com/ubuntu noble/main amd64 libraw1394-11 amd64 2.1.2-2build3 [26.2 kB]
e2e	Install Playwright browsers	2025-12-12T07:10:52.9541438Z Get:95 http://azure.archive.ubuntu.com/ubuntu noble/main amd64 libavc1394-0 amd64 0.5.4-5build3 [15.4 kB]
e2e	Install Playwright browsers	2025-12-12T07:10:52.9564203Z Get:96 http://azure.archive.ubuntu.com/ubuntu noble/main amd64 libcaca0 amd64 0.99.beta20-4build2 [208 kB]
e2e	Install Playwright browsers	2025-12-12T07:10:52.9613199Z Get:97 http://azure.archive.ubuntu.com/ubuntu noble/main amd64 libdv4t64 amd64 1.0.0-17.1build1 [63.2 kB]
e2e	Install Playwright browsers	2025-12-12T07:10:52.9633578Z Get:98 http://azure.archive.ubuntu.com/ubuntu noble-updates/main amd64 libgstreamer-plugins-good1.0-0 amd64 1.24.2-1ubuntu1.2 [33.0 kB]
e2e	Install Playwright browsers	2025-12-12T07:10:52.9652519Z Get:99 http://azure.archive.ubuntu.com/ubuntu noble/main amd64 libiec61883-0 amd64 1.2.0-6build1 [24.5 kB]
e2e	Install Playwright browsers	2025-12-12T07:10:52.9670926Z Get:100 http://azure.archive.ubuntu.com/ubuntu noble/main amd64 libshout3 amd64 2.4.6-1build2 [50.3 kB]
e2e	Install Playwright browsers	2025-12-12T07:10:52.9714329Z Get:101 http://azure.archive.ubuntu.com/ubuntu noble/main amd64 libtag1v5-vanilla amd64 1.13.1-1build1 [326 kB]
e2e	Install Playwright browsers	2025-12-12T07:10:52.9777114Z Get:102 http://azure.archive.ubuntu.com/ubuntu noble/main amd64 libtag1v5 amd64 1.13.1-1build1 [11.7 kB]
e2e	Install Playwright browsers	2025-12-12T07:10:52.9817471Z Get:103 http://azure.archive.ubuntu.com/ubuntu noble/main amd64 libv4lconvert0t64 amd64 1.26.1-4build3 [87.6 kB]
e2e	Install Playwright browsers	2025-12-12T07:10:52.9849907Z Get:104 http://azure.archive.ubuntu.com/ubuntu noble/main amd64 libv4l-0t64 amd64 1.26.1-4build3 [46.9 kB]
e2e	Install Playwright browsers	2025-12-12T07:10:52.9875684Z Get:105 http://azure.archive.ubuntu.com/ubuntu noble/main amd64 libwavpack1 amd64 5.6.0-1build1 [84.6 kB]
e2e	Install Playwright browsers	2025-12-12T07:10:52.9901961Z Get:106 http://azure.archive.ubuntu.com/ubuntu noble-updates/main amd64 libsoup-3.0-common all 3.4.4-5ubuntu0.5 [11.3 kB]
e2e	Install Playwright browsers	2025-12-12T07:10:52.9924098Z Get:107 http://azure.archive.ubuntu.com/ubuntu noble-updates/main amd64 libsoup-3.0-0 amd64 3.4.4-5ubuntu0.5 [291 kB]
e2e	Install Playwright browsers	2025-12-12T07:10:53.0002694Z Get:108 http://azure.archive.ubuntu.com/ubuntu noble-updates/main amd64 gstreamer1.0-plugins-good amd64 1.24.2-1ubuntu1.2 [2238 kB]
e2e	Install Playwright browsers	2025-12-12T07:10:53.0339972Z Get:109 http://azure.archive.ubuntu.com/ubuntu noble-updates/main amd64 libabsl20220623t64 amd64 20220623.1-3.1ubuntu3.2 [423 kB]
e2e	Install Playwright browsers	2025-12-12T07:10:53.0424692Z Get:110 http://azure.archive.ubuntu.com/ubuntu noble/universe amd64 libgav1-1 amd64 0.18.0-1build3 [357 kB]
e2e	Install Playwright browsers	2025-12-12T07:10:53.0492886Z Get:111 http://azure.archive.ubuntu.com/ubuntu noble/universe amd64 libyuv0 amd64 0.0~git202401110.af6ac82-1 [178 kB]
e2e	Install Playwright browsers	2025-12-12T07:10:53.0544001Z Get:112 http://azure.archive.ubuntu.com/ubuntu noble/universe amd64 libavif16 amd64 1.0.4-1ubuntu3 [91.2 kB]
e2e	Install Playwright browsers	2025-12-12T07:10:53.0600207Z Get:113 http://azure.archive.ubuntu.com/ubuntu noble/universe amd64 libavtp0 amd64 0.2.0-1build1 [6414 B]
e2e	Install Playwright browsers	2025-12-12T07:10:53.0654457Z Get:114 http://azure.archive.ubuntu.com/ubuntu noble/main amd64 libcairo-script-interpreter2 amd64 1.18.0-3build1 [60.3 kB]
e2e	Install Playwright browsers	2025-12-12T07:10:53.0691612Z Get:115 http://azure.archive.ubuntu.com/ubuntu noble/universe amd64 libdc1394-25 amd64 2.2.6-4build1 [90.1 kB]
e2e	Install Playwright browsers	2025-12-12T07:10:53.0753161Z Get:116 http://azure.archive.ubuntu.com/ubuntu noble/main amd64 libdecor-0-0 amd64 0.2.2-1build2 [16.5 kB]
e2e	Install Playwright browsers	2025-12-12T07:10:53.0776336Z Get:117 http://azure.archive.ubuntu.com/ubuntu noble/main amd64 libgles2 amd64 1.7.0-1build1 [17.1 kB]
e2e	Install Playwright browsers	2025-12-12T07:10:53.0802673Z Get:118 http://azure.archive.ubuntu.com/ubuntu noble/universe amd64 libdirectfb-1.7-7t64 amd64 1.7.7-11.1ubuntu2 [1035 kB]
e2e	Install Playwright browsers	2025-12-12T07:10:53.0957466Z Get:119 http://azure.archive.ubuntu.com/ubuntu noble/universe amd64 libdvdread8t64 amd64 6.1.3-1.1build1 [54.7 kB]
e2e	Install Playwright browsers	2025-12-12T07:10:53.0982766Z Get:120 http://azure.archive.ubuntu.com/ubuntu noble/universe amd64 libdvdnav4 amd64 6.1.1-3build1 [39.5 kB]
e2e	Install Playwright browsers	2025-12-12T07:10:53.1439559Z Get:121 http://azure.archive.ubuntu.com/ubuntu noble-updates/main amd64 libegl-mesa0 amd64 25.0.7-0ubuntu0.24.04.2 [124 kB]
e2e	Install Playwright browsers	2025-12-12T07:10:53.1470958Z Get:122 http://azure.archive.ubuntu.com/ubuntu noble/main amd64 libevent-2.1-7t64 amd64 2.1.12-stable-9ubuntu2 [145 kB]
e2e	Install Playwright browsers	2025-12-12T07:10:53.1511951Z Get:123 http://azure.archive.ubuntu.com/ubuntu noble/universe amd64 libfaad2 amd64 2.11.1-1build1 [207 kB]
e2e	Install Playwright browsers	2025-12-12T07:10:53.1554601Z Get:124 http://azure.archive.ubuntu.com/ubuntu noble/universe amd64 libinstpatch-1.0-2 amd64 1.1.6-1build2 [251 kB]
e2e	Install Playwright browsers	2025-12-12T07:10:53.1624094Z Get:125 http://azure.archive.ubuntu.com/ubuntu noble/main amd64 libjack-jackd2-0 amd64 1.9.21~dfsg-3ubuntu3 [289 kB]
e2e	Install Playwright browsers	2025-12-12T07:10:53.1680623Z Get:126 http://azure.archive.ubuntu.com/ubuntu noble/main amd64 libwebrtc-audio-processing1 amd64 0.3.1-0ubuntu6 [290 kB]
e2e	Install Playwright browsers	2025-12-12T07:10:53.1729894Z Get:127 http://azure.archive.ubuntu.com/ubuntu noble-updates/main amd64 libspa-0.2-modules amd64 1.0.5-1ubuntu3.1 [626 kB]
e2e	Install Playwright browsers	2025-12-12T07:10:53.1818360Z Get:128 http://azure.archive.ubuntu.com/ubuntu noble-updates/main amd64 libpipewire-0.3-0t64 amd64 1.0.5-1ubuntu3.1 [252 kB]
e2e	Install Playwright browsers	2025-12-12T07:10:53.1876348Z Get:129 http://azure.archive.ubuntu.com/ubuntu noble-updates/main amd64 libsdl2-2.0-0 amd64 2.30.0+dfsg-1ubuntu3.1 [686 kB]
e2e	Install Playwright browsers	2025-12-12T07:10:53.1997640Z Get:130 http://azure.archive.ubuntu.com/ubuntu noble/universe amd64 timgm6mb-soundfont all 1.3-5 [5427 kB]
e2e	Install Playwright browsers	2025-12-12T07:10:53.2710549Z Get:131 http://azure.archive.ubuntu.com/ubuntu noble/universe amd64 libfluidsynth3 amd64 2.3.4-1build3 [249 kB]
e2e	Install Playwright browsers	2025-12-12T07:10:53.2763188Z Get:132 http://azure.archive.ubuntu.com/ubuntu noble/main amd64 libfreeaptx0 amd64 0.1.1-2build1 [13.5 kB]
e2e	Install Playwright browsers	2025-12-12T07:10:53.2783816Z Get:133 http://azure.archive.ubuntu.com/ubuntu noble/main amd64 libgraphene-1.0-0 amd64 1.10.8-3build2 [46.2 kB]
e2e	Install Playwright browsers	2025-12-12T07:10:53.2809970Z Get:134 http://azure.archive.ubuntu.com/ubuntu noble/main amd64 libgssdp-1.6-0 amd64 1.6.3-1build3 [40.4 kB]
e2e	Install Playwright browsers	2025-12-12T07:10:53.2833857Z Get:135 http://azure.archive.ubuntu.com/ubuntu noble/main amd64 libegl1 amd64 1.7.0-1build1 [28.7 kB]
e2e	Install Playwright browsers	2025-12-12T07:10:53.2867092Z Get:136 http://azure.archive.ubuntu.com/ubuntu noble-updates/main amd64 libgstreamer-gl1.0-0 amd64 1.24.2-1ubuntu0.3 [214 kB]
e2e	Install Playwright browsers	2025-12-12T07:10:53.2912393Z Get:137 http://azure.archive.ubuntu.com/ubuntu noble-updates/main amd64 libgtk-4-common all 4.14.5+ds-0ubuntu0.7 [1496 kB]
e2e	Install Playwright browsers	2025-12-12T07:10:53.3169945Z Get:138 http://azure.archive.ubuntu.com/ubuntu noble-updates/main amd64 libgtk-4-1 amd64 4.14.5+ds-0ubuntu0.7 [3294 kB]
e2e	Install Playwright browsers	2025-12-12T07:10:53.4261595Z Get:139 http://azure.archive.ubuntu.com/ubuntu noble/main amd64 libgupnp-1.6-0 amd64 1.6.6-1build3 [92.7 kB]
e2e	Install Playwright browsers	2025-12-12T07:10:53.4296730Z Get:140 http://azure.archive.ubuntu.com/ubuntu noble/universe amd64 libgupnp-igd-1.6-0 amd64 1.6.0-3build3 [16.5 kB]
e2e	Install Playwright browsers	2025-12-12T07:10:53.4317438Z Get:141 http://azure.archive.ubuntu.com/ubuntu noble/main amd64 libharfbuzz-icu0 amd64 8.3.0-2build2 [13.3 kB]
e2e	Install Playwright browsers	2025-12-12T07:10:53.4345857Z Get:142 http://azure.archive.ubuntu.com/ubuntu noble/main amd64 libhyphen0 amd64 2.8.8-7build3 [26.5 kB]
e2e	Install Playwright browsers	2025-12-12T07:10:53.4370036Z Get:143 http://azure.archive.ubuntu.com/ubuntu noble/universe amd64 libimath-3-1-29t64 amd64 3.1.9-3.1ubuntu2 [72.2 kB]
e2e	Install Playwright browsers	2025-12-12T07:10:53.4401603Z Get:144 http://azure.archive.ubuntu.com/ubuntu noble/main amd64 liblc3-1 amd64 1.0.4-3build1 [69.7 kB]
e2e	Install Playwright browsers	2025-12-12T07:10:53.4431050Z Get:145 http://azure.archive.ubuntu.com/ubuntu noble/main amd64 libldacbt-enc2 amd64 2.0.2.3+git20200429+ed310a0-4ubuntu2 [27.1 kB]
e2e	Install Playwright browsers	2025-12-12T07:10:53.4452833Z Get:146 http://azure.archive.ubuntu.com/ubuntu noble-updates/main amd64 libraptor2-0 amd64 2.0.16-3ubuntu0.1 [165 kB]
e2e	Install Playwright browsers	2025-12-12T07:10:53.4497624Z Get:147 http://azure.archive.ubuntu.com/ubuntu noble/universe amd64 liblrdf0 amd64 0.6.1-4build1 [18.5 kB]
e2e	Install Playwright browsers	2025-12-12T07:10:53.4520142Z Get:148 http://azure.archive.ubuntu.com/ubuntu noble/universe amd64 libltc11 amd64 1.3.2-1build1 [13.0 kB]
e2e	Install Playwright browsers	2025-12-12T07:10:53.4544226Z Get:149 http://azure.archive.ubuntu.com/ubuntu noble/main amd64 libmanette-0.2-0 amd64 0.2.7-1build2 [30.6 kB]
e2e	Install Playwright browsers	2025-12-12T07:10:53.4565648Z Get:150 http://azure.archive.ubuntu.com/ubuntu noble/universe amd64 libmfx1 amd64 22.5.4-1 [3124 kB]
e2e	Install Playwright browsers	2025-12-12T07:10:53.5016316Z Get:151 http://azure.archive.ubuntu.com/ubuntu noble/universe amd64 libmjpegutils-2.1-0t64 amd64 1:2.1.0+debian-8.1build1 [25.5 kB]
e2e	Install Playwright browsers	2025-12-12T07:10:53.5041566Z Get:152 http://azure.archive.ubuntu.com/ubuntu noble/universe amd64 libmodplug1 amd64 1:0.8.9.0-3build1 [166 kB]
e2e	Install Playwright browsers	2025-12-12T07:10:53.5077972Z Get:153 http://azure.archive.ubuntu.com/ubuntu noble/universe amd64 libmpcdec6 amd64 2:0.1~r495-2build1 [32.7 kB]
e2e	Install Playwright browsers	2025-12-12T07:10:53.5104757Z Get:154 http://azure.archive.ubuntu.com/ubuntu noble/universe amd64 libmpeg2encpp-2.1-0t64 amd64 1:2.1.0+debian-8.1build1 [75.6 kB]
e2e	Install Playwright browsers	2025-12-12T07:10:53.5138731Z Get:155 http://azure.archive.ubuntu.com/ubuntu noble/universe amd64 libmplex2-2.1-0t64 amd64 1:2.1.0+debian-8.1build1 [46.1 kB]
e2e	Install Playwright browsers	2025-12-12T07:10:53.5162432Z Get:156 http://azure.archive.ubuntu.com/ubuntu noble/universe amd64 libneon27t64 amd64 0.33.0-1.1build3 [102 kB]
e2e	Install Playwright browsers	2025-12-12T07:10:53.5193378Z Get:157 http://azure.archive.ubuntu.com/ubuntu noble/universe amd64 libnice10 amd64 0.1.21-2build3 [157 kB]
e2e	Install Playwright browsers	2025-12-12T07:10:53.5668438Z Get:158 http://azure.archive.ubuntu.com/ubuntu noble/universe amd64 libopenal-data all 1:1.23.1-4build1 [161 kB]
e2e	Install Playwright browsers	2025-12-12T07:10:53.5705590Z Get:159 http://azure.archive.ubuntu.com/ubuntu noble/universe amd64 libopenexr-3-1-30 amd64 3.1.5-5.1build3 [1004 kB]
e2e	Install Playwright browsers	2025-12-12T07:10:53.5833644Z Get:160 http://azure.archive.ubuntu.com/ubuntu noble/universe amd64 libopenh264-7 amd64 2.4.1+dfsg-1 [409 kB]
e2e	Install Playwright browsers	2025-12-12T07:10:53.5897665Z Get:161 http://azure.archive.ubuntu.com/ubuntu noble/universe amd64 libopenni2-0 amd64 2.2.0.33+dfsg-18 [370 kB]
e2e	Install Playwright browsers	2025-12-12T07:10:53.5957725Z Get:162 http://azure.archive.ubuntu.com/ubuntu noble/universe amd64 libqrencode4 amd64 4.1.1-1build2 [25.0 kB]
e2e	Install Playwright browsers	2025-12-12T07:10:53.5977793Z Get:163 http://azure.archive.ubuntu.com/ubuntu noble/main amd64 libsecret-common all 0.21.4-1build3 [4962 B]
e2e	Install Playwright browsers	2025-12-12T07:10:53.5999738Z Get:164 http://azure.archive.ubuntu.com/ubuntu noble/main amd64 libsecret-1-0 amd64 0.21.4-1build3 [116 kB]
e2e	Install Playwright browsers	2025-12-12T07:10:53.6032225Z Get:165 http://azure.archive.ubuntu.com/ubuntu noble/universe amd64 libsndio7.0 amd64 1.9.0-0.3build3 [29.6 kB]
e2e	Install Playwright browsers	2025-12-12T07:10:53.6058973Z Get:166 http://azure.archive.ubuntu.com/ubuntu noble/universe amd64 libsoundtouch1 amd64 2.3.2+ds1-1build1 [60.5 kB]
e2e	Install Playwright browsers	2025-12-12T07:10:53.6169183Z Get:167 http://azure.archive.ubuntu.com/ubuntu noble/universe amd64 libspandsp2t64 amd64 0.0.6+dfsg-2.1build1 [311 kB]
e2e	Install Playwright browsers	2025-12-12T07:10:53.6254120Z Get:168 http://azure.archive.ubuntu.com/ubuntu noble/universe amd64 libsrtp2-1 amd64 2.5.0-3build1 [41.9 kB]
e2e	Install Playwright browsers	2025-12-12T07:10:53.6278587Z Get:169 http://azure.archive.ubuntu.com/ubuntu noble-updates/main amd64 libssh-4 amd64 0.10.6-2ubuntu0.2 [188 kB]
e2e	Install Playwright browsers	2025-12-12T07:10:53.6317582Z Get:170 http://azure.archive.ubuntu.com/ubuntu noble/universe amd64 libwildmidi2 amd64 0.4.3-1build3 [68.5 kB]
e2e	Install Playwright browsers	2025-12-12T07:10:53.6346316Z Get:171 http://azure.archive.ubuntu.com/ubuntu noble/main amd64 libwoff1 amd64 1.0.2-2build1 [45.3 kB]
e2e	Install Playwright browsers	2025-12-12T07:10:53.6369110Z Get:172 http://azure.archive.ubuntu.com/ubuntu noble/main amd64 libxcb-xkb1 amd64 1.15-1ubuntu2 [32.3 kB]
e2e	Install Playwright browsers	2025-12-12T07:10:53.6392277Z Get:173 http://azure.archive.ubuntu.com/ubuntu noble/main amd64 libxkbcommon-x11-0 amd64 1.6.0-1build1 [14.5 kB]
e2e	Install Playwright browsers	2025-12-12T07:10:53.6416456Z Get:174 http://azure.archive.ubuntu.com/ubuntu noble/universe amd64 libzbar0t64 amd64 0.23.93-4build3 [123 kB]
e2e	Install Playwright browsers	2025-12-12T07:10:53.6456887Z Get:175 http://azure.archive.ubuntu.com/ubuntu noble/universe amd64 libzxing3 amd64 2.2.1-3 [583 kB]
e2e	Install Playwright browsers	2025-12-12T07:10:53.6940480Z Get:176 http://azure.archive.ubuntu.com/ubuntu noble/main amd64 xfonts-encodings all 1:1.0.5-0ubuntu2 [578 kB]
e2e	Install Playwright browsers	2025-12-12T07:10:53.7078305Z Get:177 http://azure.archive.ubuntu.com/ubuntu noble/main amd64 xfonts-utils amd64 1:7.7+6build3 [94.4 kB]
e2e	Install Playwright browsers	2025-12-12T07:10:53.7121543Z Get:178 http://azure.archive.ubuntu.com/ubuntu noble/universe amd64 xfonts-cyrillic all 1:1.0.5+nmu1 [384 kB]
e2e	Install Playwright browsers	2025-12-12T07:10:53.7217152Z Get:179 http://azure.archive.ubuntu.com/ubuntu noble/main amd64 xfonts-scalable all 1:1.0.3-1.3 [304 kB]
e2e	Install Playwright browsers	2025-12-12T07:10:53.7292294Z Get:180 http://azure.archive.ubuntu.com/ubuntu noble/universe amd64 libgstreamer-plugins-bad1.0-0 amd64 1.24.2-1ubuntu4 [797 kB]
e2e	Install Playwright browsers	2025-12-12T07:10:53.7570469Z Get:181 http://azure.archive.ubuntu.com/ubuntu noble/universe amd64 libdca0 amd64 0.0.7-2build1 [93.8 kB]
e2e	Install Playwright browsers	2025-12-12T07:10:53.7614161Z Get:182 http://azure.archive.ubuntu.com/ubuntu noble/universe amd64 libopenal1 amd64 1:1.23.1-4build1 [540 kB]
e2e	Install Playwright browsers	2025-12-12T07:10:53.7733982Z Get:183 http://azure.archive.ubuntu.com/ubuntu noble/main amd64 libsbc1 amd64 2.0-1build1 [33.9 kB]
e2e	Install Playwright browsers	2025-12-12T07:10:53.7760760Z Get:184 http://azure.archive.ubuntu.com/ubuntu noble/universe amd64 libvo-aacenc0 amd64 0.1.3-2build1 [67.8 kB]
e2e	Install Playwright browsers	2025-12-12T07:10:53.7797393Z Get:185 http://azure.archive.ubuntu.com/ubuntu noble/universe amd64 libvo-amrwbenc0 amd64 0.1.3-2build1 [76.7 kB]
e2e	Install Playwright browsers	2025-12-12T07:10:53.7834425Z Get:186 http://azure.archive.ubuntu.com/ubuntu noble/universe amd64 gstreamer1.0-plugins-bad amd64 1.24.2-1ubuntu4 [3081 kB]
e2e	Install Playwright browsers	2025-12-12T07:10:54.2781319Z Fetched 116 MB in 2s (56.0 MB/s)
e2e	Install Playwright browsers	2025-12-12T07:10:54.3431244Z Selecting previously unselected package fonts-ipafont-gothic.
e2e	Install Playwright browsers	2025-12-12T07:10:54.4219122Z (Reading database ... 
e2e	Install Playwright browsers	2025-12-12T07:10:54.4219464Z (Reading database ... 5%
e2e	Install Playwright browsers	2025-12-12T07:10:54.4219719Z (Reading database ... 10%
e2e	Install Playwright browsers	2025-12-12T07:10:54.4219961Z (Reading database ... 15%
e2e	Install Playwright browsers	2025-12-12T07:10:54.4220193Z (Reading database ... 20%
e2e	Install Playwright browsers	2025-12-12T07:10:54.4220429Z (Reading database ... 25%
e2e	Install Playwright browsers	2025-12-12T07:10:54.4220657Z (Reading database ... 30%
e2e	Install Playwright browsers	2025-12-12T07:10:54.4220893Z (Reading database ... 35%
e2e	Install Playwright browsers	2025-12-12T07:10:54.4221118Z (Reading database ... 40%
e2e	Install Playwright browsers	2025-12-12T07:10:54.4221349Z (Reading database ... 45%
e2e	Install Playwright browsers	2025-12-12T07:10:54.4221577Z (Reading database ... 50%
e2e	Install Playwright browsers	2025-12-12T07:10:54.5126015Z (Reading database ... 55%
e2e	Install Playwright browsers	2025-12-12T07:10:54.8386636Z (Reading database ... 60%
e2e	Install Playwright browsers	2025-12-12T07:10:54.9902413Z (Reading database ... 65%
e2e	Install Playwright browsers	2025-12-12T07:10:55.0787761Z (Reading database ... 70%
e2e	Install Playwright browsers	2025-12-12T07:10:55.1886339Z (Reading database ... 75%
e2e	Install Playwright browsers	2025-12-12T07:10:55.6500604Z (Reading database ... 80%
e2e	Install Playwright browsers	2025-12-12T07:10:56.2362772Z (Reading database ... 85%
e2e	Install Playwright browsers	2025-12-12T07:10:56.7829422Z (Reading database ... 90%
e2e	Install Playwright browsers	2025-12-12T07:10:57.3928891Z (Reading database ... 95%
e2e	Install Playwright browsers	2025-12-12T07:10:57.3929299Z (Reading database ... 100%
e2e	Install Playwright browsers	2025-12-12T07:10:57.3929715Z (Reading database ... 217067 files and directories currently installed.)
e2e	Install Playwright browsers	2025-12-12T07:10:57.3973793Z Preparing to unpack .../000-fonts-ipafont-gothic_00303-21ubuntu1_all.deb ...
e2e	Install Playwright browsers	2025-12-12T07:10:57.4061543Z Unpacking fonts-ipafont-gothic (00303-21ubuntu1) ...
e2e	Install Playwright browsers	2025-12-12T07:10:57.7749330Z Preparing to unpack .../001-libglib2.0-data_2.80.0-6ubuntu3.5_all.deb ...
e2e	Install Playwright browsers	2025-12-12T07:10:57.8257260Z Unpacking libglib2.0-data (2.80.0-6ubuntu3.5) over (2.80.0-6ubuntu3.4) ...
e2e	Install Playwright browsers	2025-12-12T07:10:57.9805782Z Preparing to unpack .../002-libglib2.0-bin_2.80.0-6ubuntu3.5_amd64.deb ...
e2e	Install Playwright browsers	2025-12-12T07:10:58.0121673Z Unpacking libglib2.0-bin (2.80.0-6ubuntu3.5) over (2.80.0-6ubuntu3.4) ...
e2e	Install Playwright browsers	2025-12-12T07:10:58.6709784Z Preparing to unpack .../003-gir1.2-glib-2.0_2.80.0-6ubuntu3.5_amd64.deb ...
e2e	Install Playwright browsers	2025-12-12T07:10:58.7172833Z Unpacking gir1.2-glib-2.0:amd64 (2.80.0-6ubuntu3.5) over (2.80.0-6ubuntu3.4) ...
e2e	Install Playwright browsers	2025-12-12T07:10:58.8421690Z Preparing to unpack .../004-libglib2.0-0t64_2.80.0-6ubuntu3.5_amd64.deb ...
e2e	Install Playwright browsers	2025-12-12T07:10:58.8491692Z Unpacking libglib2.0-0t64:amd64 (2.80.0-6ubuntu3.5) over (2.80.0-6ubuntu3.4) ...
e2e	Install Playwright browsers	2025-12-12T07:10:58.9099119Z Preparing to unpack .../005-libpng16-16t64_1.6.43-5ubuntu0.1_amd64.deb ...
e2e	Install Playwright browsers	2025-12-12T07:10:58.9247617Z Unpacking libpng16-16t64:amd64 (1.6.43-5ubuntu0.1) over (1.6.43-5build1) ...
e2e	Install Playwright browsers	2025-12-12T07:10:58.9557035Z Selecting previously unselected package fonts-freefont-ttf.
e2e	Install Playwright browsers	2025-12-12T07:10:58.9689725Z Preparing to unpack .../006-fonts-freefont-ttf_20211204+svn4273-2_all.deb ...
e2e	Install Playwright browsers	2025-12-12T07:10:58.9696831Z Unpacking fonts-freefont-ttf (20211204+svn4273-2) ...
e2e	Install Playwright browsers	2025-12-12T07:10:59.0523679Z Selecting previously unselected package fonts-tlwg-loma-otf.
e2e	Install Playwright browsers	2025-12-12T07:10:59.0656500Z Preparing to unpack .../007-fonts-tlwg-loma-otf_1%3a0.7.3-1_all.deb ...
e2e	Install Playwright browsers	2025-12-12T07:10:59.0667636Z Unpacking fonts-tlwg-loma-otf (1:0.7.3-1) ...
e2e	Install Playwright browsers	2025-12-12T07:10:59.0880603Z Selecting previously unselected package fonts-unifont.
e2e	Install Playwright browsers	2025-12-12T07:10:59.1011691Z Preparing to unpack .../008-fonts-unifont_1%3a15.1.01-1build1_all.deb ...
e2e	Install Playwright browsers	2025-12-12T07:10:59.1020296Z Unpacking fonts-unifont (1:15.1.01-1build1) ...
e2e	Install Playwright browsers	2025-12-12T07:10:59.2219953Z Selecting previously unselected package fonts-wqy-zenhei.
e2e	Install Playwright browsers	2025-12-12T07:10:59.2352367Z Preparing to unpack .../009-fonts-wqy-zenhei_0.9.45-8_all.deb ...
e2e	Install Playwright browsers	2025-12-12T07:10:59.2481899Z Unpacking fonts-wqy-zenhei (0.9.45-8) ...
e2e	Install Playwright browsers	2025-12-12T07:10:59.7131981Z Selecting previously unselected package libproxy1v5:amd64.
e2e	Install Playwright browsers	2025-12-12T07:10:59.7265300Z Preparing to unpack .../010-libproxy1v5_0.5.4-4build1_amd64.deb ...
e2e	Install Playwright browsers	2025-12-12T07:10:59.7273391Z Unpacking libproxy1v5:amd64 (0.5.4-4build1) ...
e2e	Install Playwright browsers	2025-12-12T07:10:59.7478809Z Selecting previously unselected package glib-networking-common.
e2e	Install Playwright browsers	2025-12-12T07:10:59.7611691Z Preparing to unpack .../011-glib-networking-common_2.80.0-1build1_all.deb ...
e2e	Install Playwright browsers	2025-12-12T07:10:59.7619650Z Unpacking glib-networking-common (2.80.0-1build1) ...
e2e	Install Playwright browsers	2025-12-12T07:10:59.7814373Z Selecting previously unselected package glib-networking-services.
e2e	Install Playwright browsers	2025-12-12T07:10:59.7947126Z Preparing to unpack .../012-glib-networking-services_2.80.0-1build1_amd64.deb ...
e2e	Install Playwright browsers	2025-12-12T07:10:59.7955537Z Unpacking glib-networking-services (2.80.0-1build1) ...
e2e	Install Playwright browsers	2025-12-12T07:10:59.8169761Z Selecting previously unselected package session-migration.
e2e	Install Playwright browsers	2025-12-12T07:10:59.8302146Z Preparing to unpack .../013-session-migration_0.3.9build1_amd64.deb ...
e2e	Install Playwright browsers	2025-12-12T07:10:59.8309801Z Unpacking session-migration (0.3.9build1) ...
e2e	Install Playwright browsers	2025-12-12T07:10:59.8605500Z Selecting previously unselected package gsettings-desktop-schemas.
e2e	Install Playwright browsers	2025-12-12T07:10:59.8738385Z Preparing to unpack .../014-gsettings-desktop-schemas_46.1-0ubuntu1_all.deb ...
e2e	Install Playwright browsers	2025-12-12T07:10:59.8745514Z Unpacking gsettings-desktop-schemas (46.1-0ubuntu1) ...
e2e	Install Playwright browsers	2025-12-12T07:10:59.9000144Z Selecting previously unselected package glib-networking:amd64.
e2e	Install Playwright browsers	2025-12-12T07:10:59.9130567Z Preparing to unpack .../015-glib-networking_2.80.0-1build1_amd64.deb ...
e2e	Install Playwright browsers	2025-12-12T07:10:59.9138519Z Unpacking glib-networking:amd64 (2.80.0-1build1) ...
e2e	Install Playwright browsers	2025-12-12T07:10:59.9349813Z Selecting previously unselected package libva2:amd64.
e2e	Install Playwright browsers	2025-12-12T07:10:59.9480300Z Preparing to unpack .../016-libva2_2.20.0-2build1_amd64.deb ...
e2e	Install Playwright browsers	2025-12-12T07:10:59.9490295Z Unpacking libva2:amd64 (2.20.0-2build1) ...
e2e	Install Playwright browsers	2025-12-12T07:10:59.9698387Z Selecting previously unselected package libva-drm2:amd64.
e2e	Install Playwright browsers	2025-12-12T07:10:59.9828578Z Preparing to unpack .../017-libva-drm2_2.20.0-2build1_amd64.deb ...
e2e	Install Playwright browsers	2025-12-12T07:10:59.9836856Z Unpacking libva-drm2:amd64 (2.20.0-2build1) ...
e2e	Install Playwright browsers	2025-12-12T07:11:00.0035427Z Selecting previously unselected package libva-x11-2:amd64.
e2e	Install Playwright browsers	2025-12-12T07:11:00.0166299Z Preparing to unpack .../018-libva-x11-2_2.20.0-2build1_amd64.deb ...
e2e	Install Playwright browsers	2025-12-12T07:11:00.0174327Z Unpacking libva-x11-2:amd64 (2.20.0-2build1) ...
e2e	Install Playwright browsers	2025-12-12T07:11:00.0389305Z Selecting previously unselected package libvdpau1:amd64.
e2e	Install Playwright browsers	2025-12-12T07:11:00.0521650Z Preparing to unpack .../019-libvdpau1_1.5-2build1_amd64.deb ...
e2e	Install Playwright browsers	2025-12-12T07:11:00.0530429Z Unpacking libvdpau1:amd64 (1.5-2build1) ...
e2e	Install Playwright browsers	2025-12-12T07:11:00.0754978Z Selecting previously unselected package libvpl2.
e2e	Install Playwright browsers	2025-12-12T07:11:00.0887330Z Preparing to unpack .../020-libvpl2_2023.3.0-1build1_amd64.deb ...
e2e	Install Playwright browsers	2025-12-12T07:11:00.0895405Z Unpacking libvpl2 (2023.3.0-1build1) ...
e2e	Install Playwright browsers	2025-12-12T07:11:00.1115224Z Selecting previously unselected package ocl-icd-libopencl1:amd64.
e2e	Install Playwright browsers	2025-12-12T07:11:00.1245779Z Preparing to unpack .../021-ocl-icd-libopencl1_2.3.2-1build1_amd64.deb ...
e2e	Install Playwright browsers	2025-12-12T07:11:00.1253115Z Unpacking ocl-icd-libopencl1:amd64 (2.3.2-1build1) ...
e2e	Install Playwright browsers	2025-12-12T07:11:00.1488534Z Selecting previously unselected package libavutil58:amd64.
e2e	Install Playwright browsers	2025-12-12T07:11:00.1618132Z Preparing to unpack .../022-libavutil58_7%3a6.1.1-3ubuntu5_amd64.deb ...
e2e	Install Playwright browsers	2025-12-12T07:11:00.1626713Z Unpacking libavutil58:amd64 (7:6.1.1-3ubuntu5) ...
e2e	Install Playwright browsers	2025-12-12T07:11:00.1877057Z Selecting previously unselected package libcodec2-1.2:amd64.
e2e	Install Playwright browsers	2025-12-12T07:11:00.2006384Z Preparing to unpack .../023-libcodec2-1.2_1.2.0-2build1_amd64.deb ...
e2e	Install Playwright browsers	2025-12-12T07:11:00.2017174Z Unpacking libcodec2-1.2:amd64 (1.2.0-2build1) ...
e2e	Install Playwright browsers	2025-12-12T07:11:00.2797817Z Selecting previously unselected package libdav1d7:amd64.
e2e	Install Playwright browsers	2025-12-12T07:11:00.2929135Z Preparing to unpack .../024-libdav1d7_1.4.1-1build1_amd64.deb ...
e2e	Install Playwright browsers	2025-12-12T07:11:00.2937035Z Unpacking libdav1d7:amd64 (1.4.1-1build1) ...
e2e	Install Playwright browsers	2025-12-12T07:11:00.3218355Z Selecting previously unselected package libgsm1:amd64.
e2e	Install Playwright browsers	2025-12-12T07:11:00.3349493Z Preparing to unpack .../025-libgsm1_1.0.22-1build1_amd64.deb ...
e2e	Install Playwright browsers	2025-12-12T07:11:00.3358137Z Unpacking libgsm1:amd64 (1.0.22-1build1) ...
e2e	Install Playwright browsers	2025-12-12T07:11:00.3566160Z Selecting previously unselected package libhwy1t64:amd64.
e2e	Install Playwright browsers	2025-12-12T07:11:00.3695678Z Preparing to unpack .../026-libhwy1t64_1.0.7-8.1build1_amd64.deb ...
e2e	Install Playwright browsers	2025-12-12T07:11:00.3703977Z Unpacking libhwy1t64:amd64 (1.0.7-8.1build1) ...
e2e	Install Playwright browsers	2025-12-12T07:11:00.4025793Z Selecting previously unselected package libjxl0.7:amd64.
e2e	Install Playwright browsers	2025-12-12T07:11:00.4156438Z Preparing to unpack .../027-libjxl0.7_0.7.0-10.2ubuntu6.1_amd64.deb ...
e2e	Install Playwright browsers	2025-12-12T07:11:00.4166614Z Unpacking libjxl0.7:amd64 (0.7.0-10.2ubuntu6.1) ...
e2e	Install Playwright browsers	2025-12-12T07:11:00.4504858Z Selecting previously unselected package libmp3lame0:amd64.
e2e	Install Playwright browsers	2025-12-12T07:11:00.4635178Z Preparing to unpack .../028-libmp3lame0_3.100-6build1_amd64.deb ...
e2e	Install Playwright browsers	2025-12-12T07:11:00.4643256Z Unpacking libmp3lame0:amd64 (3.100-6build1) ...
e2e	Install Playwright browsers	2025-12-12T07:11:00.4864634Z Selecting previously unselected package libopus0:amd64.
e2e	Install Playwright browsers	2025-12-12T07:11:00.4995478Z Preparing to unpack .../029-libopus0_1.4-1build1_amd64.deb ...
e2e	Install Playwright browsers	2025-12-12T07:11:00.5005712Z Unpacking libopus0:amd64 (1.4-1build1) ...
e2e	Install Playwright browsers	2025-12-12T07:11:00.5224857Z Selecting previously unselected package librav1e0:amd64.
e2e	Install Playwright browsers	2025-12-12T07:11:00.5354341Z Preparing to unpack .../030-librav1e0_0.7.1-2_amd64.deb ...
e2e	Install Playwright browsers	2025-12-12T07:11:00.5363031Z Unpacking librav1e0:amd64 (0.7.1-2) ...
e2e	Install Playwright browsers	2025-12-12T07:11:00.5701515Z Selecting previously unselected package librsvg2-2:amd64.
e2e	Install Playwright browsers	2025-12-12T07:11:00.5830119Z Preparing to unpack .../031-librsvg2-2_2.58.0+dfsg-1build1_amd64.deb ...
e2e	Install Playwright browsers	2025-12-12T07:11:00.5837931Z Unpacking librsvg2-2:amd64 (2.58.0+dfsg-1build1) ...
e2e	Install Playwright browsers	2025-12-12T07:11:00.6308011Z Selecting previously unselected package libshine3:amd64.
e2e	Install Playwright browsers	2025-12-12T07:11:00.6440082Z Preparing to unpack .../032-libshine3_3.1.1-2build1_amd64.deb ...
e2e	Install Playwright browsers	2025-12-12T07:11:00.6449426Z Unpacking libshine3:amd64 (3.1.1-2build1) ...
e2e	Install Playwright browsers	2025-12-12T07:11:00.6648046Z Selecting previously unselected package libspeex1:amd64.
e2e	Install Playwright browsers	2025-12-12T07:11:00.6780895Z Preparing to unpack .../033-libspeex1_1.2.1-2ubuntu2.24.04.1_amd64.deb ...
e2e	Install Playwright browsers	2025-12-12T07:11:00.6788874Z Unpacking libspeex1:amd64 (1.2.1-2ubuntu2.24.04.1) ...
e2e	Install Playwright browsers	2025-12-12T07:11:00.6994897Z Selecting previously unselected package libsvtav1enc1d1:amd64.
e2e	Install Playwright browsers	2025-12-12T07:11:00.7125650Z Preparing to unpack .../034-libsvtav1enc1d1_1.7.0+dfsg-2build1_amd64.deb ...
e2e	Install Playwright browsers	2025-12-12T07:11:00.7133632Z Unpacking libsvtav1enc1d1:amd64 (1.7.0+dfsg-2build1) ...
e2e	Install Playwright browsers	2025-12-12T07:11:00.7608956Z Selecting previously unselected package libsoxr0:amd64.
e2e	Install Playwright browsers	2025-12-12T07:11:00.7738346Z Preparing to unpack .../035-libsoxr0_0.1.3-4build3_amd64.deb ...
e2e	Install Playwright browsers	2025-12-12T07:11:00.7746422Z Unpacking libsoxr0:amd64 (0.1.3-4build3) ...
e2e	Install Playwright browsers	2025-12-12T07:11:00.7953053Z Selecting previously unselected package libswresample4:amd64.
e2e	Install Playwright browsers	2025-12-12T07:11:00.8083599Z Preparing to unpack .../036-libswresample4_7%3a6.1.1-3ubuntu5_amd64.deb ...
e2e	Install Playwright browsers	2025-12-12T07:11:00.8092329Z Unpacking libswresample4:amd64 (7:6.1.1-3ubuntu5) ...
e2e	Install Playwright browsers	2025-12-12T07:11:00.8306392Z Selecting previously unselected package libtheora0:amd64.
e2e	Install Playwright browsers	2025-12-12T07:11:00.8433818Z Preparing to unpack .../037-libtheora0_1.1.1+dfsg.1-16.1build3_amd64.deb ...
e2e	Install Playwright browsers	2025-12-12T07:11:00.8441939Z Unpacking libtheora0:amd64 (1.1.1+dfsg.1-16.1build3) ...
e2e	Install Playwright browsers	2025-12-12T07:11:00.8677125Z Selecting previously unselected package libtwolame0:amd64.
e2e	Install Playwright browsers	2025-12-12T07:11:00.8804684Z Preparing to unpack .../038-libtwolame0_0.4.0-2build3_amd64.deb ...
e2e	Install Playwright browsers	2025-12-12T07:11:00.8816080Z Unpacking libtwolame0:amd64 (0.4.0-2build3) ...
e2e	Install Playwright browsers	2025-12-12T07:11:00.9019414Z Selecting previously unselected package libvorbisenc2:amd64.
e2e	Install Playwright browsers	2025-12-12T07:11:00.9146299Z Preparing to unpack .../039-libvorbisenc2_1.3.7-1build3_amd64.deb ...
e2e	Install Playwright browsers	2025-12-12T07:11:00.9154607Z Unpacking libvorbisenc2:amd64 (1.3.7-1build3) ...
e2e	Install Playwright browsers	2025-12-12T07:11:00.9384501Z Selecting previously unselected package libvpx9:amd64.
e2e	Install Playwright browsers	2025-12-12T07:11:00.9513879Z Preparing to unpack .../040-libvpx9_1.14.0-1ubuntu2.2_amd64.deb ...
e2e	Install Playwright browsers	2025-12-12T07:11:00.9522448Z Unpacking libvpx9:amd64 (1.14.0-1ubuntu2.2) ...
e2e	Install Playwright browsers	2025-12-12T07:11:00.9863758Z Selecting previously unselected package libx264-164:amd64.
e2e	Install Playwright browsers	2025-12-12T07:11:00.9992620Z Preparing to unpack .../041-libx264-164_2%3a0.164.3108+git31e19f9-1_amd64.deb ...
e2e	Install Playwright browsers	2025-12-12T07:11:01.0000715Z Unpacking libx264-164:amd64 (2:0.164.3108+git31e19f9-1) ...
e2e	Install Playwright browsers	2025-12-12T07:11:01.0289024Z Selecting previously unselected package libx265-199:amd64.
e2e	Install Playwright browsers	2025-12-12T07:11:01.0419676Z Preparing to unpack .../042-libx265-199_3.5-2build1_amd64.deb ...
e2e	Install Playwright browsers	2025-12-12T07:11:01.0427905Z Unpacking libx265-199:amd64 (3.5-2build1) ...
e2e	Install Playwright browsers	2025-12-12T07:11:01.1133444Z Selecting previously unselected package libxvidcore4:amd64.
e2e	Install Playwright browsers	2025-12-12T07:11:01.1266134Z Preparing to unpack .../043-libxvidcore4_2%3a1.3.7-1build1_amd64.deb ...
e2e	Install Playwright browsers	2025-12-12T07:11:01.1274381Z Unpacking libxvidcore4:amd64 (2:1.3.7-1build1) ...
e2e	Install Playwright browsers	2025-12-12T07:11:01.1498927Z Selecting previously unselected package libzvbi-common.
e2e	Install Playwright browsers	2025-12-12T07:11:01.1630459Z Preparing to unpack .../044-libzvbi-common_0.2.42-2_all.deb ...
e2e	Install Playwright browsers	2025-12-12T07:11:01.1638943Z Unpacking libzvbi-common (0.2.42-2) ...
e2e	Install Playwright browsers	2025-12-12T07:11:01.2140470Z Selecting previously unselected package libzvbi0t64:amd64.
e2e	Install Playwright browsers	2025-12-12T07:11:01.2272784Z Preparing to unpack .../045-libzvbi0t64_0.2.42-2_amd64.deb ...
e2e	Install Playwright browsers	2025-12-12T07:11:01.2281472Z Unpacking libzvbi0t64:amd64 (0.2.42-2) ...
e2e	Install Playwright browsers	2025-12-12T07:11:01.2526087Z Selecting previously unselected package libavcodec60:amd64.
e2e	Install Playwright browsers	2025-12-12T07:11:01.2656435Z Preparing to unpack .../046-libavcodec60_7%3a6.1.1-3ubuntu5_amd64.deb ...
e2e	Install Playwright browsers	2025-12-12T07:11:01.2664625Z Unpacking libavcodec60:amd64 (7:6.1.1-3ubuntu5) ...
e2e	Install Playwright browsers	2025-12-12T07:11:01.3531074Z Selecting previously unselected package libunibreak5:amd64.
e2e	Install Playwright browsers	2025-12-12T07:11:01.3665182Z Preparing to unpack .../047-libunibreak5_5.1-2build1_amd64.deb ...
e2e	Install Playwright browsers	2025-12-12T07:11:01.3673249Z Unpacking libunibreak5:amd64 (5.1-2build1) ...
e2e	Install Playwright browsers	2025-12-12T07:11:01.3888208Z Selecting previously unselected package libass9:amd64.
e2e	Install Playwright browsers	2025-12-12T07:11:01.4022200Z Preparing to unpack .../048-libass9_1%3a0.17.1-2build1_amd64.deb ...
e2e	Install Playwright browsers	2025-12-12T07:11:01.4032813Z Unpacking libass9:amd64 (1:0.17.1-2build1) ...
e2e	Install Playwright browsers	2025-12-12T07:11:01.4246611Z Selecting previously unselected package libudfread0:amd64.
e2e	Install Playwright browsers	2025-12-12T07:11:01.4378800Z Preparing to unpack .../049-libudfread0_1.1.2-1build1_amd64.deb ...
e2e	Install Playwright browsers	2025-12-12T07:11:01.4387688Z Unpacking libudfread0:amd64 (1.1.2-1build1) ...
e2e	Install Playwright browsers	2025-12-12T07:11:01.4589134Z Selecting previously unselected package libbluray2:amd64.
e2e	Install Playwright browsers	2025-12-12T07:11:01.4720881Z Preparing to unpack .../050-libbluray2_1%3a1.3.4-1build1_amd64.deb ...
e2e	Install Playwright browsers	2025-12-12T07:11:01.4728906Z Unpacking libbluray2:amd64 (1:1.3.4-1build1) ...
e2e	Install Playwright browsers	2025-12-12T07:11:01.4947944Z Selecting previously unselected package libchromaprint1:amd64.
e2e	Install Playwright browsers	2025-12-12T07:11:01.5078916Z Preparing to unpack .../051-libchromaprint1_1.5.1-5_amd64.deb ...
e2e	Install Playwright browsers	2025-12-12T07:11:01.5086847Z Unpacking libchromaprint1:amd64 (1.5.1-5) ...
e2e	Install Playwright browsers	2025-12-12T07:11:01.5298428Z Selecting previously unselected package libgme0:amd64.
e2e	Install Playwright browsers	2025-12-12T07:11:01.5429250Z Preparing to unpack .../052-libgme0_0.6.3-7build1_amd64.deb ...
e2e	Install Playwright browsers	2025-12-12T07:11:01.5436998Z Unpacking libgme0:amd64 (0.6.3-7build1) ...
e2e	Install Playwright browsers	2025-12-12T07:11:01.5658110Z Selecting previously unselected package libmpg123-0t64:amd64.
e2e	Install Playwright browsers	2025-12-12T07:11:01.5788723Z Preparing to unpack .../053-libmpg123-0t64_1.32.5-1ubuntu1.1_amd64.deb ...
e2e	Install Playwright browsers	2025-12-12T07:11:01.5798616Z Unpacking libmpg123-0t64:amd64 (1.32.5-1ubuntu1.1) ...
e2e	Install Playwright browsers	2025-12-12T07:11:01.6022406Z Selecting previously unselected package libopenmpt0t64:amd64.
e2e	Install Playwright browsers	2025-12-12T07:11:01.6153724Z Preparing to unpack .../054-libopenmpt0t64_0.7.3-1.1build3_amd64.deb ...
e2e	Install Playwright browsers	2025-12-12T07:11:01.6161423Z Unpacking libopenmpt0t64:amd64 (0.7.3-1.1build3) ...
e2e	Install Playwright browsers	2025-12-12T07:11:01.6437032Z Selecting previously unselected package libcjson1:amd64.
e2e	Install Playwright browsers	2025-12-12T07:11:01.6568507Z Preparing to unpack .../055-libcjson1_1.7.17-1_amd64.deb ...
e2e	Install Playwright browsers	2025-12-12T07:11:01.6577785Z Unpacking libcjson1:amd64 (1.7.17-1) ...
e2e	Install Playwright browsers	2025-12-12T07:11:01.6794584Z Selecting previously unselected package libmbedcrypto7t64:amd64.
e2e	Install Playwright browsers	2025-12-12T07:11:01.6926176Z Preparing to unpack .../056-libmbedcrypto7t64_2.28.8-1_amd64.deb ...
e2e	Install Playwright browsers	2025-12-12T07:11:01.6934817Z Unpacking libmbedcrypto7t64:amd64 (2.28.8-1) ...
e2e	Install Playwright browsers	2025-12-12T07:11:01.7174915Z Selecting previously unselected package librist4:amd64.
e2e	Install Playwright browsers	2025-12-12T07:11:01.7311853Z Preparing to unpack .../057-librist4_0.2.10+dfsg-2_amd64.deb ...
e2e	Install Playwright browsers	2025-12-12T07:11:01.7320706Z Unpacking librist4:amd64 (0.2.10+dfsg-2) ...
e2e	Install Playwright browsers	2025-12-12T07:11:01.7524796Z Selecting previously unselected package libsrt1.5-gnutls:amd64.
e2e	Install Playwright browsers	2025-12-12T07:11:01.7654188Z Preparing to unpack .../058-libsrt1.5-gnutls_1.5.3-1build2_amd64.deb ...
e2e	Install Playwright browsers	2025-12-12T07:11:01.7664176Z Unpacking libsrt1.5-gnutls:amd64 (1.5.3-1build2) ...
e2e	Install Playwright browsers	2025-12-12T07:11:01.7904610Z Selecting previously unselected package libssh-gcrypt-4:amd64.
e2e	Install Playwright browsers	2025-12-12T07:11:01.8035916Z Preparing to unpack .../059-libssh-gcrypt-4_0.10.6-2ubuntu0.2_amd64.deb ...
e2e	Install Playwright browsers	2025-12-12T07:11:01.8044331Z Unpacking libssh-gcrypt-4:amd64 (0.10.6-2ubuntu0.2) ...
e2e	Install Playwright browsers	2025-12-12T07:11:01.8274355Z Selecting previously unselected package libavformat60:amd64.
e2e	Install Playwright browsers	2025-12-12T07:11:01.8404391Z Preparing to unpack .../060-libavformat60_7%3a6.1.1-3ubuntu5_amd64.deb ...
e2e	Install Playwright browsers	2025-12-12T07:11:01.8415679Z Unpacking libavformat60:amd64 (7:6.1.1-3ubuntu5) ...
e2e	Install Playwright browsers	2025-12-12T07:11:01.8752091Z Selecting previously unselected package libbs2b0:amd64.
e2e	Install Playwright browsers	2025-12-12T07:11:01.8882588Z Preparing to unpack .../061-libbs2b0_3.1.0+dfsg-7build1_amd64.deb ...
e2e	Install Playwright browsers	2025-12-12T07:11:01.8893158Z Unpacking libbs2b0:amd64 (3.1.0+dfsg-7build1) ...
e2e	Install Playwright browsers	2025-12-12T07:11:01.9123785Z Selecting previously unselected package libflite1:amd64.
e2e	Install Playwright browsers	2025-12-12T07:11:01.9252615Z Preparing to unpack .../062-libflite1_2.2-6build3_amd64.deb ...
e2e	Install Playwright browsers	2025-12-12T07:11:01.9260688Z Unpacking libflite1:amd64 (2.2-6build3) ...
e2e	Install Playwright browsers	2025-12-12T07:11:02.0493776Z Selecting previously unselected package libserd-0-0:amd64.
e2e	Install Playwright browsers	2025-12-12T07:11:02.0626453Z Preparing to unpack .../063-libserd-0-0_0.32.2-1_amd64.deb ...
e2e	Install Playwright browsers	2025-12-12T07:11:02.0634179Z Unpacking libserd-0-0:amd64 (0.32.2-1) ...
e2e	Install Playwright browsers	2025-12-12T07:11:02.0862532Z Selecting previously unselected package libzix-0-0:amd64.
e2e	Install Playwright browsers	2025-12-12T07:11:02.0993671Z Preparing to unpack .../064-libzix-0-0_0.4.2-2build1_amd64.deb ...
e2e	Install Playwright browsers	2025-12-12T07:11:02.1001585Z Unpacking libzix-0-0:amd64 (0.4.2-2build1) ...
e2e	Install Playwright browsers	2025-12-12T07:11:02.1210748Z Selecting previously unselected package libsord-0-0:amd64.
e2e	Install Playwright browsers	2025-12-12T07:11:02.1341113Z Preparing to unpack .../065-libsord-0-0_0.16.16-2build1_amd64.deb ...
e2e	Install Playwright browsers	2025-12-12T07:11:02.1350988Z Unpacking libsord-0-0:amd64 (0.16.16-2build1) ...
e2e	Install Playwright browsers	2025-12-12T07:11:02.1559539Z Selecting previously unselected package libsratom-0-0:amd64.
e2e	Install Playwright browsers	2025-12-12T07:11:02.1687734Z Preparing to unpack .../066-libsratom-0-0_0.6.16-1build1_amd64.deb ...
e2e	Install Playwright browsers	2025-12-12T07:11:02.1697384Z Unpacking libsratom-0-0:amd64 (0.6.16-1build1) ...
e2e	Install Playwright browsers	2025-12-12T07:11:02.1916652Z Selecting previously unselected package liblilv-0-0:amd64.
e2e	Install Playwright browsers	2025-12-12T07:11:02.2043911Z Preparing to unpack .../067-liblilv-0-0_0.24.22-1build1_amd64.deb ...
e2e	Install Playwright browsers	2025-12-12T07:11:02.2052591Z Unpacking liblilv-0-0:amd64 (0.24.22-1build1) ...
e2e	Install Playwright browsers	2025-12-12T07:11:02.2261876Z Selecting previously unselected package libmysofa1:amd64.
e2e	Install Playwright browsers	2025-12-12T07:11:02.2389740Z Preparing to unpack .../068-libmysofa1_1.3.2+dfsg-2ubuntu2_amd64.deb ...
e2e	Install Playwright browsers	2025-12-12T07:11:02.2398686Z Unpacking libmysofa1:amd64 (1.3.2+dfsg-2ubuntu2) ...
e2e	Install Playwright browsers	2025-12-12T07:11:02.2661454Z Selecting previously unselected package libplacebo338:amd64.
e2e	Install Playwright browsers	2025-12-12T07:11:02.2790902Z Preparing to unpack .../069-libplacebo338_6.338.2-2build1_amd64.deb ...
e2e	Install Playwright browsers	2025-12-12T07:11:02.2799353Z Unpacking libplacebo338:amd64 (6.338.2-2build1) ...
e2e	Install Playwright browsers	2025-12-12T07:11:02.3396273Z Selecting previously unselected package libblas3:amd64.
e2e	Install Playwright browsers	2025-12-12T07:11:02.3529283Z Preparing to unpack .../070-libblas3_3.12.0-3build1.1_amd64.deb ...
e2e	Install Playwright browsers	2025-12-12T07:11:02.3563912Z Unpacking libblas3:amd64 (3.12.0-3build1.1) ...
e2e	Install Playwright browsers	2025-12-12T07:11:02.3826761Z Selecting previously unselected package liblapack3:amd64.
e2e	Install Playwright browsers	2025-12-12T07:11:02.3957316Z Preparing to unpack .../071-liblapack3_3.12.0-3build1.1_amd64.deb ...
e2e	Install Playwright browsers	2025-12-12T07:11:02.3986163Z Unpacking liblapack3:amd64 (3.12.0-3build1.1) ...
e2e	Install Playwright browsers	2025-12-12T07:11:02.4632586Z Selecting previously unselected package libasyncns0:amd64.
e2e	Install Playwright browsers	2025-12-12T07:11:02.4763078Z Preparing to unpack .../072-libasyncns0_0.8-6build4_amd64.deb ...
e2e	Install Playwright browsers	2025-12-12T07:11:02.4771749Z Unpacking libasyncns0:amd64 (0.8-6build4) ...
e2e	Install Playwright browsers	2025-12-12T07:11:02.4975643Z Selecting previously unselected package libflac12t64:amd64.
e2e	Install Playwright browsers	2025-12-12T07:11:02.5105665Z Preparing to unpack .../073-libflac12t64_1.4.3+ds-2.1ubuntu2_amd64.deb ...
e2e	Install Playwright browsers	2025-12-12T07:11:02.5127484Z Unpacking libflac12t64:amd64 (1.4.3+ds-2.1ubuntu2) ...
e2e	Install Playwright browsers	2025-12-12T07:11:02.5358069Z Selecting previously unselected package libsndfile1:amd64.
e2e	Install Playwright browsers	2025-12-12T07:11:02.5487036Z Preparing to unpack .../074-libsndfile1_1.2.2-1ubuntu5.24.04.1_amd64.deb ...
e2e	Install Playwright browsers	2025-12-12T07:11:02.5498543Z Unpacking libsndfile1:amd64 (1.2.2-1ubuntu5.24.04.1) ...
e2e	Install Playwright browsers	2025-12-12T07:11:02.5771591Z Selecting previously unselected package libpulse0:amd64.
e2e	Install Playwright browsers	2025-12-12T07:11:02.5902291Z Preparing to unpack .../075-libpulse0_1%3a16.1+dfsg1-2ubuntu10.1_amd64.deb ...
e2e	Install Playwright browsers	2025-12-12T07:11:02.5967826Z Unpacking libpulse0:amd64 (1:16.1+dfsg1-2ubuntu10.1) ...
e2e	Install Playwright browsers	2025-12-12T07:11:02.6227147Z Selecting previously unselected package libsphinxbase3t64:amd64.
e2e	Install Playwright browsers	2025-12-12T07:11:02.6355849Z Preparing to unpack .../076-libsphinxbase3t64_0.8+5prealpha+1-17build2_amd64.deb ...
e2e	Install Playwright browsers	2025-12-12T07:11:02.6365786Z Unpacking libsphinxbase3t64:amd64 (0.8+5prealpha+1-17build2) ...
e2e	Install Playwright browsers	2025-12-12T07:11:02.6599734Z Selecting previously unselected package libpocketsphinx3:amd64.
e2e	Install Playwright browsers	2025-12-12T07:11:02.6731179Z Preparing to unpack .../077-libpocketsphinx3_0.8.0+real5prealpha+1-15ubuntu5_amd64.deb ...
e2e	Install Playwright browsers	2025-12-12T07:11:02.6739984Z Unpacking libpocketsphinx3:amd64 (0.8.0+real5prealpha+1-15ubuntu5) ...
e2e	Install Playwright browsers	2025-12-12T07:11:02.7111864Z Selecting previously unselected package libpostproc57:amd64.
e2e	Install Playwright browsers	2025-12-12T07:11:02.7242442Z Preparing to unpack .../078-libpostproc57_7%3a6.1.1-3ubuntu5_amd64.deb ...
e2e	Install Playwright browsers	2025-12-12T07:11:02.7249776Z Unpacking libpostproc57:amd64 (7:6.1.1-3ubuntu5) ...
e2e	Install Playwright browsers	2025-12-12T07:11:02.7457855Z Selecting previously unselected package libsamplerate0:amd64.
e2e	Install Playwright browsers	2025-12-12T07:11:02.7585988Z Preparing to unpack .../079-libsamplerate0_0.2.2-4build1_amd64.deb ...
e2e	Install Playwright browsers	2025-12-12T07:11:02.7593992Z Unpacking libsamplerate0:amd64 (0.2.2-4build1) ...
e2e	Install Playwright browsers	2025-12-12T07:11:02.7941873Z Selecting previously unselected package librubberband2:amd64.
e2e	Install Playwright browsers	2025-12-12T07:11:02.8073940Z Preparing to unpack .../080-librubberband2_3.3.0+dfsg-2build1_amd64.deb ...
e2e	Install Playwright browsers	2025-12-12T07:11:02.8083436Z Unpacking librubberband2:amd64 (3.3.0+dfsg-2build1) ...
e2e	Install Playwright browsers	2025-12-12T07:11:02.8303076Z Selecting previously unselected package libswscale7:amd64.
e2e	Install Playwright browsers	2025-12-12T07:11:02.8433109Z Preparing to unpack .../081-libswscale7_7%3a6.1.1-3ubuntu5_amd64.deb ...
e2e	Install Playwright browsers	2025-12-12T07:11:02.8441020Z Unpacking libswscale7:amd64 (7:6.1.1-3ubuntu5) ...
e2e	Install Playwright browsers	2025-12-12T07:11:02.8673832Z Selecting previously unselected package libvidstab1.1:amd64.
e2e	Install Playwright browsers	2025-12-12T07:11:02.8804453Z Preparing to unpack .../082-libvidstab1.1_1.1.0-2build1_amd64.deb ...
e2e	Install Playwright browsers	2025-12-12T07:11:02.8812025Z Unpacking libvidstab1.1:amd64 (1.1.0-2build1) ...
e2e	Install Playwright browsers	2025-12-12T07:11:02.9020868Z Selecting previously unselected package libzimg2:amd64.
e2e	Install Playwright browsers	2025-12-12T07:11:02.9150586Z Preparing to unpack .../083-libzimg2_3.0.5+ds1-1build1_amd64.deb ...
e2e	Install Playwright browsers	2025-12-12T07:11:02.9159024Z Unpacking libzimg2:amd64 (3.0.5+ds1-1build1) ...
e2e	Install Playwright browsers	2025-12-12T07:11:02.9402699Z Selecting previously unselected package libavfilter9:amd64.
e2e	Install Playwright browsers	2025-12-12T07:11:02.9533119Z Preparing to unpack .../084-libavfilter9_7%3a6.1.1-3ubuntu5_amd64.deb ...
e2e	Install Playwright browsers	2025-12-12T07:11:02.9541533Z Unpacking libavfilter9:amd64 (7:6.1.1-3ubuntu5) ...
e2e	Install Playwright browsers	2025-12-12T07:11:03.0299337Z Selecting previously unselected package liborc-0.4-0t64:amd64.
e2e	Install Playwright browsers	2025-12-12T07:11:03.0429999Z Preparing to unpack .../085-liborc-0.4-0t64_1%3a0.4.38-1ubuntu0.1_amd64.deb ...
e2e	Install Playwright browsers	2025-12-12T07:11:03.0438225Z Unpacking liborc-0.4-0t64:amd64 (1:0.4.38-1ubuntu0.1) ...
e2e	Install Playwright browsers	2025-12-12T07:11:03.0721420Z Selecting previously unselected package libgstreamer-plugins-base1.0-0:amd64.
e2e	Install Playwright browsers	2025-12-12T07:11:03.0853881Z Preparing to unpack .../086-libgstreamer-plugins-base1.0-0_1.24.2-1ubuntu0.3_amd64.deb ...
e2e	Install Playwright browsers	2025-12-12T07:11:03.0863067Z Unpacking libgstreamer-plugins-base1.0-0:amd64 (1.24.2-1ubuntu0.3) ...
e2e	Install Playwright browsers	2025-12-12T07:11:03.1190618Z Selecting previously unselected package gstreamer1.0-libav:amd64.
e2e	Install Playwright browsers	2025-12-12T07:11:03.1320692Z Preparing to unpack .../087-gstreamer1.0-libav_1.24.1-1build1_amd64.deb ...
e2e	Install Playwright browsers	2025-12-12T07:11:03.1328640Z Unpacking gstreamer1.0-libav:amd64 (1.24.1-1build1) ...
e2e	Install Playwright browsers	2025-12-12T07:11:03.1548817Z Selecting previously unselected package libcdparanoia0:amd64.
e2e	Install Playwright browsers	2025-12-12T07:11:03.1679486Z Preparing to unpack .../088-libcdparanoia0_3.10.2+debian-14build3_amd64.deb ...
e2e	Install Playwright browsers	2025-12-12T07:11:03.1689773Z Unpacking libcdparanoia0:amd64 (3.10.2+debian-14build3) ...
e2e	Install Playwright browsers	2025-12-12T07:11:03.1934518Z Selecting previously unselected package libvisual-0.4-0:amd64.
e2e	Install Playwright browsers	2025-12-12T07:11:03.2064811Z Preparing to unpack .../089-libvisual-0.4-0_0.4.2-2build1_amd64.deb ...
e2e	Install Playwright browsers	2025-12-12T07:11:03.2072456Z Unpacking libvisual-0.4-0:amd64 (0.4.2-2build1) ...
e2e	Install Playwright browsers	2025-12-12T07:11:03.2298548Z Selecting previously unselected package gstreamer1.0-plugins-base:amd64.
e2e	Install Playwright browsers	2025-12-12T07:11:03.2428829Z Preparing to unpack .../090-gstreamer1.0-plugins-base_1.24.2-1ubuntu0.3_amd64.deb ...
e2e	Install Playwright browsers	2025-12-12T07:11:03.2437504Z Unpacking gstreamer1.0-plugins-base:amd64 (1.24.2-1ubuntu0.3) ...
e2e	Install Playwright browsers	2025-12-12T07:11:03.2760143Z Selecting previously unselected package libaa1:amd64.
e2e	Install Playwright browsers	2025-12-12T07:11:03.2891042Z Preparing to unpack .../091-libaa1_1.4p5-51.1_amd64.deb ...
e2e	Install Playwright browsers	2025-12-12T07:11:03.2899093Z Unpacking libaa1:amd64 (1.4p5-51.1) ...
e2e	Install Playwright browsers	2025-12-12T07:11:03.3109812Z Selecting previously unselected package libraw1394-11:amd64.
e2e	Install Playwright browsers	2025-12-12T07:11:03.3238937Z Preparing to unpack .../092-libraw1394-11_2.1.2-2build3_amd64.deb ...
e2e	Install Playwright browsers	2025-12-12T07:11:03.3248252Z Unpacking libraw1394-11:amd64 (2.1.2-2build3) ...
e2e	Install Playwright browsers	2025-12-12T07:11:03.3457714Z Selecting previously unselected package libavc1394-0:amd64.
e2e	Install Playwright browsers	2025-12-12T07:11:03.3586981Z Preparing to unpack .../093-libavc1394-0_0.5.4-5build3_amd64.deb ...
e2e	Install Playwright browsers	2025-12-12T07:11:03.3594702Z Unpacking libavc1394-0:amd64 (0.5.4-5build3) ...
e2e	Install Playwright browsers	2025-12-12T07:11:03.3803120Z Selecting previously unselected package libcaca0:amd64.
e2e	Install Playwright browsers	2025-12-12T07:11:03.4007752Z Preparing to unpack .../094-libcaca0_0.99.beta20-4build2_amd64.deb ...
e2e	Install Playwright browsers	2025-12-12T07:11:03.4015778Z Unpacking libcaca0:amd64 (0.99.beta20-4build2) ...
e2e	Install Playwright browsers	2025-12-12T07:11:03.4271081Z Selecting previously unselected package libdv4t64:amd64.
e2e	Install Playwright browsers	2025-12-12T07:11:03.4402494Z Preparing to unpack .../095-libdv4t64_1.0.0-17.1build1_amd64.deb ...
e2e	Install Playwright browsers	2025-12-12T07:11:03.4409975Z Unpacking libdv4t64:amd64 (1.0.0-17.1build1) ...
e2e	Install Playwright browsers	2025-12-12T07:11:03.4631114Z Selecting previously unselected package libgstreamer-plugins-good1.0-0:amd64.
e2e	Install Playwright browsers	2025-12-12T07:11:03.4762967Z Preparing to unpack .../096-libgstreamer-plugins-good1.0-0_1.24.2-1ubuntu1.2_amd64.deb ...
e2e	Install Playwright browsers	2025-12-12T07:11:03.4776854Z Unpacking libgstreamer-plugins-good1.0-0:amd64 (1.24.2-1ubuntu1.2) ...
e2e	Install Playwright browsers	2025-12-12T07:11:03.4987906Z Selecting previously unselected package libiec61883-0:amd64.
e2e	Install Playwright browsers	2025-12-12T07:11:03.5118153Z Preparing to unpack .../097-libiec61883-0_1.2.0-6build1_amd64.deb ...
e2e	Install Playwright browsers	2025-12-12T07:11:03.5125982Z Unpacking libiec61883-0:amd64 (1.2.0-6build1) ...
e2e	Install Playwright browsers	2025-12-12T07:11:03.5331570Z Selecting previously unselected package libshout3:amd64.
e2e	Install Playwright browsers	2025-12-12T07:11:03.5460147Z Preparing to unpack .../098-libshout3_2.4.6-1build2_amd64.deb ...
e2e	Install Playwright browsers	2025-12-12T07:11:03.5468184Z Unpacking libshout3:amd64 (2.4.6-1build2) ...
e2e	Install Playwright browsers	2025-12-12T07:11:03.5677881Z Selecting previously unselected package libtag1v5-vanilla:amd64.
e2e	Install Playwright browsers	2025-12-12T07:11:03.5805238Z Preparing to unpack .../099-libtag1v5-vanilla_1.13.1-1build1_amd64.deb ...
e2e	Install Playwright browsers	2025-12-12T07:11:03.5813894Z Unpacking libtag1v5-vanilla:amd64 (1.13.1-1build1) ...
e2e	Install Playwright browsers	2025-12-12T07:11:03.6059815Z Selecting previously unselected package libtag1v5:amd64.
e2e	Install Playwright browsers	2025-12-12T07:11:03.6191574Z Preparing to unpack .../100-libtag1v5_1.13.1-1build1_amd64.deb ...
e2e	Install Playwright browsers	2025-12-12T07:11:03.6199590Z Unpacking libtag1v5:amd64 (1.13.1-1build1) ...
e2e	Install Playwright browsers	2025-12-12T07:11:03.6408675Z Selecting previously unselected package libv4lconvert0t64:amd64.
e2e	Install Playwright browsers	2025-12-12T07:11:03.6539644Z Preparing to unpack .../101-libv4lconvert0t64_1.26.1-4build3_amd64.deb ...
e2e	Install Playwright browsers	2025-12-12T07:11:03.6547699Z Unpacking libv4lconvert0t64:amd64 (1.26.1-4build3) ...
e2e	Install Playwright browsers	2025-12-12T07:11:03.6777512Z Selecting previously unselected package libv4l-0t64:amd64.
e2e	Install Playwright browsers	2025-12-12T07:11:03.6909843Z Preparing to unpack .../102-libv4l-0t64_1.26.1-4build3_amd64.deb ...
e2e	Install Playwright browsers	2025-12-12T07:11:03.6920381Z Unpacking libv4l-0t64:amd64 (1.26.1-4build3) ...
e2e	Install Playwright browsers	2025-12-12T07:11:03.7161867Z Selecting previously unselected package libwavpack1:amd64.
e2e	Install Playwright browsers	2025-12-12T07:11:03.7292729Z Preparing to unpack .../103-libwavpack1_5.6.0-1build1_amd64.deb ...
e2e	Install Playwright browsers	2025-12-12T07:11:03.7300359Z Unpacking libwavpack1:amd64 (5.6.0-1build1) ...
e2e	Install Playwright browsers	2025-12-12T07:11:03.7500707Z Selecting previously unselected package libsoup-3.0-common.
e2e	Install Playwright browsers	2025-12-12T07:11:03.7631136Z Preparing to unpack .../104-libsoup-3.0-common_3.4.4-5ubuntu0.5_all.deb ...
e2e	Install Playwright browsers	2025-12-12T07:11:03.7638726Z Unpacking libsoup-3.0-common (3.4.4-5ubuntu0.5) ...
e2e	Install Playwright browsers	2025-12-12T07:11:03.7837182Z Selecting previously unselected package libsoup-3.0-0:amd64.
e2e	Install Playwright browsers	2025-12-12T07:11:03.7967847Z Preparing to unpack .../105-libsoup-3.0-0_3.4.4-5ubuntu0.5_amd64.deb ...
e2e	Install Playwright browsers	2025-12-12T07:11:03.7978220Z Unpacking libsoup-3.0-0:amd64 (3.4.4-5ubuntu0.5) ...
e2e	Install Playwright browsers	2025-12-12T07:11:03.8214713Z Selecting previously unselected package gstreamer1.0-plugins-good:amd64.
e2e	Install Playwright browsers	2025-12-12T07:11:03.8345618Z Preparing to unpack .../106-gstreamer1.0-plugins-good_1.24.2-1ubuntu1.2_amd64.deb ...
e2e	Install Playwright browsers	2025-12-12T07:11:03.8353553Z Unpacking gstreamer1.0-plugins-good:amd64 (1.24.2-1ubuntu1.2) ...
e2e	Install Playwright browsers	2025-12-12T07:11:03.8928280Z Selecting previously unselected package libabsl20220623t64:amd64.
e2e	Install Playwright browsers	2025-12-12T07:11:03.9061597Z Preparing to unpack .../107-libabsl20220623t64_20220623.1-3.1ubuntu3.2_amd64.deb ...
e2e	Install Playwright browsers	2025-12-12T07:11:03.9074246Z Unpacking libabsl20220623t64:amd64 (20220623.1-3.1ubuntu3.2) ...
e2e	Install Playwright browsers	2025-12-12T07:11:03.9495824Z Selecting previously unselected package libgav1-1:amd64.
e2e	Install Playwright browsers	2025-12-12T07:11:03.9627857Z Preparing to unpack .../108-libgav1-1_0.18.0-1build3_amd64.deb ...
e2e	Install Playwright browsers	2025-12-12T07:11:03.9637260Z Unpacking libgav1-1:amd64 (0.18.0-1build3) ...
e2e	Install Playwright browsers	2025-12-12T07:11:03.9884286Z Selecting previously unselected package libyuv0:amd64.
e2e	Install Playwright browsers	2025-12-12T07:11:04.0015354Z Preparing to unpack .../109-libyuv0_0.0~git202401110.af6ac82-1_amd64.deb ...
e2e	Install Playwright browsers	2025-12-12T07:11:04.0091154Z Unpacking libyuv0:amd64 (0.0~git202401110.af6ac82-1) ...
e2e	Install Playwright browsers	2025-12-12T07:11:04.0330484Z Selecting previously unselected package libavif16:amd64.
e2e	Install Playwright browsers	2025-12-12T07:11:04.0462017Z Preparing to unpack .../110-libavif16_1.0.4-1ubuntu3_amd64.deb ...
e2e	Install Playwright browsers	2025-12-12T07:11:04.0469788Z Unpacking libavif16:amd64 (1.0.4-1ubuntu3) ...
e2e	Install Playwright browsers	2025-12-12T07:11:04.0684074Z Selecting previously unselected package libavtp0:amd64.
e2e	Install Playwright browsers	2025-12-12T07:11:04.0827309Z Preparing to unpack .../111-libavtp0_0.2.0-1build1_amd64.deb ...
e2e	Install Playwright browsers	2025-12-12T07:11:04.0842261Z Unpacking libavtp0:amd64 (0.2.0-1build1) ...
e2e	Install Playwright browsers	2025-12-12T07:11:04.1188862Z Selecting previously unselected package libcairo-script-interpreter2:amd64.
e2e	Install Playwright browsers	2025-12-12T07:11:04.1339221Z Preparing to unpack .../112-libcairo-script-interpreter2_1.18.0-3build1_amd64.deb ...
e2e	Install Playwright browsers	2025-12-12T07:11:04.1359790Z Unpacking libcairo-script-interpreter2:amd64 (1.18.0-3build1) ...
e2e	Install Playwright browsers	2025-12-12T07:11:04.1650615Z Selecting previously unselected package libdc1394-25:amd64.
e2e	Install Playwright browsers	2025-12-12T07:11:04.1821164Z Preparing to unpack .../113-libdc1394-25_2.2.6-4build1_amd64.deb ...
e2e	Install Playwright browsers	2025-12-12T07:11:04.1839269Z Unpacking libdc1394-25:amd64 (2.2.6-4build1) ...
e2e	Install Playwright browsers	2025-12-12T07:11:04.2113456Z Selecting previously unselected package libdecor-0-0:amd64.
e2e	Install Playwright browsers	2025-12-12T07:11:04.2269786Z Preparing to unpack .../114-libdecor-0-0_0.2.2-1build2_amd64.deb ...
e2e	Install Playwright browsers	2025-12-12T07:11:04.2285295Z Unpacking libdecor-0-0:amd64 (0.2.2-1build2) ...
e2e	Install Playwright browsers	2025-12-12T07:11:04.2711269Z Selecting previously unselected package libgles2:amd64.
e2e	Install Playwright browsers	2025-12-12T07:11:04.2843877Z Preparing to unpack .../115-libgles2_1.7.0-1build1_amd64.deb ...
e2e	Install Playwright browsers	2025-12-12T07:11:04.2871873Z Unpacking libgles2:amd64 (1.7.0-1build1) ...
e2e	Install Playwright browsers	2025-12-12T07:11:04.3493803Z Selecting previously unselected package libdirectfb-1.7-7t64:amd64.
e2e	Install Playwright browsers	2025-12-12T07:11:04.3637837Z Preparing to unpack .../116-libdirectfb-1.7-7t64_1.7.7-11.1ubuntu2_amd64.deb ...
e2e	Install Playwright browsers	2025-12-12T07:11:04.3658984Z Unpacking libdirectfb-1.7-7t64:amd64 (1.7.7-11.1ubuntu2) ...
e2e	Install Playwright browsers	2025-12-12T07:11:04.8307558Z Selecting previously unselected package libdvdread8t64:amd64.
e2e	Install Playwright browsers	2025-12-12T07:11:04.8440369Z Preparing to unpack .../117-libdvdread8t64_6.1.3-1.1build1_amd64.deb ...
e2e	Install Playwright browsers	2025-12-12T07:11:04.8449176Z Unpacking libdvdread8t64:amd64 (6.1.3-1.1build1) ...
e2e	Install Playwright browsers	2025-12-12T07:11:04.8676018Z Selecting previously unselected package libdvdnav4:amd64.
e2e	Install Playwright browsers	2025-12-12T07:11:04.8804355Z Preparing to unpack .../118-libdvdnav4_6.1.1-3build1_amd64.deb ...
e2e	Install Playwright browsers	2025-12-12T07:11:04.8812289Z Unpacking libdvdnav4:amd64 (6.1.1-3build1) ...
e2e	Install Playwright browsers	2025-12-12T07:11:04.9026163Z Selecting previously unselected package libegl-mesa0:amd64.
e2e	Install Playwright browsers	2025-12-12T07:11:04.9154654Z Preparing to unpack .../119-libegl-mesa0_25.0.7-0ubuntu0.24.04.2_amd64.deb ...
e2e	Install Playwright browsers	2025-12-12T07:11:04.9162096Z Unpacking libegl-mesa0:amd64 (25.0.7-0ubuntu0.24.04.2) ...
e2e	Install Playwright browsers	2025-12-12T07:11:04.9417342Z Selecting previously unselected package libevent-2.1-7t64:amd64.
e2e	Install Playwright browsers	2025-12-12T07:11:04.9549061Z Preparing to unpack .../120-libevent-2.1-7t64_2.1.12-stable-9ubuntu2_amd64.deb ...
e2e	Install Playwright browsers	2025-12-12T07:11:04.9558119Z Unpacking libevent-2.1-7t64:amd64 (2.1.12-stable-9ubuntu2) ...
e2e	Install Playwright browsers	2025-12-12T07:11:04.9794504Z Selecting previously unselected package libfaad2:amd64.
e2e	Install Playwright browsers	2025-12-12T07:11:04.9925853Z Preparing to unpack .../121-libfaad2_2.11.1-1build1_amd64.deb ...
e2e	Install Playwright browsers	2025-12-12T07:11:04.9933657Z Unpacking libfaad2:amd64 (2.11.1-1build1) ...
e2e	Install Playwright browsers	2025-12-12T07:11:05.0169971Z Selecting previously unselected package libinstpatch-1.0-2:amd64.
e2e	Install Playwright browsers	2025-12-12T07:11:05.0298874Z Preparing to unpack .../122-libinstpatch-1.0-2_1.1.6-1build2_amd64.deb ...
e2e	Install Playwright browsers	2025-12-12T07:11:05.0306278Z Unpacking libinstpatch-1.0-2:amd64 (1.1.6-1build2) ...
e2e	Install Playwright browsers	2025-12-12T07:11:05.0538664Z Selecting previously unselected package libjack-jackd2-0:amd64.
e2e	Install Playwright browsers	2025-12-12T07:11:05.0668968Z Preparing to unpack .../123-libjack-jackd2-0_1.9.21~dfsg-3ubuntu3_amd64.deb ...
e2e	Install Playwright browsers	2025-12-12T07:11:05.0677552Z Unpacking libjack-jackd2-0:amd64 (1.9.21~dfsg-3ubuntu3) ...
e2e	Install Playwright browsers	2025-12-12T07:11:05.0926268Z Selecting previously unselected package libwebrtc-audio-processing1:amd64.
e2e	Install Playwright browsers	2025-12-12T07:11:05.1055410Z Preparing to unpack .../124-libwebrtc-audio-processing1_0.3.1-0ubuntu6_amd64.deb ...
e2e	Install Playwright browsers	2025-12-12T07:11:05.1063293Z Unpacking libwebrtc-audio-processing1:amd64 (0.3.1-0ubuntu6) ...
e2e	Install Playwright browsers	2025-12-12T07:11:05.1288735Z Selecting previously unselected package libspa-0.2-modules:amd64.
e2e	Install Playwright browsers	2025-12-12T07:11:05.1419467Z Preparing to unpack .../125-libspa-0.2-modules_1.0.5-1ubuntu3.1_amd64.deb ...
e2e	Install Playwright browsers	2025-12-12T07:11:05.1427601Z Unpacking libspa-0.2-modules:amd64 (1.0.5-1ubuntu3.1) ...
e2e	Install Playwright browsers	2025-12-12T07:11:05.1757656Z Selecting previously unselected package libpipewire-0.3-0t64:amd64.
e2e	Install Playwright browsers	2025-12-12T07:11:05.1889372Z Preparing to unpack .../126-libpipewire-0.3-0t64_1.0.5-1ubuntu3.1_amd64.deb ...
e2e	Install Playwright browsers	2025-12-12T07:11:05.1897432Z Unpacking libpipewire-0.3-0t64:amd64 (1.0.5-1ubuntu3.1) ...
e2e	Install Playwright browsers	2025-12-12T07:11:05.2157117Z Selecting previously unselected package libsdl2-2.0-0:amd64.
e2e	Install Playwright browsers	2025-12-12T07:11:05.2288284Z Preparing to unpack .../127-libsdl2-2.0-0_2.30.0+dfsg-1ubuntu3.1_amd64.deb ...
e2e	Install Playwright browsers	2025-12-12T07:11:05.2297526Z Unpacking libsdl2-2.0-0:amd64 (2.30.0+dfsg-1ubuntu3.1) ...
e2e	Install Playwright browsers	2025-12-12T07:11:05.2596805Z Selecting previously unselected package timgm6mb-soundfont.
e2e	Install Playwright browsers	2025-12-12T07:11:05.2728106Z Preparing to unpack .../128-timgm6mb-soundfont_1.3-5_all.deb ...
e2e	Install Playwright browsers	2025-12-12T07:11:05.2736819Z Unpacking timgm6mb-soundfont (1.3-5) ...
e2e	Install Playwright browsers	2025-12-12T07:11:05.6137739Z Selecting previously unselected package libfluidsynth3:amd64.
e2e	Install Playwright browsers	2025-12-12T07:11:05.6269786Z Preparing to unpack .../129-libfluidsynth3_2.3.4-1build3_amd64.deb ...
e2e	Install Playwright browsers	2025-12-12T07:11:05.6278745Z Unpacking libfluidsynth3:amd64 (2.3.4-1build3) ...
e2e	Install Playwright browsers	2025-12-12T07:11:05.6517597Z Selecting previously unselected package libfreeaptx0:amd64.
e2e	Install Playwright browsers	2025-12-12T07:11:05.6650325Z Preparing to unpack .../130-libfreeaptx0_0.1.1-2build1_amd64.deb ...
e2e	Install Playwright browsers	2025-12-12T07:11:05.6659483Z Unpacking libfreeaptx0:amd64 (0.1.1-2build1) ...
e2e	Install Playwright browsers	2025-12-12T07:11:05.6865623Z Selecting previously unselected package libgraphene-1.0-0:amd64.
e2e	Install Playwright browsers	2025-12-12T07:11:05.6996718Z Preparing to unpack .../131-libgraphene-1.0-0_1.10.8-3build2_amd64.deb ...
e2e	Install Playwright browsers	2025-12-12T07:11:05.7005736Z Unpacking libgraphene-1.0-0:amd64 (1.10.8-3build2) ...
e2e	Install Playwright browsers	2025-12-12T07:11:05.7230933Z Selecting previously unselected package libgssdp-1.6-0:amd64.
e2e	Install Playwright browsers	2025-12-12T07:11:05.7362597Z Preparing to unpack .../132-libgssdp-1.6-0_1.6.3-1build3_amd64.deb ...
e2e	Install Playwright browsers	2025-12-12T07:11:05.7370895Z Unpacking libgssdp-1.6-0:amd64 (1.6.3-1build3) ...
e2e	Install Playwright browsers	2025-12-12T07:11:05.7584659Z Selecting previously unselected package libegl1:amd64.
e2e	Install Playwright browsers	2025-12-12T07:11:05.7715617Z Preparing to unpack .../133-libegl1_1.7.0-1build1_amd64.deb ...
e2e	Install Playwright browsers	2025-12-12T07:11:05.7725303Z Unpacking libegl1:amd64 (1.7.0-1build1) ...
e2e	Install Playwright browsers	2025-12-12T07:11:05.7940815Z Selecting previously unselected package libgstreamer-gl1.0-0:amd64.
e2e	Install Playwright browsers	2025-12-12T07:11:05.8071417Z Preparing to unpack .../134-libgstreamer-gl1.0-0_1.24.2-1ubuntu0.3_amd64.deb ...
e2e	Install Playwright browsers	2025-12-12T07:11:05.8080300Z Unpacking libgstreamer-gl1.0-0:amd64 (1.24.2-1ubuntu0.3) ...
e2e	Install Playwright browsers	2025-12-12T07:11:05.8307535Z Selecting previously unselected package libgtk-4-common.
e2e	Install Playwright browsers	2025-12-12T07:11:05.8438075Z Preparing to unpack .../135-libgtk-4-common_4.14.5+ds-0ubuntu0.7_all.deb ...
e2e	Install Playwright browsers	2025-12-12T07:11:05.8445647Z Unpacking libgtk-4-common (4.14.5+ds-0ubuntu0.7) ...
e2e	Install Playwright browsers	2025-12-12T07:11:05.8950333Z Selecting previously unselected package libgtk-4-1:amd64.
e2e	Install Playwright browsers	2025-12-12T07:11:05.9082678Z Preparing to unpack .../136-libgtk-4-1_4.14.5+ds-0ubuntu0.7_amd64.deb ...
e2e	Install Playwright browsers	2025-12-12T07:11:05.9090770Z Unpacking libgtk-4-1:amd64 (4.14.5+ds-0ubuntu0.7) ...
e2e	Install Playwright browsers	2025-12-12T07:11:05.9814337Z Selecting previously unselected package libgupnp-1.6-0:amd64.
e2e	Install Playwright browsers	2025-12-12T07:11:05.9950021Z Preparing to unpack .../137-libgupnp-1.6-0_1.6.6-1build3_amd64.deb ...
e2e	Install Playwright browsers	2025-12-12T07:11:05.9958665Z Unpacking libgupnp-1.6-0:amd64 (1.6.6-1build3) ...
e2e	Install Playwright browsers	2025-12-12T07:11:06.0186209Z Selecting previously unselected package libgupnp-igd-1.6-0:amd64.
e2e	Install Playwright browsers	2025-12-12T07:11:06.0318615Z Preparing to unpack .../138-libgupnp-igd-1.6-0_1.6.0-3build3_amd64.deb ...
e2e	Install Playwright browsers	2025-12-12T07:11:06.0327747Z Unpacking libgupnp-igd-1.6-0:amd64 (1.6.0-3build3) ...
e2e	Install Playwright browsers	2025-12-12T07:11:06.0549570Z Selecting previously unselected package libharfbuzz-icu0:amd64.
e2e	Install Playwright browsers	2025-12-12T07:11:06.0681621Z Preparing to unpack .../139-libharfbuzz-icu0_8.3.0-2build2_amd64.deb ...
e2e	Install Playwright browsers	2025-12-12T07:11:06.0693238Z Unpacking libharfbuzz-icu0:amd64 (8.3.0-2build2) ...
e2e	Install Playwright browsers	2025-12-12T07:11:06.0903286Z Selecting previously unselected package libhyphen0:amd64.
e2e	Install Playwright browsers	2025-12-12T07:11:06.1034440Z Preparing to unpack .../140-libhyphen0_2.8.8-7build3_amd64.deb ...
e2e	Install Playwright browsers	2025-12-12T07:11:06.1043641Z Unpacking libhyphen0:amd64 (2.8.8-7build3) ...
e2e	Install Playwright browsers	2025-12-12T07:11:06.1256759Z Selecting previously unselected package libimath-3-1-29t64:amd64.
e2e	Install Playwright browsers	2025-12-12T07:11:06.1386546Z Preparing to unpack .../141-libimath-3-1-29t64_3.1.9-3.1ubuntu2_amd64.deb ...
e2e	Install Playwright browsers	2025-12-12T07:11:06.1396957Z Unpacking libimath-3-1-29t64:amd64 (3.1.9-3.1ubuntu2) ...
e2e	Install Playwright browsers	2025-12-12T07:11:06.1629221Z Selecting previously unselected package liblc3-1:amd64.
e2e	Install Playwright browsers	2025-12-12T07:11:06.1759817Z Preparing to unpack .../142-liblc3-1_1.0.4-3build1_amd64.deb ...
e2e	Install Playwright browsers	2025-12-12T07:11:06.1770299Z Unpacking liblc3-1:amd64 (1.0.4-3build1) ...
e2e	Install Playwright browsers	2025-12-12T07:11:06.1991826Z Selecting previously unselected package libldacbt-enc2:amd64.
e2e	Install Playwright browsers	2025-12-12T07:11:06.2120651Z Preparing to unpack .../143-libldacbt-enc2_2.0.2.3+git20200429+ed310a0-4ubuntu2_amd64.deb ...
e2e	Install Playwright browsers	2025-12-12T07:11:06.2130621Z Unpacking libldacbt-enc2:amd64 (2.0.2.3+git20200429+ed310a0-4ubuntu2) ...
e2e	Install Playwright browsers	2025-12-12T07:11:06.2341753Z Selecting previously unselected package libraptor2-0:amd64.
e2e	Install Playwright browsers	2025-12-12T07:11:06.2471188Z Preparing to unpack .../144-libraptor2-0_2.0.16-3ubuntu0.1_amd64.deb ...
e2e	Install Playwright browsers	2025-12-12T07:11:06.2481106Z Unpacking libraptor2-0:amd64 (2.0.16-3ubuntu0.1) ...
e2e	Install Playwright browsers	2025-12-12T07:11:06.2711220Z Selecting previously unselected package liblrdf0:amd64.
e2e	Install Playwright browsers	2025-12-12T07:11:06.2841549Z Preparing to unpack .../145-liblrdf0_0.6.1-4build1_amd64.deb ...
e2e	Install Playwright browsers	2025-12-12T07:11:06.2851276Z Unpacking liblrdf0:amd64 (0.6.1-4build1) ...
e2e	Install Playwright browsers	2025-12-12T07:11:06.3073270Z Selecting previously unselected package libltc11:amd64.
e2e	Install Playwright browsers	2025-12-12T07:11:06.3202137Z Preparing to unpack .../146-libltc11_1.3.2-1build1_amd64.deb ...
e2e	Install Playwright browsers	2025-12-12T07:11:06.3211127Z Unpacking libltc11:amd64 (1.3.2-1build1) ...
e2e	Install Playwright browsers	2025-12-12T07:11:06.3421750Z Selecting previously unselected package libmanette-0.2-0:amd64.
e2e	Install Playwright browsers	2025-12-12T07:11:06.3549663Z Preparing to unpack .../147-libmanette-0.2-0_0.2.7-1build2_amd64.deb ...
e2e	Install Playwright browsers	2025-12-12T07:11:06.3559363Z Unpacking libmanette-0.2-0:amd64 (0.2.7-1build2) ...
e2e	Install Playwright browsers	2025-12-12T07:11:06.3781434Z Selecting previously unselected package libmfx1:amd64.
e2e	Install Playwright browsers	2025-12-12T07:11:06.3908855Z Preparing to unpack .../148-libmfx1_22.5.4-1_amd64.deb ...
e2e	Install Playwright browsers	2025-12-12T07:11:06.3917416Z Unpacking libmfx1:amd64 (22.5.4-1) ...
e2e	Install Playwright browsers	2025-12-12T07:11:06.4911588Z Selecting previously unselected package libmjpegutils-2.1-0t64:amd64.
e2e	Install Playwright browsers	2025-12-12T07:11:06.5045290Z Preparing to unpack .../149-libmjpegutils-2.1-0t64_1%3a2.1.0+debian-8.1build1_amd64.deb ...
e2e	Install Playwright browsers	2025-12-12T07:11:06.5053625Z Unpacking libmjpegutils-2.1-0t64:amd64 (1:2.1.0+debian-8.1build1) ...
e2e	Install Playwright browsers	2025-12-12T07:11:06.5275428Z Selecting previously unselected package libmodplug1:amd64.
e2e	Install Playwright browsers	2025-12-12T07:11:06.5407126Z Preparing to unpack .../150-libmodplug1_1%3a0.8.9.0-3build1_amd64.deb ...
e2e	Install Playwright browsers	2025-12-12T07:11:06.5419083Z Unpacking libmodplug1:amd64 (1:0.8.9.0-3build1) ...
e2e	Install Playwright browsers	2025-12-12T07:11:06.5652599Z Selecting previously unselected package libmpcdec6:amd64.
e2e	Install Playwright browsers	2025-12-12T07:11:06.5783684Z Preparing to unpack .../151-libmpcdec6_2%3a0.1~r495-2build1_amd64.deb ...
e2e	Install Playwright browsers	2025-12-12T07:11:06.5792000Z Unpacking libmpcdec6:amd64 (2:0.1~r495-2build1) ...
e2e	Install Playwright browsers	2025-12-12T07:11:06.6004197Z Selecting previously unselected package libmpeg2encpp-2.1-0t64:amd64.
e2e	Install Playwright browsers	2025-12-12T07:11:06.6134699Z Preparing to unpack .../152-libmpeg2encpp-2.1-0t64_1%3a2.1.0+debian-8.1build1_amd64.deb ...
e2e	Install Playwright browsers	2025-12-12T07:11:06.6146494Z Unpacking libmpeg2encpp-2.1-0t64:amd64 (1:2.1.0+debian-8.1build1) ...
e2e	Install Playwright browsers	2025-12-12T07:11:06.6360478Z Selecting previously unselected package libmplex2-2.1-0t64:amd64.
e2e	Install Playwright browsers	2025-12-12T07:11:06.6488836Z Preparing to unpack .../153-libmplex2-2.1-0t64_1%3a2.1.0+debian-8.1build1_amd64.deb ...
e2e	Install Playwright browsers	2025-12-12T07:11:06.6498933Z Unpacking libmplex2-2.1-0t64:amd64 (1:2.1.0+debian-8.1build1) ...
e2e	Install Playwright browsers	2025-12-12T07:11:06.6713691Z Selecting previously unselected package libneon27t64:amd64.
e2e	Install Playwright browsers	2025-12-12T07:11:06.6844412Z Preparing to unpack .../154-libneon27t64_0.33.0-1.1build3_amd64.deb ...
e2e	Install Playwright browsers	2025-12-12T07:11:06.6854719Z Unpacking libneon27t64:amd64 (0.33.0-1.1build3) ...
e2e	Install Playwright browsers	2025-12-12T07:11:06.7084588Z Selecting previously unselected package libnice10:amd64.
e2e	Install Playwright browsers	2025-12-12T07:11:06.7216031Z Preparing to unpack .../155-libnice10_0.1.21-2build3_amd64.deb ...
e2e	Install Playwright browsers	2025-12-12T07:11:06.7226499Z Unpacking libnice10:amd64 (0.1.21-2build3) ...
e2e	Install Playwright browsers	2025-12-12T07:11:06.7449265Z Selecting previously unselected package libopenal-data.
e2e	Install Playwright browsers	2025-12-12T07:11:06.7580449Z Preparing to unpack .../156-libopenal-data_1%3a1.23.1-4build1_all.deb ...
e2e	Install Playwright browsers	2025-12-12T07:11:06.7589825Z Unpacking libopenal-data (1:1.23.1-4build1) ...
e2e	Install Playwright browsers	2025-12-12T07:11:06.7825312Z Selecting previously unselected package libopenexr-3-1-30:amd64.
e2e	Install Playwright browsers	2025-12-12T07:11:06.7954783Z Preparing to unpack .../157-libopenexr-3-1-30_3.1.5-5.1build3_amd64.deb ...
e2e	Install Playwright browsers	2025-12-12T07:11:06.7964761Z Unpacking libopenexr-3-1-30:amd64 (3.1.5-5.1build3) ...
e2e	Install Playwright browsers	2025-12-12T07:11:06.8348451Z Selecting previously unselected package libopenh264-7:amd64.
e2e	Install Playwright browsers	2025-12-12T07:11:06.8479718Z Preparing to unpack .../158-libopenh264-7_2.4.1+dfsg-1_amd64.deb ...
e2e	Install Playwright browsers	2025-12-12T07:11:06.8488737Z Unpacking libopenh264-7:amd64 (2.4.1+dfsg-1) ...
e2e	Install Playwright browsers	2025-12-12T07:11:06.8777374Z Selecting previously unselected package libopenni2-0:amd64.
e2e	Install Playwright browsers	2025-12-12T07:11:06.8908102Z Preparing to unpack .../159-libopenni2-0_2.2.0.33+dfsg-18_amd64.deb ...
e2e	Install Playwright browsers	2025-12-12T07:11:06.8940054Z Unpacking libopenni2-0:amd64 (2.2.0.33+dfsg-18) ...
e2e	Install Playwright browsers	2025-12-12T07:11:06.9223509Z Selecting previously unselected package libqrencode4:amd64.
e2e	Install Playwright browsers	2025-12-12T07:11:06.9354203Z Preparing to unpack .../160-libqrencode4_4.1.1-1build2_amd64.deb ...
e2e	Install Playwright browsers	2025-12-12T07:11:06.9362333Z Unpacking libqrencode4:amd64 (4.1.1-1build2) ...
e2e	Install Playwright browsers	2025-12-12T07:11:06.9566632Z Selecting previously unselected package libsecret-common.
e2e	Install Playwright browsers	2025-12-12T07:11:06.9696481Z Preparing to unpack .../161-libsecret-common_0.21.4-1build3_all.deb ...
e2e	Install Playwright browsers	2025-12-12T07:11:06.9822528Z Unpacking libsecret-common (0.21.4-1build3) ...
e2e	Install Playwright browsers	2025-12-12T07:11:07.0036064Z Selecting previously unselected package libsecret-1-0:amd64.
e2e	Install Playwright browsers	2025-12-12T07:11:07.0162708Z Preparing to unpack .../162-libsecret-1-0_0.21.4-1build3_amd64.deb ...
e2e	Install Playwright browsers	2025-12-12T07:11:07.0170383Z Unpacking libsecret-1-0:amd64 (0.21.4-1build3) ...
e2e	Install Playwright browsers	2025-12-12T07:11:07.0398202Z Selecting previously unselected package libsndio7.0:amd64.
e2e	Install Playwright browsers	2025-12-12T07:11:07.0525671Z Preparing to unpack .../163-libsndio7.0_1.9.0-0.3build3_amd64.deb ...
e2e	Install Playwright browsers	2025-12-12T07:11:07.0534050Z Unpacking libsndio7.0:amd64 (1.9.0-0.3build3) ...
e2e	Install Playwright browsers	2025-12-12T07:11:07.0751766Z Selecting previously unselected package libsoundtouch1:amd64.
e2e	Install Playwright browsers	2025-12-12T07:11:07.0878234Z Preparing to unpack .../164-libsoundtouch1_2.3.2+ds1-1build1_amd64.deb ...
e2e	Install Playwright browsers	2025-12-12T07:11:07.0889919Z Unpacking libsoundtouch1:amd64 (2.3.2+ds1-1build1) ...
e2e	Install Playwright browsers	2025-12-12T07:11:07.1118698Z Selecting previously unselected package libspandsp2t64:amd64.
e2e	Install Playwright browsers	2025-12-12T07:11:07.1244887Z Preparing to unpack .../165-libspandsp2t64_0.0.6+dfsg-2.1build1_amd64.deb ...
e2e	Install Playwright browsers	2025-12-12T07:11:07.1253074Z Unpacking libspandsp2t64:amd64 (0.0.6+dfsg-2.1build1) ...
e2e	Install Playwright browsers	2025-12-12T07:11:07.1498676Z Selecting previously unselected package libsrtp2-1:amd64.
e2e	Install Playwright browsers	2025-12-12T07:11:07.1625851Z Preparing to unpack .../166-libsrtp2-1_2.5.0-3build1_amd64.deb ...
e2e	Install Playwright browsers	2025-12-12T07:11:07.1641101Z Unpacking libsrtp2-1:amd64 (2.5.0-3build1) ...
e2e	Install Playwright browsers	2025-12-12T07:11:07.1982577Z Preparing to unpack .../167-libssh-4_0.10.6-2ubuntu0.2_amd64.deb ...
e2e	Install Playwright browsers	2025-12-12T07:11:07.2052911Z Unpacking libssh-4:amd64 (0.10.6-2ubuntu0.2) over (0.10.6-2ubuntu0.1) ...
e2e	Install Playwright browsers	2025-12-12T07:11:07.2346377Z Selecting previously unselected package libwildmidi2:amd64.
e2e	Install Playwright browsers	2025-12-12T07:11:07.2477991Z Preparing to unpack .../168-libwildmidi2_0.4.3-1build3_amd64.deb ...
e2e	Install Playwright browsers	2025-12-12T07:11:07.2488698Z Unpacking libwildmidi2:amd64 (0.4.3-1build3) ...
e2e	Install Playwright browsers	2025-12-12T07:11:07.2697050Z Selecting previously unselected package libwoff1:amd64.
e2e	Install Playwright browsers	2025-12-12T07:11:07.2824816Z Preparing to unpack .../169-libwoff1_1.0.2-2build1_amd64.deb ...
e2e	Install Playwright browsers	2025-12-12T07:11:07.2833603Z Unpacking libwoff1:amd64 (1.0.2-2build1) ...
e2e	Install Playwright browsers	2025-12-12T07:11:07.3050914Z Selecting previously unselected package libxcb-xkb1:amd64.
e2e	Install Playwright browsers	2025-12-12T07:11:07.3179423Z Preparing to unpack .../170-libxcb-xkb1_1.15-1ubuntu2_amd64.deb ...
e2e	Install Playwright browsers	2025-12-12T07:11:07.3187616Z Unpacking libxcb-xkb1:amd64 (1.15-1ubuntu2) ...
e2e	Install Playwright browsers	2025-12-12T07:11:07.3400632Z Selecting previously unselected package libxkbcommon-x11-0:amd64.
e2e	Install Playwright browsers	2025-12-12T07:11:07.3535603Z Preparing to unpack .../171-libxkbcommon-x11-0_1.6.0-1build1_amd64.deb ...
e2e	Install Playwright browsers	2025-12-12T07:11:07.3548136Z Unpacking libxkbcommon-x11-0:amd64 (1.6.0-1build1) ...
e2e	Install Playwright browsers	2025-12-12T07:11:07.3771547Z Selecting previously unselected package libzbar0t64:amd64.
e2e	Install Playwright browsers	2025-12-12T07:11:07.3904292Z Preparing to unpack .../172-libzbar0t64_0.23.93-4build3_amd64.deb ...
e2e	Install Playwright browsers	2025-12-12T07:11:07.3913180Z Unpacking libzbar0t64:amd64 (0.23.93-4build3) ...
e2e	Install Playwright browsers	2025-12-12T07:11:07.4152093Z Selecting previously unselected package libzxing3:amd64.
e2e	Install Playwright browsers	2025-12-12T07:11:07.4288140Z Preparing to unpack .../173-libzxing3_2.2.1-3_amd64.deb ...
e2e	Install Playwright browsers	2025-12-12T07:11:07.4297086Z Unpacking libzxing3:amd64 (2.2.1-3) ...
e2e	Install Playwright browsers	2025-12-12T07:11:07.4561806Z Selecting previously unselected package xfonts-encodings.
e2e	Install Playwright browsers	2025-12-12T07:11:07.4695915Z Preparing to unpack .../174-xfonts-encodings_1%3a1.0.5-0ubuntu2_all.deb ...
e2e	Install Playwright browsers	2025-12-12T07:11:07.4709750Z Unpacking xfonts-encodings (1:1.0.5-0ubuntu2) ...
e2e	Install Playwright browsers	2025-12-12T07:11:07.5027189Z Selecting previously unselected package xfonts-utils.
e2e	Install Playwright browsers	2025-12-12T07:11:07.5158959Z Preparing to unpack .../175-xfonts-utils_1%3a7.7+6build3_amd64.deb ...
e2e	Install Playwright browsers	2025-12-12T07:11:07.5167987Z Unpacking xfonts-utils (1:7.7+6build3) ...
e2e	Install Playwright browsers	2025-12-12T07:11:07.5966697Z Selecting previously unselected package xfonts-cyrillic.
e2e	Install Playwright browsers	2025-12-12T07:11:07.6100749Z Preparing to unpack .../176-xfonts-cyrillic_1%3a1.0.5+nmu1_all.deb ...
e2e	Install Playwright browsers	2025-12-12T07:11:07.6110584Z Unpacking xfonts-cyrillic (1:1.0.5+nmu1) ...
e2e	Install Playwright browsers	2025-12-12T07:11:07.6484288Z Selecting previously unselected package xfonts-scalable.
e2e	Install Playwright browsers	2025-12-12T07:11:07.6618533Z Preparing to unpack .../177-xfonts-scalable_1%3a1.0.3-1.3_all.deb ...
e2e	Install Playwright browsers	2025-12-12T07:11:07.6629540Z Unpacking xfonts-scalable (1:1.0.3-1.3) ...
e2e	Install Playwright browsers	2025-12-12T07:11:07.6881768Z Selecting previously unselected package libgstreamer-plugins-bad1.0-0:amd64.
e2e	Install Playwright browsers	2025-12-12T07:11:07.7012154Z Preparing to unpack .../178-libgstreamer-plugins-bad1.0-0_1.24.2-1ubuntu4_amd64.deb ...
e2e	Install Playwright browsers	2025-12-12T07:11:07.7020719Z Unpacking libgstreamer-plugins-bad1.0-0:amd64 (1.24.2-1ubuntu4) ...
e2e	Install Playwright browsers	2025-12-12T07:11:07.7417037Z Selecting previously unselected package libdca0:amd64.
e2e	Install Playwright browsers	2025-12-12T07:11:07.7548023Z Preparing to unpack .../179-libdca0_0.0.7-2build1_amd64.deb ...
e2e	Install Playwright browsers	2025-12-12T07:11:07.7557907Z Unpacking libdca0:amd64 (0.0.7-2build1) ...
e2e	Install Playwright browsers	2025-12-12T07:11:07.7781719Z Selecting previously unselected package libopenal1:amd64.
e2e	Install Playwright browsers	2025-12-12T07:11:07.7914395Z Preparing to unpack .../180-libopenal1_1%3a1.23.1-4build1_amd64.deb ...
e2e	Install Playwright browsers	2025-12-12T07:11:07.7922473Z Unpacking libopenal1:amd64 (1:1.23.1-4build1) ...
e2e	Install Playwright browsers	2025-12-12T07:11:07.8192972Z Selecting previously unselected package libsbc1:amd64.
e2e	Install Playwright browsers	2025-12-12T07:11:07.8327361Z Preparing to unpack .../181-libsbc1_2.0-1build1_amd64.deb ...
e2e	Install Playwright browsers	2025-12-12T07:11:07.8337173Z Unpacking libsbc1:amd64 (2.0-1build1) ...
e2e	Install Playwright browsers	2025-12-12T07:11:07.8554857Z Selecting previously unselected package libvo-aacenc0:amd64.
e2e	Install Playwright browsers	2025-12-12T07:11:07.8687422Z Preparing to unpack .../182-libvo-aacenc0_0.1.3-2build1_amd64.deb ...
e2e	Install Playwright browsers	2025-12-12T07:11:07.8694897Z Unpacking libvo-aacenc0:amd64 (0.1.3-2build1) ...
e2e	Install Playwright browsers	2025-12-12T07:11:07.8909282Z Selecting previously unselected package libvo-amrwbenc0:amd64.
e2e	Install Playwright browsers	2025-12-12T07:11:07.9040320Z Preparing to unpack .../183-libvo-amrwbenc0_0.1.3-2build1_amd64.deb ...
e2e	Install Playwright browsers	2025-12-12T07:11:07.9048086Z Unpacking libvo-amrwbenc0:amd64 (0.1.3-2build1) ...
e2e	Install Playwright browsers	2025-12-12T07:11:07.9264570Z Selecting previously unselected package gstreamer1.0-plugins-bad:amd64.
e2e	Install Playwright browsers	2025-12-12T07:11:07.9395425Z Preparing to unpack .../184-gstreamer1.0-plugins-bad_1.24.2-1ubuntu4_amd64.deb ...
e2e	Install Playwright browsers	2025-12-12T07:11:07.9404675Z Unpacking gstreamer1.0-plugins-bad:amd64 (1.24.2-1ubuntu4) ...
e2e	Install Playwright browsers	2025-12-12T07:11:08.1197847Z Setting up libgme0:amd64 (0.6.3-7build1) ...
e2e	Install Playwright browsers	2025-12-12T07:11:08.1229641Z Setting up libchromaprint1:amd64 (1.5.1-5) ...
e2e	Install Playwright browsers	2025-12-12T07:11:08.1250547Z Setting up libssh-gcrypt-4:amd64 (0.10.6-2ubuntu0.2) ...
e2e	Install Playwright browsers	2025-12-12T07:11:08.1272063Z Setting up libhwy1t64:amd64 (1.0.7-8.1build1) ...
e2e	Install Playwright browsers	2025-12-12T07:11:08.1298073Z Setting up libcairo-script-interpreter2:amd64 (1.18.0-3build1) ...
e2e	Install Playwright browsers	2025-12-12T07:11:08.1317835Z Setting up libfreeaptx0:amd64 (0.1.1-2build1) ...
e2e	Install Playwright browsers	2025-12-12T07:11:08.1338848Z Setting up libdvdread8t64:amd64 (6.1.3-1.1build1) ...
e2e	Install Playwright browsers	2025-12-12T07:11:08.1366781Z Setting up libudfread0:amd64 (1.1.2-1build1) ...
e2e	Install Playwright browsers	2025-12-12T07:11:08.1386757Z Setting up libmodplug1:amd64 (1:0.8.9.0-3build1) ...
e2e	Install Playwright browsers	2025-12-12T07:11:08.1415848Z Setting up libcdparanoia0:amd64 (3.10.2+debian-14build3) ...
e2e	Install Playwright browsers	2025-12-12T07:11:08.1437303Z Setting up libvo-amrwbenc0:amd64 (0.1.3-2build1) ...
e2e	Install Playwright browsers	2025-12-12T07:11:08.1458941Z Setting up libraw1394-11:amd64 (2.1.2-2build3) ...
e2e	Install Playwright browsers	2025-12-12T07:11:08.1479572Z Setting up libsbc1:amd64 (2.0-1build1) ...
e2e	Install Playwright browsers	2025-12-12T07:11:08.1502770Z Setting up libneon27t64:amd64 (0.33.0-1.1build3) ...
e2e	Install Playwright browsers	2025-12-12T07:11:08.1526881Z Setting up libtag1v5-vanilla:amd64 (1.13.1-1build1) ...
e2e	Install Playwright browsers	2025-12-12T07:11:08.1549408Z Setting up libharfbuzz-icu0:amd64 (8.3.0-2build2) ...
e2e	Install Playwright browsers	2025-12-12T07:11:08.1573446Z Setting up libopenni2-0:amd64 (2.2.0.33+dfsg-18) ...
e2e	Install Playwright browsers	2025-12-12T07:11:08.1836861Z Setting up libspeex1:amd64 (1.2.1-2ubuntu2.24.04.1) ...
e2e	Install Playwright browsers	2025-12-12T07:11:08.1853054Z Setting up libshine3:amd64 (3.1.1-2build1) ...
e2e	Install Playwright browsers	2025-12-12T07:11:08.1875965Z Setting up libcaca0:amd64 (0.99.beta20-4build2) ...
e2e	Install Playwright browsers	2025-12-12T07:11:08.1901266Z Setting up libvpl2 (2023.3.0-1build1) ...
e2e	Install Playwright browsers	2025-12-12T07:11:08.1924850Z Setting up libv4lconvert0t64:amd64 (1.26.1-4build3) ...
e2e	Install Playwright browsers	2025-12-12T07:11:08.1947400Z Setting up libx264-164:amd64 (2:0.164.3108+git31e19f9-1) ...
e2e	Install Playwright browsers	2025-12-12T07:11:08.1968699Z Setting up libtwolame0:amd64 (0.4.0-2build3) ...
e2e	Install Playwright browsers	2025-12-12T07:11:08.1989471Z Setting up libmbedcrypto7t64:amd64 (2.28.8-1) ...
e2e	Install Playwright browsers	2025-12-12T07:11:08.2013913Z Setting up libwoff1:amd64 (1.0.2-2build1) ...
e2e	Install Playwright browsers	2025-12-12T07:11:08.2034319Z Setting up liblc3-1:amd64 (1.0.4-3build1) ...
e2e	Install Playwright browsers	2025-12-12T07:11:08.2057368Z Setting up libqrencode4:amd64 (4.1.1-1build2) ...
e2e	Install Playwright browsers	2025-12-12T07:11:08.2077987Z Setting up libhyphen0:amd64 (2.8.8-7build3) ...
e2e	Install Playwright browsers	2025-12-12T07:11:08.2098070Z Setting up libgsm1:amd64 (1.0.22-1build1) ...
e2e	Install Playwright browsers	2025-12-12T07:11:08.2121903Z Setting up libvisual-0.4-0:amd64 (0.4.2-2build1) ...
e2e	Install Playwright browsers	2025-12-12T07:11:08.2141826Z Setting up libsoxr0:amd64 (0.1.3-4build3) ...
e2e	Install Playwright browsers	2025-12-12T07:11:08.2164165Z Setting up libzix-0-0:amd64 (0.4.2-2build1) ...
e2e	Install Playwright browsers	2025-12-12T07:11:08.2192976Z Setting up libcodec2-1.2:amd64 (1.2.0-2build1) ...
e2e	Install Playwright browsers	2025-12-12T07:11:08.2214847Z Setting up libsrtp2-1:amd64 (2.5.0-3build1) ...
e2e	Install Playwright browsers	2025-12-12T07:11:08.2234921Z Setting up libmysofa1:amd64 (1.3.2+dfsg-2ubuntu2) ...
e2e	Install Playwright browsers	2025-12-12T07:11:08.2257329Z Setting up libraptor2-0:amd64 (2.0.16-3ubuntu0.1) ...
e2e	Install Playwright browsers	2025-12-12T07:11:08.2278429Z Setting up libldacbt-enc2:amd64 (2.0.2.3+git20200429+ed310a0-4ubuntu2) ...
e2e	Install Playwright browsers	2025-12-12T07:11:08.2301912Z Setting up fonts-wqy-zenhei (0.9.45-8) ...
e2e	Install Playwright browsers	2025-12-12T07:11:08.2437884Z Setting up libwebrtc-audio-processing1:amd64 (0.3.1-0ubuntu6) ...
e2e	Install Playwright browsers	2025-12-12T07:11:08.2469884Z Setting up fonts-freefont-ttf (20211204+svn4273-2) ...
e2e	Install Playwright browsers	2025-12-12T07:11:08.2499567Z Setting up libevent-2.1-7t64:amd64 (2.1.12-stable-9ubuntu2) ...
e2e	Install Playwright browsers	2025-12-12T07:11:08.2522366Z Setting up libsvtav1enc1d1:amd64 (1.7.0+dfsg-2build1) ...
e2e	Install Playwright browsers	2025-12-12T07:11:08.2553535Z Setting up libsoup-3.0-common (3.4.4-5ubuntu0.5) ...
e2e	Install Playwright browsers	2025-12-12T07:11:08.2575677Z Setting up libmpg123-0t64:amd64 (1.32.5-1ubuntu1.1) ...
e2e	Install Playwright browsers	2025-12-12T07:11:08.2604530Z Setting up libcjson1:amd64 (1.7.17-1) ...
e2e	Install Playwright browsers	2025-12-12T07:11:08.2635866Z Setting up libxvidcore4:amd64 (2:1.3.7-1build1) ...
e2e	Install Playwright browsers	2025-12-12T07:11:08.2658038Z Setting up libmpcdec6:amd64 (2:0.1~r495-2build1) ...
e2e	Install Playwright browsers	2025-12-12T07:11:08.2680555Z Setting up libmjpegutils-2.1-0t64:amd64 (1:2.1.0+debian-8.1build1) ...
e2e	Install Playwright browsers	2025-12-12T07:11:08.2706049Z Setting up librav1e0:amd64 (0.7.1-2) ...
e2e	Install Playwright browsers	2025-12-12T07:11:08.2727073Z Setting up liborc-0.4-0t64:amd64 (1:0.4.38-1ubuntu0.1) ...
e2e	Install Playwright browsers	2025-12-12T07:11:08.2750224Z Setting up libxcb-xkb1:amd64 (1.15-1ubuntu2) ...
e2e	Install Playwright browsers	2025-12-12T07:11:08.2778145Z Setting up libvo-aacenc0:amd64 (0.1.3-2build1) ...
e2e	Install Playwright browsers	2025-12-12T07:11:08.2801155Z Setting up librist4:amd64 (0.2.10+dfsg-2) ...
e2e	Install Playwright browsers	2025-12-12T07:11:08.2823385Z Setting up libglib2.0-0t64:amd64 (2.80.0-6ubuntu3.5) ...
e2e	Install Playwright browsers	2025-12-12T07:11:08.3159050Z Setting up libblas3:amd64 (3.12.0-3build1.1) ...
e2e	Install Playwright browsers	2025-12-12T07:11:08.3219465Z update-alternatives: using /usr/lib/x86_64-linux-gnu/blas/libblas.so.3 to provide /usr/lib/x86_64-linux-gnu/libblas.so.3 (libblas.so.3-x86_64-linux-gnu) in auto mode
e2e	Install Playwright browsers	2025-12-12T07:11:08.3235901Z Setting up libegl-mesa0:amd64 (25.0.7-0ubuntu0.24.04.2) ...
e2e	Install Playwright browsers	2025-12-12T07:11:08.3260904Z Setting up libsoundtouch1:amd64 (2.3.2+ds1-1build1) ...
e2e	Install Playwright browsers	2025-12-12T07:11:08.3283247Z Setting up libglib2.0-data (2.80.0-6ubuntu3.5) ...
e2e	Install Playwright browsers	2025-12-12T07:11:08.3307324Z Setting up libplacebo338:amd64 (6.338.2-2build1) ...
e2e	Install Playwright browsers	2025-12-12T07:11:08.3327399Z Setting up libgles2:amd64 (1.7.0-1build1) ...
e2e	Install Playwright browsers	2025-12-12T07:11:08.3349639Z Setting up fonts-tlwg-loma-otf (1:0.7.3-1) ...
e2e	Install Playwright browsers	2025-12-12T07:11:08.3369434Z Setting up libva2:amd64 (2.20.0-2build1) ...
e2e	Install Playwright browsers	2025-12-12T07:11:08.3390832Z Setting up libspa-0.2-modules:amd64 (1.0.5-1ubuntu3.1) ...
e2e	Install Playwright browsers	2025-12-12T07:11:08.3417717Z Setting up libzxing3:amd64 (2.2.1-3) ...
e2e	Install Playwright browsers	2025-12-12T07:11:08.3438062Z Setting up xfonts-encodings (1:1.0.5-0ubuntu2) ...
e2e	Install Playwright browsers	2025-12-12T07:11:08.3458535Z Setting up libopus0:amd64 (1.4-1build1) ...
e2e	Install Playwright browsers	2025-12-12T07:11:08.3483738Z Setting up libfaad2:amd64 (2.11.1-1build1) ...
e2e	Install Playwright browsers	2025-12-12T07:11:08.3506848Z Setting up libxkbcommon-x11-0:amd64 (1.6.0-1build1) ...
e2e	Install Playwright browsers	2025-12-12T07:11:08.3527044Z Setting up libdc1394-25:amd64 (2.2.6-4build1) ...
e2e	Install Playwright browsers	2025-12-12T07:11:08.3548547Z Setting up libpng16-16t64:amd64 (1.6.43-5ubuntu0.1) ...
e2e	Install Playwright browsers	2025-12-12T07:11:08.3585283Z Setting up libimath-3-1-29t64:amd64 (3.1.9-3.1ubuntu2) ...
e2e	Install Playwright browsers	2025-12-12T07:11:08.3605553Z Setting up libunibreak5:amd64 (5.1-2build1) ...
e2e	Install Playwright browsers	2025-12-12T07:11:08.3627346Z Setting up libdv4t64:amd64 (1.0.0-17.1build1) ...
e2e	Install Playwright browsers	2025-12-12T07:11:08.3649541Z Setting up gir1.2-glib-2.0:amd64 (2.80.0-6ubuntu3.5) ...
e2e	Install Playwright browsers	2025-12-12T07:11:08.3670217Z Setting up libjxl0.7:amd64 (0.7.0-10.2ubuntu6.1) ...
e2e	Install Playwright browsers	2025-12-12T07:11:08.3692598Z Setting up libssh-4:amd64 (0.10.6-2ubuntu0.2) ...
e2e	Install Playwright browsers	2025-12-12T07:11:08.3717197Z Setting up libopenh264-7:amd64 (2.4.1+dfsg-1) ...
e2e	Install Playwright browsers	2025-12-12T07:11:08.3738403Z Setting up libltc11:amd64 (1.3.2-1build1) ...
e2e	Install Playwright browsers	2025-12-12T07:11:08.3763834Z Setting up libx265-199:amd64 (3.5-2build1) ...
e2e	Install Playwright browsers	2025-12-12T07:11:08.3785206Z Setting up libv4l-0t64:amd64 (1.26.1-4build3) ...
e2e	Install Playwright browsers	2025-12-12T07:11:08.3805507Z Setting up libavtp0:amd64 (0.2.0-1build1) ...
e2e	Install Playwright browsers	2025-12-12T07:11:08.3829348Z Setting up libsndio7.0:amd64 (1.9.0-0.3build3) ...
e2e	Install Playwright browsers	2025-12-12T07:11:08.3967324Z Setting up libdirectfb-1.7-7t64:amd64 (1.7.7-11.1ubuntu2) ...
e2e	Install Playwright browsers	2025-12-12T07:11:08.3987337Z Setting up libspandsp2t64:amd64 (0.0.6+dfsg-2.1build1) ...
e2e	Install Playwright browsers	2025-12-12T07:11:08.4008541Z Setting up libvidstab1.1:amd64 (1.1.0-2build1) ...
e2e	Install Playwright browsers	2025-12-12T07:11:08.4030057Z Setting up libvpx9:amd64 (1.14.0-1ubuntu2.2) ...
e2e	Install Playwright browsers	2025-12-12T07:11:08.4051532Z Setting up libsrt1.5-gnutls:amd64 (1.5.3-1build2) ...
e2e	Install Playwright browsers	2025-12-12T07:11:08.4074261Z Setting up libtag1v5:amd64 (1.13.1-1build1) ...
e2e	Install Playwright browsers	2025-12-12T07:11:08.4097703Z Setting up libflite1:amd64 (2.2-6build3) ...
e2e	Install Playwright browsers	2025-12-12T07:11:08.4121360Z Setting up libdav1d7:amd64 (1.4.1-1build1) ...
e2e	Install Playwright browsers	2025-12-12T07:11:08.4146600Z Setting up libva-drm2:amd64 (2.20.0-2build1) ...
e2e	Install Playwright browsers	2025-12-12T07:11:08.4166994Z Setting up fonts-ipafont-gothic (00303-21ubuntu1) ...
e2e	Install Playwright browsers	2025-12-12T07:11:08.4236085Z update-alternatives: using /usr/share/fonts/opentype/ipafont-gothic/ipag.ttf to provide /usr/share/fonts/truetype/fonts-japanese-gothic.ttf (fonts-japanese-gothic.ttf) in auto mode
e2e	Install Playwright browsers	2025-12-12T07:11:08.4254495Z Setting up ocl-icd-libopencl1:amd64 (2.3.2-1build1) ...
e2e	Install Playwright browsers	2025-12-12T07:11:08.4274291Z Setting up libasyncns0:amd64 (0.8-6build4) ...
e2e	Install Playwright browsers	2025-12-12T07:11:08.4294041Z Setting up libwildmidi2:amd64 (0.4.3-1build3) ...
e2e	Install Playwright browsers	2025-12-12T07:11:08.4318814Z Setting up libvdpau1:amd64 (1.5-2build1) ...
e2e	Install Playwright browsers	2025-12-12T07:11:08.4348056Z Setting up libwavpack1:amd64 (5.6.0-1build1) ...
e2e	Install Playwright browsers	2025-12-12T07:11:08.4370933Z Setting up libbs2b0:amd64 (3.1.0+dfsg-7build1) ...
e2e	Install Playwright browsers	2025-12-12T07:11:08.4390370Z Setting up libtheora0:amd64 (1.1.1+dfsg.1-16.1build3) ...
e2e	Install Playwright browsers	2025-12-12T07:11:08.4410008Z Setting up libegl1:amd64 (1.7.0-1build1) ...
e2e	Install Playwright browsers	2025-12-12T07:11:08.4432751Z Setting up libdecor-0-0:amd64 (0.2.2-1build2) ...
e2e	Install Playwright browsers	2025-12-12T07:11:08.4453834Z Setting up libdca0:amd64 (0.0.7-2build1) ...
e2e	Install Playwright browsers	2025-12-12T07:11:08.4473950Z Setting up libzimg2:amd64 (3.0.5+ds1-1build1) ...
e2e	Install Playwright browsers	2025-12-12T07:11:08.4495982Z Setting up libopenal-data (1:1.23.1-4build1) ...
e2e	Install Playwright browsers	2025-12-12T07:11:08.4526441Z Setting up libabsl20220623t64:amd64 (20220623.1-3.1ubuntu3.2) ...
e2e	Install Playwright browsers	2025-12-12T07:11:08.4548920Z Setting up libflac12t64:amd64 (1.4.3+ds-2.1ubuntu2) ...
e2e	Install Playwright browsers	2025-12-12T07:11:08.4572414Z Setting up libgtk-4-common (4.14.5+ds-0ubuntu0.7) ...
e2e	Install Playwright browsers	2025-12-12T07:11:08.4592889Z Setting up libmpeg2encpp-2.1-0t64:amd64 (1:2.1.0+debian-8.1build1) ...
e2e	Install Playwright browsers	2025-12-12T07:11:08.4617242Z Setting up glib-networking-common (2.80.0-1build1) ...
e2e	Install Playwright browsers	2025-12-12T07:11:08.4639421Z Setting up libmfx1:amd64 (22.5.4-1) ...
e2e	Install Playwright browsers	2025-12-12T07:11:08.4661239Z Setting up libbluray2:amd64 (1:1.3.4-1build1) ...
e2e	Install Playwright browsers	2025-12-12T07:11:08.4685200Z Setting up libsamplerate0:amd64 (0.2.2-4build1) ...
e2e	Install Playwright browsers	2025-12-12T07:11:08.4705993Z Setting up timgm6mb-soundfont (1.3-5) ...
e2e	Install Playwright browsers	2025-12-12T07:11:08.4783880Z update-alternatives: using /usr/share/sounds/sf2/TimGM6mb.sf2 to provide /usr/share/sounds/sf2/default-GM.sf2 (default-GM.sf2) in auto mode
e2e	Install Playwright browsers	2025-12-12T07:11:08.4828788Z update-alternatives: using /usr/share/sounds/sf2/TimGM6mb.sf2 to provide /usr/share/sounds/sf3/default-GM.sf3 (default-GM.sf3) in auto mode
e2e	Install Playwright browsers	2025-12-12T07:11:08.4845318Z Setting up libva-x11-2:amd64 (2.20.0-2build1) ...
e2e	Install Playwright browsers	2025-12-12T07:11:08.4866207Z Setting up libyuv0:amd64 (0.0~git202401110.af6ac82-1) ...
e2e	Install Playwright browsers	2025-12-12T07:11:08.4890056Z Setting up libmplex2-2.1-0t64:amd64 (1:2.1.0+debian-8.1build1) ...
e2e	Install Playwright browsers	2025-12-12T07:11:08.4909976Z Setting up libpipewire-0.3-0t64:amd64 (1.0.5-1ubuntu3.1) ...
e2e	Install Playwright browsers	2025-12-12T07:11:08.4931600Z Setting up libopenmpt0t64:amd64 (0.7.3-1.1build3) ...
e2e	Install Playwright browsers	2025-12-12T07:11:08.4954431Z Setting up libzvbi-common (0.2.42-2) ...
e2e	Install Playwright browsers	2025-12-12T07:11:08.4975741Z Setting up libsecret-common (0.21.4-1build3) ...
e2e	Install Playwright browsers	2025-12-12T07:11:08.4998867Z Setting up libmp3lame0:amd64 (3.100-6build1) ...
e2e	Install Playwright browsers	2025-12-12T07:11:08.5026813Z Setting up libgraphene-1.0-0:amd64 (1.10.8-3build2) ...
e2e	Install Playwright browsers	2025-12-12T07:11:08.5048381Z Setting up libvorbisenc2:amd64 (1.3.7-1build3) ...
e2e	Install Playwright browsers	2025-12-12T07:11:08.5074703Z Setting up libdvdnav4:amd64 (6.1.1-3build1) ...
e2e	Install Playwright browsers	2025-12-12T07:11:08.5098968Z Setting up fonts-unifont (1:15.1.01-1build1) ...
e2e	Install Playwright browsers	2025-12-12T07:11:08.5121975Z Setting up libaa1:amd64 (1.4p5-51.1) ...
e2e	Install Playwright browsers	2025-12-12T07:11:08.5149978Z Setting up libiec61883-0:amd64 (1.2.0-6build1) ...
e2e	Install Playwright browsers	2025-12-12T07:11:08.5186848Z Setting up libserd-0-0:amd64 (0.32.2-1) ...
e2e	Install Playwright browsers	2025-12-12T07:11:08.5211000Z Setting up libavc1394-0:amd64 (0.5.4-5build3) ...
e2e	Install Playwright browsers	2025-12-12T07:11:08.5231663Z Setting up session-migration (0.3.9build1) ...
e2e	Install Playwright browsers	2025-12-12T07:11:08.6456947Z Created symlink /etc/systemd/user/graphical-session-pre.target.wants/session-migration.service → /usr/lib/systemd/user/session-migration.service.
e2e	Install Playwright browsers	2025-12-12T07:11:08.6457750Z 
e2e	Install Playwright browsers	2025-12-12T07:11:08.6485715Z Setting up liblapack3:amd64 (3.12.0-3build1.1) ...
e2e	Install Playwright browsers	2025-12-12T07:11:08.6545901Z update-alternatives: using /usr/lib/x86_64-linux-gnu/lapack/liblapack.so.3 to provide /usr/lib/x86_64-linux-gnu/liblapack.so.3 (liblapack.so.3-x86_64-linux-gnu) in auto mode
e2e	Install Playwright browsers	2025-12-12T07:11:08.6569636Z Setting up libproxy1v5:amd64 (0.5.4-4build1) ...
e2e	Install Playwright browsers	2025-12-12T07:11:08.6590140Z Setting up libzvbi0t64:amd64 (0.2.42-2) ...
e2e	Install Playwright browsers	2025-12-12T07:11:08.6610434Z Setting up liblrdf0:amd64 (0.6.1-4build1) ...
e2e	Install Playwright browsers	2025-12-12T07:11:08.6635136Z Setting up libmanette-0.2-0:amd64 (0.2.7-1build2) ...
e2e	Install Playwright browsers	2025-12-12T07:11:08.6655961Z Setting up libglib2.0-bin (2.80.0-6ubuntu3.5) ...
e2e	Install Playwright browsers	2025-12-12T07:11:08.6675673Z Setting up libzbar0t64:amd64 (0.23.93-4build3) ...
e2e	Install Playwright browsers	2025-12-12T07:11:08.6697407Z Setting up libgstreamer-plugins-base1.0-0:amd64 (1.24.2-1ubuntu0.3) ...
e2e	Install Playwright browsers	2025-12-12T07:11:08.6720453Z Setting up libavutil58:amd64 (7:6.1.1-3ubuntu5) ...
e2e	Install Playwright browsers	2025-12-12T07:11:08.6743986Z Setting up libopenal1:amd64 (1:1.23.1-4build1) ...
e2e	Install Playwright browsers	2025-12-12T07:11:08.6770095Z Setting up xfonts-utils (1:7.7+6build3) ...
e2e	Install Playwright browsers	2025-12-12T07:11:08.6810637Z Setting up librsvg2-2:amd64 (2.58.0+dfsg-1build1) ...
e2e	Install Playwright browsers	2025-12-12T07:11:08.6832830Z Setting up libsecret-1-0:amd64 (0.21.4-1build3) ...
e2e	Install Playwright browsers	2025-12-12T07:11:08.6856640Z Setting up libgstreamer-plugins-good1.0-0:amd64 (1.24.2-1ubuntu1.2) ...
e2e	Install Playwright browsers	2025-12-12T07:11:08.6879685Z Setting up libgstreamer-gl1.0-0:amd64 (1.24.2-1ubuntu0.3) ...
e2e	Install Playwright browsers	2025-12-12T07:11:08.6903498Z Setting up gstreamer1.0-plugins-base:amd64 (1.24.2-1ubuntu0.3) ...
e2e	Install Playwright browsers	2025-12-12T07:11:08.6923436Z Setting up libass9:amd64 (1:0.17.1-2build1) ...
e2e	Install Playwright browsers	2025-12-12T07:11:08.6945164Z Setting up libswresample4:amd64 (7:6.1.1-3ubuntu5) ...
e2e	Install Playwright browsers	2025-12-12T07:11:08.6967959Z Setting up libopenexr-3-1-30:amd64 (3.1.5-5.1build3) ...
e2e	Install Playwright browsers	2025-12-12T07:11:08.6991206Z Setting up libshout3:amd64 (2.4.6-1build2) ...
e2e	Install Playwright browsers	2025-12-12T07:11:08.7011512Z Setting up libgav1-1:amd64 (0.18.0-1build3) ...
e2e	Install Playwright browsers	2025-12-12T07:11:08.7032481Z Setting up libavcodec60:amd64 (7:6.1.1-3ubuntu5) ...
e2e	Install Playwright browsers	2025-12-12T07:11:08.7054449Z Setting up librubberband2:amd64 (3.3.0+dfsg-2build1) ...
e2e	Install Playwright browsers	2025-12-12T07:11:08.7082262Z Setting up libjack-jackd2-0:amd64 (1.9.21~dfsg-3ubuntu3) ...
e2e	Install Playwright browsers	2025-12-12T07:11:08.7102972Z Setting up libsord-0-0:amd64 (0.16.16-2build1) ...
e2e	Install Playwright browsers	2025-12-12T07:11:08.7125595Z Setting up xfonts-cyrillic (1:1.0.5+nmu1) ...
e2e	Install Playwright browsers	2025-12-12T07:11:08.7612587Z Setting up libpostproc57:amd64 (7:6.1.1-3ubuntu5) ...
e2e	Install Playwright browsers	2025-12-12T07:11:08.7636109Z Setting up libsratom-0-0:amd64 (0.6.16-1build1) ...
e2e	Install Playwright browsers	2025-12-12T07:11:08.7660903Z Setting up libgtk-4-1:amd64 (4.14.5+ds-0ubuntu0.7) ...
e2e	Install Playwright browsers	2025-12-12T07:11:09.0937617Z Setting up libsndfile1:amd64 (1.2.2-1ubuntu5.24.04.1) ...
e2e	Install Playwright browsers	2025-12-12T07:11:09.0964370Z Setting up liblilv-0-0:amd64 (0.24.22-1build1) ...
e2e	Install Playwright browsers	2025-12-12T07:11:09.0998714Z Setting up libinstpatch-1.0-2:amd64 (1.1.6-1build2) ...
e2e	Install Playwright browsers	2025-12-12T07:11:09.1022370Z Setting up xfonts-scalable (1:1.0.3-1.3) ...
e2e	Install Playwright browsers	2025-12-12T07:11:09.1565545Z Setting up libswscale7:amd64 (7:6.1.1-3ubuntu5) ...
e2e	Install Playwright browsers	2025-12-12T07:11:09.1587777Z Setting up gsettings-desktop-schemas (46.1-0ubuntu1) ...
e2e	Install Playwright browsers	2025-12-12T07:11:09.1613008Z Setting up glib-networking-services (2.80.0-1build1) ...
e2e	Install Playwright browsers	2025-12-12T07:11:09.1637074Z Setting up libavif16:amd64 (1.0.4-1ubuntu3) ...
e2e	Install Playwright browsers	2025-12-12T07:11:09.1657238Z Setting up libpulse0:amd64 (1:16.1+dfsg1-2ubuntu10.1) ...
e2e	Install Playwright browsers	2025-12-12T07:11:09.1731345Z Setting up libavformat60:amd64 (7:6.1.1-3ubuntu5) ...
e2e	Install Playwright browsers	2025-12-12T07:11:09.1752471Z Setting up libsphinxbase3t64:amd64 (0.8+5prealpha+1-17build2) ...
e2e	Install Playwright browsers	2025-12-12T07:11:09.1775484Z Setting up glib-networking:amd64 (2.80.0-1build1) ...
e2e	Install Playwright browsers	2025-12-12T07:11:09.1796456Z Setting up libsdl2-2.0-0:amd64 (2.30.0+dfsg-1ubuntu3.1) ...
e2e	Install Playwright browsers	2025-12-12T07:11:09.1827696Z Setting up libfluidsynth3:amd64 (2.3.4-1build3) ...
e2e	Install Playwright browsers	2025-12-12T07:11:09.1852971Z Setting up libsoup-3.0-0:amd64 (3.4.4-5ubuntu0.5) ...
e2e	Install Playwright browsers	2025-12-12T07:11:09.1873975Z Setting up libpocketsphinx3:amd64 (0.8.0+real5prealpha+1-15ubuntu5) ...
e2e	Install Playwright browsers	2025-12-12T07:11:09.1897816Z Setting up libgssdp-1.6-0:amd64 (1.6.3-1build3) ...
e2e	Install Playwright browsers	2025-12-12T07:11:09.1930180Z Setting up gstreamer1.0-plugins-good:amd64 (1.24.2-1ubuntu1.2) ...
e2e	Install Playwright browsers	2025-12-12T07:11:09.1952794Z Setting up libgupnp-1.6-0:amd64 (1.6.6-1build3) ...
e2e	Install Playwright browsers	2025-12-12T07:11:09.1980041Z Setting up libavfilter9:amd64 (7:6.1.1-3ubuntu5) ...
e2e	Install Playwright browsers	2025-12-12T07:11:09.2001858Z Setting up libgupnp-igd-1.6-0:amd64 (1.6.0-3build3) ...
e2e	Install Playwright browsers	2025-12-12T07:11:09.2024504Z Setting up gstreamer1.0-libav:amd64 (1.24.1-1build1) ...
e2e	Install Playwright browsers	2025-12-12T07:11:09.2046000Z Setting up libnice10:amd64 (0.1.21-2build3) ...
e2e	Install Playwright browsers	2025-12-12T07:11:09.2077959Z Setting up libgstreamer-plugins-bad1.0-0:amd64 (1.24.2-1ubuntu4) ...
e2e	Install Playwright browsers	2025-12-12T07:11:09.2099283Z Setting up gstreamer1.0-plugins-bad:amd64 (1.24.2-1ubuntu4) ...
e2e	Install Playwright browsers	2025-12-12T07:11:09.2122211Z Processing triggers for libc-bin (2.39-0ubuntu8.6) ...
e2e	Install Playwright browsers	2025-12-12T07:11:10.8331065Z Processing triggers for man-db (2.12.0-4build2) ...
e2e	Install Playwright browsers	2025-12-12T07:11:10.8391387Z Not building database; man-db/auto-update is not 'true'.
e2e	Install Playwright browsers	2025-12-12T07:11:10.8408699Z Processing triggers for fontconfig (2.15.0-1.1ubuntu2) ...
e2e	Install Playwright browsers	2025-12-12T07:11:12.0508234Z 
e2e	Install Playwright browsers	2025-12-12T07:11:12.0510595Z Running kernel seems to be up-to-date.
e2e	Install Playwright browsers	2025-12-12T07:11:12.0510944Z 
e2e	Install Playwright browsers	2025-12-12T07:11:12.0511105Z Restarting services...
e2e	Install Playwright browsers	2025-12-12T07:11:12.0940391Z  systemctl restart packagekit.service php8.3-fpm.service polkit.service udisks2.service
e2e	Install Playwright browsers	2025-12-12T07:11:12.2202049Z 
e2e	Install Playwright browsers	2025-12-12T07:11:12.2202642Z Service restarts being deferred:
e2e	Install Playwright browsers	2025-12-12T07:11:12.2206315Z  systemctl restart ModemManager.service
e2e	Install Playwright browsers	2025-12-12T07:11:12.2206921Z  systemctl restart networkd-dispatcher.service
e2e	Install Playwright browsers	2025-12-12T07:11:12.2207264Z 
e2e	Install Playwright browsers	2025-12-12T07:11:12.2207489Z No containers need to be restarted.
e2e	Install Playwright browsers	2025-12-12T07:11:12.2207757Z 
e2e	Install Playwright browsers	2025-12-12T07:11:12.2208023Z No user sessions are running outdated binaries.
e2e	Install Playwright browsers	2025-12-12T07:11:12.2208330Z 
e2e	Install Playwright browsers	2025-12-12T07:11:12.2208771Z No VM guests are running outdated hypervisor (qemu) binaries on this host.
e2e	Install Playwright browsers	2025-12-12T07:11:13.0775443Z Downloading Chromium 141.0.7390.37 (playwright build v1194) from https://cdn.playwright.dev/dbazure/download/playwright/builds/chromium/1194/chromium-linux.zip
e2e	Install Playwright browsers	2025-12-12T07:11:13.2558430Z |                                                                                |   0% of 173.9 MiB
e2e	Install Playwright browsers	2025-12-12T07:11:13.4377086Z |■■■■■■■■                                                                        |  10% of 173.9 MiB
e2e	Install Playwright browsers	2025-12-12T07:11:13.5490865Z |■■■■■■■■■■■■■■■■                                                                |  20% of 173.9 MiB
e2e	Install Playwright browsers	2025-12-12T07:11:13.6417920Z |■■■■■■■■■■■■■■■■■■■■■■■■                                                        |  30% of 173.9 MiB
e2e	Install Playwright browsers	2025-12-12T07:11:13.7211396Z |■■■■■■■■■■■■■■■■■■■■■■■■■■■■■■■■                                                |  40% of 173.9 MiB
e2e	Install Playwright browsers	2025-12-12T07:11:13.8004924Z |■■■■■■■■■■■■■■■■■■■■■■■■■■■■■■■■■■■■■■■■                                        |  50% of 173.9 MiB
e2e	Install Playwright browsers	2025-12-12T07:11:13.8910944Z |■■■■■■■■■■■■■■■■■■■■■■■■■■■■■■■■■■■■■■■■■■■■■■■■                                |  60% of 173.9 MiB
e2e	Install Playwright browsers	2025-12-12T07:11:13.9739230Z |■■■■■■■■■■■■■■■■■■■■■■■■■■■■■■■■■■■■■■■■■■■■■■■■■■■■■■■■                        |  70% of 173.9 MiB
e2e	Install Playwright browsers	2025-12-12T07:11:14.0494797Z |■■■■■■■■■■■■■■■■■■■■■■■■■■■■■■■■■■■■■■■■■■■■■■■■■■■■■■■■■■■■■■■■                |  80% of 173.9 MiB
e2e	Install Playwright browsers	2025-12-12T07:11:14.1234969Z |■■■■■■■■■■■■■■■■■■■■■■■■■■■■■■■■■■■■■■■■■■■■■■■■■■■■■■■■■■■■■■■■■■■■■■■■        |  90% of 173.9 MiB
e2e	Install Playwright browsers	2025-12-12T07:11:14.2030055Z |■■■■■■■■■■■■■■■■■■■■■■■■■■■■■■■■■■■■■■■■■■■■■■■■■■■■■■■■■■■■■■■■■■■■■■■■■■■■■■■■| 100% of 173.9 MiB
e2e	Install Playwright browsers	2025-12-12T07:11:18.1124011Z Chromium 141.0.7390.37 (playwright build v1194) downloaded to /home/runner/.cache/ms-playwright/chromium-1194
e2e	Install Playwright browsers	2025-12-12T07:11:18.1128290Z Downloading Chromium Headless Shell 141.0.7390.37 (playwright build v1194) from https://cdn.playwright.dev/dbazure/download/playwright/builds/chromium/1194/chromium-headless-shell-linux.zip
e2e	Install Playwright browsers	2025-12-12T07:11:18.2785908Z |                                                                                |   0% of 104.3 MiB
e2e	Install Playwright browsers	2025-12-12T07:11:18.4155622Z |■■■■■■■■                                                                        |  10% of 104.3 MiB
e2e	Install Playwright browsers	2025-12-12T07:11:18.4891166Z |■■■■■■■■■■■■■■■■                                                                |  20% of 104.3 MiB
e2e	Install Playwright browsers	2025-12-12T07:11:18.5584470Z |■■■■■■■■■■■■■■■■■■■■■■■■                                                        |  30% of 104.3 MiB
e2e	Install Playwright browsers	2025-12-12T07:11:18.6117288Z |■■■■■■■■■■■■■■■■■■■■■■■■■■■■■■■■                                                |  40% of 104.3 MiB
e2e	Install Playwright browsers	2025-12-12T07:11:18.6636399Z |■■■■■■■■■■■■■■■■■■■■■■■■■■■■■■■■■■■■■■■■                                        |  50% of 104.3 MiB
e2e	Install Playwright browsers	2025-12-12T07:11:18.7183225Z |■■■■■■■■■■■■■■■■■■■■■■■■■■■■■■■■■■■■■■■■■■■■■■■■                                |  60% of 104.3 MiB
e2e	Install Playwright browsers	2025-12-12T07:11:18.7758511Z |■■■■■■■■■■■■■■■■■■■■■■■■■■■■■■■■■■■■■■■■■■■■■■■■■■■■■■■■                        |  70% of 104.3 MiB
e2e	Install Playwright browsers	2025-12-12T07:11:18.8328452Z |■■■■■■■■■■■■■■■■■■■■■■■■■■■■■■■■■■■■■■■■■■■■■■■■■■■■■■■■■■■■■■■■                |  80% of 104.3 MiB
e2e	Install Playwright browsers	2025-12-12T07:11:18.8851505Z |■■■■■■■■■■■■■■■■■■■■■■■■■■■■■■■■■■■■■■■■■■■■■■■■■■■■■■■■■■■■■■■■■■■■■■■■        |  90% of 104.3 MiB
e2e	Install Playwright browsers	2025-12-12T07:11:18.9321609Z |■■■■■■■■■■■■■■■■■■■■■■■■■■■■■■■■■■■■■■■■■■■■■■■■■■■■■■■■■■■■■■■■■■■■■■■■■■■■■■■■| 100% of 104.3 MiB
e2e	Install Playwright browsers	2025-12-12T07:11:21.0210180Z Chromium Headless Shell 141.0.7390.37 (playwright build v1194) downloaded to /home/runner/.cache/ms-playwright/chromium_headless_shell-1194
e2e	Install Playwright browsers	2025-12-12T07:11:21.0213254Z Downloading Firefox 142.0.1 (playwright build v1495) from https://cdn.playwright.dev/dbazure/download/playwright/builds/firefox/1495/firefox-ubuntu-24.04.zip
e2e	Install Playwright browsers	2025-12-12T07:11:21.1861767Z |                                                                                |   0% of 96.7 MiB
e2e	Install Playwright browsers	2025-12-12T07:11:21.3049163Z |■■■■■■■■                                                                        |  10% of 96.7 MiB
e2e	Install Playwright browsers	2025-12-12T07:11:21.3745862Z |■■■■■■■■■■■■■■■■                                                                |  20% of 96.7 MiB
e2e	Install Playwright browsers	2025-12-12T07:11:21.4290664Z |■■■■■■■■■■■■■■■■■■■■■■■■                                                        |  30% of 96.7 MiB
e2e	Install Playwright browsers	2025-12-12T07:11:21.4823510Z |■■■■■■■■■■■■■■■■■■■■■■■■■■■■■■■■                                                |  40% of 96.7 MiB
e2e	Install Playwright browsers	2025-12-12T07:11:21.5324956Z |■■■■■■■■■■■■■■■■■■■■■■■■■■■■■■■■■■■■■■■■                                        |  50% of 96.7 MiB
e2e	Install Playwright browsers	2025-12-12T07:11:21.5754522Z |■■■■■■■■■■■■■■■■■■■■■■■■■■■■■■■■■■■■■■■■■■■■■■■■                                |  60% of 96.7 MiB
e2e	Install Playwright browsers	2025-12-12T07:11:21.6225750Z |■■■■■■■■■■■■■■■■■■■■■■■■■■■■■■■■■■■■■■■■■■■■■■■■■■■■■■■■                        |  70% of 96.7 MiB
e2e	Install Playwright browsers	2025-12-12T07:11:21.6703088Z |■■■■■■■■■■■■■■■■■■■■■■■■■■■■■■■■■■■■■■■■■■■■■■■■■■■■■■■■■■■■■■■■                |  80% of 96.7 MiB
e2e	Install Playwright browsers	2025-12-12T07:11:21.7139562Z |■■■■■■■■■■■■■■■■■■■■■■■■■■■■■■■■■■■■■■■■■■■■■■■■■■■■■■■■■■■■■■■■■■■■■■■■        |  90% of 96.7 MiB
e2e	Install Playwright browsers	2025-12-12T07:11:21.7714526Z |■■■■■■■■■■■■■■■■■■■■■■■■■■■■■■■■■■■■■■■■■■■■■■■■■■■■■■■■■■■■■■■■■■■■■■■■■■■■■■■■| 100% of 96.7 MiB
e2e	Install Playwright browsers	2025-12-12T07:11:23.7111706Z Firefox 142.0.1 (playwright build v1495) downloaded to /home/runner/.cache/ms-playwright/firefox-1495
e2e	Install Playwright browsers	2025-12-12T07:11:23.7115287Z Downloading Webkit 26.0 (playwright build v2215) from https://cdn.playwright.dev/dbazure/download/playwright/builds/webkit/2215/webkit-ubuntu-24.04.zip
e2e	Install Playwright browsers	2025-12-12T07:11:23.8781447Z |                                                                                |   0% of 94.6 MiB
e2e	Install Playwright browsers	2025-12-12T07:11:23.9971697Z |■■■■■■■■                                                                        |  10% of 94.6 MiB
e2e	Install Playwright browsers	2025-12-12T07:11:24.0582669Z |■■■■■■■■■■■■■■■■                                                                |  20% of 94.6 MiB
e2e	Install Playwright browsers	2025-12-12T07:11:24.1148993Z |■■■■■■■■■■■■■■■■■■■■■■■■                                                        |  30% of 94.6 MiB
e2e	Install Playwright browsers	2025-12-12T07:11:24.1686381Z |■■■■■■■■■■■■■■■■■■■■■■■■■■■■■■■■                                                |  40% of 94.6 MiB
e2e	Install Playwright browsers	2025-12-12T07:11:24.2129558Z |■■■■■■■■■■■■■■■■■■■■■■■■■■■■■■■■■■■■■■■■                                        |  50% of 94.6 MiB
e2e	Install Playwright browsers	2025-12-12T07:11:24.2588483Z |■■■■■■■■■■■■■■■■■■■■■■■■■■■■■■■■■■■■■■■■■■■■■■■■                                |  60% of 94.6 MiB
e2e	Install Playwright browsers	2025-12-12T07:11:24.3080228Z |■■■■■■■■■■■■■■■■■■■■■■■■■■■■■■■■■■■■■■■■■■■■■■■■■■■■■■■■                        |  70% of 94.6 MiB
e2e	Install Playwright browsers	2025-12-12T07:11:24.3490498Z |■■■■■■■■■■■■■■■■■■■■■■■■■■■■■■■■■■■■■■■■■■■■■■■■■■■■■■■■■■■■■■■■                |  80% of 94.6 MiB
e2e	Install Playwright browsers	2025-12-12T07:11:24.3991520Z |■■■■■■■■■■■■■■■■■■■■■■■■■■■■■■■■■■■■■■■■■■■■■■■■■■■■■■■■■■■■■■■■■■■■■■■■        |  90% of 94.6 MiB
e2e	Install Playwright browsers	2025-12-12T07:11:24.4381192Z |■■■■■■■■■■■■■■■■■■■■■■■■■■■■■■■■■■■■■■■■■■■■■■■■■■■■■■■■■■■■■■■■■■■■■■■■■■■■■■■■| 100% of 94.6 MiB
e2e	Install Playwright browsers	2025-12-12T07:11:26.5170876Z Webkit 26.0 (playwright build v2215) downloaded to /home/runner/.cache/ms-playwright/webkit-2215
e2e	Install Playwright browsers	2025-12-12T07:11:26.5174463Z Downloading FFMPEG playwright build v1011 from https://cdn.playwright.dev/dbazure/download/playwright/builds/ffmpeg/1011/ffmpeg-linux.zip
e2e	Install Playwright browsers	2025-12-12T07:11:26.7080935Z |                                                                                |   0% of 2.3 MiB
e2e	Install Playwright browsers	2025-12-12T07:11:26.7321848Z |■■■■■■■■                                                                        |  10% of 2.3 MiB
e2e	Install Playwright browsers	2025-12-12T07:11:26.7426672Z |■■■■■■■■■■■■■■■■                                                                |  20% of 2.3 MiB
e2e	Install Playwright browsers	2025-12-12T07:11:26.7501631Z |■■■■■■■■■■■■■■■■■■■■■■■■                                                        |  30% of 2.3 MiB
e2e	Install Playwright browsers	2025-12-12T07:11:26.7537598Z |■■■■■■■■■■■■■■■■■■■■■■■■■■■■■■■■                                                |  40% of 2.3 MiB
e2e	Install Playwright browsers	2025-12-12T07:11:26.7563879Z |■■■■■■■■■■■■■■■■■■■■■■■■■■■■■■■■■■■■■■■■                                        |  50% of 2.3 MiB
e2e	Install Playwright browsers	2025-12-12T07:11:26.7617955Z |■■■■■■■■■■■■■■■■■■■■■■■■■■■■■■■■■■■■■■■■■■■■■■■■                                |  60% of 2.3 MiB
e2e	Install Playwright browsers	2025-12-12T07:11:26.7648592Z |■■■■■■■■■■■■■■■■■■■■■■■■■■■■■■■■■■■■■■■■■■■■■■■■■■■■■■■■                        |  70% of 2.3 MiB
e2e	Install Playwright browsers	2025-12-12T07:11:26.7676021Z |■■■■■■■■■■■■■■■■■■■■■■■■■■■■■■■■■■■■■■■■■■■■■■■■■■■■■■■■■■■■■■■■                |  80% of 2.3 MiB
e2e	Install Playwright browsers	2025-12-12T07:11:26.7699991Z |■■■■■■■■■■■■■■■■■■■■■■■■■■■■■■■■■■■■■■■■■■■■■■■■■■■■■■■■■■■■■■■■■■■■■■■■        |  90% of 2.3 MiB
e2e	Install Playwright browsers	2025-12-12T07:11:26.7722254Z |■■■■■■■■■■■■■■■■■■■■■■■■■■■■■■■■■■■■■■■■■■■■■■■■■■■■■■■■■■■■■■■■■■■■■■■■■■■■■■■■| 100% of 2.3 MiB
e2e	Install Playwright browsers	2025-12-12T07:11:26.8382328Z FFMPEG playwright build v1011 downloaded to /home/runner/.cache/ms-playwright/ffmpeg-1011
e2e	Run E2E tests (Chromium)	﻿2025-12-12T07:11:27.2090049Z ##[group]Run pnpm exec playwright test --project=chromium --reporter=html
e2e	Run E2E tests (Chromium)	2025-12-12T07:11:27.2090577Z [36;1mpnpm exec playwright test --project=chromium --reporter=html[0m
e2e	Run E2E tests (Chromium)	2025-12-12T07:11:27.2123003Z shell: /usr/bin/bash -e {0}
e2e	Run E2E tests (Chromium)	2025-12-12T07:11:27.2123229Z env:
e2e	Run E2E tests (Chromium)	2025-12-12T07:11:27.2123453Z   PNPM_HOME: /home/runner/setup-pnpm/node_modules/.bin
e2e	Run E2E tests (Chromium)	2025-12-12T07:11:27.2123743Z   NEXTAUTH_SECRET: e2e-test-secret
e2e	Run E2E tests (Chromium)	2025-12-12T07:11:27.2124021Z   NEXTAUTH_URL: http://localhost:3051
e2e	Run E2E tests (Chromium)	2025-12-12T07:11:27.2124262Z   NODE_ENV: development
e2e	Run E2E tests (Chromium)	2025-12-12T07:11:27.2124452Z ##[endgroup]
e2e	Run E2E tests (Chromium)	2025-12-12T07:11:28.3859178Z [WebServer] /bin/sh: 1: cmd: not found
e2e	Run E2E tests (Chromium)	2025-12-12T07:11:28.3882427Z 
e2e	Run E2E tests (Chromium)	2025-12-12T07:11:28.3883039Z Error: Process from config.webServer was not able to start. Exit code: 127
e2e	Run E2E tests (Chromium)	2025-12-12T07:11:28.3891565Z 
e2e	Run E2E tests (Chromium)	2025-12-12T07:11:28.3895682Z 
e2e	Run E2E tests (Chromium)	2025-12-12T07:11:28.4197990Z ##[error]Process completed with exit code 1.
e2e	Upload Playwright HTML report	﻿2025-12-12T07:11:28.4267696Z ##[group]Run actions/upload-artifact@v4
e2e	Upload Playwright HTML report	2025-12-12T07:11:28.4267976Z with:
e2e	Upload Playwright HTML report	2025-12-12T07:11:28.4268143Z   name: playwright-report
e2e	Upload Playwright HTML report	2025-12-12T07:11:28.4268365Z   path: playwright-report
e2e	Upload Playwright HTML report	2025-12-12T07:11:28.4268573Z   retention-days: 7
e2e	Upload Playwright HTML report	2025-12-12T07:11:28.4268755Z   if-no-files-found: warn
e2e	Upload Playwright HTML report	2025-12-12T07:11:28.4268951Z   compression-level: 6
e2e	Upload Playwright HTML report	2025-12-12T07:11:28.4269130Z   overwrite: false
e2e	Upload Playwright HTML report	2025-12-12T07:11:28.4269316Z   include-hidden-files: false
e2e	Upload Playwright HTML report	2025-12-12T07:11:28.4269510Z env:
e2e	Upload Playwright HTML report	2025-12-12T07:11:28.4269726Z   PNPM_HOME: /home/runner/setup-pnpm/node_modules/.bin
e2e	Upload Playwright HTML report	2025-12-12T07:11:28.4269983Z ##[endgroup]
e2e	Upload Playwright HTML report	2025-12-12T07:11:28.6467273Z With the provided path, there will be 1 file uploaded
e2e	Upload Playwright HTML report	2025-12-12T07:11:28.6472840Z Artifact name is valid!
e2e	Upload Playwright HTML report	2025-12-12T07:11:28.6474247Z Root directory input is valid!
e2e	Upload Playwright HTML report	2025-12-12T07:11:28.7546385Z Beginning upload of artifact content to blob storage
e2e	Upload Playwright HTML report	2025-12-12T07:11:28.8581610Z Uploaded bytes 192303
e2e	Upload Playwright HTML report	2025-12-12T07:11:28.8796050Z Finished uploading artifact content to blob storage!
e2e	Upload Playwright HTML report	2025-12-12T07:11:28.8799858Z SHA256 digest of uploaded artifact zip is 1fea9a35c7b8c07ce8005bd0d603abc655df26a20272923145599ac0cd4edd84
e2e	Upload Playwright HTML report	2025-12-12T07:11:28.8801523Z Finalizing artifact upload
e2e	Upload Playwright HTML report	2025-12-12T07:11:28.9660555Z Artifact playwright-report.zip successfully finalized. Artifact ID 4847434983
e2e	Upload Playwright HTML report	2025-12-12T07:11:28.9662009Z Artifact playwright-report has been successfully uploaded! Final size is 192303 bytes. Artifact ID is 4847434983
e2e	Upload Playwright HTML report	2025-12-12T07:11:28.9668226Z Artifact download URL: https://github.com/lilyth-y/dashboard/actions/runs/20159215177/artifacts/4847434983
e2e	Post Setup PNPM	﻿2025-12-12T07:11:28.9781722Z Post job cleanup.
e2e	Post Setup PNPM	2025-12-12T07:11:29.0311347Z Pruning is unnecessary.
e2e	Post Checkout code	﻿2025-12-12T07:11:29.0398099Z Post job cleanup.
e2e	Post Checkout code	2025-12-12T07:11:29.1325932Z [command]/usr/bin/git version
e2e	Post Checkout code	2025-12-12T07:11:29.1362271Z git version 2.52.0
e2e	Post Checkout code	2025-12-12T07:11:29.1406303Z Temporarily overriding HOME='/home/runner/work/_temp/149c4feb-8d7a-48ac-ae8a-746c4b590493' before making global git config changes
e2e	Post Checkout code	2025-12-12T07:11:29.1407749Z Adding repository directory to the temporary git global config as a safe directory
e2e	Post Checkout code	2025-12-12T07:11:29.1412768Z [command]/usr/bin/git config --global --add safe.directory /home/runner/work/dashboard/dashboard
e2e	Post Checkout code	2025-12-12T07:11:29.1449449Z [command]/usr/bin/git config --local --name-only --get-regexp core\.sshCommand
e2e	Post Checkout code	2025-12-12T07:11:29.1481357Z [command]/usr/bin/git submodule foreach --recursive sh -c "git config --local --name-only --get-regexp 'core\.sshCommand' && git config --local --unset-all 'core.sshCommand' || :"
e2e	Post Checkout code	2025-12-12T07:11:29.1707879Z [command]/usr/bin/git config --local --name-only --get-regexp http\.https\:\/\/github\.com\/\.extraheader
e2e	Post Checkout code	2025-12-12T07:11:29.1728906Z http.https://github.com/.extraheader
e2e	Post Checkout code	2025-12-12T07:11:29.1744465Z [command]/usr/bin/git config --local --unset-all http.https://github.com/.extraheader
e2e	Post Checkout code	2025-12-12T07:11:29.1780149Z [command]/usr/bin/git submodule foreach --recursive sh -c "git config --local --name-only --get-regexp 'http\.https\:\/\/github\.com\/\.extraheader' && git config --local --unset-all 'http.https://github.com/.extraheader' || :"
e2e	Post Checkout code	2025-12-12T07:11:29.2019921Z [command]/usr/bin/git config --local --name-only --get-regexp ^includeIf\.gitdir:
e2e	Post Checkout code	2025-12-12T07:11:29.2056621Z [command]/usr/bin/git submodule foreach --recursive git config --local --show-origin --name-only --get-regexp remote.origin.url
e2e	Complete job	﻿2025-12-12T07:11:29.2413647Z Cleaning up orphan processes
build	Set up job	﻿2025-12-12T07:10:19.2119939Z Current runner version: '2.329.0'
build	Set up job	2025-12-12T07:10:19.2154226Z ##[group]Runner Image Provisioner
build	Set up job	2025-12-12T07:10:19.2155450Z Hosted Compute Agent
build	Set up job	2025-12-12T07:10:19.2156333Z Version: 20251202.455
build	Set up job	2025-12-12T07:10:19.2157187Z Commit: 6c10caca4910e198df60de23adf20ad317c474e3
build	Set up job	2025-12-12T07:10:19.2158437Z Build Date: 2025-12-02T15:56:59Z
build	Set up job	2025-12-12T07:10:19.2159131Z Worker ID: {ac7ad9c6-5cea-4e28-ae88-9827adfbb416}
build	Set up job	2025-12-12T07:10:19.2159787Z ##[endgroup]
build	Set up job	2025-12-12T07:10:19.2160719Z ##[group]Operating System
build	Set up job	2025-12-12T07:10:19.2161578Z Ubuntu
build	Set up job	2025-12-12T07:10:19.2162290Z 24.04.3
build	Set up job	2025-12-12T07:10:19.2163086Z LTS
build	Set up job	2025-12-12T07:10:19.2163831Z ##[endgroup]
build	Set up job	2025-12-12T07:10:19.2164786Z ##[group]Runner Image
build	Set up job	2025-12-12T07:10:19.2165805Z Image: ubuntu-24.04
build	Set up job	2025-12-12T07:10:19.2166655Z Version: 20251208.163.1
build	Set up job	2025-12-12T07:10:19.2168301Z Included Software: https://github.com/actions/runner-images/blob/ubuntu24/20251208.163/images/ubuntu/Ubuntu2404-Readme.md
build	Set up job	2025-12-12T07:10:19.2170749Z Image Release: https://github.com/actions/runner-images/releases/tag/ubuntu24%2F20251208.163
build	Set up job	2025-12-12T07:10:19.2172578Z ##[endgroup]
build	Set up job	2025-12-12T07:10:19.2174263Z ##[group]GITHUB_TOKEN Permissions
build	Set up job	2025-12-12T07:10:19.2176909Z Contents: read
build	Set up job	2025-12-12T07:10:19.2178028Z Metadata: read
build	Set up job	2025-12-12T07:10:19.2178726Z Packages: read
build	Set up job	2025-12-12T07:10:19.2179494Z ##[endgroup]
build	Set up job	2025-12-12T07:10:19.2182369Z Secret source: Actions
build	Set up job	2025-12-12T07:10:19.2183454Z Prepare workflow directory
build	Set up job	2025-12-12T07:10:19.2578632Z Prepare all required actions
build	Set up job	2025-12-12T07:10:19.2616652Z Getting action download info
build	Set up job	2025-12-12T07:10:19.7189302Z Download action repository 'actions/checkout@v4' (SHA:34e114876b0b11c390a56381ad16ebd13914f8d5)
build	Set up job	2025-12-12T07:10:19.8230393Z Download action repository 'pnpm/action-setup@v4' (SHA:41ff72655975bd51cab0327fa583b6e92b6d3061)
build	Set up job	2025-12-12T07:10:20.5224846Z Download action repository 'actions/setup-node@v4' (SHA:49933ea5288caeca8642d1e84afbd3f7d6820020)
build	Set up job	2025-12-12T07:10:20.6119872Z Download action repository 'actions/cache@v4' (SHA:0057852bfaa89a56745cba8c7296529d2fc39830)
build	Set up job	2025-12-12T07:10:20.7116109Z Download action repository 'actions/upload-artifact@v4' (SHA:ea165f8d65b6e75b540449e92b4886f43607fa02)
build	Set up job	2025-12-12T07:10:20.9394338Z Complete job name: build
build	Checkout	﻿2025-12-12T07:10:21.0211324Z ##[group]Run actions/checkout@v4
build	Checkout	2025-12-12T07:10:21.0212593Z with:
build	Checkout	2025-12-12T07:10:21.0213311Z   repository: lilyth-y/dashboard
build	Checkout	2025-12-12T07:10:21.0214735Z   token: ***
build	Checkout	2025-12-12T07:10:21.0215449Z   ssh-strict: true
build	Checkout	2025-12-12T07:10:21.0216166Z   ssh-user: git
build	Checkout	2025-12-12T07:10:21.0216900Z   persist-credentials: true
build	Checkout	2025-12-12T07:10:21.0217715Z   clean: true
build	Checkout	2025-12-12T07:10:21.0218453Z   sparse-checkout-cone-mode: true
build	Checkout	2025-12-12T07:10:21.0219367Z   fetch-depth: 1
build	Checkout	2025-12-12T07:10:21.0220079Z   fetch-tags: false
build	Checkout	2025-12-12T07:10:21.0220823Z   show-progress: true
build	Checkout	2025-12-12T07:10:21.0221581Z   lfs: false
build	Checkout	2025-12-12T07:10:21.0222254Z   submodules: false
build	Checkout	2025-12-12T07:10:21.0223000Z   set-safe-directory: true
build	Checkout	2025-12-12T07:10:21.0224246Z ##[endgroup]
build	Checkout	2025-12-12T07:10:21.1314675Z Syncing repository: lilyth-y/dashboard
build	Checkout	2025-12-12T07:10:21.1317424Z ##[group]Getting Git version info
build	Checkout	2025-12-12T07:10:21.1318708Z Working directory is '/home/runner/work/dashboard/dashboard'
build	Checkout	2025-12-12T07:10:21.1320642Z [command]/usr/bin/git version
build	Checkout	2025-12-12T07:10:21.1384510Z git version 2.52.0
build	Checkout	2025-12-12T07:10:21.1410569Z ##[endgroup]
build	Checkout	2025-12-12T07:10:21.1431687Z Temporarily overriding HOME='/home/runner/work/_temp/b0e5946f-4d8c-49a6-ac5a-7c00ee24e2f5' before making global git config changes
build	Checkout	2025-12-12T07:10:21.1434581Z Adding repository directory to the temporary git global config as a safe directory
build	Checkout	2025-12-12T07:10:21.1437115Z [command]/usr/bin/git config --global --add safe.directory /home/runner/work/dashboard/dashboard
build	Checkout	2025-12-12T07:10:21.1475097Z Deleting the contents of '/home/runner/work/dashboard/dashboard'
build	Checkout	2025-12-12T07:10:21.1478531Z ##[group]Initializing the repository
build	Checkout	2025-12-12T07:10:21.1483423Z [command]/usr/bin/git init /home/runner/work/dashboard/dashboard
build	Checkout	2025-12-12T07:10:21.1581957Z hint: Using 'master' as the name for the initial branch. This default branch name
build	Checkout	2025-12-12T07:10:21.1584336Z hint: will change to "main" in Git 3.0. To configure the initial branch name
build	Checkout	2025-12-12T07:10:21.1586818Z hint: to use in all of your new repositories, which will suppress this warning,
build	Checkout	2025-12-12T07:10:21.1589236Z hint: call:
build	Checkout	2025-12-12T07:10:21.1590421Z hint:
build	Checkout	2025-12-12T07:10:21.1592140Z hint: 	git config --global init.defaultBranch <name>
build	Checkout	2025-12-12T07:10:21.1593980Z hint:
build	Checkout	2025-12-12T07:10:21.1595958Z hint: Names commonly chosen instead of 'master' are 'main', 'trunk' and
build	Checkout	2025-12-12T07:10:21.1599033Z hint: 'development'. The just-created branch can be renamed via this command:
build	Checkout	2025-12-12T07:10:21.1601368Z hint:
build	Checkout	2025-12-12T07:10:21.1602497Z hint: 	git branch -m <name>
build	Checkout	2025-12-12T07:10:21.1603803Z hint:
build	Checkout	2025-12-12T07:10:21.1605496Z hint: Disable this message with "git config set advice.defaultBranchName false"
build	Checkout	2025-12-12T07:10:21.1607373Z Initialized empty Git repository in /home/runner/work/dashboard/dashboard/.git/
build	Checkout	2025-12-12T07:10:21.1611045Z [command]/usr/bin/git remote add origin https://github.com/lilyth-y/dashboard
build	Checkout	2025-12-12T07:10:21.1633866Z ##[endgroup]
build	Checkout	2025-12-12T07:10:21.1636364Z ##[group]Disabling automatic garbage collection
build	Checkout	2025-12-12T07:10:21.1638524Z [command]/usr/bin/git config --local gc.auto 0
build	Checkout	2025-12-12T07:10:21.1667629Z ##[endgroup]
build	Checkout	2025-12-12T07:10:21.1669758Z ##[group]Setting up auth
build	Checkout	2025-12-12T07:10:21.1675546Z [command]/usr/bin/git config --local --name-only --get-regexp core\.sshCommand
build	Checkout	2025-12-12T07:10:21.1707659Z [command]/usr/bin/git submodule foreach --recursive sh -c "git config --local --name-only --get-regexp 'core\.sshCommand' && git config --local --unset-all 'core.sshCommand' || :"
build	Checkout	2025-12-12T07:10:21.2037150Z [command]/usr/bin/git config --local --name-only --get-regexp http\.https\:\/\/github\.com\/\.extraheader
build	Checkout	2025-12-12T07:10:21.2070084Z [command]/usr/bin/git submodule foreach --recursive sh -c "git config --local --name-only --get-regexp 'http\.https\:\/\/github\.com\/\.extraheader' && git config --local --unset-all 'http.https://github.com/.extraheader' || :"
build	Checkout	2025-12-12T07:10:21.2289764Z [command]/usr/bin/git config --local --name-only --get-regexp ^includeIf\.gitdir:
build	Checkout	2025-12-12T07:10:21.2324544Z [command]/usr/bin/git submodule foreach --recursive git config --local --show-origin --name-only --get-regexp remote.origin.url
build	Checkout	2025-12-12T07:10:21.2566375Z [command]/usr/bin/git config --local http.https://github.com/.extraheader AUTHORIZATION: basic ***
build	Checkout	2025-12-12T07:10:21.2602131Z ##[endgroup]
build	Checkout	2025-12-12T07:10:21.2604810Z ##[group]Fetching the repository
build	Checkout	2025-12-12T07:10:21.2613496Z [command]/usr/bin/git -c protocol.version=2 fetch --no-tags --prune --no-recurse-submodules --depth=1 origin +d9bb0d275edc1737bc35a1bcbbfdcaa4b63fcd05:refs/remotes/origin/main
build	Checkout	2025-12-12T07:10:21.7393859Z From https://github.com/lilyth-y/dashboard
build	Checkout	2025-12-12T07:10:21.7395666Z  * [new ref]         d9bb0d275edc1737bc35a1bcbbfdcaa4b63fcd05 -> origin/main
build	Checkout	2025-12-12T07:10:21.7426053Z ##[endgroup]
build	Checkout	2025-12-12T07:10:21.7428274Z ##[group]Determining the checkout info
build	Checkout	2025-12-12T07:10:21.7430699Z ##[endgroup]
build	Checkout	2025-12-12T07:10:21.7433482Z [command]/usr/bin/git sparse-checkout disable
build	Checkout	2025-12-12T07:10:21.7473627Z [command]/usr/bin/git config --local --unset-all extensions.worktreeConfig
build	Checkout	2025-12-12T07:10:21.7499913Z ##[group]Checking out the ref
build	Checkout	2025-12-12T07:10:21.7503847Z [command]/usr/bin/git checkout --progress --force -B main refs/remotes/origin/main
build	Checkout	2025-12-12T07:10:21.7672181Z Switched to a new branch 'main'
build	Checkout	2025-12-12T07:10:21.7675057Z branch 'main' set up to track 'origin/main'.
build	Checkout	2025-12-12T07:10:21.7682845Z ##[endgroup]
build	Checkout	2025-12-12T07:10:21.7715913Z [command]/usr/bin/git log -1 --format=%H
build	Checkout	2025-12-12T07:10:21.7737571Z d9bb0d275edc1737bc35a1bcbbfdcaa4b63fcd05
build	Setup PNPM	﻿2025-12-12T07:10:21.7970061Z ##[group]Run pnpm/action-setup@v4
build	Setup PNPM	2025-12-12T07:10:21.7971001Z with:
build	Setup PNPM	2025-12-12T07:10:21.7971647Z   version: 9
build	Setup PNPM	2025-12-12T07:10:21.7972332Z   dest: ~/setup-pnpm
build	Setup PNPM	2025-12-12T07:10:21.7973075Z   run_install: null
build	Setup PNPM	2025-12-12T07:10:21.7974243Z   package_json_file: package.json
build	Setup PNPM	2025-12-12T07:10:21.7975148Z   standalone: false
build	Setup PNPM	2025-12-12T07:10:21.7975852Z ##[endgroup]
build	Setup PNPM	2025-12-12T07:10:21.8708032Z ##[group]Running self-installer...
build	Setup PNPM	2025-12-12T07:10:22.5365975Z Progress: resolved 1, reused 0, downloaded 0, added 0
build	Setup PNPM	2025-12-12T07:10:22.5489479Z Packages: +1
build	Setup PNPM	2025-12-12T07:10:22.5490118Z +
build	Setup PNPM	2025-12-12T07:10:22.9847414Z Progress: resolved 1, reused 0, downloaded 1, added 1, done
build	Setup PNPM	2025-12-12T07:10:23.0193508Z 
build	Setup PNPM	2025-12-12T07:10:23.0194437Z dependencies:
build	Setup PNPM	2025-12-12T07:10:23.0196395Z + pnpm 9.15.9 (10.25.0 is available)
build	Setup PNPM	2025-12-12T07:10:23.0196863Z 
build	Setup PNPM	2025-12-12T07:10:23.0228168Z Done in 948ms
build	Setup PNPM	2025-12-12T07:10:23.0433223Z ##[endgroup]
build	Setup PNPM	2025-12-12T07:10:23.0437859Z Installation Completed!
build	Setup Node	﻿2025-12-12T07:10:23.0589883Z ##[group]Run actions/setup-node@v4
build	Setup Node	2025-12-12T07:10:23.0590258Z with:
build	Setup Node	2025-12-12T07:10:23.0590498Z   node-version: 20
build	Setup Node	2025-12-12T07:10:23.0590754Z   cache: pnpm
build	Setup Node	2025-12-12T07:10:23.0591001Z   always-auth: false
build	Setup Node	2025-12-12T07:10:23.0591291Z   check-latest: false
build	Setup Node	2025-12-12T07:10:23.0591704Z   token: ***
build	Setup Node	2025-12-12T07:10:23.0591949Z env:
build	Setup Node	2025-12-12T07:10:23.0592253Z   PNPM_HOME: /home/runner/setup-pnpm/node_modules/.bin
build	Setup Node	2025-12-12T07:10:23.0592619Z ##[endgroup]
build	Setup Node	2025-12-12T07:10:23.2381627Z Found in cache @ /opt/hostedtoolcache/node/20.19.6/x64
build	Setup Node	2025-12-12T07:10:23.2389564Z ##[group]Environment details
build	Setup Node	2025-12-12T07:10:23.6083645Z node: v20.19.6
build	Setup Node	2025-12-12T07:10:23.6084954Z npm: 10.8.2
build	Setup Node	2025-12-12T07:10:23.6085300Z yarn: 1.22.22
build	Setup Node	2025-12-12T07:10:23.6086085Z ##[endgroup]
build	Setup Node	2025-12-12T07:10:23.6110790Z [command]/home/runner/setup-pnpm/node_modules/.bin/pnpm store path --silent
build	Setup Node	2025-12-12T07:10:23.9972090Z /home/runner/setup-pnpm/node_modules/.bin/store/v3
build	Setup Node	2025-12-12T07:10:24.2657377Z pnpm cache is not found
build	Install dependencies	﻿2025-12-12T07:10:24.2805026Z ##[group]Run pnpm install --frozen-lockfile
build	Install dependencies	2025-12-12T07:10:24.2805604Z [36;1mpnpm install --frozen-lockfile[0m
build	Install dependencies	2025-12-12T07:10:24.2919006Z shell: /usr/bin/bash -e {0}
build	Install dependencies	2025-12-12T07:10:24.2919406Z env:
build	Install dependencies	2025-12-12T07:10:24.2919757Z   PNPM_HOME: /home/runner/setup-pnpm/node_modules/.bin
build	Install dependencies	2025-12-12T07:10:24.2920198Z ##[endgroup]
build	Install dependencies	2025-12-12T07:10:24.9349435Z Lockfile is up to date, resolution step is skipped
build	Install dependencies	2025-12-12T07:10:25.1937625Z Progress: resolved 1, reused 0, downloaded 0, added 0
build	Install dependencies	2025-12-12T07:10:25.3441677Z Packages: +878
build	Install dependencies	2025-12-12T07:10:25.3443386Z ++++++++++++++++++++++++++++++++++++++++++++++++++++++++++++++++++++++++++++++++
build	Install dependencies	2025-12-12T07:10:26.1972384Z Progress: resolved 878, reused 0, downloaded 36, added 25
build	Install dependencies	2025-12-12T07:10:27.1982429Z Progress: resolved 878, reused 0, downloaded 100, added 100
build	Install dependencies	2025-12-12T07:10:28.2015846Z Progress: resolved 878, reused 0, downloaded 189, added 182
build	Install dependencies	2025-12-12T07:10:29.2059690Z Progress: resolved 878, reused 0, downloaded 206, added 193
build	Install dependencies	2025-12-12T07:10:30.2066200Z Progress: resolved 878, reused 0, downloaded 215, added 206
build	Install dependencies	2025-12-12T07:10:31.2077070Z Progress: resolved 878, reused 0, downloaded 434, added 434
build	Install dependencies	2025-12-12T07:10:32.2108330Z Progress: resolved 878, reused 0, downloaded 690, added 686
build	Install dependencies	2025-12-12T07:10:32.8655591Z Progress: resolved 878, reused 0, downloaded 878, added 878, done
build	Install dependencies	2025-12-12T07:10:33.1733294Z .../node_modules/@prisma/engines postinstall$ node scripts/postinstall.js
build	Install dependencies	2025-12-12T07:10:33.1971050Z .../node_modules/msw postinstall$ node -e "import('./config/scripts/postinstall.js').catch(() => void 0)"
build	Install dependencies	2025-12-12T07:10:33.1978253Z .../node_modules/unrs-resolver postinstall$ napi-postinstall unrs-resolver 1.11.1 check
build	Install dependencies	2025-12-12T07:10:33.1989236Z .../sharp@0.33.5/node_modules/sharp install$ node install/check
build	Install dependencies	2025-12-12T07:10:33.1991249Z .../esbuild@0.25.12/node_modules/esbuild postinstall$ node install.js
build	Install dependencies	2025-12-12T07:10:33.2904762Z .../node_modules/msw postinstall: Done
build	Install dependencies	2025-12-12T07:10:33.3053831Z .../node_modules/unrs-resolver postinstall: Done
build	Install dependencies	2025-12-12T07:10:33.3182661Z .../esbuild@0.25.12/node_modules/esbuild postinstall: Done
build	Install dependencies	2025-12-12T07:10:33.3987211Z .../sharp@0.33.5/node_modules/sharp install: Done
build	Install dependencies	2025-12-12T07:10:34.1135970Z .../node_modules/@prisma/engines postinstall: Done
build	Install dependencies	2025-12-12T07:10:34.2147152Z .../node_modules/prisma preinstall$ node scripts/preinstall-entry.js
build	Install dependencies	2025-12-12T07:10:34.2688580Z .../node_modules/prisma preinstall: Done
build	Install dependencies	2025-12-12T07:10:34.4678623Z .../node_modules/@prisma/client postinstall$ node scripts/postinstall.js
build	Install dependencies	2025-12-12T07:10:36.6493137Z .../node_modules/@prisma/client postinstall: Prisma schema loaded from prisma/schema.prisma
build	Install dependencies	2025-12-12T07:10:36.9692893Z .../node_modules/@prisma/client postinstall: ✔ Generated Prisma Client (v6.19.0) to ./node_modules/.pnpm/@prisma+client@6.19.0_prisma@6.19.0_magicast@0.3.5_typescript@5.9.3__typescript@5.9.3/node_modules/@prisma/client in 154ms
build	Install dependencies	2025-12-12T07:10:36.9696923Z .../node_modules/@prisma/client postinstall: Start by importing your Prisma Client (See: https://pris.ly/d/importing-client)
build	Install dependencies	2025-12-12T07:10:36.9698397Z .../node_modules/@prisma/client postinstall: Tip: Want to turn off tips and other hints? https://pris.ly/tip-4-nohints
build	Install dependencies	2025-12-12T07:10:36.9885058Z .../node_modules/@prisma/client postinstall: Done
build	Install dependencies	2025-12-12T07:10:37.4979719Z 
build	Install dependencies	2025-12-12T07:10:37.4980538Z dependencies:
build	Install dependencies	2025-12-12T07:10:37.4980981Z + @auth/prisma-adapter 2.11.1
build	Install dependencies	2025-12-12T07:10:37.4981409Z + @hookform/resolvers 3.10.0
build	Install dependencies	2025-12-12T07:10:37.4981806Z + @prisma/client 6.19.0
build	Install dependencies	2025-12-12T07:10:37.4982235Z + @radix-ui/react-accordion 1.2.2
build	Install dependencies	2025-12-12T07:10:37.4982714Z + @radix-ui/react-alert-dialog 1.1.4
build	Install dependencies	2025-12-12T07:10:37.4983212Z + @radix-ui/react-aspect-ratio 1.1.1
build	Install dependencies	2025-12-12T07:10:37.4983674Z + @radix-ui/react-avatar 1.1.2
build	Install dependencies	2025-12-12T07:10:37.4984270Z + @radix-ui/react-checkbox 1.1.3
build	Install dependencies	2025-12-12T07:10:37.4984718Z + @radix-ui/react-collapsible 1.1.2
build	Install dependencies	2025-12-12T07:10:37.4985171Z + @radix-ui/react-context-menu 2.2.4
build	Install dependencies	2025-12-12T07:10:37.4985607Z + @radix-ui/react-dialog 1.1.4
build	Install dependencies	2025-12-12T07:10:37.4986482Z + @radix-ui/react-dropdown-menu 2.1.4
build	Install dependencies	2025-12-12T07:10:37.4986943Z + @radix-ui/react-hover-card 1.1.4
build	Install dependencies	2025-12-12T07:10:37.4987415Z + @radix-ui/react-label 2.1.1
build	Install dependencies	2025-12-12T07:10:37.4987891Z + @radix-ui/react-menubar 1.1.4
build	Install dependencies	2025-12-12T07:10:37.4988405Z + @radix-ui/react-navigation-menu 1.2.3
build	Install dependencies	2025-12-12T07:10:37.4988946Z + @radix-ui/react-popover 1.1.4
build	Install dependencies	2025-12-12T07:10:37.4989478Z + @radix-ui/react-progress 1.1.1
build	Install dependencies	2025-12-12T07:10:37.4989987Z + @radix-ui/react-radio-group 1.2.2
build	Install dependencies	2025-12-12T07:10:37.4990472Z + @radix-ui/react-scroll-area 1.2.2
build	Install dependencies	2025-12-12T07:10:37.4990960Z + @radix-ui/react-select 2.1.4
build	Install dependencies	2025-12-12T07:10:37.4991471Z + @radix-ui/react-separator 1.1.1
build	Install dependencies	2025-12-12T07:10:37.4992028Z + @radix-ui/react-slider 1.2.2
build	Install dependencies	2025-12-12T07:10:37.4992486Z + @radix-ui/react-slot 1.1.1
build	Install dependencies	2025-12-12T07:10:37.4992963Z + @radix-ui/react-switch 1.1.2
build	Install dependencies	2025-12-12T07:10:37.4993433Z + @radix-ui/react-tabs 1.1.2
build	Install dependencies	2025-12-12T07:10:37.4993839Z + @radix-ui/react-toast 1.2.4
build	Install dependencies	2025-12-12T07:10:37.4994521Z + @radix-ui/react-toggle 1.1.1
build	Install dependencies	2025-12-12T07:10:37.4995020Z + @radix-ui/react-toggle-group 1.1.1
build	Install dependencies	2025-12-12T07:10:37.4995507Z + @radix-ui/react-tooltip 1.1.6
build	Install dependencies	2025-12-12T07:10:37.4995920Z + @swc/helpers 0.5.17
build	Install dependencies	2025-12-12T07:10:37.4996337Z + @vercel/analytics 1.3.1
build	Install dependencies	2025-12-12T07:10:37.4996770Z + autoprefixer 10.4.22
build	Install dependencies	2025-12-12T07:10:37.4997125Z + bcryptjs 3.0.3
build	Install dependencies	2025-12-12T07:10:37.4997540Z + class-variance-authority 0.7.1
build	Install dependencies	2025-12-12T07:10:37.4997935Z + clsx 2.1.1
build	Install dependencies	2025-12-12T07:10:37.4998231Z + cmdk 1.0.4
build	Install dependencies	2025-12-12T07:10:37.4998531Z + date-fns 4.1.0
build	Install dependencies	2025-12-12T07:10:37.4998910Z + embla-carousel-react 8.5.1
build	Install dependencies	2025-12-12T07:10:37.4999302Z + geist 1.5.1
build	Install dependencies	2025-12-12T07:10:37.4999639Z + input-otp 1.4.1
build	Install dependencies	2025-12-12T07:10:37.5000009Z + lucide-react 0.454.0
build	Install dependencies	2025-12-12T07:10:37.5000355Z + next 15.1.0
build	Install dependencies	2025-12-12T07:10:37.5000686Z + next-auth 4.24.13
build	Install dependencies	2025-12-12T07:10:37.5001031Z + next-themes 0.4.6
build	Install dependencies	2025-12-12T07:10:37.5001340Z + prisma 6.19.0
build	Install dependencies	2025-12-12T07:10:37.5001646Z + react 19.0.0
build	Install dependencies	2025-12-12T07:10:37.5001986Z + react-day-picker 9.8.0
build	Install dependencies	2025-12-12T07:10:37.5002374Z + react-dom 19.0.0
build	Install dependencies	2025-12-12T07:10:37.5002720Z + react-hook-form 7.66.1
build	Install dependencies	2025-12-12T07:10:37.5003159Z + react-resizable-panels 2.1.9
build	Install dependencies	2025-12-12T07:10:37.5003888Z + recharts 2.15.0
build	Install dependencies	2025-12-12T07:10:37.5004422Z + sonner 1.7.4
build	Install dependencies	2025-12-12T07:10:37.5004752Z + styled-jsx 5.1.7
build	Install dependencies	2025-12-12T07:10:37.5005107Z + tailwind-merge 2.6.0
build	Install dependencies	2025-12-12T07:10:37.5005498Z + tailwindcss-animate 1.0.7
build	Install dependencies	2025-12-12T07:10:37.5005852Z + vaul 0.9.9
build	Install dependencies	2025-12-12T07:10:37.5006147Z + zod 3.25.76
build	Install dependencies	2025-12-12T07:10:37.5006319Z 
build	Install dependencies	2025-12-12T07:10:37.5006453Z devDependencies:
build	Install dependencies	2025-12-12T07:10:37.5006810Z + @commitlint/cli 19.8.1
build	Install dependencies	2025-12-12T07:10:37.5007278Z + @commitlint/config-conventional 19.8.1
build	Install dependencies	2025-12-12T07:10:37.5007802Z + @mswjs/http-middleware 0.10.3
build	Install dependencies	2025-12-12T07:10:37.5008250Z + @playwright/test 1.56.1
build	Install dependencies	2025-12-12T07:10:37.5008694Z + @testing-library/jest-dom 6.9.1
build	Install dependencies	2025-12-12T07:10:37.5009244Z + @testing-library/react 16.3.0
build	Install dependencies	2025-12-12T07:10:37.5009760Z + @testing-library/user-event 14.6.1
build	Install dependencies	2025-12-12T07:10:37.5010232Z + @types/bcryptjs 3.0.0
build	Install dependencies	2025-12-12T07:10:37.5010602Z + @types/node 22.19.1
build	Install dependencies	2025-12-12T07:10:37.5010959Z + @types/react 19.2.6
build	Install dependencies	2025-12-12T07:10:37.5011318Z + @types/react-dom 19.2.3
build	Install dependencies	2025-12-12T07:10:37.5011742Z + @vitejs/plugin-react 5.1.1
build	Install dependencies	2025-12-12T07:10:37.5012228Z + @vitest/coverage-istanbul 4.0.15
build	Install dependencies	2025-12-12T07:10:37.5012635Z + eslint 9.39.1
build	Install dependencies	2025-12-12T07:10:37.5012999Z + eslint-config-next 15.5.5
build	Install dependencies	2025-12-12T07:10:37.5013423Z + eslint-plugin-import 2.32.0
build	Install dependencies	2025-12-12T07:10:37.5013942Z + eslint-plugin-unused-imports 4.3.0
build	Install dependencies	2025-12-12T07:10:37.5014552Z + husky 9.1.7
build	Install dependencies	2025-12-12T07:10:37.5014858Z + jsdom 25.0.1
build	Install dependencies	2025-12-12T07:10:37.5015206Z + lint-staged 15.5.2
build	Install dependencies	2025-12-12T07:10:37.5015555Z + msw 2.12.2
build	Install dependencies	2025-12-12T07:10:37.5015872Z + postcss 8.5.6
build	Install dependencies	2025-12-12T07:10:37.5016206Z + tailwindcss 3.4.18
build	Install dependencies	2025-12-12T07:10:37.5016536Z + tsx 4.20.6
build	Install dependencies	2025-12-12T07:10:37.5016870Z + typescript 5.9.3
build	Install dependencies	2025-12-12T07:10:37.5017253Z + typescript-eslint 8.47.0
build	Install dependencies	2025-12-12T07:10:37.5017638Z + vitest 4.0.15
build	Install dependencies	2025-12-12T07:10:37.5018128Z 
build	Install dependencies	2025-12-12T07:10:37.5435699Z 
build	Install dependencies	2025-12-12T07:10:37.5436369Z > my-v0-project@0.1.0 prepare /home/runner/work/dashboard/dashboard
build	Install dependencies	2025-12-12T07:10:37.5436988Z > husky install
build	Install dependencies	2025-12-12T07:10:37.5437228Z 
build	Install dependencies	2025-12-12T07:10:37.5932101Z husky - install command is DEPRECATED
build	Install dependencies	2025-12-12T07:10:37.6651029Z Done in 13.3s using pnpm v9.15.9
build	Cache Next.js build cache	﻿2025-12-12T07:10:41.8026664Z ##[group]Run actions/cache@v4
build	Cache Next.js build cache	2025-12-12T07:10:41.8026920Z with:
build	Cache Next.js build cache	2025-12-12T07:10:41.8027085Z   path: .next/cache
build	Cache Next.js build cache	2025-12-12T07:10:41.8027430Z   key: Linux-nextjs-17cd983272c763f4d70017f67a14bb0e813912c3ffb9bd3399603aadedae88c8
build	Cache Next.js build cache	2025-12-12T07:10:41.8027824Z   restore-keys: Linux-nextjs-
build	Cache Next.js build cache	
build	Cache Next.js build cache	2025-12-12T07:10:41.8028057Z   enableCrossOsArchive: false
build	Cache Next.js build cache	2025-12-12T07:10:41.8028272Z   fail-on-cache-miss: false
build	Cache Next.js build cache	2025-12-12T07:10:41.8028478Z   lookup-only: false
build	Cache Next.js build cache	2025-12-12T07:10:41.8028660Z   save-always: false
build	Cache Next.js build cache	2025-12-12T07:10:41.8028828Z env:
build	Cache Next.js build cache	2025-12-12T07:10:41.8029036Z   PNPM_HOME: /home/runner/setup-pnpm/node_modules/.bin
build	Cache Next.js build cache	2025-12-12T07:10:41.8029297Z ##[endgroup]
build	Cache Next.js build cache	2025-12-12T07:10:42.2409895Z Cache hit for restore-key: Linux-nextjs-79efa853676fc0bb73f71efad531b119d9be7018964f77f49c26e3279bc20a89
build	Cache Next.js build cache	2025-12-12T07:10:43.6002109Z Received 1406498 of 13989410 (10.1%), 1.3 MBs/sec
build	Cache Next.js build cache	2025-12-12T07:10:44.2361708Z Received 13989410 of 13989410 (100.0%), 8.2 MBs/sec
build	Cache Next.js build cache	2025-12-12T07:10:44.2362614Z Cache Size: ~13 MB (13989410 B)
build	Cache Next.js build cache	2025-12-12T07:10:44.2390547Z [command]/usr/bin/tar -xf /home/runner/work/_temp/12f023e4-2844-40c9-ac18-0e2c678d2863/cache.tzst -P -C /home/runner/work/dashboard/dashboard --use-compress-program unzstd
build	Cache Next.js build cache	2025-12-12T07:10:44.5555228Z Cache restored successfully
build	Cache Next.js build cache	2025-12-12T07:10:44.5663545Z Cache restored from key: Linux-nextjs-79efa853676fc0bb73f71efad531b119d9be7018964f77f49c26e3279bc20a89
build	Generate Prisma client	﻿2025-12-12T07:10:44.5765391Z ##[group]Run pnpm run db:generate
build	Generate Prisma client	2025-12-12T07:10:44.5765735Z [36;1mpnpm run db:generate[0m
build	Generate Prisma client	2025-12-12T07:10:44.5798737Z shell: /usr/bin/bash -e {0}
build	Generate Prisma client	2025-12-12T07:10:44.5798966Z env:
build	Generate Prisma client	2025-12-12T07:10:44.5799197Z   PNPM_HOME: /home/runner/setup-pnpm/node_modules/.bin
build	Generate Prisma client	2025-12-12T07:10:44.5799485Z ##[endgroup]
build	Generate Prisma client	2025-12-12T07:10:44.9589218Z 
build	Generate Prisma client	2025-12-12T07:10:44.9590054Z > my-v0-project@0.1.0 db:generate /home/runner/work/dashboard/dashboard
build	Generate Prisma client	2025-12-12T07:10:44.9591207Z > prisma generate
build	Generate Prisma client	2025-12-12T07:10:44.9591434Z 
build	Generate Prisma client	2025-12-12T07:10:45.7850861Z Prisma schema loaded from prisma/schema.prisma
build	Generate Prisma client	2025-12-12T07:10:46.1073814Z 
build	Generate Prisma client	2025-12-12T07:10:46.1076132Z ✔ Generated Prisma Client (v6.19.0) to ./node_modules/.pnpm/@prisma+client@6.19.0_prisma@6.19.0_magicast@0.3.5_typescript@5.9.3__typescript@5.9.3/node_modules/@prisma/client in 161ms
build	Generate Prisma client	2025-12-12T07:10:46.1077069Z 
build	Generate Prisma client	2025-12-12T07:10:46.1077603Z Start by importing your Prisma Client (See: https://pris.ly/d/importing-client)
build	Generate Prisma client	2025-12-12T07:10:46.1078095Z 
build	Generate Prisma client	2025-12-12T07:10:46.1078846Z Tip: Need your database queries to be 1000x faster? Accelerate offers you that and more: https://pris.ly/tip-2-accelerate
build	Generate Prisma client	2025-12-12T07:10:46.1079432Z 
build	Lint	﻿2025-12-12T07:10:46.1357730Z ##[group]Run pnpm run lint
build	Lint	2025-12-12T07:10:46.1358020Z [36;1mpnpm run lint[0m
build	Lint	2025-12-12T07:10:46.1390636Z shell: /usr/bin/bash -e {0}
build	Lint	2025-12-12T07:10:46.1390872Z env:
build	Lint	2025-12-12T07:10:46.1391104Z   PNPM_HOME: /home/runner/setup-pnpm/node_modules/.bin
build	Lint	2025-12-12T07:10:46.1391410Z ##[endgroup]
build	Lint	2025-12-12T07:10:46.5190836Z 
build	Lint	2025-12-12T07:10:46.5191641Z > my-v0-project@0.1.0 lint /home/runner/work/dashboard/dashboard
build	Lint	2025-12-12T07:10:46.5192299Z > next lint
build	Lint	2025-12-12T07:10:46.5192489Z 
build	Lint	2025-12-12T07:10:50.2027561Z ✔ No ESLint warnings or errors
build	Typecheck	﻿2025-12-12T07:10:50.3122307Z ##[group]Run pnpm run typecheck
build	Typecheck	2025-12-12T07:10:50.3122621Z [36;1mpnpm run typecheck[0m
build	Typecheck	2025-12-12T07:10:50.3155684Z shell: /usr/bin/bash -e {0}
build	Typecheck	2025-12-12T07:10:50.3155906Z env:
build	Typecheck	2025-12-12T07:10:50.3156134Z   PNPM_HOME: /home/runner/setup-pnpm/node_modules/.bin
build	Typecheck	2025-12-12T07:10:50.3156431Z ##[endgroup]
build	Typecheck	2025-12-12T07:10:50.7097968Z 
build	Typecheck	2025-12-12T07:10:50.7098825Z > my-v0-project@0.1.0 typecheck /home/runner/work/dashboard/dashboard
build	Typecheck	2025-12-12T07:10:50.7099513Z > tsc --noEmit
build	Typecheck	2025-12-12T07:10:50.7099729Z 
build	Validate Prisma schema	﻿2025-12-12T07:10:58.0450674Z ##[group]Run npx prisma validate
build	Validate Prisma schema	2025-12-12T07:10:58.0450979Z [36;1mnpx prisma validate[0m
build	Validate Prisma schema	2025-12-12T07:10:58.0483229Z shell: /usr/bin/bash -e {0}
build	Validate Prisma schema	2025-12-12T07:10:58.0483470Z env:
build	Validate Prisma schema	2025-12-12T07:10:58.0483697Z   PNPM_HOME: /home/runner/setup-pnpm/node_modules/.bin
build	Validate Prisma schema	2025-12-12T07:10:58.0483989Z ##[endgroup]
build	Validate Prisma schema	2025-12-12T07:10:59.4225975Z Prisma schema loaded from prisma/schema.prisma
build	Validate Prisma schema	2025-12-12T07:10:59.4475896Z ┌─────────────────────────────────────────────────────────┐
build	Validate Prisma schema	2025-12-12T07:10:59.4476764Z The schema at prisma/schema.prisma is valid 🚀
build	Validate Prisma schema	2025-12-12T07:10:59.4478019Z │  Update available 6.19.0 -> 7.1.0                       │
build	Validate Prisma schema	2025-12-12T07:10:59.4479050Z │                                                         │
build	Validate Prisma schema	2025-12-12T07:10:59.4479988Z │  This is a major update - please follow the guide at    │
build	Validate Prisma schema	2025-12-12T07:10:59.4481051Z │  https://pris.ly/d/major-version-upgrade                │
build	Validate Prisma schema	2025-12-12T07:10:59.4482019Z │                                                         │
build	Validate Prisma schema	2025-12-12T07:10:59.4483029Z │  Run the following to update                            │
build	Validate Prisma schema	2025-12-12T07:10:59.4483970Z │    npm i --save-dev prisma@latest                       │
build	Validate Prisma schema	2025-12-12T07:10:59.4485158Z │    npm i @prisma/client@latest                          │
build	Validate Prisma schema	2025-12-12T07:10:59.4486142Z └─────────────────────────────────────────────────────────┘
build	Test and Coverage	﻿2025-12-12T07:10:59.5551045Z ##[group]Run pnpm run test:coverage
build	Test and Coverage	2025-12-12T07:10:59.5551378Z [36;1mpnpm run test:coverage[0m
build	Test and Coverage	2025-12-12T07:10:59.5584510Z shell: /usr/bin/bash -e {0}
build	Test and Coverage	2025-12-12T07:10:59.5584749Z env:
build	Test and Coverage	2025-12-12T07:10:59.5584982Z   PNPM_HOME: /home/runner/setup-pnpm/node_modules/.bin
build	Test and Coverage	2025-12-12T07:10:59.5585272Z ##[endgroup]
build	Test and Coverage	2025-12-12T07:10:59.9368463Z 
build	Test and Coverage	2025-12-12T07:10:59.9369150Z > my-v0-project@0.1.0 test:coverage /home/runner/work/dashboard/dashboard
build	Test and Coverage	2025-12-12T07:10:59.9369635Z > vitest run --coverage
build	Test and Coverage	2025-12-12T07:10:59.9369790Z 
build	Test and Coverage	2025-12-12T07:11:00.4709433Z 
build	Test and Coverage	2025-12-12T07:11:00.4712201Z [1m[46m RUN [49m[22m [36mv4.0.15 [39m[90m/home/runner/work/dashboard/dashboard[39m
build	Test and Coverage	2025-12-12T07:11:00.4713218Z       [2mCoverage enabled with [22m[33mistanbul[39m
build	Test and Coverage	2025-12-12T07:11:00.4713584Z 
build	Test and Coverage	2025-12-12T07:11:02.5172828Z [90mstderr[2m | __tests__/api/projects-api.spec.ts[2m > [22m[2m/api/projects API Routes[2m > [22m[2mGET /api/projects[2m > [22m[2mshould return 401 when user is not authenticated
build	Test and Coverage	2025-12-12T07:11:02.5174815Z [22m[39mProjects fetch error: ApiError: 인증이 필요합니다.
build	Test and Coverage	2025-12-12T07:11:02.5176116Z     at Function.unauthorized [90m(/home/runner/work/dashboard/dashboard/[39mlib/api-error.ts:30:12[90m)[39m
build	Test and Coverage	2025-12-12T07:11:02.5177677Z     at Module.GET [90m(/home/runner/work/dashboard/dashboard/[39mapp/api/projects/route.ts:14:22[90m)[39m
build	Test and Coverage	2025-12-12T07:11:02.5179125Z [90m    at processTicksAndRejections (node:internal/process/task_queues:95:5)[39m
build	Test and Coverage	2025-12-12T07:11:02.5180475Z     at [90m/home/runner/work/dashboard/dashboard/[39m__tests__/api/projects-api.spec.ts:41:24
build	Test and Coverage	2025-12-12T07:11:02.5182309Z     at [90mfile:///home/runner/work/dashboard/dashboard/[39mnode_modules/[4m.pnpm[24m/@vitest+runner@4.0.15/node_modules/[4m@vitest/runner[24m/dist/index.js:915:20 {
build	Test and Coverage	2025-12-12T07:11:02.5183572Z   statusCode: [33m401[39m,
build	Test and Coverage	2025-12-12T07:11:02.5184396Z   code: [90mundefined[39m
build	Test and Coverage	2025-12-12T07:11:02.5184793Z }
build	Test and Coverage	2025-12-12T07:11:02.5184953Z 
build	Test and Coverage	2025-12-12T07:11:02.5533370Z [90mstderr[2m | __tests__/api/projects-api.spec.ts[2m > [22m[2m/api/projects API Routes[2m > [22m[2mGET /api/projects[2m > [22m[2mshould handle database errors gracefully
build	Test and Coverage	2025-12-12T07:11:02.5535171Z [22m[39mProjects fetch error: Error: Database error
build	Test and Coverage	2025-12-12T07:11:02.5536270Z     at [90m/home/runner/work/dashboard/dashboard/[39m__tests__/api/projects-api.spec.ts:127:53
build	Test and Coverage	2025-12-12T07:11:02.5538090Z     at [90mfile:///home/runner/work/dashboard/dashboard/[39mnode_modules/[4m.pnpm[24m/@vitest+runner@4.0.15/node_modules/[4m@vitest/runner[24m/dist/index.js:145:11
build	Test and Coverage	2025-12-12T07:11:02.5540298Z     at [90mfile:///home/runner/work/dashboard/dashboard/[39mnode_modules/[4m.pnpm[24m/@vitest+runner@4.0.15/node_modules/[4m@vitest/runner[24m/dist/index.js:915:26
build	Test and Coverage	2025-12-12T07:11:02.5542461Z     at [90mfile:///home/runner/work/dashboard/dashboard/[39mnode_modules/[4m.pnpm[24m/@vitest+runner@4.0.15/node_modules/[4m@vitest/runner[24m/dist/index.js:1240:20
build	Test and Coverage	2025-12-12T07:11:02.5543665Z     at new Promise (<anonymous>)
build	Test and Coverage	2025-12-12T07:11:02.5545555Z     at runWithTimeout [90m(file:///home/runner/work/dashboard/dashboard/[39mnode_modules/[4m.pnpm[24m/@vitest+runner@4.0.15/node_modules/[4m@vitest/runner[24m/dist/index.js:1206:10[90m)[39m
build	Test and Coverage	2025-12-12T07:11:02.5547795Z     at [90mfile:///home/runner/work/dashboard/dashboard/[39mnode_modules/[4m.pnpm[24m/@vitest+runner@4.0.15/node_modules/[4m@vitest/runner[24m/dist/index.js:1650:37
build	Test and Coverage	2025-12-12T07:11:02.5550746Z     at Traces.$ [90m(file:///home/runner/work/dashboard/dashboard/[39mnode_modules/[4m.pnpm[24m/vitest@4.0.15_@types+node@22.19.1_jiti@1.21.7_jsdom@25.0.1_msw@2.12.2_@types+node@22.19.1_typ_zh2z7euqvwudj3qkvz66kdvvpy/node_modules/[4mvitest[24m/dist/chunks/traces.U4xDYhzZ.js:115:27[90m)[39m
build	Test and Coverage	2025-12-12T07:11:02.5554417Z     at trace [90m(file:///home/runner/work/dashboard/dashboard/[39mnode_modules/[4m.pnpm[24m/vitest@4.0.15_@types+node@22.19.1_jiti@1.21.7_jsdom@25.0.1_msw@2.12.2_@types+node@22.19.1_typ_zh2z7euqvwudj3qkvz66kdvvpy/node_modules/[4mvitest[24m/dist/chunks/test.BT8LKgU9.js:239:21[90m)[39m
build	Test and Coverage	2025-12-12T07:11:02.5557736Z     at runTest [90m(file:///home/runner/work/dashboard/dashboard/[39mnode_modules/[4m.pnpm[24m/@vitest+runner@4.0.15/node_modules/[4m@vitest/runner[24m/dist/index.js:1650:12[90m)[39m
build	Test and Coverage	2025-12-12T07:11:02.5558794Z 
build	Test and Coverage	2025-12-12T07:11:02.5560192Z [90mstderr[2m | __tests__/api/projects-api.spec.ts[2m > [22m[2m/api/projects API Routes[2m > [22m[2mPOST /api/projects[2m > [22m[2mshould return 401 when user is not authenticated
build	Test and Coverage	2025-12-12T07:11:02.5561555Z [22m[39mProject create error: ApiError: 인증이 필요합니다.
build	Test and Coverage	2025-12-12T07:11:02.5562681Z     at Function.unauthorized [90m(/home/runner/work/dashboard/dashboard/[39mlib/api-error.ts:30:12[90m)[39m
build	Test and Coverage	2025-12-12T07:11:02.5564297Z     at Module.POST [90m(/home/runner/work/dashboard/dashboard/[39mapp/api/projects/route.ts:90:22[90m)[39m
build	Test and Coverage	2025-12-12T07:11:02.5565900Z [90m    at processTicksAndRejections (node:internal/process/task_queues:95:5)[39m
build	Test and Coverage	2025-12-12T07:11:02.5567126Z     at [90m/home/runner/work/dashboard/dashboard/[39m__tests__/api/projects-api.spec.ts:146:24
build	Test and Coverage	2025-12-12T07:11:02.5568948Z     at [90mfile:///home/runner/work/dashboard/dashboard/[39mnode_modules/[4m.pnpm[24m/@vitest+runner@4.0.15/node_modules/[4m@vitest/runner[24m/dist/index.js:915:20 {
build	Test and Coverage	2025-12-12T07:11:02.5570105Z   statusCode: [33m401[39m,
build	Test and Coverage	2025-12-12T07:11:02.5570544Z   code: [90mundefined[39m
build	Test and Coverage	2025-12-12T07:11:02.5570880Z }
build	Test and Coverage	2025-12-12T07:11:02.5571033Z 
build	Test and Coverage	2025-12-12T07:11:02.5572395Z [90mstderr[2m | __tests__/api/projects-api.spec.ts[2m > [22m[2m/api/projects API Routes[2m > [22m[2mPOST /api/projects[2m > [22m[2mshould return 400 when project name is missing
build	Test and Coverage	2025-12-12T07:11:02.5573780Z [22m[39mProject create error: ApiError: 프로젝트 이름은 필수입니다.
build	Test and Coverage	2025-12-12T07:11:02.5575100Z     at Function.badRequest [90m(/home/runner/work/dashboard/dashboard/[39mlib/api-error.ts:23:12[90m)[39m
build	Test and Coverage	2025-12-12T07:11:02.5576524Z     at Module.POST [90m(/home/runner/work/dashboard/dashboard/[39mapp/api/projects/route.ts:103:22[90m)[39m
build	Test and Coverage	2025-12-12T07:11:02.5577832Z [90m    at processTicksAndRejections (node:internal/process/task_queues:95:5)[39m
build	Test and Coverage	2025-12-12T07:11:02.5579011Z     at [90m/home/runner/work/dashboard/dashboard/[39m__tests__/api/projects-api.spec.ts:165:24
build	Test and Coverage	2025-12-12T07:11:02.5580791Z     at [90mfile:///home/runner/work/dashboard/dashboard/[39mnode_modules/[4m.pnpm[24m/@vitest+runner@4.0.15/node_modules/[4m@vitest/runner[24m/dist/index.js:915:20 {
build	Test and Coverage	2025-12-12T07:11:02.5581967Z   statusCode: [33m400[39m,
build	Test and Coverage	2025-12-12T07:11:02.5582493Z   code: [32m'PROJECT_NAME_REQUIRED'[39m
build	Test and Coverage	2025-12-12T07:11:02.5582905Z }
build	Test and Coverage	2025-12-12T07:11:02.5583052Z 
build	Test and Coverage	2025-12-12T07:11:02.5584562Z [90mstderr[2m | __tests__/api/projects-api.spec.ts[2m > [22m[2m/api/projects API Routes[2m > [22m[2mPOST /api/projects[2m > [22m[2mshould return 400 when project name is empty
build	Test and Coverage	2025-12-12T07:11:02.5585954Z [22m[39mProject create error: ApiError: 프로젝트 이름은 필수입니다.
build	Test and Coverage	2025-12-12T07:11:02.5587141Z     at Function.badRequest [90m(/home/runner/work/dashboard/dashboard/[39mlib/api-error.ts:23:12[90m)[39m
build	Test and Coverage	2025-12-12T07:11:02.5588565Z     at Module.POST [90m(/home/runner/work/dashboard/dashboard/[39mapp/api/projects/route.ts:103:22[90m)[39m
build	Test and Coverage	2025-12-12T07:11:02.5589845Z [90m    at processTicksAndRejections (node:internal/process/task_queues:95:5)[39m
build	Test and Coverage	2025-12-12T07:11:02.5591032Z     at [90m/home/runner/work/dashboard/dashboard/[39m__tests__/api/projects-api.spec.ts:184:24
build	Test and Coverage	2025-12-12T07:11:02.5592786Z     at [90mfile:///home/runner/work/dashboard/dashboard/[39mnode_modules/[4m.pnpm[24m/@vitest+runner@4.0.15/node_modules/[4m@vitest/runner[24m/dist/index.js:915:20 {
build	Test and Coverage	2025-12-12T07:11:02.5593932Z   statusCode: [33m400[39m,
build	Test and Coverage	2025-12-12T07:11:02.5594673Z   code: [32m'PROJECT_NAME_REQUIRED'[39m
build	Test and Coverage	2025-12-12T07:11:02.5595092Z }
build	Test and Coverage	2025-12-12T07:11:02.5595231Z 
build	Test and Coverage	2025-12-12T07:11:02.5596529Z [90mstderr[2m | __tests__/api/projects-api.spec.ts[2m > [22m[2m/api/projects API Routes[2m > [22m[2mPOST /api/projects[2m > [22m[2mshould handle database creation errors
build	Test and Coverage	2025-12-12T07:11:02.5598008Z [22m[39mProject create error: Error: Database error
build	Test and Coverage	2025-12-12T07:11:02.5599003Z     at [90m/home/runner/work/dashboard/dashboard/[39m__tests__/api/projects-api.spec.ts:277:51
build	Test and Coverage	2025-12-12T07:11:02.5600716Z     at [90mfile:///home/runner/work/dashboard/dashboard/[39mnode_modules/[4m.pnpm[24m/@vitest+runner@4.0.15/node_modules/[4m@vitest/runner[24m/dist/index.js:145:11
build	Test and Coverage	2025-12-12T07:11:02.5602801Z     at [90mfile:///home/runner/work/dashboard/dashboard/[39mnode_modules/[4m.pnpm[24m/@vitest+runner@4.0.15/node_modules/[4m@vitest/runner[24m/dist/index.js:915:26
build	Test and Coverage	2025-12-12T07:11:02.5605035Z     at [90mfile:///home/runner/work/dashboard/dashboard/[39mnode_modules/[4m.pnpm[24m/@vitest+runner@4.0.15/node_modules/[4m@vitest/runner[24m/dist/index.js:1240:20
build	Test and Coverage	2025-12-12T07:11:02.5606351Z     at new Promise (<anonymous>)
build	Test and Coverage	2025-12-12T07:11:02.5607953Z     at runWithTimeout [90m(file:///home/runner/work/dashboard/dashboard/[39mnode_modules/[4m.pnpm[24m/@vitest+runner@4.0.15/node_modules/[4m@vitest/runner[24m/dist/index.js:1206:10[90m)[39m
build	Test and Coverage	2025-12-12T07:11:02.5610162Z     at [90mfile:///home/runner/work/dashboard/dashboard/[39mnode_modules/[4m.pnpm[24m/@vitest+runner@4.0.15/node_modules/[4m@vitest/runner[24m/dist/index.js:1650:37
build	Test and Coverage	2025-12-12T07:11:02.5613066Z     at Traces.$ [90m(file:///home/runner/work/dashboard/dashboard/[39mnode_modules/[4m.pnpm[24m/vitest@4.0.15_@types+node@22.19.1_jiti@1.21.7_jsdom@25.0.1_msw@2.12.2_@types+node@22.19.1_typ_zh2z7euqvwudj3qkvz66kdvvpy/node_modules/[4mvitest[24m/dist/chunks/traces.U4xDYhzZ.js:115:27[90m)[39m
build	Test and Coverage	2025-12-12T07:11:02.5616733Z     at trace [90m(file:///home/runner/work/dashboard/dashboard/[39mnode_modules/[4m.pnpm[24m/vitest@4.0.15_@types+node@22.19.1_jiti@1.21.7_jsdom@25.0.1_msw@2.12.2_@types+node@22.19.1_typ_zh2z7euqvwudj3qkvz66kdvvpy/node_modules/[4mvitest[24m/dist/chunks/test.BT8LKgU9.js:239:21[90m)[39m
build	Test and Coverage	2025-12-12T07:11:02.5619546Z     at runTest [90m(file:///home/runner/work/dashboard/dashboard/[39mnode_modules/[4m.pnpm[24m/@vitest+runner@4.0.15/node_modules/[4m@vitest/runner[24m/dist/index.js:1650:12[90m)[39m
build	Test and Coverage	2025-12-12T07:11:02.5620647Z 
build	Test and Coverage	2025-12-12T07:11:02.5709625Z  [32m✓[39m __tests__/api/projects-api.spec.ts [2m([22m[2m10 tests[22m[2m)[22m[32m 38[2mms[22m[39m
build	Test and Coverage	2025-12-12T07:11:02.9672095Z [90mstdout[2m | __tests__/components/profile-page.spec.tsx[2m > [22m[2mProfilePage[2m > [22m[2mrenders profile page and loads user data
build	Test and Coverage	2025-12-12T07:11:02.9679586Z [22m[39mFetching user profile...
build	Test and Coverage	2025-12-12T07:11:02.9679934Z 
build	Test and Coverage	2025-12-12T07:11:02.9698791Z [90mstdout[2m | __tests__/components/profile-page.spec.tsx[2m > [22m[2mProfilePage[2m > [22m[2mrenders profile page and loads user data
build	Test and Coverage	2025-12-12T07:11:02.9725038Z [22m[39mUser profile loaded: {
build	Test and Coverage	2025-12-12T07:11:02.9725947Z   id: [32m'user1'[39m,
build	Test and Coverage	2025-12-12T07:11:02.9726735Z   email: [32m'test@example.com'[39m,
build	Test and Coverage	2025-12-12T07:11:02.9727525Z   name: [32m'Test User'[39m,
build	Test and Coverage	2025-12-12T07:11:02.9728543Z   image: [32m'https://example.com/avatar.jpg'[39m,
build	Test and Coverage	2025-12-12T07:11:02.9729354Z   role: [32m'USER'[39m
build	Test and Coverage	2025-12-12T07:11:02.9729931Z }
build	Test and Coverage	2025-12-12T07:11:02.9730390Z 
build	Test and Coverage	2025-12-12T07:11:03.0082229Z [90mstdout[2m | __tests__/components/profile-page.spec.tsx[2m > [22m[2mProfilePage[2m > [22m[2mdisplays user information correctly
build	Test and Coverage	2025-12-12T07:11:03.0083511Z [22m[39mFetching user profile...
build	Test and Coverage	2025-12-12T07:11:03.0083829Z 
build	Test and Coverage	2025-12-12T07:11:03.0090633Z [90mstdout[2m | __tests__/components/profile-page.spec.tsx[2m > [22m[2mProfilePage[2m > [22m[2mdisplays user information correctly
build	Test and Coverage	2025-12-12T07:11:03.0095862Z [22m[39mUser profile loaded: {
build	Test and Coverage	2025-12-12T07:11:03.0100286Z   id: [32m'user1'[39m,
build	Test and Coverage	2025-12-12T07:11:03.0104867Z   email: [32m'test@example.com'[39m,
build	Test and Coverage	2025-12-12T07:11:03.0109270Z   name: [32m'Test User'[39m,
build	Test and Coverage	2025-12-12T07:11:03.0113680Z   image: [32m'https://example.com/avatar.jpg'[39m,
build	Test and Coverage	2025-12-12T07:11:03.0118324Z   role: [32m'USER'[39m
build	Test and Coverage	2025-12-12T07:11:03.0123050Z }
build	Test and Coverage	2025-12-12T07:11:03.0125837Z 
build	Test and Coverage	2025-12-12T07:11:03.0305848Z [90mstdout[2m | __tests__/components/profile-page.spec.tsx[2m > [22m[2mProfilePage[2m > [22m[2mallows user to update name
build	Test and Coverage	2025-12-12T07:11:03.0309179Z [22m[39mFetching user profile...
build	Test and Coverage	2025-12-12T07:11:03.0309790Z 
build	Test and Coverage	2025-12-12T07:11:03.0313820Z [90mstdout[2m | __tests__/components/profile-page.spec.tsx[2m > [22m[2mProfilePage[2m > [22m[2mallows user to update name
build	Test and Coverage	2025-12-12T07:11:03.0315695Z [22m[39mUser profile loaded: {
build	Test and Coverage	2025-12-12T07:11:03.0319201Z   id: [32m'user1'[39m,
build	Test and Coverage	2025-12-12T07:11:03.0319790Z   email: [32m'test@example.com'[39m,
build	Test and Coverage	2025-12-12T07:11:03.0320384Z   name: [32m'Test User'[39m,
build	Test and Coverage	2025-12-12T07:11:03.0321030Z   image: [32m'https://example.com/avatar.jpg'[39m,
build	Test and Coverage	2025-12-12T07:11:03.0321603Z   role: [32m'USER'[39m
build	Test and Coverage	2025-12-12T07:11:03.0322391Z }
build	Test and Coverage	2025-12-12T07:11:03.0322563Z 
build	Test and Coverage	2025-12-12T07:11:03.1507240Z [90mstdout[2m | __tests__/components/profile-page.spec.tsx[2m > [22m[2mProfilePage[2m > [22m[2mallows user to update name
build	Test and Coverage	2025-12-12T07:11:03.1511967Z [22m[39monSave called {
build	Test and Coverage	2025-12-12T07:11:03.1525776Z   id: [32m'user1'[39m,
build	Test and Coverage	2025-12-12T07:11:03.1529742Z   email: [32m'test@example.com'[39m,
build	Test and Coverage	2025-12-12T07:11:03.1533604Z   name: [32m'Updated Name'[39m,
build	Test and Coverage	2025-12-12T07:11:03.1537859Z   image: [32m'https://example.com/avatar.jpg'[39m,
build	Test and Coverage	2025-12-12T07:11:03.1540918Z   role: [32m'USER'[39m
build	Test and Coverage	2025-12-12T07:11:03.1541281Z }
build	Test and Coverage	2025-12-12T07:11:03.1542070Z 
build	Test and Coverage	2025-12-12T07:11:03.1543204Z [90mstdout[2m | __tests__/components/profile-page.spec.tsx[2m > [22m[2mProfilePage[2m > [22m[2mallows user to update image URL
build	Test and Coverage	2025-12-12T07:11:03.1544502Z [22m[39mFetching user profile...
build	Test and Coverage	2025-12-12T07:11:03.1544820Z 
build	Test and Coverage	2025-12-12T07:11:03.1545880Z [90mstdout[2m | __tests__/components/profile-page.spec.tsx[2m > [22m[2mProfilePage[2m > [22m[2mallows user to update image URL
build	Test and Coverage	2025-12-12T07:11:03.1547001Z [22m[39mUser profile loaded: {
build	Test and Coverage	2025-12-12T07:11:03.1547524Z   id: [32m'user1'[39m,
build	Test and Coverage	2025-12-12T07:11:03.1548093Z   email: [32m'test@example.com'[39m,
build	Test and Coverage	2025-12-12T07:11:03.1548677Z   name: [32m'Test User'[39m,
build	Test and Coverage	2025-12-12T07:11:03.1549318Z   image: [32m'https://example.com/avatar.jpg'[39m,
build	Test and Coverage	2025-12-12T07:11:03.1549891Z   role: [32m'USER'[39m
build	Test and Coverage	2025-12-12T07:11:03.1550239Z }
build	Test and Coverage	2025-12-12T07:11:03.1550392Z 
build	Test and Coverage	2025-12-12T07:11:03.1978285Z [90mstdout[2m | __tests__/components/profile-page.spec.tsx[2m > [22m[2mProfilePage[2m > [22m[2mallows user to update image URL
build	Test and Coverage	2025-12-12T07:11:03.1979871Z [22m[39monSave called {
build	Test and Coverage	2025-12-12T07:11:03.1981111Z   id: [32m'user1'[39m,
build	Test and Coverage	2025-12-12T07:11:03.1981716Z   email: [32m'test@example.com'[39m,
build	Test and Coverage	2025-12-12T07:11:03.1982267Z   name: [32m'Test User'[39m,
build	Test and Coverage	2025-12-12T07:11:03.1982863Z   image: [32m'https://example.com/new-avatar.jpg'[39m,
build	Test and Coverage	2025-12-12T07:11:03.1983449Z   role: [32m'USER'[39m
build	Test and Coverage	2025-12-12T07:11:03.1983766Z }
build	Test and Coverage	2025-12-12T07:11:03.1983924Z 
build	Test and Coverage	2025-12-12T07:11:03.1985150Z [90mstdout[2m | __tests__/components/profile-page.spec.tsx[2m > [22m[2mProfilePage[2m > [22m[2memail and role fields are disabled
build	Test and Coverage	2025-12-12T07:11:03.1986169Z [22m[39mFetching user profile...
build	Test and Coverage	2025-12-12T07:11:03.1986479Z 
build	Test and Coverage	2025-12-12T07:11:03.1987535Z [90mstdout[2m | __tests__/components/profile-page.spec.tsx[2m > [22m[2mProfilePage[2m > [22m[2memail and role fields are disabled
build	Test and Coverage	2025-12-12T07:11:03.1988545Z [22m[39mUser profile loaded: {
build	Test and Coverage	2025-12-12T07:11:03.1989010Z   id: [32m'user1'[39m,
build	Test and Coverage	2025-12-12T07:11:03.1989515Z   email: [32m'test@example.com'[39m,
build	Test and Coverage	2025-12-12T07:11:03.1990072Z   name: [32m'Test User'[39m,
build	Test and Coverage	2025-12-12T07:11:03.1990675Z   image: [32m'https://example.com/avatar.jpg'[39m,
build	Test and Coverage	2025-12-12T07:11:03.1991246Z   role: [32m'USER'[39m
build	Test and Coverage	2025-12-12T07:11:03.1991567Z }
build	Test and Coverage	2025-12-12T07:11:03.1991717Z 
build	Test and Coverage	2025-12-12T07:11:03.1993300Z [90mstdout[2m | __tests__/components/profile-page.spec.tsx[2m > [22m[2mProfilePage[2m > [22m[2mshows loading state during save
build	Test and Coverage	2025-12-12T07:11:03.1994537Z [22m[39mFetching user profile...
build	Test and Coverage	2025-12-12T07:11:03.1994831Z 
build	Test and Coverage	2025-12-12T07:11:03.1996200Z [90mstdout[2m | __tests__/components/profile-page.spec.tsx[2m > [22m[2mProfilePage[2m > [22m[2mshows loading state during save
build	Test and Coverage	2025-12-12T07:11:03.1997205Z [22m[39mUser profile loaded: {
build	Test and Coverage	2025-12-12T07:11:03.1997658Z   id: [32m'user1'[39m,
build	Test and Coverage	2025-12-12T07:11:03.1998140Z   email: [32m'test@example.com'[39m,
build	Test and Coverage	2025-12-12T07:11:03.1998661Z   name: [32m'Test User'[39m,
build	Test and Coverage	2025-12-12T07:11:03.1999249Z   image: [32m'https://example.com/avatar.jpg'[39m,
build	Test and Coverage	2025-12-12T07:11:03.1999783Z   role: [32m'USER'[39m
build	Test and Coverage	2025-12-12T07:11:03.2000111Z }
build	Test and Coverage	2025-12-12T07:11:03.2000264Z 
build	Test and Coverage	2025-12-12T07:11:03.2093294Z [90mstdout[2m | __tests__/components/profile-page.spec.tsx[2m > [22m[2mProfilePage[2m > [22m[2mshows loading state during save
build	Test and Coverage	2025-12-12T07:11:03.2096387Z [22m[39monSave called {
build	Test and Coverage	2025-12-12T07:11:03.2097231Z   id: [32m'user1'[39m,
build	Test and Coverage	2025-12-12T07:11:03.2097813Z   email: [32m'test@example.com'[39m,
build	Test and Coverage	2025-12-12T07:11:03.2098414Z   name: [32m'Test User'[39m,
build	Test and Coverage	2025-12-12T07:11:03.2099074Z   image: [32m'https://example.com/avatar.jpg'[39m,
build	Test and Coverage	2025-12-12T07:11:03.2099730Z   role: [32m'USER'[39m
build	Test and Coverage	2025-12-12T07:11:03.2100096Z }
build	Test and Coverage	2025-12-12T07:11:03.2100258Z 
build	Test and Coverage	2025-12-12T07:11:03.3110898Z [90mstdout[2m | __tests__/components/profile-page.spec.tsx[2m > [22m[2mProfilePage[2m > [22m[2mhandles error when loading user data fails
build	Test and Coverage	2025-12-12T07:11:03.3112374Z [22m[39mFetching user profile...
build	Test and Coverage	2025-12-12T07:11:03.3114260Z 
build	Test and Coverage	2025-12-12T07:11:03.3142664Z [90mstderr[2m | __tests__/components/profile-page.spec.tsx[2m > [22m[2mProfilePage[2m > [22m[2mhandles error when loading user data fails
build	Test and Coverage	2025-12-12T07:11:03.3145227Z [22m[39mError loading profile: Error: Failed to load
build	Test and Coverage	2025-12-12T07:11:03.3146466Z     at [90m/home/runner/work/dashboard/dashboard/[39m__tests__/components/profile-page.spec.tsx:157:57
build	Test and Coverage	2025-12-12T07:11:03.3148444Z     at [90mfile:///home/runner/work/dashboard/dashboard/[39mnode_modules/[4m.pnpm[24m/@vitest+runner@4.0.15/node_modules/[4m@vitest/runner[24m/dist/index.js:145:11
build	Test and Coverage	2025-12-12T07:11:03.3150718Z     at [90mfile:///home/runner/work/dashboard/dashboard/[39mnode_modules/[4m.pnpm[24m/@vitest+runner@4.0.15/node_modules/[4m@vitest/runner[24m/dist/index.js:915:26
build	Test and Coverage	2025-12-12T07:11:03.3152955Z     at [90mfile:///home/runner/work/dashboard/dashboard/[39mnode_modules/[4m.pnpm[24m/@vitest+runner@4.0.15/node_modules/[4m@vitest/runner[24m/dist/index.js:1240:20
build	Test and Coverage	2025-12-12T07:11:03.3154390Z     at new Promise (<anonymous>)
build	Test and Coverage	2025-12-12T07:11:03.3156051Z     at runWithTimeout [90m(file:///home/runner/work/dashboard/dashboard/[39mnode_modules/[4m.pnpm[24m/@vitest+runner@4.0.15/node_modules/[4m@vitest/runner[24m/dist/index.js:1206:10[90m)[39m
build	Test and Coverage	2025-12-12T07:11:03.3158339Z     at [90mfile:///home/runner/work/dashboard/dashboard/[39mnode_modules/[4m.pnpm[24m/@vitest+runner@4.0.15/node_modules/[4m@vitest/runner[24m/dist/index.js:1650:37
build	Test and Coverage	2025-12-12T07:11:03.3161419Z     at Traces.$ [90m(file:///home/runner/work/dashboard/dashboard/[39mnode_modules/[4m.pnpm[24m/vitest@4.0.15_@types+node@22.19.1_jiti@1.21.7_jsdom@25.0.1_msw@2.12.2_@types+node@22.19.1_typ_zh2z7euqvwudj3qkvz66kdvvpy/node_modules/[4mvitest[24m/dist/chunks/traces.U4xDYhzZ.js:115:27[90m)[39m
build	Test and Coverage	2025-12-12T07:11:03.3165288Z     at trace [90m(file:///home/runner/work/dashboard/dashboard/[39mnode_modules/[4m.pnpm[24m/vitest@4.0.15_@types+node@22.19.1_jiti@1.21.7_jsdom@25.0.1_msw@2.12.2_@types+node@22.19.1_typ_zh2z7euqvwudj3qkvz66kdvvpy/node_modules/[4mvitest[24m/dist/chunks/test.BT8LKgU9.js:239:21[90m)[39m
build	Test and Coverage	2025-12-12T07:11:03.3168265Z     at runTest [90m(file:///home/runner/work/dashboard/dashboard/[39mnode_modules/[4m.pnpm[24m/@vitest+runner@4.0.15/node_modules/[4m@vitest/runner[24m/dist/index.js:1650:12[90m)[39m
build	Test and Coverage	2025-12-12T07:11:03.3169368Z 
build	Test and Coverage	2025-12-12T07:11:03.3269294Z  [32m✓[39m __tests__/components/profile-page.spec.tsx [2m([22m[2m8 tests[22m[2m)[22m[33m 405[2mms[22m[39m
build	Test and Coverage	2025-12-12T07:11:03.6752484Z  [32m✓[39m __tests__/api/milestones.spec.ts [2m([22m[2m12 tests[22m[2m)[22m[32m 82[2mms[22m[39m
build	Test and Coverage	2025-12-12T07:11:04.4507597Z  [32m✓[39m __tests__/components/projects-page.spec.tsx [2m([22m[2m8 tests[22m[2m)[22m[33m 1134[2mms[22m[39m
build	Test and Coverage	2025-12-12T07:11:04.4513623Z      [33m[2m✓[22m[39m creates new project successfully [33m 348[2mms[22m[39m
build	Test and Coverage	2025-12-12T07:11:04.9041800Z  [32m✓[39m __tests__/api/financial.spec.ts [2m([22m[2m7 tests[22m[2m)[22m[32m 63[2mms[22m[39m
build	Test and Coverage	2025-12-12T07:11:05.7194930Z  [32m✓[39m __tests__/components/finance-pages.spec.tsx [2m([22m[2m10 tests[22m[2m)[22m[33m 499[2mms[22m[39m
build	Test and Coverage	2025-12-12T07:11:05.7467922Z [90mstdout[2m | __tests__/integration/tasks-api.spec.ts[2m > [22m[2mTasks API Integration Tests
build	Test and Coverage	2025-12-12T07:11:05.7471124Z [22m[39mprisma:query INSERT INTO `main`.`User` (`id`, `name`, `email`, `role`, `password`, `createdAt`, `updatedAt`) VALUES (?,?,?,?,?,?,?) RETURNING `id` AS `id`, `name` AS `name`, `email` AS `email`, `emailVerified` AS `emailVerified`, `image` AS `image`, `role` AS `role`, `password` AS `password`, `createdAt` AS `createdAt`, `updatedAt` AS `updatedAt`
build	Test and Coverage	2025-12-12T07:11:05.7477858Z 
build	Test and Coverage	2025-12-12T07:11:05.7534968Z  [31m❯[39m __tests__/integration/tasks-api.spec.ts [2m([22m[2m6 tests[22m[2m | [22m[33m6 skipped[39m[2m)[22m[32m 151[2mms[22m[39m
build	Test and Coverage	2025-12-12T07:11:05.7547060Z        [2m[90m↓[39m[22m should create a task
build	Test and Coverage	2025-12-12T07:11:05.7547791Z        [2m[90m↓[39m[22m should assign task to user
build	Test and Coverage	2025-12-12T07:11:05.7548425Z        [2m[90m↓[39m[22m should update task status
build	Test and Coverage	2025-12-12T07:11:05.7549056Z        [2m[90m↓[39m[22m should set task due date
build	Test and Coverage	2025-12-12T07:11:05.7549697Z        [2m[90m↓[39m[22m should complete task
build	Test and Coverage	2025-12-12T07:11:05.7550347Z        [2m[90m↓[39m[22m should fetch tasks by project
build	Test and Coverage	2025-12-12T07:11:06.1576180Z [90mstdout[2m | __tests__/integration/projects-api.spec.ts[2m > [22m[2mProjects API Integration Tests
build	Test and Coverage	2025-12-12T07:11:06.1581524Z [22m[39mprisma:query INSERT INTO `main`.`User` (`id`, `name`, `email`, `role`, `password`, `createdAt`, `updatedAt`) VALUES (?,?,?,?,?,?,?) RETURNING `id` AS `id`, `name` AS `name`, `email` AS `email`, `emailVerified` AS `emailVerified`, `image` AS `image`, `role` AS `role`, `password` AS `password`, `createdAt` AS `createdAt`, `updatedAt` AS `updatedAt`
build	Test and Coverage	2025-12-12T07:11:06.1583899Z 
build	Test and Coverage	2025-12-12T07:11:06.1639105Z  [31m❯[39m __tests__/integration/projects-api.spec.ts [2m([22m[2m4 tests[22m[2m | [22m[33m4 skipped[39m[2m)[22m[32m 142[2mms[22m[39m
build	Test and Coverage	2025-12-12T07:11:06.1640988Z        [2m[90m↓[39m[22m should create a project in database
build	Test and Coverage	2025-12-12T07:11:06.1653560Z        [2m[90m↓[39m[22m should fetch project with members
build	Test and Coverage	2025-12-12T07:11:06.1654535Z        [2m[90m↓[39m[22m should update project status
build	Test and Coverage	2025-12-12T07:11:06.1655263Z        [2m[90m↓[39m[22m should add budget to project
build	Test and Coverage	2025-12-12T07:11:06.8507282Z  [32m✓[39m __tests__/api/projects.spec.ts [2m([22m[2m6 tests[22m[2m)[22m[32m 51[2mms[22m[39m
build	Test and Coverage	2025-12-12T07:11:06.8946481Z  [32m✓[39m __tests__/hooks/use-auth.spec.ts [2m([22m[2m4 tests[22m[2m)[22m[32m 31[2mms[22m[39m
build	Test and Coverage	2025-12-12T07:11:07.2329698Z  [32m✓[39m __tests__/api/tasks.spec.ts [2m([22m[2m6 tests[22m[2m)[22m[32m 48[2mms[22m[39m
build	Test and Coverage	2025-12-12T07:11:07.9377465Z [90mstdout[2m | __tests__/integration/auth-api.spec.ts[2m > [22m[2mAuth API Integration Tests
build	Test and Coverage	2025-12-12T07:11:07.9380784Z [22m[39mprisma:query DELETE FROM `main`.`User` WHERE `main`.`User`.`email` = ?
build	Test and Coverage	2025-12-12T07:11:07.9382738Z 
build	Test and Coverage	2025-12-12T07:11:07.9462098Z  [31m❯[39m __tests__/integration/auth-api.spec.ts [2m([22m[2m5 tests[22m[2m | [22m[33m5 skipped[39m[2m)[22m[32m 23[2mms[22m[39m
build	Test and Coverage	2025-12-12T07:11:07.9468133Z        [2m[90m↓[39m[22m should create a new user in database
build	Test and Coverage	2025-12-12T07:11:07.9472543Z        [2m[90m↓[39m[22m should find user by email
build	Test and Coverage	2025-12-12T07:11:07.9477290Z        [2m[90m↓[39m[22m should update user name
build	Test and Coverage	2025-12-12T07:11:07.9482142Z        [2m[90m↓[39m[22m should reject duplicate email (database constraint)
build	Test and Coverage	2025-12-12T07:11:07.9486185Z        [2m[90m↓[39m[22m should list all users
build	Test and Coverage	2025-12-12T07:11:08.0996694Z  [32m✓[39m __tests__/components/ui/card.spec.tsx [2m([22m[2m2 tests[22m[2m)[22m[32m 65[2mms[22m[39m
build	Test and Coverage	2025-12-12T07:11:09.2576767Z  [32m✓[39m __tests__/components/ui-components.spec.tsx [2m([22m[2m6 tests[22m[2m)[22m[32m 53[2mms[22m[39m
build	Test and Coverage	2025-12-12T07:11:10.0908415Z  [32m✓[39m __tests__/components/dashboard-pages.spec.tsx [2m([22m[2m5 tests[22m[2m)[22m[33m 350[2mms[22m[39m
build	Test and Coverage	2025-12-12T07:11:10.3095800Z  [32m✓[39m __tests__/api/user.spec.ts [2m([22m[2m4 tests[22m[2m)[22m[32m 51[2mms[22m[39m
build	Test and Coverage	2025-12-12T07:11:10.9005987Z [90mstderr[2m | __tests__/task-dialog.spec.tsx[2m > [22m[2mdialog focuses title and supports Enter/Escape
build	Test and Coverage	2025-12-12T07:11:10.9015823Z [22m[39m`DialogContent` requires a `DialogTitle` for the component to be accessible for screen reader users.
build	Test and Coverage	2025-12-12T07:11:10.9020805Z 
build	Test and Coverage	2025-12-12T07:11:10.9025853Z If you want to hide the `DialogTitle`, you can wrap it with our VisuallyHidden component.
build	Test and Coverage	2025-12-12T07:11:10.9027999Z 
build	Test and Coverage	2025-12-12T07:11:10.9029893Z For more information, see https://radix-ui.com/primitives/docs/components/dialog
build	Test and Coverage	2025-12-12T07:11:10.9031645Z 
build	Test and Coverage	2025-12-12T07:11:10.9327743Z  [32m✓[39m __tests__/task-dialog.spec.tsx [2m([22m[2m1 test[22m[2m)[22m[32m 255[2mms[22m[39m
build	Test and Coverage	2025-12-12T07:11:11.9138732Z  [32m✓[39m __tests__/components/ui/dialog.spec.tsx [2m([22m[2m2 tests[22m[2m)[22m[32m 203[2mms[22m[39m
build	Test and Coverage	2025-12-12T07:11:11.9385767Z  [32m✓[39m __tests__/components/layout.spec.tsx [2m([22m[2m3 tests[22m[2m)[22m[32m 174[2mms[22m[39m
build	Test and Coverage	2025-12-12T07:11:12.2142200Z  [32m✓[39m __tests__/hooks/use-mobile.spec.tsx [2m([22m[2m2 tests[22m[2m)[22m[32m 27[2mms[22m[39m
build	Test and Coverage	2025-12-12T07:11:13.3350918Z  [32m✓[39m __tests__/components/ui/button.spec.tsx [2m([22m[2m4 tests[22m[2m)[22m[32m 141[2mms[22m[39m
build	Test and Coverage	2025-12-12T07:11:13.5395130Z  [32m✓[39m __tests__/components/ui/accordion.spec.tsx [2m([22m[2m1 test[22m[2m)[22m[32m 178[2mms[22m[39m
build	Test and Coverage	2025-12-12T07:11:13.5770717Z  [32m✓[39m __tests__/components/ui/avatar.spec.tsx [2m([22m[2m3 tests[22m[2m)[22m[32m 65[2mms[22m[39m
build	Test and Coverage	2025-12-12T07:11:14.8818803Z  [32m✓[39m __tests__/components/ui/badge.spec.tsx [2m([22m[2m4 tests[22m[2m)[22m[32m 61[2mms[22m[39m
build	Test and Coverage	2025-12-12T07:11:15.0187882Z  [32m✓[39m __tests__/components/ui/tabs.spec.tsx [2m([22m[2m1 test[22m[2m)[22m[32m 167[2mms[22m[39m
build	Test and Coverage	2025-12-12T07:11:15.1113937Z  [32m✓[39m __tests__/components/ui/dropdown-menu.spec.tsx [2m([22m[2m1 test[22m[2m)[22m[32m 186[2mms[22m[39m
build	Test and Coverage	2025-12-12T07:11:16.0170560Z  [32m✓[39m __tests__/components/ui/input.spec.tsx [2m([22m[2m3 tests[22m[2m)[22m[32m 53[2mms[22m[39m
build	Test and Coverage	2025-12-12T07:11:16.6502773Z  [32m✓[39m __tests__/components/ui/switch.spec.tsx [2m([22m[2m1 test[22m[2m)[22m[32m 153[2mms[22m[39m
build	Test and Coverage	2025-12-12T07:11:16.6705816Z  [32m✓[39m __tests__/components/ui/checkbox.spec.tsx [2m([22m[2m1 test[22m[2m)[22m[32m 135[2mms[22m[39m
build	Test and Coverage	2025-12-12T07:11:17.1081091Z  [32m✓[39m __tests__/lib/utils.spec.ts [2m([22m[2m3 tests[22m[2m)[22m[32m 15[2mms[22m[39m
build	Test and Coverage	2025-12-12T07:11:17.8964511Z  [32m✓[39m __tests__/components/auth-provider.spec.tsx [2m([22m[2m1 test[22m[2m)[22m[32m 29[2mms[22m[39m
build	Test and Coverage	2025-12-12T07:11:18.0051328Z  [32m✓[39m __tests__/components/ui/separator.spec.tsx [2m([22m[2m2 tests[22m[2m)[22m[32m 36[2mms[22m[39m
build	Test and Coverage	2025-12-12T07:11:18.2651401Z  [32m✓[39m __tests__/components/ui/label.spec.tsx [2m([22m[2m1 test[22m[2m)[22m[32m 34[2mms[22m[39m
build	Test and Coverage	2025-12-12T07:11:18.7943436Z  [32m✓[39m __tests__/components/ui/skeleton.spec.tsx [2m([22m[2m1 test[22m[2m)[22m[32m 22[2mms[22m[39m
build	Test and Coverage	2025-12-12T07:11:18.8484726Z 
build	Test and Coverage	2025-12-12T07:11:18.8485966Z [31m⎯⎯⎯⎯⎯⎯[39m[1m[41m Failed Suites 3 [49m[22m[31m⎯⎯⎯⎯⎯⎯⎯[39m
build	Test and Coverage	2025-12-12T07:11:18.8486353Z 
build	Test and Coverage	2025-12-12T07:11:18.8488845Z [41m[1m FAIL [22m[49m __tests__/integration/auth-api.spec.ts[2m > [22mAuth API Integration Tests
build	Test and Coverage	2025-12-12T07:11:18.8497496Z [31m[1mPrismaClientKnownRequestError[22m: 
build	Test and Coverage	2025-12-12T07:11:18.8498127Z Invalid `prisma.user.deleteMany()` invocation:
build	Test and Coverage	2025-12-12T07:11:18.8498379Z 
build	Test and Coverage	2025-12-12T07:11:18.8498387Z 
build	Test and Coverage	2025-12-12T07:11:18.8498808Z The table `main.User` does not exist in the current database.[39m
build	Test and Coverage	2025-12-12T07:11:18.8500098Z [90m [2m❯[22m ei.handleRequestError node_modules/.pnpm/@prisma+client@6.19.0_prisma@6.19.0_magicast@0.3.5_typescript@5.9.3__typescript@5.9.3/node_modules/@prisma/client/runtime/library.js:[2m121:7268[22m[39m
build	Test and Coverage	2025-12-12T07:11:18.8501675Z [90m [2m❯[22m ei.handleAndLogRequestError node_modules/.pnpm/@prisma+client@6.19.0_prisma@6.19.0_magicast@0.3.5_typescript@5.9.3__typescript@5.9.3/node_modules/@prisma/client/runtime/library.js:[2m121:6593[22m[39m
build	Test and Coverage	2025-12-12T07:11:18.8503378Z [90m [2m❯[22m ei.request node_modules/.pnpm/@prisma+client@6.19.0_prisma@6.19.0_magicast@0.3.5_typescript@5.9.3__typescript@5.9.3/node_modules/@prisma/client/runtime/library.js:[2m121:6300[22m[39m
build	Test and Coverage	2025-12-12T07:11:18.8505031Z [90m [2m❯[22m a node_modules/.pnpm/@prisma+client@6.19.0_prisma@6.19.0_magicast@0.3.5_typescript@5.9.3__typescript@5.9.3/node_modules/@prisma/client/runtime/library.js:[2m130:9551[22m[39m
build	Test and Coverage	2025-12-12T07:11:18.8505878Z [36m [2m❯[22m __tests__/integration/auth-api.spec.ts:[2m10:5[22m[39m
build	Test and Coverage	2025-12-12T07:11:18.8528664Z     [90m  8| [39m  [34mbeforeAll[39m([35masync[39m () [33m=>[39m {
build	Test and Coverage	2025-12-12T07:11:18.8529126Z     [90m  9| [39m    [90m// Clean up test user if exists[39m
build	Test and Coverage	2025-12-12T07:11:18.8529635Z     [90m 10| [39m    [35mawait[39m prisma[33m.[39muser[33m.[39m[34mdeleteMany[39m({
build	Test and Coverage	2025-12-12T07:11:18.8530203Z     [90m   | [39m    [31m^[39m
build	Test and Coverage	2025-12-12T07:11:18.8530819Z     [90m 11| [39m      where[33m:[39m { email[33m:[39m [32m'integration-test@example.com'[39m }
build	Test and Coverage	2025-12-12T07:11:18.8531223Z     [90m 12| [39m    })
build	Test and Coverage	2025-12-12T07:11:18.8531364Z 
build	Test and Coverage	2025-12-12T07:11:18.8531585Z [31m[2m⎯⎯⎯⎯⎯⎯⎯⎯⎯⎯⎯⎯⎯⎯⎯⎯⎯⎯⎯⎯⎯⎯⎯⎯[1/3]⎯[22m[39m
build	Test and Coverage	2025-12-12T07:11:18.8531869Z 
build	Test and Coverage	2025-12-12T07:11:18.8532592Z [41m[1m FAIL [22m[49m __tests__/integration/projects-api.spec.ts[2m > [22mProjects API Integration Tests
build	Test and Coverage	2025-12-12T07:11:18.8533386Z [31m[1mPrismaClientKnownRequestError[22m: 
build	Test and Coverage	2025-12-12T07:11:18.8533914Z Invalid `prisma.user.create()` invocation:
build	Test and Coverage	2025-12-12T07:11:18.8534326Z 
build	Test and Coverage	2025-12-12T07:11:18.8534335Z 
build	Test and Coverage	2025-12-12T07:11:18.8534632Z The table `main.User` does not exist in the current database.[39m
build	Test and Coverage	2025-12-12T07:11:18.8535776Z [90m [2m❯[22m ei.handleRequestError node_modules/.pnpm/@prisma+client@6.19.0_prisma@6.19.0_magicast@0.3.5_typescript@5.9.3__typescript@5.9.3/node_modules/@prisma/client/runtime/library.js:[2m121:7268[22m[39m
build	Test and Coverage	2025-12-12T07:11:18.8537322Z [90m [2m❯[22m ei.handleAndLogRequestError node_modules/.pnpm/@prisma+client@6.19.0_prisma@6.19.0_magicast@0.3.5_typescript@5.9.3__typescript@5.9.3/node_modules/@prisma/client/runtime/library.js:[2m121:6593[22m[39m
build	Test and Coverage	2025-12-12T07:11:18.8538797Z [90m [2m❯[22m ei.request node_modules/.pnpm/@prisma+client@6.19.0_prisma@6.19.0_magicast@0.3.5_typescript@5.9.3__typescript@5.9.3/node_modules/@prisma/client/runtime/library.js:[2m121:6300[22m[39m
build	Test and Coverage	2025-12-12T07:11:18.8540181Z [90m [2m❯[22m a node_modules/.pnpm/@prisma+client@6.19.0_prisma@6.19.0_magicast@0.3.5_typescript@5.9.3__typescript@5.9.3/node_modules/@prisma/client/runtime/library.js:[2m130:9551[22m[39m
build	Test and Coverage	2025-12-12T07:11:18.8541071Z [36m [2m❯[22m __tests__/integration/projects-api.spec.ts:[2m14:16[22m[39m
build	Test and Coverage	2025-12-12T07:11:18.8545156Z     [90m 12| [39m    )
build	Test and Coverage	2025-12-12T07:11:18.8545586Z     [90m 13| [39m    
build	Test and Coverage	2025-12-12T07:11:18.8546098Z     [90m 14| [39m    testUser [33m=[39m [35mawait[39m prisma[33m.[39muser[33m.[39m[34mcreate[39m({
build	Test and Coverage	2025-12-12T07:11:18.8546559Z     [90m   | [39m               [31m^[39m
build	Test and Coverage	2025-12-12T07:11:18.8546878Z     [90m 15| [39m      data[33m:[39m {
build	Test and Coverage	2025-12-12T07:11:18.8547624Z     [90m 16| [39m        email[33m:[39m [32m`projects-test-[39m[36m${[39m[33mDate[39m[33m.[39m[34mnow[39m()[36m}[39m[32m@example.com`[39m[33m,[39m
build	Test and Coverage	2025-12-12T07:11:18.8548467Z 
build	Test and Coverage	2025-12-12T07:11:18.8548814Z [31m[2m⎯⎯⎯⎯⎯⎯⎯⎯⎯⎯⎯⎯⎯⎯⎯⎯⎯⎯⎯⎯⎯⎯⎯⎯[2/3]⎯[22m[39m
build	Test and Coverage	2025-12-12T07:11:18.8549098Z 
build	Test and Coverage	2025-12-12T07:11:18.8549734Z [41m[1m FAIL [22m[49m __tests__/integration/tasks-api.spec.ts[2m > [22mTasks API Integration Tests
build	Test and Coverage	2025-12-12T07:11:18.8550294Z [31m[1mPrismaClientKnownRequestError[22m: 
build	Test and Coverage	2025-12-12T07:11:18.8550630Z Invalid `prisma.user.create()` invocation:
build	Test and Coverage	2025-12-12T07:11:18.8550815Z 
build	Test and Coverage	2025-12-12T07:11:18.8550820Z 
build	Test and Coverage	2025-12-12T07:11:18.8551100Z The table `main.User` does not exist in the current database.[39m
build	Test and Coverage	2025-12-12T07:11:18.8552240Z [90m [2m❯[22m ei.handleRequestError node_modules/.pnpm/@prisma+client@6.19.0_prisma@6.19.0_magicast@0.3.5_typescript@5.9.3__typescript@5.9.3/node_modules/@prisma/client/runtime/library.js:[2m121:7268[22m[39m
build	Test and Coverage	2025-12-12T07:11:18.8553942Z [90m [2m❯[22m ei.handleAndLogRequestError node_modules/.pnpm/@prisma+client@6.19.0_prisma@6.19.0_magicast@0.3.5_typescript@5.9.3__typescript@5.9.3/node_modules/@prisma/client/runtime/library.js:[2m121:6593[22m[39m
build	Test and Coverage	2025-12-12T07:11:18.8555791Z [90m [2m❯[22m ei.request node_modules/.pnpm/@prisma+client@6.19.0_prisma@6.19.0_magicast@0.3.5_typescript@5.9.3__typescript@5.9.3/node_modules/@prisma/client/runtime/library.js:[2m121:6300[22m[39m
build	Test and Coverage	2025-12-12T07:11:18.8557151Z [90m [2m❯[22m a node_modules/.pnpm/@prisma+client@6.19.0_prisma@6.19.0_magicast@0.3.5_typescript@5.9.3__typescript@5.9.3/node_modules/@prisma/client/runtime/library.js:[2m130:9551[22m[39m
build	Test and Coverage	2025-12-12T07:11:18.8558003Z [36m [2m❯[22m __tests__/integration/tasks-api.spec.ts:[2m15:16[22m[39m
build	Test and Coverage	2025-12-12T07:11:18.8570896Z     [90m 13| [39m    )
build	Test and Coverage	2025-12-12T07:11:18.8571326Z     [90m 14| [39m    
build	Test and Coverage	2025-12-12T07:11:18.8572133Z     [90m 15| [39m    testUser [33m=[39m [35mawait[39m prisma[33m.[39muser[33m.[39m[34mcreate[39m({
build	Test and Coverage	2025-12-12T07:11:18.8572739Z     [90m   | [39m               [31m^[39m
build	Test and Coverage	2025-12-12T07:11:18.8573054Z     [90m 16| [39m      data[33m:[39m {
build	Test and Coverage	2025-12-12T07:11:18.8573883Z     [90m 17| [39m        email[33m:[39m [32m`tasks-test-[39m[36m${[39m[33mDate[39m[33m.[39m[34mnow[39m()[36m}[39m[32m@example.com`[39m[33m,[39m
build	Test and Coverage	2025-12-12T07:11:18.8574706Z 
build	Test and Coverage	2025-12-12T07:11:18.8575079Z [31m[2m⎯⎯⎯⎯⎯⎯⎯⎯⎯⎯⎯⎯⎯⎯⎯⎯⎯⎯⎯⎯⎯⎯⎯⎯[3/3]⎯[22m[39m
build	Test and Coverage	2025-12-12T07:11:18.8575270Z 
build	Test and Coverage	2025-12-12T07:11:18.8575299Z 
build	Test and Coverage	2025-12-12T07:11:18.8580090Z [2m Test Files [22m [1m[31m3 failed[39m[22m[2m | [22m[1m[32m31 passed[39m[22m[90m (34)[39m
build	Test and Coverage	2025-12-12T07:11:18.8581254Z [2m      Tests [22m [1m[32m123 passed[39m[22m[2m | [22m[33m15 skipped[39m[90m (138)[39m
build	Test and Coverage	2025-12-12T07:11:18.8581966Z [2m   Start at [22m 07:11:00
build	Test and Coverage	2025-12-12T07:11:18.8584865Z [2m   Duration [22m 18.11s[2m (transform 4.50s, setup 8.18s, import 12.75s, tests 5.12s, environment 19.88s)[22m
build	Test and Coverage	2025-12-12T07:11:18.8585481Z 
build	Test and Coverage	2025-12-12T07:11:18.8615862Z 
build	Test and Coverage	2025-12-12T07:11:18.8642899Z ##[error]PrismaClientKnownRequestError: 
build	Test and Coverage	Invalid `prisma.user.deleteMany()` invocation:
build	Test and Coverage	
build	Test and Coverage	
build	Test and Coverage	The table `main.User` does not exist in the current database.
build	Test and Coverage	 ❯ ei.handleRequestError node_modules/.pnpm/@prisma+client@6.19.0_prisma@6.19.0_magicast@0.3.5_typescript@5.9.3__typescript@5.9.3/node_modules/@prisma/client/runtime/library.js:121:7268
build	Test and Coverage	 ❯ ei.handleAndLogRequestError node_modules/.pnpm/@prisma+client@6.19.0_prisma@6.19.0_magicast@0.3.5_typescript@5.9.3__typescript@5.9.3/node_modules/@prisma/client/runtime/library.js:121:6593
build	Test and Coverage	 ❯ ei.request node_modules/.pnpm/@prisma+client@6.19.0_prisma@6.19.0_magicast@0.3.5_typescript@5.9.3__typescript@5.9.3/node_modules/@prisma/client/runtime/library.js:121:6300
build	Test and Coverage	 ❯ a node_modules/.pnpm/@prisma+client@6.19.0_prisma@6.19.0_magicast@0.3.5_typescript@5.9.3__typescript@5.9.3/node_modules/@prisma/client/runtime/library.js:130:9551
build	Test and Coverage	 ❯ __tests__/integration/auth-api.spec.ts:10:5
build	Test and Coverage	
build	Test and Coverage	⎯⎯⎯⎯⎯⎯⎯⎯⎯⎯⎯⎯⎯⎯⎯⎯⎯⎯⎯⎯⎯⎯⎯⎯⎯⎯⎯⎯⎯⎯
build	Test and Coverage	Serialized Error: { code: 'P2021', meta: { modelName: 'User', table: 'main.User' }, clientVersion: '6.19.0', batchRequestIdx: undefined }
build	Test and Coverage	
build	Test and Coverage	2025-12-12T07:11:18.8657459Z 
build	Test and Coverage	2025-12-12T07:11:18.8665935Z ##[error]PrismaClientKnownRequestError: 
build	Test and Coverage	Invalid `prisma.user.create()` invocation:
build	Test and Coverage	
build	Test and Coverage	
build	Test and Coverage	The table `main.User` does not exist in the current database.
build	Test and Coverage	 ❯ ei.handleRequestError node_modules/.pnpm/@prisma+client@6.19.0_prisma@6.19.0_magicast@0.3.5_typescript@5.9.3__typescript@5.9.3/node_modules/@prisma/client/runtime/library.js:121:7268
build	Test and Coverage	 ❯ ei.handleAndLogRequestError node_modules/.pnpm/@prisma+client@6.19.0_prisma@6.19.0_magicast@0.3.5_typescript@5.9.3__typescript@5.9.3/node_modules/@prisma/client/runtime/library.js:121:6593
build	Test and Coverage	 ❯ ei.request node_modules/.pnpm/@prisma+client@6.19.0_prisma@6.19.0_magicast@0.3.5_typescript@5.9.3__typescript@5.9.3/node_modules/@prisma/client/runtime/library.js:121:6300
build	Test and Coverage	 ❯ a node_modules/.pnpm/@prisma+client@6.19.0_prisma@6.19.0_magicast@0.3.5_typescript@5.9.3__typescript@5.9.3/node_modules/@prisma/client/runtime/library.js:130:9551
build	Test and Coverage	 ❯ __tests__/integration/projects-api.spec.ts:14:16
build	Test and Coverage	
build	Test and Coverage	⎯⎯⎯⎯⎯⎯⎯⎯⎯⎯⎯⎯⎯⎯⎯⎯⎯⎯⎯⎯⎯⎯⎯⎯⎯⎯⎯⎯⎯⎯
build	Test and Coverage	Serialized Error: { code: 'P2021', meta: { modelName: 'User', table: 'main.User' }, clientVersion: '6.19.0', batchRequestIdx: undefined }
build	Test and Coverage	
build	Test and Coverage	2025-12-12T07:11:18.8670008Z 
build	Test and Coverage	2025-12-12T07:11:18.8677654Z ##[error]PrismaClientKnownRequestError: 
build	Test and Coverage	Invalid `prisma.user.create()` invocation:
build	Test and Coverage	
build	Test and Coverage	
build	Test and Coverage	The table `main.User` does not exist in the current database.
build	Test and Coverage	 ❯ ei.handleRequestError node_modules/.pnpm/@prisma+client@6.19.0_prisma@6.19.0_magicast@0.3.5_typescript@5.9.3__typescript@5.9.3/node_modules/@prisma/client/runtime/library.js:121:7268
build	Test and Coverage	 ❯ ei.handleAndLogRequestError node_modules/.pnpm/@prisma+client@6.19.0_prisma@6.19.0_magicast@0.3.5_typescript@5.9.3__typescript@5.9.3/node_modules/@prisma/client/runtime/library.js:121:6593
build	Test and Coverage	 ❯ ei.request node_modules/.pnpm/@prisma+client@6.19.0_prisma@6.19.0_magicast@0.3.5_typescript@5.9.3__typescript@5.9.3/node_modules/@prisma/client/runtime/library.js:121:6300
build	Test and Coverage	 ❯ a node_modules/.pnpm/@prisma+client@6.19.0_prisma@6.19.0_magicast@0.3.5_typescript@5.9.3__typescript@5.9.3/node_modules/@prisma/client/runtime/library.js:130:9551
build	Test and Coverage	 ❯ __tests__/integration/tasks-api.spec.ts:15:16
build	Test and Coverage	
build	Test and Coverage	⎯⎯⎯⎯⎯⎯⎯⎯⎯⎯⎯⎯⎯⎯⎯⎯⎯⎯⎯⎯⎯⎯⎯⎯⎯⎯⎯⎯⎯⎯
build	Test and Coverage	Serialized Error: { code: 'P2021', meta: { modelName: 'User', table: 'main.User' }, clientVersion: '6.19.0', batchRequestIdx: undefined }
build	Test and Coverage	
build	Test and Coverage	2025-12-12T07:11:18.9068423Z  ELIFECYCLE  Command failed with exit code 1.
build	Test and Coverage	2025-12-12T07:11:18.9267012Z ##[error]Process completed with exit code 1.
build	Upload coverage report	﻿2025-12-12T07:11:18.9325028Z ##[group]Run actions/upload-artifact@v4
build	Upload coverage report	2025-12-12T07:11:18.9325335Z with:
build	Upload coverage report	2025-12-12T07:11:18.9325518Z   name: coverage-report
build	Upload coverage report	2025-12-12T07:11:18.9325723Z   path: coverage/
build	Upload coverage report	2025-12-12T07:11:18.9325908Z   retention-days: 30
build	Upload coverage report	2025-12-12T07:11:18.9326111Z   if-no-files-found: warn
build	Upload coverage report	2025-12-12T07:11:18.9326321Z   compression-level: 6
build	Upload coverage report	2025-12-12T07:11:18.9326509Z   overwrite: false
build	Upload coverage report	2025-12-12T07:11:18.9326722Z   include-hidden-files: false
build	Upload coverage report	2025-12-12T07:11:18.9326930Z env:
build	Upload coverage report	2025-12-12T07:11:18.9327139Z   PNPM_HOME: /home/runner/setup-pnpm/node_modules/.bin
build	Upload coverage report	2025-12-12T07:11:18.9327411Z ##[endgroup]
build	Upload coverage report	2025-12-12T07:11:19.1490234Z ##[warning]No files were found with the provided path: coverage/. No artifacts will be uploaded.
build	Upload build artifact	﻿2025-12-12T07:11:19.1618173Z ##[group]Run actions/upload-artifact@v4
build	Upload build artifact	2025-12-12T07:11:19.1618577Z with:
build	Upload build artifact	2025-12-12T07:11:19.1618860Z   name: next-build
build	Upload build artifact	2025-12-12T07:11:19.1619210Z   path: .next
build	Upload build artifact	package.json
build	Upload build artifact	next.config.mjs
build	Upload build artifact	pnpm-lock.yaml
build	Upload build artifact	
build	Upload build artifact	2025-12-12T07:11:19.1630193Z   if-no-files-found: warn
build	Upload build artifact	2025-12-12T07:11:19.1630467Z   compression-level: 6
build	Upload build artifact	2025-12-12T07:11:19.1630681Z   overwrite: false
build	Upload build artifact	2025-12-12T07:11:19.1630887Z   include-hidden-files: false
build	Upload build artifact	2025-12-12T07:11:19.1631102Z env:
build	Upload build artifact	2025-12-12T07:11:19.1631320Z   PNPM_HOME: /home/runner/setup-pnpm/node_modules/.bin
build	Upload build artifact	2025-12-12T07:11:19.1631605Z ##[endgroup]
build	Upload build artifact	2025-12-12T07:11:19.3790159Z Multiple search paths detected. Calculating the least common ancestor of all paths
build	Upload build artifact	2025-12-12T07:11:19.3797276Z The least common ancestor is /home/runner/work/dashboard/dashboard. This will be the root directory of the artifact
build	Upload build artifact	2025-12-12T07:11:19.3798405Z With the provided path, there will be 3 files uploaded
build	Upload build artifact	2025-12-12T07:11:19.3804739Z Artifact name is valid!
build	Upload build artifact	2025-12-12T07:11:19.3805133Z Root directory input is valid!
build	Upload build artifact	2025-12-12T07:11:19.6232725Z Beginning upload of artifact content to blob storage
build	Upload build artifact	2025-12-12T07:11:19.9950534Z Uploaded bytes 104277
build	Upload build artifact	2025-12-12T07:11:20.0565904Z Finished uploading artifact content to blob storage!
build	Upload build artifact	2025-12-12T07:11:20.0569775Z SHA256 digest of uploaded artifact zip is 228c11e41e5f533c2078a038eb8c33ab8e384d4df467b64f0fcc8b092e3d3c64
build	Upload build artifact	2025-12-12T07:11:20.0571570Z Finalizing artifact upload
build	Upload build artifact	2025-12-12T07:11:20.1927472Z Artifact next-build.zip successfully finalized. Artifact ID 4847433932
build	Upload build artifact	2025-12-12T07:11:20.1928881Z Artifact next-build has been successfully uploaded! Final size is 104277 bytes. Artifact ID is 4847433932
build	Upload build artifact	2025-12-12T07:11:20.1936417Z Artifact download URL: https://github.com/lilyth-y/dashboard/actions/runs/20159215177/artifacts/4847433932
build	Post Setup PNPM	﻿2025-12-12T07:11:20.2075873Z Post job cleanup.
build	Post Setup PNPM	2025-12-12T07:11:20.2618546Z Pruning is unnecessary.
build	Post Checkout	﻿2025-12-12T07:11:20.2709859Z Post job cleanup.
build	Post Checkout	2025-12-12T07:11:20.3645763Z [command]/usr/bin/git version
build	Post Checkout	2025-12-12T07:11:20.3683103Z git version 2.52.0
build	Post Checkout	2025-12-12T07:11:20.3728015Z Temporarily overriding HOME='/home/runner/work/_temp/8bf4d425-9fa5-4e8f-8b8d-6f330665dcf2' before making global git config changes
build	Post Checkout	2025-12-12T07:11:20.3729511Z Adding repository directory to the temporary git global config as a safe directory
build	Post Checkout	2025-12-12T07:11:20.3740902Z [command]/usr/bin/git config --global --add safe.directory /home/runner/work/dashboard/dashboard
build	Post Checkout	2025-12-12T07:11:20.3776389Z [command]/usr/bin/git config --local --name-only --get-regexp core\.sshCommand
build	Post Checkout	2025-12-12T07:11:20.3809348Z [command]/usr/bin/git submodule foreach --recursive sh -c "git config --local --name-only --get-regexp 'core\.sshCommand' && git config --local --unset-all 'core.sshCommand' || :"
build	Post Checkout	2025-12-12T07:11:20.4035511Z [command]/usr/bin/git config --local --name-only --get-regexp http\.https\:\/\/github\.com\/\.extraheader
build	Post Checkout	2025-12-12T07:11:20.4056617Z http.https://github.com/.extraheader
build	Post Checkout	2025-12-12T07:11:20.4069698Z [command]/usr/bin/git config --local --unset-all http.https://github.com/.extraheader
build	Post Checkout	2025-12-12T07:11:20.4101002Z [command]/usr/bin/git submodule foreach --recursive sh -c "git config --local --name-only --get-regexp 'http\.https\:\/\/github\.com\/\.extraheader' && git config --local --unset-all 'http.https://github.com/.extraheader' || :"
build	Post Checkout	2025-12-12T07:11:20.4319858Z [command]/usr/bin/git config --local --name-only --get-regexp ^includeIf\.gitdir:
build	Post Checkout	2025-12-12T07:11:20.4351404Z [command]/usr/bin/git submodule foreach --recursive git config --local --show-origin --name-only --get-regexp remote.origin.url
build	Complete job	﻿2025-12-12T07:11:20.4675337Z Cleaning up orphan processes
codeql	Set up job	﻿2025-12-12T07:10:19.4835403Z Current runner version: '2.329.0'
codeql	Set up job	2025-12-12T07:10:19.4873184Z ##[group]Runner Image Provisioner
codeql	Set up job	2025-12-12T07:10:19.4874387Z Hosted Compute Agent
codeql	Set up job	2025-12-12T07:10:19.4875477Z Version: 20251202.455
codeql	Set up job	2025-12-12T07:10:19.4876432Z Commit: 6c10caca4910e198df60de23adf20ad317c474e3
codeql	Set up job	2025-12-12T07:10:19.4877646Z Build Date: 2025-12-02T15:56:59Z
codeql	Set up job	2025-12-12T07:10:19.4878723Z Worker ID: {a92f6c27-a583-4b84-9866-54b0cf8b044d}
codeql	Set up job	2025-12-12T07:10:19.4880129Z ##[endgroup]
codeql	Set up job	2025-12-12T07:10:19.4880922Z ##[group]Operating System
codeql	Set up job	2025-12-12T07:10:19.4882030Z Ubuntu
codeql	Set up job	2025-12-12T07:10:19.4882949Z 24.04.3
codeql	Set up job	2025-12-12T07:10:19.4883763Z LTS
codeql	Set up job	2025-12-12T07:10:19.4884612Z ##[endgroup]
codeql	Set up job	2025-12-12T07:10:19.4885440Z ##[group]Runner Image
codeql	Set up job	2025-12-12T07:10:19.4886425Z Image: ubuntu-24.04
codeql	Set up job	2025-12-12T07:10:19.4887324Z Version: 20251208.163.1
codeql	Set up job	2025-12-12T07:10:19.4889133Z Included Software: https://github.com/actions/runner-images/blob/ubuntu24/20251208.163/images/ubuntu/Ubuntu2404-Readme.md
codeql	Set up job	2025-12-12T07:10:19.4891993Z Image Release: https://github.com/actions/runner-images/releases/tag/ubuntu24%2F20251208.163
codeql	Set up job	2025-12-12T07:10:19.4893992Z ##[endgroup]
codeql	Set up job	2025-12-12T07:10:19.4896268Z ##[group]GITHUB_TOKEN Permissions
codeql	Set up job	2025-12-12T07:10:19.4899896Z Actions: read
codeql	Set up job	2025-12-12T07:10:19.4901048Z Contents: read
codeql	Set up job	2025-12-12T07:10:19.4901861Z Metadata: read
codeql	Set up job	2025-12-12T07:10:19.4902663Z SecurityEvents: write
codeql	Set up job	2025-12-12T07:10:19.4903636Z ##[endgroup]
codeql	Set up job	2025-12-12T07:10:19.4906952Z Secret source: Actions
codeql	Set up job	2025-12-12T07:10:19.4908323Z Prepare workflow directory
codeql	Set up job	2025-12-12T07:10:19.5380877Z Prepare all required actions
codeql	Set up job	2025-12-12T07:10:19.5437488Z Getting action download info
codeql	Set up job	2025-12-12T07:10:19.7945651Z Download action repository 'actions/checkout@v4' (SHA:34e114876b0b11c390a56381ad16ebd13914f8d5)
codeql	Set up job	2025-12-12T07:10:19.8995253Z Download action repository 'github/codeql-action@v3' (SHA:bffd034ab1518ad839a542b8a7356e13a240e076)
codeql	Set up job	2025-12-12T07:10:20.7505989Z Complete job name: codeql
codeql	Checkout code	﻿2025-12-12T07:10:20.8173065Z ##[group]Run actions/checkout@v4
codeql	Checkout code	2025-12-12T07:10:20.8173927Z with:
codeql	Checkout code	2025-12-12T07:10:20.8174361Z   repository: lilyth-y/dashboard
codeql	Checkout code	2025-12-12T07:10:20.8175022Z   token: ***
codeql	Checkout code	2025-12-12T07:10:20.8175406Z   ssh-strict: true
codeql	Checkout code	2025-12-12T07:10:20.8175792Z   ssh-user: git
codeql	Checkout code	2025-12-12T07:10:20.8176197Z   persist-credentials: true
codeql	Checkout code	2025-12-12T07:10:20.8176643Z   clean: true
codeql	Checkout code	2025-12-12T07:10:20.8177038Z   sparse-checkout-cone-mode: true
codeql	Checkout code	2025-12-12T07:10:20.8177525Z   fetch-depth: 1
codeql	Checkout code	2025-12-12T07:10:20.8177901Z   fetch-tags: false
codeql	Checkout code	2025-12-12T07:10:20.8178297Z   show-progress: true
codeql	Checkout code	2025-12-12T07:10:20.8178681Z   lfs: false
codeql	Checkout code	2025-12-12T07:10:20.8179046Z   submodules: false
codeql	Checkout code	2025-12-12T07:10:20.8179465Z   set-safe-directory: true
codeql	Checkout code	2025-12-12T07:10:20.8180304Z ##[endgroup]
codeql	Checkout code	2025-12-12T07:10:20.9243053Z Syncing repository: lilyth-y/dashboard
codeql	Checkout code	2025-12-12T07:10:20.9244901Z ##[group]Getting Git version info
codeql	Checkout code	2025-12-12T07:10:20.9245638Z Working directory is '/home/runner/work/dashboard/dashboard'
codeql	Checkout code	2025-12-12T07:10:20.9246612Z [command]/usr/bin/git version
codeql	Checkout code	2025-12-12T07:10:20.9317221Z git version 2.52.0
codeql	Checkout code	2025-12-12T07:10:20.9343043Z ##[endgroup]
codeql	Checkout code	2025-12-12T07:10:20.9356946Z Temporarily overriding HOME='/home/runner/work/_temp/ab29755f-f2f6-4f7b-bce8-c68534c225e6' before making global git config changes
codeql	Checkout code	2025-12-12T07:10:20.9359183Z Adding repository directory to the temporary git global config as a safe directory
codeql	Checkout code	2025-12-12T07:10:20.9368670Z [command]/usr/bin/git config --global --add safe.directory /home/runner/work/dashboard/dashboard
codeql	Checkout code	2025-12-12T07:10:20.9405490Z Deleting the contents of '/home/runner/work/dashboard/dashboard'
codeql	Checkout code	2025-12-12T07:10:20.9408985Z ##[group]Initializing the repository
codeql	Checkout code	2025-12-12T07:10:20.9413102Z [command]/usr/bin/git init /home/runner/work/dashboard/dashboard
codeql	Checkout code	2025-12-12T07:10:20.9516251Z hint: Using 'master' as the name for the initial branch. This default branch name
codeql	Checkout code	2025-12-12T07:10:20.9517646Z hint: will change to "main" in Git 3.0. To configure the initial branch name
codeql	Checkout code	2025-12-12T07:10:20.9518700Z hint: to use in all of your new repositories, which will suppress this warning,
codeql	Checkout code	2025-12-12T07:10:20.9520385Z hint: call:
codeql	Checkout code	2025-12-12T07:10:20.9521071Z hint:
codeql	Checkout code	2025-12-12T07:10:20.9521930Z hint: 	git config --global init.defaultBranch <name>
codeql	Checkout code	2025-12-12T07:10:20.9522992Z hint:
codeql	Checkout code	2025-12-12T07:10:20.9523777Z hint: Names commonly chosen instead of 'master' are 'main', 'trunk' and
codeql	Checkout code	2025-12-12T07:10:20.9525016Z hint: 'development'. The just-created branch can be renamed via this command:
codeql	Checkout code	2025-12-12T07:10:20.9526387Z hint:
codeql	Checkout code	2025-12-12T07:10:20.9526889Z hint: 	git branch -m <name>
codeql	Checkout code	2025-12-12T07:10:20.9527348Z hint:
codeql	Checkout code	2025-12-12T07:10:20.9527939Z hint: Disable this message with "git config set advice.defaultBranchName false"
codeql	Checkout code	2025-12-12T07:10:20.9529135Z Initialized empty Git repository in /home/runner/work/dashboard/dashboard/.git/
codeql	Checkout code	2025-12-12T07:10:20.9531485Z [command]/usr/bin/git remote add origin https://github.com/lilyth-y/dashboard
codeql	Checkout code	2025-12-12T07:10:20.9563691Z ##[endgroup]
codeql	Checkout code	2025-12-12T07:10:20.9564437Z ##[group]Disabling automatic garbage collection
codeql	Checkout code	2025-12-12T07:10:20.9569015Z [command]/usr/bin/git config --local gc.auto 0
codeql	Checkout code	2025-12-12T07:10:20.9598352Z ##[endgroup]
codeql	Checkout code	2025-12-12T07:10:20.9599870Z ##[group]Setting up auth
codeql	Checkout code	2025-12-12T07:10:20.9605980Z [command]/usr/bin/git config --local --name-only --get-regexp core\.sshCommand
codeql	Checkout code	2025-12-12T07:10:20.9636576Z [command]/usr/bin/git submodule foreach --recursive sh -c "git config --local --name-only --get-regexp 'core\.sshCommand' && git config --local --unset-all 'core.sshCommand' || :"
codeql	Checkout code	2025-12-12T07:10:20.9977177Z [command]/usr/bin/git config --local --name-only --get-regexp http\.https\:\/\/github\.com\/\.extraheader
codeql	Checkout code	2025-12-12T07:10:21.0007005Z [command]/usr/bin/git submodule foreach --recursive sh -c "git config --local --name-only --get-regexp 'http\.https\:\/\/github\.com\/\.extraheader' && git config --local --unset-all 'http.https://github.com/.extraheader' || :"
codeql	Checkout code	2025-12-12T07:10:21.0223938Z [command]/usr/bin/git config --local --name-only --get-regexp ^includeIf\.gitdir:
codeql	Checkout code	2025-12-12T07:10:21.0261322Z [command]/usr/bin/git submodule foreach --recursive git config --local --show-origin --name-only --get-regexp remote.origin.url
codeql	Checkout code	2025-12-12T07:10:21.0485694Z [command]/usr/bin/git config --local http.https://github.com/.extraheader AUTHORIZATION: basic ***
codeql	Checkout code	2025-12-12T07:10:21.0519861Z ##[endgroup]
codeql	Checkout code	2025-12-12T07:10:21.0521180Z ##[group]Fetching the repository
codeql	Checkout code	2025-12-12T07:10:21.0529545Z [command]/usr/bin/git -c protocol.version=2 fetch --no-tags --prune --no-recurse-submodules --depth=1 origin +d9bb0d275edc1737bc35a1bcbbfdcaa4b63fcd05:refs/remotes/origin/main
codeql	Checkout code	2025-12-12T07:10:21.3497927Z From https://github.com/lilyth-y/dashboard
codeql	Checkout code	2025-12-12T07:10:21.3501641Z  * [new ref]         d9bb0d275edc1737bc35a1bcbbfdcaa4b63fcd05 -> origin/main
codeql	Checkout code	2025-12-12T07:10:21.3530755Z ##[endgroup]
codeql	Checkout code	2025-12-12T07:10:21.3532363Z ##[group]Determining the checkout info
codeql	Checkout code	2025-12-12T07:10:21.3534170Z ##[endgroup]
codeql	Checkout code	2025-12-12T07:10:21.3537222Z [command]/usr/bin/git sparse-checkout disable
codeql	Checkout code	2025-12-12T07:10:21.3577018Z [command]/usr/bin/git config --local --unset-all extensions.worktreeConfig
codeql	Checkout code	2025-12-12T07:10:21.3602417Z ##[group]Checking out the ref
codeql	Checkout code	2025-12-12T07:10:21.3605699Z [command]/usr/bin/git checkout --progress --force -B main refs/remotes/origin/main
codeql	Checkout code	2025-12-12T07:10:21.3773382Z Switched to a new branch 'main'
codeql	Checkout code	2025-12-12T07:10:21.3776640Z branch 'main' set up to track 'origin/main'.
codeql	Checkout code	2025-12-12T07:10:21.3783665Z ##[endgroup]
codeql	Checkout code	2025-12-12T07:10:21.3815714Z [command]/usr/bin/git log -1 --format=%H
codeql	Checkout code	2025-12-12T07:10:21.3837577Z d9bb0d275edc1737bc35a1bcbbfdcaa4b63fcd05
codeql	Initialize CodeQL	﻿2025-12-12T07:10:21.4175786Z ##[group]Run github/codeql-action/init@v3
codeql	Initialize CodeQL	2025-12-12T07:10:21.4177629Z with:
codeql	Initialize CodeQL	2025-12-12T07:10:21.4178553Z   languages: javascript
codeql	Initialize CodeQL	2025-12-12T07:10:21.4179593Z   analysis-kinds: code-scanning
codeql	Initialize CodeQL	2025-12-12T07:10:21.4181082Z   token: ***
codeql	Initialize CodeQL	2025-12-12T07:10:21.4181942Z   matrix: null
codeql	Initialize CodeQL	2025-12-12T07:10:21.4182833Z   debug: false
codeql	Initialize CodeQL	2025-12-12T07:10:21.4183711Z ##[endgroup]
codeql	Initialize CodeQL	2025-12-12T07:10:21.5738071Z ##[warning]CodeQL Action v3 will be deprecated in December 2026. Please update all occurrences of the CodeQL Action in your workflow files to v4. For more information, see https://github.blog/changelog/2025-10-28-upcoming-deprecation-of-codeql-action-v3/
codeql	Initialize CodeQL	2025-12-12T07:10:21.9812737Z Job run UUID is 21000f33-3e5d-4807-9f02-23bca5258b5d.
codeql	Initialize CodeQL	2025-12-12T07:10:22.4482010Z ##[group]Setup CodeQL tools
codeql	Initialize CodeQL	2025-12-12T07:10:22.4540101Z [command]/usr/bin/tar --version
codeql	Initialize CodeQL	2025-12-12T07:10:22.4578991Z tar (GNU tar) 1.35
codeql	Initialize CodeQL	2025-12-12T07:10:22.4580993Z Copyright (C) 2023 Free Software Foundation, Inc.
codeql	Initialize CodeQL	2025-12-12T07:10:22.4583947Z License GPLv3+: GNU GPL version 3 or later <https://gnu.org/licenses/gpl.html>.
codeql	Initialize CodeQL	2025-12-12T07:10:22.4587311Z This is free software: you are free to change and redistribute it.
codeql	Initialize CodeQL	2025-12-12T07:10:22.4590244Z There is NO WARRANTY, to the extent permitted by law.
codeql	Initialize CodeQL	2025-12-12T07:10:22.4591823Z 
codeql	Initialize CodeQL	2025-12-12T07:10:22.4592587Z Written by John Gilmore and Jay Fenlason.
codeql	Initialize CodeQL	2025-12-12T07:10:22.4594541Z Found gnu tar version 1.35.
codeql	Initialize CodeQL	2025-12-12T07:10:22.4712030Z Did not find CodeQL tools version 2.23.6 in the toolcache.
codeql	Initialize CodeQL	2025-12-12T07:10:22.4717135Z Using CodeQL CLI version 2.23.6 sourced from https://github.com/github/codeql-action/releases/download/codeql-bundle-v2.23.6/codeql-bundle-linux64.tar.zst .
codeql	Initialize CodeQL	2025-12-12T07:10:22.4725010Z Downloading CodeQL tools from https://github.com/github/codeql-action/releases/download/codeql-bundle-v2.23.6/codeql-bundle-linux64.tar.zst . This may take a while.
codeql	Initialize CodeQL	2025-12-12T07:10:22.4728709Z Streaming the extraction of the CodeQL bundle.
codeql	Initialize CodeQL	2025-12-12T07:10:22.6148290Z [command]tar -x --zstd --ignore-zeros --warning=no-unknown-keyword --overwrite -f - -C /opt/hostedtoolcache/CodeQL/2.23.6/x64
codeql	Initialize CodeQL	2025-12-12T07:10:27.3397588Z Finished downloading and extracting CodeQL bundle to /opt/hostedtoolcache/CodeQL/2.23.6/x64 (4.9s).
codeql	Initialize CodeQL	2025-12-12T07:10:27.3399253Z Created toolcache marker file /opt/hostedtoolcache/CodeQL/2.23.6/x64.complete
codeql	Initialize CodeQL	2025-12-12T07:10:27.9878204Z [command]/opt/hostedtoolcache/CodeQL/2.23.6/x64/codeql/codeql version --format=json
codeql	Initialize CodeQL	2025-12-12T07:10:28.5939189Z {
codeql	Initialize CodeQL	2025-12-12T07:10:28.5939939Z   "productName" : "CodeQL",
codeql	Initialize CodeQL	2025-12-12T07:10:28.5940432Z   "vendor" : "GitHub",
codeql	Initialize CodeQL	2025-12-12T07:10:28.5940778Z   "version" : "2.23.6",
codeql	Initialize CodeQL	2025-12-12T07:10:28.5941160Z   "sha" : "ce177df59e3eb0e78788934c2abec3e1d6c1aa98",
codeql	Initialize CodeQL	2025-12-12T07:10:28.5941611Z   "branches" : [
codeql	Initialize CodeQL	2025-12-12T07:10:28.5941900Z     "codeql-cli-2.23.6"
codeql	Initialize CodeQL	2025-12-12T07:10:28.5942220Z   ],
codeql	Initialize CodeQL	2025-12-12T07:10:28.5942523Z   "copyright" : "Copyright (C) 2019-2025 GitHub, Inc.",
codeql	Initialize CodeQL	2025-12-12T07:10:28.5943085Z   "unpackedLocation" : "/opt/hostedtoolcache/CodeQL/2.23.6/x64/codeql",
codeql	Initialize CodeQL	2025-12-12T07:10:28.5943761Z   "configFileLocation" : "/home/runner/.config/codeql/config",
codeql	Initialize CodeQL	2025-12-12T07:10:28.5944350Z   "configFileFound" : false,
codeql	Initialize CodeQL	2025-12-12T07:10:28.5944762Z   "overlayVersion" : 4,
codeql	Initialize CodeQL	2025-12-12T07:10:28.5945084Z   "features" : {
codeql	Initialize CodeQL	2025-12-12T07:10:28.5945429Z     "analysisSummaryV2Default" : true,
codeql	Initialize CodeQL	2025-12-12T07:10:28.5945987Z     "buildModeOption" : true,
codeql	Initialize CodeQL	2025-12-12T07:10:28.5946429Z     "bundleSupportsIncludeDiagnostics" : true,
codeql	Initialize CodeQL	2025-12-12T07:10:28.5946934Z     "bundleSupportsIncludeLogs" : true,
codeql	Initialize CodeQL	2025-12-12T07:10:28.5947543Z     "databaseInterpretResultsSupportsSarifRunProperty" : true,
codeql	Initialize CodeQL	2025-12-12T07:10:28.5948150Z     "featuresInVersionResult" : true,
codeql	Initialize CodeQL	2025-12-12T07:10:28.5948664Z     "indirectTracingSupportsStaticBinaries" : false,
codeql	Initialize CodeQL	2025-12-12T07:10:28.5949250Z     "informsAboutUnsupportedPathFilters" : true,
codeql	Initialize CodeQL	2025-12-12T07:10:28.5949969Z     "supportsPython312" : true,
codeql	Initialize CodeQL	2025-12-12T07:10:28.5950422Z     "mrvaPackCreate" : true,
codeql	Initialize CodeQL	2025-12-12T07:10:28.5950823Z     "threatModelOption" : true,
codeql	Initialize CodeQL	2025-12-12T07:10:28.5951899Z     "traceCommandUseBuildMode" : true,
codeql	Initialize CodeQL	2025-12-12T07:10:28.5952365Z     "v2ramSizing" : true,
codeql	Initialize CodeQL	2025-12-12T07:10:28.5952819Z     "mrvaPackCreateMultipleQueries" : true,
codeql	Initialize CodeQL	2025-12-12T07:10:28.5953303Z     "setsCodeqlRunnerEnvVar" : true,
codeql	Initialize CodeQL	2025-12-12T07:10:28.5953753Z     "sarifMergeRunsFromEqualCategory" : true,
codeql	Initialize CodeQL	2025-12-12T07:10:28.5954217Z     "forceOverwrite" : true,
codeql	Initialize CodeQL	2025-12-12T07:10:28.5954615Z     "generateSummarySymbolMap" : true,
codeql	Initialize CodeQL	2025-12-12T07:10:28.5955096Z     "pythonDefaultIsToNotExtractStdlib" : true,
codeql	Initialize CodeQL	2025-12-12T07:10:28.5955910Z     "queryServerRunQueries" : true,
codeql	Initialize CodeQL	2025-12-12T07:10:28.5956417Z     "queryServerTrimCacheWithMode" : true,
codeql	Initialize CodeQL	2025-12-12T07:10:28.5956938Z     "builtinExtractorsSpecifyDefaultQueries" : true
codeql	Initialize CodeQL	2025-12-12T07:10:28.5957400Z   }
codeql	Initialize CodeQL	2025-12-12T07:10:28.5957659Z }
codeql	Initialize CodeQL	2025-12-12T07:10:28.6080245Z ##[endgroup]
codeql	Initialize CodeQL	2025-12-12T07:10:28.6081104Z ##[group]Validating workflow
codeql	Initialize CodeQL	2025-12-12T07:10:28.9250872Z Detected no issues with the code scanning workflow.
codeql	Initialize CodeQL	2025-12-12T07:10:28.9251654Z ##[endgroup]
codeql	Initialize CodeQL	2025-12-12T07:10:28.9253907Z ##[group]Load language configuration
codeql	Initialize CodeQL	2025-12-12T07:10:28.9260815Z [command]/opt/hostedtoolcache/CodeQL/2.23.6/x64/codeql/codeql resolve languages --format=betterjson --extractor-options-verbosity=4 --extractor-include-aliases --filter-to-languages-with-queries
codeql	Initialize CodeQL	2025-12-12T07:10:29.8109425Z {
codeql	Initialize CodeQL	2025-12-12T07:10:29.8109970Z   "aliases" : {
codeql	Initialize CodeQL	2025-12-12T07:10:29.8110300Z     "c" : "cpp",
codeql	Initialize CodeQL	2025-12-12T07:10:29.8110589Z     "c++" : "cpp",
codeql	Initialize CodeQL	2025-12-12T07:10:29.8110899Z     "c-c++" : "cpp",
codeql	Initialize CodeQL	2025-12-12T07:10:29.8111233Z     "c-cpp" : "cpp",
codeql	Initialize CodeQL	2025-12-12T07:10:29.8111519Z     "c#" : "csharp",
codeql	Initialize CodeQL	2025-12-12T07:10:29.8111826Z     "java-kotlin" : "java",
codeql	Initialize CodeQL	2025-12-12T07:10:29.8112160Z     "kotlin" : "java",
codeql	Initialize CodeQL	2025-12-12T07:10:29.8112533Z     "javascript-typescript" : "javascript",
codeql	Initialize CodeQL	2025-12-12T07:10:29.8112995Z     "typescript" : "javascript"
codeql	Initialize CodeQL	2025-12-12T07:10:29.8113354Z   },
codeql	Initialize CodeQL	2025-12-12T07:10:29.8113612Z   "extractors" : {
codeql	Initialize CodeQL	2025-12-12T07:10:29.8113924Z     "rust" : [
codeql	Initialize CodeQL	2025-12-12T07:10:29.8114200Z       {
codeql	Initialize CodeQL	2025-12-12T07:10:29.8114677Z         "extractor_root" : "/opt/hostedtoolcache/CodeQL/2.23.6/x64/codeql/rust",
codeql	Initialize CodeQL	2025-12-12T07:10:29.8115269Z         "extractor_options" : {
codeql	Initialize CodeQL	2025-12-12T07:10:29.8115619Z           "trap" : {
codeql	Initialize CodeQL	2025-12-12T07:10:29.8115979Z             "title" : "Options pertaining to TRAP.",
codeql	Initialize CodeQL	2025-12-12T07:10:29.8116468Z             "description" : "Options pertaining to TRAP.",
codeql	Initialize CodeQL	2025-12-12T07:10:29.8116930Z             "type" : "object",
codeql	Initialize CodeQL	2025-12-12T07:10:29.8117284Z             "properties" : {
codeql	Initialize CodeQL	2025-12-12T07:10:29.8117675Z               "compression" : {
codeql	Initialize CodeQL	2025-12-12T07:10:29.8191291Z                 "title" : "Controls compression for the TRAP files written by the extractor.",
codeql	Initialize CodeQL	2025-12-12T07:10:29.8193132Z                 "description" : "This option is only intended for use in debugging the extractor. Accepted values are 'gzip' (to write gzip-compressed TRAP) 'zstd' (to write Zstandard-compressed TRAP) and 'none' (the default, to write uncompressed TRAP).\n",
codeql	Initialize CodeQL	2025-12-12T07:10:29.8194671Z                 "type" : "string",
codeql	Initialize CodeQL	2025-12-12T07:10:29.8195075Z                 "pattern" : "^(none|gzip|zstd)$"
codeql	Initialize CodeQL	2025-12-12T07:10:29.8195501Z               }
codeql	Initialize CodeQL	2025-12-12T07:10:29.8195770Z             }
codeql	Initialize CodeQL	2025-12-12T07:10:29.8195960Z           },
codeql	Initialize CodeQL	2025-12-12T07:10:29.8196133Z           "cargo_target_dir" : {
codeql	Initialize CodeQL	2025-12-12T07:10:29.8196406Z             "title" : "Directory to use for cargo output files.",
codeql	Initialize CodeQL	2025-12-12T07:10:29.8197479Z             "description" : "This value is an optional path to use as `CARGO_TARGET_DIR` for the internal cargo commands the extractor uses. Pointing it to a persistent directory may reduce execution time of consecutive extractor runs. By default, a new scratch directory is used for each run.\n",
codeql	Initialize CodeQL	2025-12-12T07:10:29.8198417Z             "type" : "string"
codeql	Initialize CodeQL	2025-12-12T07:10:29.8198620Z           },
codeql	Initialize CodeQL	2025-12-12T07:10:29.8198789Z           "cargo_target" : {
codeql	Initialize CodeQL	2025-12-12T07:10:29.8199013Z             "title" : "Target architecture",
codeql	Initialize CodeQL	2025-12-12T07:10:29.8199539Z             "description" : "Target architecture to use for analysis, analogous to `cargo --target`. By default the host architecture is used.\n",
codeql	Initialize CodeQL	2025-12-12T07:10:29.8200567Z             "type" : "string"
codeql	Initialize CodeQL	2025-12-12T07:10:29.8200769Z           },
codeql	Initialize CodeQL	2025-12-12T07:10:29.8200936Z           "cargo_features" : {
codeql	Initialize CodeQL	2025-12-12T07:10:29.8201166Z             "title" : "Cargo features to turn on",
codeql	Initialize CodeQL	2025-12-12T07:10:29.8202087Z             "description" : "Comma-separated list of features to turn on. By default all features are enabled. If any features are specified, then only those features are enabled. The `default` feature must be explicitly specified if only default features are desired. Can be repeated.\n",
codeql	Initialize CodeQL	2025-12-12T07:10:29.8203123Z             "type" : "array"
codeql	Initialize CodeQL	2025-12-12T07:10:29.8203309Z           },
codeql	Initialize CodeQL	2025-12-12T07:10:29.8203488Z           "cargo_cfg_overrides" : {
codeql	Initialize CodeQL	2025-12-12T07:10:29.8203730Z             "title" : "Cargo cfg overrides",
codeql	Initialize CodeQL	2025-12-12T07:10:29.8204198Z             "description" : "Comma-separated list of cfg settings to enable, or disable if prefixed with `-`. Can be repeated.\n",
codeql	Initialize CodeQL	2025-12-12T07:10:29.8204664Z             "type" : "array"
codeql	Initialize CodeQL	2025-12-12T07:10:29.8204848Z           },
codeql	Initialize CodeQL	2025-12-12T07:10:29.8205011Z           "logging" : {
codeql	Initialize CodeQL	2025-12-12T07:10:29.8205223Z             "title" : "Options pertaining to logging.",
codeql	Initialize CodeQL	2025-12-12T07:10:29.8205528Z             "description" : "Options pertaining to logging.",
codeql	Initialize CodeQL	2025-12-12T07:10:29.8205799Z             "type" : "object",
codeql	Initialize CodeQL	2025-12-12T07:10:29.8206009Z             "properties" : {
codeql	Initialize CodeQL	2025-12-12T07:10:29.8206215Z               "verbosity" : {
codeql	Initialize CodeQL	2025-12-12T07:10:29.8206494Z                 "title" : "Extractor logging verbosity level.",
codeql	Initialize CodeQL	2025-12-12T07:10:29.8207444Z                 "description" : "Controls the level of verbosity of the extractor. The supported levels are (in order of increasing verbosity):\n  - off\n  - errors\n  - warnings\n  - info or progress\n  - debug or progress+\n  - trace or progress++\n  - progress+++\n",
codeql	Initialize CodeQL	2025-12-12T07:10:29.8208257Z                 "type" : "string",
codeql	Initialize CodeQL	2025-12-12T07:10:29.8208712Z                 "pattern" : "^(off|errors|warnings|(info|progress)|(debug|progress\\+)|(trace|progress\\+\\+)|progress\\+\\+\\+)$"
codeql	Initialize CodeQL	2025-12-12T07:10:29.8209155Z               },
codeql	Initialize CodeQL	2025-12-12T07:10:29.8209340Z               "flamegraph" : {
codeql	Initialize CodeQL	2025-12-12T07:10:29.8209623Z                 "title" : "[Experimental] File path for write flame graph log",
codeql	Initialize CodeQL	2025-12-12T07:10:29.8210746Z                 "description" : "Collect flame graph data using the `tracing-flame` crate. To render a flame graph or chart, run the `inferno-flamegraph` command. See also: https://crates.io/crates/tracing-flame\n",
codeql	Initialize CodeQL	2025-12-12T07:10:29.8211457Z                 "type" : "string"
codeql	Initialize CodeQL	2025-12-12T07:10:29.8211691Z               }
codeql	Initialize CodeQL	2025-12-12T07:10:29.8211855Z             }
codeql	Initialize CodeQL	2025-12-12T07:10:29.8212014Z           },
codeql	Initialize CodeQL	2025-12-12T07:10:29.8212197Z           "extract_dependencies_as_source" : {
codeql	Initialize CodeQL	2025-12-12T07:10:29.8212484Z             "title" : "Extract dependencies as source code",
codeql	Initialize CodeQL	2025-12-12T07:10:29.8212937Z             "description" : "Extract the full source code of dependencies instead of only extracting signatures.\n",
codeql	Initialize CodeQL	2025-12-12T07:10:29.8213372Z             "type" : "string",
codeql	Initialize CodeQL	2025-12-12T07:10:29.8213589Z             "pattern" : "^(false|true)$"
codeql	Initialize CodeQL	2025-12-12T07:10:29.8213817Z           }
codeql	Initialize CodeQL	2025-12-12T07:10:29.8213973Z         }
codeql	Initialize CodeQL	2025-12-12T07:10:29.8214122Z       }
codeql	Initialize CodeQL	2025-12-12T07:10:29.8214274Z     ],
codeql	Initialize CodeQL	2025-12-12T07:10:29.8214425Z     "python" : [
codeql	Initialize CodeQL	2025-12-12T07:10:29.8214594Z       {
codeql	Initialize CodeQL	2025-12-12T07:10:29.8214859Z         "extractor_root" : "/opt/hostedtoolcache/CodeQL/2.23.6/x64/codeql/python",
codeql	Initialize CodeQL	2025-12-12T07:10:29.8215211Z         "extractor_options" : {
codeql	Initialize CodeQL	2025-12-12T07:10:29.8215423Z           "logging" : {
codeql	Initialize CodeQL	2025-12-12T07:10:29.8215643Z             "title" : "Options pertaining to logging.",
codeql	Initialize CodeQL	2025-12-12T07:10:29.8215955Z             "description" : "Options pertaining to logging.",
codeql	Initialize CodeQL	2025-12-12T07:10:29.8216227Z             "type" : "object",
codeql	Initialize CodeQL	2025-12-12T07:10:29.8216438Z             "properties" : {
codeql	Initialize CodeQL	2025-12-12T07:10:29.8216641Z               "verbosity" : {
codeql	Initialize CodeQL	2025-12-12T07:10:29.8217055Z                 "title" : "Python extractor logging verbosity level.",
codeql	Initialize CodeQL	2025-12-12T07:10:29.8217972Z                 "description" : "Controls the level of verbosity of the CodeQL Python extractor.\nThe supported levels are (in order of increasing verbosity):\n\n  - off\n  - errors\n  - warnings\n  - info or progress\n  - debug or progress+\n  - trace or progress++\n  - progress+++\n",
codeql	Initialize CodeQL	2025-12-12T07:10:29.8218838Z                 "type" : "string",
codeql	Initialize CodeQL	2025-12-12T07:10:29.8219280Z                 "pattern" : "^(off|errors|warnings|(info|progress)|(debug|progress\\+)|(trace|progress\\+\\+)|progress\\+\\+\\+)$"
codeql	Initialize CodeQL	2025-12-12T07:10:29.8220000Z               }
codeql	Initialize CodeQL	2025-12-12T07:10:29.8220173Z             }
codeql	Initialize CodeQL	2025-12-12T07:10:29.8220329Z           },
codeql	Initialize CodeQL	2025-12-12T07:10:29.8220512Z           "python_executable_name" : {
codeql	Initialize CodeQL	2025-12-12T07:10:29.8220867Z             "title" : "Controls the name of the Python executable used by the Python extractor.",
codeql	Initialize CodeQL	2025-12-12T07:10:29.8222184Z             "description" : "The Python extractor uses platform-dependent heuristics to determine the name of the Python executable to use. Specifying a value for this option overrides the name of the Python executable used by the extractor. Accepted values are py, python and python3. Use this setting with caution, the Python extractor requires Python 3 to run.\n",
codeql	Initialize CodeQL	2025-12-12T07:10:29.8223358Z             "type" : "string",
codeql	Initialize CodeQL	2025-12-12T07:10:29.8223584Z             "pattern" : "^(py|python|python3)$"
codeql	Initialize CodeQL	2025-12-12T07:10:29.8223824Z           }
codeql	Initialize CodeQL	2025-12-12T07:10:29.8223983Z         }
codeql	Initialize CodeQL	2025-12-12T07:10:29.8224301Z       }
codeql	Initialize CodeQL	2025-12-12T07:10:29.8224451Z     ],
codeql	Initialize CodeQL	2025-12-12T07:10:29.8224612Z     "cpp" : [
codeql	Initialize CodeQL	2025-12-12T07:10:29.8224774Z       {
codeql	Initialize CodeQL	2025-12-12T07:10:29.8225030Z         "extractor_root" : "/opt/hostedtoolcache/CodeQL/2.23.6/x64/codeql/cpp",
codeql	Initialize CodeQL	2025-12-12T07:10:29.8225367Z         "extractor_options" : {
codeql	Initialize CodeQL	2025-12-12T07:10:29.8225575Z           "trap" : {
codeql	Initialize CodeQL	2025-12-12T07:10:29.8225770Z             "title" : "TRAP options",
codeql	Initialize CodeQL	2025-12-12T07:10:29.8226089Z             "description" : "Options about how the extractor handles TRAP files",
codeql	Initialize CodeQL	2025-12-12T07:10:29.8226420Z             "type" : "object",
codeql	Initialize CodeQL	2025-12-12T07:10:29.8226622Z             "visibility" : 3,
codeql	Initialize CodeQL	2025-12-12T07:10:29.8226836Z             "properties" : {
codeql	Initialize CodeQL	2025-12-12T07:10:29.8227034Z               "cache" : {
codeql	Initialize CodeQL	2025-12-12T07:10:29.8227256Z                 "title" : "TRAP cache options",
codeql	Initialize CodeQL	2025-12-12T07:10:29.8227616Z                 "description" : "Options about how the extractor handles its TRAP cache",
codeql	Initialize CodeQL	2025-12-12T07:10:29.8227972Z                 "type" : "object",
codeql	Initialize CodeQL	2025-12-12T07:10:29.8228211Z                 "properties" : {
codeql	Initialize CodeQL	2025-12-12T07:10:29.8228421Z                   "dir" : {
codeql	Initialize CodeQL	2025-12-12T07:10:29.8228647Z                     "title" : "TRAP cache directory",
codeql	Initialize CodeQL	2025-12-12T07:10:29.8228963Z                     "description" : "The directory of the TRAP cache to use",
codeql	Initialize CodeQL	2025-12-12T07:10:29.8229266Z                     "type" : "string"
codeql	Initialize CodeQL	2025-12-12T07:10:29.8229495Z                   },
codeql	Initialize CodeQL	2025-12-12T07:10:29.8229837Z                   "bound" : {
codeql	Initialize CodeQL	2025-12-12T07:10:29.8230079Z                     "title" : "TRAP cache bound",
codeql	Initialize CodeQL	2025-12-12T07:10:29.8230424Z                     "description" : "A soft limit (in MB) on the size of the TRAP cache",
codeql	Initialize CodeQL	2025-12-12T07:10:29.8230773Z                     "type" : "string",
codeql	Initialize CodeQL	2025-12-12T07:10:29.8231009Z                     "pattern" : "[0-9]+"
codeql	Initialize CodeQL	2025-12-12T07:10:29.8231237Z                   },
codeql	Initialize CodeQL	2025-12-12T07:10:29.8231414Z                   "write" : {
codeql	Initialize CodeQL	2025-12-12T07:10:29.8231644Z                     "title" : "TRAP cache writeable",
codeql	Initialize CodeQL	2025-12-12T07:10:29.8232007Z                     "description" : "Whether to write to the TRAP cache as well as reading it",
codeql	Initialize CodeQL	2025-12-12T07:10:29.8232353Z                     "type" : "string",
codeql	Initialize CodeQL	2025-12-12T07:10:29.8232602Z                     "pattern" : "(true|TRUE|false|FALSE)"
codeql	Initialize CodeQL	2025-12-12T07:10:29.8232839Z                   }
codeql	Initialize CodeQL	2025-12-12T07:10:29.8233011Z                 }
codeql	Initialize CodeQL	2025-12-12T07:10:29.8233169Z               }
codeql	Initialize CodeQL	2025-12-12T07:10:29.8233333Z             }
codeql	Initialize CodeQL	2025-12-12T07:10:29.8233626Z           },
codeql	Initialize CodeQL	2025-12-12T07:10:29.8233798Z           "scale_timeouts" : {
codeql	Initialize CodeQL	2025-12-12T07:10:29.8234083Z             "title" : "Value to scale compiler introspection timeouts with",
codeql	Initialize CodeQL	2025-12-12T07:10:29.8235358Z             "description" : "The extractor attempts to determine what compiler the source code being extracted is compiled with. To this end the extractor makes additional calls to the compiler, some of which are expected to return within a certain fixed time (either 10s or 15s). On some systems that are under high load this time might be too short, and can be scaled up using this option.\n",
codeql	Initialize CodeQL	2025-12-12T07:10:29.8236650Z             "type" : "string",
codeql	Initialize CodeQL	2025-12-12T07:10:29.8236855Z             "pattern" : "[0-9]+"
codeql	Initialize CodeQL	2025-12-12T07:10:29.8237057Z           },
codeql	Initialize CodeQL	2025-12-12T07:10:29.8237222Z           "log_verbosity" : {
codeql	Initialize CodeQL	2025-12-12T07:10:29.8237467Z             "title" : "Verbosity of the extractor logging",
codeql	Initialize CodeQL	2025-12-12T07:10:29.8238017Z             "description" : "Set the verbosity of the extractor logging to 'quiet' (0), 'normal' (1), 'chatty' (2), or 'noisy' (3). The default is 'normal'.\n",
codeql	Initialize CodeQL	2025-12-12T07:10:29.8238518Z             "type" : "string",
codeql	Initialize CodeQL	2025-12-12T07:10:29.8238728Z             "pattern" : "[0-3]"
codeql	Initialize CodeQL	2025-12-12T07:10:29.8238919Z           },
codeql	Initialize CodeQL	2025-12-12T07:10:29.8239092Z           "frontend_options" : {
codeql	Initialize CodeQL	2025-12-12T07:10:29.8239333Z             "title" : "C/C++ extractor frontend options",
codeql	Initialize CodeQL	2025-12-12T07:10:29.8239944Z             "description" : "Set additional options that should be passed to the C/C++ extractor frontend.\n",
codeql	Initialize CodeQL	2025-12-12T07:10:29.8240382Z             "type" : "array",
codeql	Initialize CodeQL	2025-12-12T07:10:29.8240586Z             "visibility" : 3
codeql	Initialize CodeQL	2025-12-12T07:10:29.8240787Z           }
codeql	Initialize CodeQL	2025-12-12T07:10:29.8240939Z         }
codeql	Initialize CodeQL	2025-12-12T07:10:29.8241090Z       }
codeql	Initialize CodeQL	2025-12-12T07:10:29.8241234Z     ],
codeql	Initialize CodeQL	2025-12-12T07:10:29.8241393Z     "csharp" : [
codeql	Initialize CodeQL	2025-12-12T07:10:29.8241554Z       {
codeql	Initialize CodeQL	2025-12-12T07:10:29.8241822Z         "extractor_root" : "/opt/hostedtoolcache/CodeQL/2.23.6/x64/codeql/csharp",
codeql	Initialize CodeQL	2025-12-12T07:10:29.8242167Z         "extractor_options" : {
codeql	Initialize CodeQL	2025-12-12T07:10:29.8242389Z           "trap" : {
codeql	Initialize CodeQL	2025-12-12T07:10:29.8242593Z             "title" : "Options pertaining to TRAP.",
codeql	Initialize CodeQL	2025-12-12T07:10:29.8242889Z             "description" : "Options pertaining to TRAP.",
codeql	Initialize CodeQL	2025-12-12T07:10:29.8243161Z             "type" : "object",
codeql	Initialize CodeQL	2025-12-12T07:10:29.8243366Z             "properties" : {
codeql	Initialize CodeQL	2025-12-12T07:10:29.8243577Z               "compression" : {
codeql	Initialize CodeQL	2025-12-12T07:10:29.8243907Z                 "title" : "Controls compression for the TRAP files written by the extractor.",
codeql	Initialize CodeQL	2025-12-12T07:10:29.8244778Z                 "description" : "This option is only intended for use in debugging the extractor. Accepted values are 'brotli' (the default, to write brotli-compressed TRAP), 'gzip', and 'none' (to write uncompressed TRAP).\n",
codeql	Initialize CodeQL	2025-12-12T07:10:29.8245500Z                 "type" : "string",
codeql	Initialize CodeQL	2025-12-12T07:10:29.8245746Z                 "pattern" : "^(none|gzip|brotli)$"
codeql	Initialize CodeQL	2025-12-12T07:10:29.8245986Z               }
codeql	Initialize CodeQL	2025-12-12T07:10:29.8246226Z             }
codeql	Initialize CodeQL	2025-12-12T07:10:29.8246494Z           },
codeql	Initialize CodeQL	2025-12-12T07:10:29.8246707Z           "buildless" : {
codeql	Initialize CodeQL	2025-12-12T07:10:29.8247023Z             "title" : "DEPRECATED - Whether to use buildless (standalone) extraction.",
codeql	Initialize CodeQL	2025-12-12T07:10:29.8248626Z             "description" : "DEPRECATED: Use `--build-mode none` instead.\nA value indicating, which type of extraction the autobuilder should perform. If 'true', then the standalone extractor will be used, otherwise tracing extraction will be performed. The default is 'false'. Note that buildless extraction will generally yield less accurate analysis results, and should only be used in cases where it is not possible to build the code (for example if it uses inaccessible dependencies).\n",
codeql	Initialize CodeQL	2025-12-12T07:10:29.8250297Z             "type" : "string",
codeql	Initialize CodeQL	2025-12-12T07:10:29.8250528Z             "pattern" : "^(false|true)$"
codeql	Initialize CodeQL	2025-12-12T07:10:29.8250765Z           },
codeql	Initialize CodeQL	2025-12-12T07:10:29.8250926Z           "logging" : {
codeql	Initialize CodeQL	2025-12-12T07:10:29.8251297Z             "title" : "Options pertaining to logging.",
codeql	Initialize CodeQL	2025-12-12T07:10:29.8251615Z             "description" : "Options pertaining to logging.",
codeql	Initialize CodeQL	2025-12-12T07:10:29.8251896Z             "type" : "object",
codeql	Initialize CodeQL	2025-12-12T07:10:29.8252104Z             "properties" : {
codeql	Initialize CodeQL	2025-12-12T07:10:29.8252311Z               "verbosity" : {
codeql	Initialize CodeQL	2025-12-12T07:10:29.8252545Z                 "title" : "Extractor logging verbosity level.",
codeql	Initialize CodeQL	2025-12-12T07:10:29.8253402Z                 "description" : "Controls the level of verbosity of the extractor. The supported levels are (in order of increasing verbosity):\n  - off\n  - errors\n  - warnings\n  - info or progress\n  - debug or progress+\n  - trace or progress++\n  - progress+++\n",
codeql	Initialize CodeQL	2025-12-12T07:10:29.8254322Z                 "type" : "string",
codeql	Initialize CodeQL	2025-12-12T07:10:29.8254749Z                 "pattern" : "^(off|errors|warnings|(info|progress)|(debug|progress\\+)|(trace|progress\\+\\+)|progress\\+\\+\\+)$"
codeql	Initialize CodeQL	2025-12-12T07:10:29.8255198Z               }
codeql	Initialize CodeQL	2025-12-12T07:10:29.8255372Z             }
codeql	Initialize CodeQL	2025-12-12T07:10:29.8255530Z           },
codeql	Initialize CodeQL	2025-12-12T07:10:29.8255693Z           "binlog" : {
codeql	Initialize CodeQL	2025-12-12T07:10:29.8255886Z             "title" : "Binlog",
codeql	Initialize CodeQL	2025-12-12T07:10:29.8256487Z             "description" : "[EXPERIMENTAL] The value is a path to the MsBuild binary log file that should be extracted. This option only works when `--build-mode none` is also specified.\n",
codeql	Initialize CodeQL	2025-12-12T07:10:29.8257113Z             "type" : "array"
codeql	Initialize CodeQL	2025-12-12T07:10:29.8257306Z           }
codeql	Initialize CodeQL	2025-12-12T07:10:29.8257466Z         }
codeql	Initialize CodeQL	2025-12-12T07:10:29.8257612Z       }
codeql	Initialize CodeQL	2025-12-12T07:10:29.8257759Z     ],
codeql	Initialize CodeQL	2025-12-12T07:10:29.8257905Z     "java" : [
codeql	Initialize CodeQL	2025-12-12T07:10:29.8258066Z       {
codeql	Initialize CodeQL	2025-12-12T07:10:29.8258320Z         "extractor_root" : "/opt/hostedtoolcache/CodeQL/2.23.6/x64/codeql/java",
codeql	Initialize CodeQL	2025-12-12T07:10:29.8258661Z         "extractor_options" : {
codeql	Initialize CodeQL	2025-12-12T07:10:29.8258874Z           "exclude" : {
codeql	Initialize CodeQL	2025-12-12T07:10:29.8259102Z             "title" : "A glob excluding files from analysis.",
codeql	Initialize CodeQL	2025-12-12T07:10:29.8259952Z             "description" : "A glob indicating what files to exclude from the analysis. This accepts glob patterns that are supported by Java's 'getPathMatcher' implementation.\n",
codeql	Initialize CodeQL	2025-12-12T07:10:29.8260572Z             "type" : "string"
codeql	Initialize CodeQL	2025-12-12T07:10:29.8260771Z           },
codeql	Initialize CodeQL	2025-12-12T07:10:29.8260941Z           "add_prefer_source" : {
codeql	Initialize CodeQL	2025-12-12T07:10:29.8261243Z             "title" : "Whether to always prefer source files over class files.",
codeql	Initialize CodeQL	2025-12-12T07:10:29.8262256Z             "description" : "A value indicating whether source files should be preferred over class files. If set to 'true', the extraction adds '-Xprefer:source' to the javac command line. If set to 'false', the extraction uses the default javac behavior ('-Xprefer:newer'). The default is 'true'.\n",
codeql	Initialize CodeQL	2025-12-12T07:10:29.8263170Z             "type" : "string",
codeql	Initialize CodeQL	2025-12-12T07:10:29.8263386Z             "pattern" : "^(false|true)$"
codeql	Initialize CodeQL	2025-12-12T07:10:29.8263606Z           },
codeql	Initialize CodeQL	2025-12-12T07:10:29.8263774Z           "buildless" : {
codeql	Initialize CodeQL	2025-12-12T07:10:29.8264086Z             "title" : "Whether to use buildless (standalone) extraction (experimental).",
codeql	Initialize CodeQL	2025-12-12T07:10:29.8265543Z             "description" : "A value indicating, which type of extraction the autobuilder should perform. If 'true', then the standalone extractor will be used, otherwise tracing extraction will be performed. The default is 'false'. Note that buildless extraction will generally yield less accurate analysis results, and should only be used in cases where it is not possible to build the code (for example if it uses inaccessible dependencies).\n",
codeql	Initialize CodeQL	2025-12-12T07:10:29.8267637Z             "type" : "string",
codeql	Initialize CodeQL	2025-12-12T07:10:29.8268008Z             "pattern" : "^(false|true)$"
codeql	Initialize CodeQL	2025-12-12T07:10:29.8268351Z           },
codeql	Initialize CodeQL	2025-12-12T07:10:29.8268541Z           "buildless_dependency_dir" : {
codeql	Initialize CodeQL	2025-12-12T07:10:29.8268920Z             "title" : "The path where buildless (standalone) extraction should keep dependencies.",
codeql	Initialize CodeQL	2025-12-12T07:10:29.8269505Z             "description" : "If set, the buildless (standalone) extractor will store dependencies in this directory.\n",
codeql	Initialize CodeQL	2025-12-12T07:10:29.8270325Z             "type" : "string"
codeql	Initialize CodeQL	2025-12-12T07:10:29.8270532Z           },
codeql	Initialize CodeQL	2025-12-12T07:10:29.8270714Z           "minimize_dependency_jars" : {
codeql	Initialize CodeQL	2025-12-12T07:10:29.8271115Z             "title" : "Whether to rewrite and minimize downloaded JAR dependencies (experimental).",
codeql	Initialize CodeQL	2025-12-12T07:10:29.8271868Z             "description" : "If 'true', JAR dependencies downloaded during extraction will be rewritten to remove unneeded data, such as method bodies. The default is 'false'.\n",
codeql	Initialize CodeQL	2025-12-12T07:10:29.8272641Z             "type" : "string",
codeql	Initialize CodeQL	2025-12-12T07:10:29.8272858Z             "pattern" : "^(false|true)$"
codeql	Initialize CodeQL	2025-12-12T07:10:29.8273076Z           }
codeql	Initialize CodeQL	2025-12-12T07:10:29.8273233Z         }
codeql	Initialize CodeQL	2025-12-12T07:10:29.8273380Z       }
codeql	Initialize CodeQL	2025-12-12T07:10:29.8273528Z     ],
codeql	Initialize CodeQL	2025-12-12T07:10:29.8273672Z     "go" : [
codeql	Initialize CodeQL	2025-12-12T07:10:29.8273929Z       {
codeql	Initialize CodeQL	2025-12-12T07:10:29.8274279Z         "extractor_root" : "/opt/hostedtoolcache/CodeQL/2.23.6/x64/codeql/go",
codeql	Initialize CodeQL	2025-12-12T07:10:29.8274696Z         "extractor_options" : {
codeql	Initialize CodeQL	2025-12-12T07:10:29.8275057Z           "extract_tests" : {
codeql	Initialize CodeQL	2025-12-12T07:10:29.8275357Z             "title" : "Whether to include Go test files in the CodeQL database.",
codeql	Initialize CodeQL	2025-12-12T07:10:29.8275939Z             "description" : "A value indicating whether Go test files should be included in the CodeQL database. The default is 'false'.\n",
codeql	Initialize CodeQL	2025-12-12T07:10:29.8276434Z             "type" : "string",
codeql	Initialize CodeQL	2025-12-12T07:10:29.8276665Z             "pattern" : "^(false|true)$"
codeql	Initialize CodeQL	2025-12-12T07:10:29.8276886Z           },
codeql	Initialize CodeQL	2025-12-12T07:10:29.8277076Z           "extract_vendor_dirs" : {
codeql	Initialize CodeQL	2025-12-12T07:10:29.8277412Z             "title" : "Whether to include Go vendor directories in the CodeQL database.",
codeql	Initialize CodeQL	2025-12-12T07:10:29.8278038Z             "description" : "A value indicating whether Go vendor directories should be included in the CodeQL database. The default is 'false'.\n",
codeql	Initialize CodeQL	2025-12-12T07:10:29.8278557Z             "type" : "string",
codeql	Initialize CodeQL	2025-12-12T07:10:29.8278771Z             "pattern" : "^(false|true)$"
codeql	Initialize CodeQL	2025-12-12T07:10:29.8278995Z           }
codeql	Initialize CodeQL	2025-12-12T07:10:29.8279141Z         }
codeql	Initialize CodeQL	2025-12-12T07:10:29.8279290Z       }
codeql	Initialize CodeQL	2025-12-12T07:10:29.8279430Z     ],
codeql	Initialize CodeQL	2025-12-12T07:10:29.8279587Z     "actions" : [
codeql	Initialize CodeQL	2025-12-12T07:10:29.8280355Z       {
codeql	Initialize CodeQL	2025-12-12T07:10:29.8280638Z         "extractor_root" : "/opt/hostedtoolcache/CodeQL/2.23.6/x64/codeql/actions",
codeql	Initialize CodeQL	2025-12-12T07:10:29.8280988Z         "extractor_options" : {
codeql	Initialize CodeQL	2025-12-12T07:10:29.8281200Z           "trap" : {
codeql	Initialize CodeQL	2025-12-12T07:10:29.8281400Z             "title" : "TRAP options",
codeql	Initialize CodeQL	2025-12-12T07:10:29.8281714Z             "description" : "Options about how the extractor handles TRAP files",
codeql	Initialize CodeQL	2025-12-12T07:10:29.8282039Z             "type" : "object",
codeql	Initialize CodeQL	2025-12-12T07:10:29.8282244Z             "visibility" : 3,
codeql	Initialize CodeQL	2025-12-12T07:10:29.8282459Z             "properties" : {
codeql	Initialize CodeQL	2025-12-12T07:10:29.8282658Z               "cache" : {
codeql	Initialize CodeQL	2025-12-12T07:10:29.8282871Z                 "title" : "TRAP cache options",
codeql	Initialize CodeQL	2025-12-12T07:10:29.8283225Z                 "description" : "Options about how the extractor handles its TRAP cache",
codeql	Initialize CodeQL	2025-12-12T07:10:29.8283557Z                 "type" : "object",
codeql	Initialize CodeQL	2025-12-12T07:10:29.8283780Z                 "properties" : {
codeql	Initialize CodeQL	2025-12-12T07:10:29.8283984Z                   "dir" : {
codeql	Initialize CodeQL	2025-12-12T07:10:29.8284202Z                     "title" : "TRAP cache directory",
codeql	Initialize CodeQL	2025-12-12T07:10:29.8284507Z                     "description" : "The directory of the TRAP cache to use",
codeql	Initialize CodeQL	2025-12-12T07:10:29.8284808Z                     "type" : "string"
codeql	Initialize CodeQL	2025-12-12T07:10:29.8285023Z                   },
codeql	Initialize CodeQL	2025-12-12T07:10:29.8285199Z                   "bound" : {
codeql	Initialize CodeQL	2025-12-12T07:10:29.8285417Z                     "title" : "TRAP cache bound",
codeql	Initialize CodeQL	2025-12-12T07:10:29.8285736Z                     "description" : "A soft limit (in MB) on the size of the TRAP cache",
codeql	Initialize CodeQL	2025-12-12T07:10:29.8286061Z                     "type" : "string",
codeql	Initialize CodeQL	2025-12-12T07:10:29.8286289Z                     "pattern" : "[0-9]+"
codeql	Initialize CodeQL	2025-12-12T07:10:29.8286673Z                   },
codeql	Initialize CodeQL	2025-12-12T07:10:29.8286844Z                   "write" : {
codeql	Initialize CodeQL	2025-12-12T07:10:29.8287065Z                     "title" : "TRAP cache writeable",
codeql	Initialize CodeQL	2025-12-12T07:10:29.8287429Z                     "description" : "Whether to write to the TRAP cache as well as reading it",
codeql	Initialize CodeQL	2025-12-12T07:10:29.8287791Z                     "type" : "string",
codeql	Initialize CodeQL	2025-12-12T07:10:29.8288050Z                     "pattern" : "(true|TRUE|false|FALSE)"
codeql	Initialize CodeQL	2025-12-12T07:10:29.8288297Z                   }
codeql	Initialize CodeQL	2025-12-12T07:10:29.8288580Z                 }
codeql	Initialize CodeQL	2025-12-12T07:10:29.8288742Z               }
codeql	Initialize CodeQL	2025-12-12T07:10:29.8288907Z             }
codeql	Initialize CodeQL	2025-12-12T07:10:29.8289059Z           }
codeql	Initialize CodeQL	2025-12-12T07:10:29.8289215Z         }
codeql	Initialize CodeQL	2025-12-12T07:10:29.8289365Z       }
codeql	Initialize CodeQL	2025-12-12T07:10:29.8289516Z     ],
codeql	Initialize CodeQL	2025-12-12T07:10:29.8289831Z     "javascript" : [
codeql	Initialize CodeQL	2025-12-12T07:10:29.8290132Z       {
codeql	Initialize CodeQL	2025-12-12T07:10:29.8290523Z         "extractor_root" : "/opt/hostedtoolcache/CodeQL/2.23.6/x64/codeql/javascript",
codeql	Initialize CodeQL	2025-12-12T07:10:29.8290897Z         "extractor_options" : {
codeql	Initialize CodeQL	2025-12-12T07:10:29.8291114Z           "trap" : {
codeql	Initialize CodeQL	2025-12-12T07:10:29.8291304Z             "title" : "TRAP options",
codeql	Initialize CodeQL	2025-12-12T07:10:29.8291634Z             "description" : "Options about how the extractor handles TRAP files",
codeql	Initialize CodeQL	2025-12-12T07:10:29.8291960Z             "type" : "object",
codeql	Initialize CodeQL	2025-12-12T07:10:29.8292175Z             "visibility" : 3,
codeql	Initialize CodeQL	2025-12-12T07:10:29.8292382Z             "properties" : {
codeql	Initialize CodeQL	2025-12-12T07:10:29.8292590Z               "cache" : {
codeql	Initialize CodeQL	2025-12-12T07:10:29.8292806Z                 "title" : "TRAP cache options",
codeql	Initialize CodeQL	2025-12-12T07:10:29.8293162Z                 "description" : "Options about how the extractor handles its TRAP cache",
codeql	Initialize CodeQL	2025-12-12T07:10:29.8293509Z                 "type" : "object",
codeql	Initialize CodeQL	2025-12-12T07:10:29.8293729Z                 "properties" : {
codeql	Initialize CodeQL	2025-12-12T07:10:29.8293945Z                   "dir" : {
codeql	Initialize CodeQL	2025-12-12T07:10:29.8294164Z                     "title" : "TRAP cache directory",
codeql	Initialize CodeQL	2025-12-12T07:10:29.8294480Z                     "description" : "The directory of the TRAP cache to use",
codeql	Initialize CodeQL	2025-12-12T07:10:29.8294786Z                     "type" : "string"
codeql	Initialize CodeQL	2025-12-12T07:10:29.8295003Z                   },
codeql	Initialize CodeQL	2025-12-12T07:10:29.8295181Z                   "bound" : {
codeql	Initialize CodeQL	2025-12-12T07:10:29.8295400Z                     "title" : "TRAP cache bound",
codeql	Initialize CodeQL	2025-12-12T07:10:29.8295733Z                     "description" : "A soft limit (in MB) on the size of the TRAP cache",
codeql	Initialize CodeQL	2025-12-12T07:10:29.8296066Z                     "type" : "string",
codeql	Initialize CodeQL	2025-12-12T07:10:29.8296315Z                     "pattern" : "[0-9]+"
codeql	Initialize CodeQL	2025-12-12T07:10:29.8296532Z                   },
codeql	Initialize CodeQL	2025-12-12T07:10:29.8296711Z                   "write" : {
codeql	Initialize CodeQL	2025-12-12T07:10:29.8296927Z                     "title" : "TRAP cache writeable",
codeql	Initialize CodeQL	2025-12-12T07:10:29.8297290Z                     "description" : "Whether to write to the TRAP cache as well as reading it",
codeql	Initialize CodeQL	2025-12-12T07:10:29.8297633Z                     "type" : "string",
codeql	Initialize CodeQL	2025-12-12T07:10:29.8297874Z                     "pattern" : "(true|TRUE|false|FALSE)"
codeql	Initialize CodeQL	2025-12-12T07:10:29.8298121Z                   }
codeql	Initialize CodeQL	2025-12-12T07:10:29.8298284Z                 }
codeql	Initialize CodeQL	2025-12-12T07:10:29.8298449Z               }
codeql	Initialize CodeQL	2025-12-12T07:10:29.8298607Z             }
codeql	Initialize CodeQL	2025-12-12T07:10:29.8298766Z           },
codeql	Initialize CodeQL	2025-12-12T07:10:29.8298931Z           "skip_types" : {
codeql	Initialize CodeQL	2025-12-12T07:10:29.8299174Z             "title" : "Skip type extraction for TypeScript",
codeql	Initialize CodeQL	2025-12-12T07:10:29.8299577Z             "description" : "Whether to skip the extraction of types in a TypeScript application",
codeql	Initialize CodeQL	2025-12-12T07:10:29.8300133Z             "type" : "string",
codeql	Initialize CodeQL	2025-12-12T07:10:29.8300357Z             "pattern" : "^(false|true)$"
codeql	Initialize CodeQL	2025-12-12T07:10:29.8300576Z           }
codeql	Initialize CodeQL	2025-12-12T07:10:29.8300732Z         }
codeql	Initialize CodeQL	2025-12-12T07:10:29.8300879Z       }
codeql	Initialize CodeQL	2025-12-12T07:10:29.8301026Z     ],
codeql	Initialize CodeQL	2025-12-12T07:10:29.8301175Z     "swift" : [
codeql	Initialize CodeQL	2025-12-12T07:10:29.8301336Z       {
codeql	Initialize CodeQL	2025-12-12T07:10:29.8301587Z         "extractor_root" : "/opt/hostedtoolcache/CodeQL/2.23.6/x64/codeql/swift"
codeql	Initialize CodeQL	2025-12-12T07:10:29.8301910Z       }
codeql	Initialize CodeQL	2025-12-12T07:10:29.8302276Z     ],
codeql	Initialize CodeQL	2025-12-12T07:10:29.8302426Z     "ruby" : [
codeql	Initialize CodeQL	2025-12-12T07:10:29.8302580Z       {
codeql	Initialize CodeQL	2025-12-12T07:10:29.8302832Z         "extractor_root" : "/opt/hostedtoolcache/CodeQL/2.23.6/x64/codeql/ruby",
codeql	Initialize CodeQL	2025-12-12T07:10:29.8303164Z         "extractor_options" : {
codeql	Initialize CodeQL	2025-12-12T07:10:29.8303369Z           "trap" : {
codeql	Initialize CodeQL	2025-12-12T07:10:29.8303580Z             "title" : "Options pertaining to TRAP.",
codeql	Initialize CodeQL	2025-12-12T07:10:29.8303869Z             "description" : "Options pertaining to TRAP.",
codeql	Initialize CodeQL	2025-12-12T07:10:29.8304254Z             "type" : "object",
codeql	Initialize CodeQL	2025-12-12T07:10:29.8304460Z             "properties" : {
codeql	Initialize CodeQL	2025-12-12T07:10:29.8304669Z               "compression" : {
codeql	Initialize CodeQL	2025-12-12T07:10:29.8304995Z                 "title" : "Controls compression for the TRAP files written by the extractor.",
codeql	Initialize CodeQL	2025-12-12T07:10:29.8305932Z                 "description" : "This option is only intended for use in debugging the extractor. Accepted values are 'gzip' (the default, to write gzip-compressed TRAP) 'zstd' (to write Zstandard-compressed TRAP) and 'none' (to write uncompressed TRAP).\n",
codeql	Initialize CodeQL	2025-12-12T07:10:29.8306751Z                 "type" : "string",
codeql	Initialize CodeQL	2025-12-12T07:10:29.8306984Z                 "pattern" : "^(none|gzip|zstd)$"
codeql	Initialize CodeQL	2025-12-12T07:10:29.8307225Z               }
codeql	Initialize CodeQL	2025-12-12T07:10:29.8307427Z             }
codeql	Initialize CodeQL	2025-12-12T07:10:29.8307590Z           }
codeql	Initialize CodeQL	2025-12-12T07:10:29.8307739Z         }
codeql	Initialize CodeQL	2025-12-12T07:10:29.8307891Z       }
codeql	Initialize CodeQL	2025-12-12T07:10:29.8308032Z     ]
codeql	Initialize CodeQL	2025-12-12T07:10:29.8308182Z   }
codeql	Initialize CodeQL	2025-12-12T07:10:29.8308344Z }
codeql	Initialize CodeQL	2025-12-12T07:10:29.8308896Z Languages from configuration: javascript
codeql	Initialize CodeQL	2025-12-12T07:10:29.8309581Z [command]/opt/hostedtoolcache/CodeQL/2.23.6/x64/codeql/codeql resolve languages --format=betterjson --extractor-options-verbosity=4 --extractor-include-aliases
codeql	Initialize CodeQL	2025-12-12T07:10:30.7142322Z {
codeql	Initialize CodeQL	2025-12-12T07:10:30.7145660Z   "aliases" : {
codeql	Initialize CodeQL	2025-12-12T07:10:30.7147386Z     "c" : "cpp",
codeql	Initialize CodeQL	2025-12-12T07:10:30.7147711Z     "c++" : "cpp",
codeql	Initialize CodeQL	2025-12-12T07:10:30.7148006Z     "c-c++" : "cpp",
codeql	Initialize CodeQL	2025-12-12T07:10:30.7148359Z     "c-cpp" : "cpp",
codeql	Initialize CodeQL	2025-12-12T07:10:30.7148660Z     "c#" : "csharp",
codeql	Initialize CodeQL	2025-12-12T07:10:30.7148989Z     "java-kotlin" : "java",
codeql	Initialize CodeQL	2025-12-12T07:10:30.7149340Z     "kotlin" : "java",
codeql	Initialize CodeQL	2025-12-12T07:10:30.7149904Z     "javascript-typescript" : "javascript",
codeql	Initialize CodeQL	2025-12-12T07:10:30.7153026Z     "typescript" : "javascript"
codeql	Initialize CodeQL	2025-12-12T07:10:30.7153417Z   },
codeql	Initialize CodeQL	2025-12-12T07:10:30.7153695Z   "extractors" : {
codeql	Initialize CodeQL	2025-12-12T07:10:30.7164711Z     "xml" : [
codeql	Initialize CodeQL	2025-12-12T07:10:30.7165002Z       {
codeql	Initialize CodeQL	2025-12-12T07:10:30.7165427Z         "extractor_root" : "/opt/hostedtoolcache/CodeQL/2.23.6/x64/codeql/xml"
codeql	Initialize CodeQL	2025-12-12T07:10:30.7165981Z       }
codeql	Initialize CodeQL	2025-12-12T07:10:30.7166218Z     ],
codeql	Initialize CodeQL	2025-12-12T07:10:30.7166471Z     "python" : [
codeql	Initialize CodeQL	2025-12-12T07:10:30.7166738Z       {
codeql	Initialize CodeQL	2025-12-12T07:10:30.7167182Z         "extractor_root" : "/opt/hostedtoolcache/CodeQL/2.23.6/x64/codeql/python",
codeql	Initialize CodeQL	2025-12-12T07:10:30.7167762Z         "extractor_options" : {
codeql	Initialize CodeQL	2025-12-12T07:10:30.7168106Z           "logging" : {
codeql	Initialize CodeQL	2025-12-12T07:10:30.7168463Z             "title" : "Options pertaining to logging.",
codeql	Initialize CodeQL	2025-12-12T07:10:30.7168987Z             "description" : "Options pertaining to logging.",
codeql	Initialize CodeQL	2025-12-12T07:10:30.7169462Z             "type" : "object",
codeql	Initialize CodeQL	2025-12-12T07:10:30.7170020Z             "properties" : {
codeql	Initialize CodeQL	2025-12-12T07:10:30.7170372Z               "verbosity" : {
codeql	Initialize CodeQL	2025-12-12T07:10:30.7170791Z                 "title" : "Python extractor logging verbosity level.",
codeql	Initialize CodeQL	2025-12-12T07:10:30.7172373Z                 "description" : "Controls the level of verbosity of the CodeQL Python extractor.\nThe supported levels are (in order of increasing verbosity):\n\n  - off\n  - errors\n  - warnings\n  - info or progress\n  - debug or progress+\n  - trace or progress++\n  - progress+++\n",
codeql	Initialize CodeQL	2025-12-12T07:10:30.7173906Z                 "type" : "string",
codeql	Initialize CodeQL	2025-12-12T07:10:30.7174663Z                 "pattern" : "^(off|errors|warnings|(info|progress)|(debug|progress\\+)|(trace|progress\\+\\+)|progress\\+\\+\\+)$"
codeql	Initialize CodeQL	2025-12-12T07:10:30.7175411Z               }
codeql	Initialize CodeQL	2025-12-12T07:10:30.7175692Z             }
codeql	Initialize CodeQL	2025-12-12T07:10:30.7176428Z           },
codeql	Initialize CodeQL	2025-12-12T07:10:30.7176728Z           "python_executable_name" : {
codeql	Initialize CodeQL	2025-12-12T07:10:30.7177355Z             "title" : "Controls the name of the Python executable used by the Python extractor.",
codeql	Initialize CodeQL	2025-12-12T07:10:30.7179857Z             "description" : "The Python extractor uses platform-dependent heuristics to determine the name of the Python executable to use. Specifying a value for this option overrides the name of the Python executable used by the extractor. Accepted values are py, python and python3. Use this setting with caution, the Python extractor requires Python 3 to run.\n",
codeql	Initialize CodeQL	2025-12-12T07:10:30.7182174Z             "type" : "string",
codeql	Initialize CodeQL	2025-12-12T07:10:30.7182577Z             "pattern" : "^(py|python|python3)$"
codeql	Initialize CodeQL	2025-12-12T07:10:30.7182995Z           }
codeql	Initialize CodeQL	2025-12-12T07:10:30.7183254Z         }
codeql	Initialize CodeQL	2025-12-12T07:10:30.7183503Z       }
codeql	Initialize CodeQL	2025-12-12T07:10:30.7183748Z     ],
codeql	Initialize CodeQL	2025-12-12T07:10:30.7184006Z     "javascript" : [
codeql	Initialize CodeQL	2025-12-12T07:10:30.7184307Z       {
codeql	Initialize CodeQL	2025-12-12T07:10:30.7184793Z         "extractor_root" : "/opt/hostedtoolcache/CodeQL/2.23.6/x64/codeql/javascript",
codeql	Initialize CodeQL	2025-12-12T07:10:30.7185432Z         "extractor_options" : {
codeql	Initialize CodeQL	2025-12-12T07:10:30.7185786Z           "trap" : {
codeql	Initialize CodeQL	2025-12-12T07:10:30.7186120Z             "title" : "TRAP options",
codeql	Initialize CodeQL	2025-12-12T07:10:30.7186693Z             "description" : "Options about how the extractor handles TRAP files",
codeql	Initialize CodeQL	2025-12-12T07:10:30.7187288Z             "type" : "object",
codeql	Initialize CodeQL	2025-12-12T07:10:30.7187702Z             "visibility" : 3,
codeql	Initialize CodeQL	2025-12-12T07:10:30.7188049Z             "properties" : {
codeql	Initialize CodeQL	2025-12-12T07:10:30.7188374Z               "cache" : {
codeql	Initialize CodeQL	2025-12-12T07:10:30.7188693Z                 "title" : "TRAP cache options",
codeql	Initialize CodeQL	2025-12-12T07:10:30.7189046Z                 "description" : "Options about how the extractor handles its TRAP cache",
codeql	Initialize CodeQL	2025-12-12T07:10:30.7189378Z                 "type" : "object",
codeql	Initialize CodeQL	2025-12-12T07:10:30.7189604Z                 "properties" : {
codeql	Initialize CodeQL	2025-12-12T07:10:30.7190038Z                   "dir" : {
codeql	Initialize CodeQL	2025-12-12T07:10:30.7190275Z                     "title" : "TRAP cache directory",
codeql	Initialize CodeQL	2025-12-12T07:10:30.7190606Z                     "description" : "The directory of the TRAP cache to use",
codeql	Initialize CodeQL	2025-12-12T07:10:30.7190917Z                     "type" : "string"
codeql	Initialize CodeQL	2025-12-12T07:10:30.7191138Z                   },
codeql	Initialize CodeQL	2025-12-12T07:10:30.7191319Z                   "bound" : {
codeql	Initialize CodeQL	2025-12-12T07:10:30.7191539Z                     "title" : "TRAP cache bound",
codeql	Initialize CodeQL	2025-12-12T07:10:30.7191870Z                     "description" : "A soft limit (in MB) on the size of the TRAP cache",
codeql	Initialize CodeQL	2025-12-12T07:10:30.7192205Z                     "type" : "string",
codeql	Initialize CodeQL	2025-12-12T07:10:30.7192435Z                     "pattern" : "[0-9]+"
codeql	Initialize CodeQL	2025-12-12T07:10:30.7192659Z                   },
codeql	Initialize CodeQL	2025-12-12T07:10:30.7192832Z                   "write" : {
codeql	Initialize CodeQL	2025-12-12T07:10:30.7193054Z                     "title" : "TRAP cache writeable",
codeql	Initialize CodeQL	2025-12-12T07:10:30.7193419Z                     "description" : "Whether to write to the TRAP cache as well as reading it",
codeql	Initialize CodeQL	2025-12-12T07:10:30.7193770Z                     "type" : "string",
codeql	Initialize CodeQL	2025-12-12T07:10:30.7194019Z                     "pattern" : "(true|TRUE|false|FALSE)"
codeql	Initialize CodeQL	2025-12-12T07:10:30.7194252Z                   }
codeql	Initialize CodeQL	2025-12-12T07:10:30.7194422Z                 }
codeql	Initialize CodeQL	2025-12-12T07:10:30.7194581Z               }
codeql	Initialize CodeQL	2025-12-12T07:10:30.7194750Z             }
codeql	Initialize CodeQL	2025-12-12T07:10:30.7194906Z           },
codeql	Initialize CodeQL	2025-12-12T07:10:30.7195079Z           "skip_types" : {
codeql	Initialize CodeQL	2025-12-12T07:10:30.7195327Z             "title" : "Skip type extraction for TypeScript",
codeql	Initialize CodeQL	2025-12-12T07:10:30.7195741Z             "description" : "Whether to skip the extraction of types in a TypeScript application",
codeql	Initialize CodeQL	2025-12-12T07:10:30.7196121Z             "type" : "string",
codeql	Initialize CodeQL	2025-12-12T07:10:30.7196336Z             "pattern" : "^(false|true)$"
codeql	Initialize CodeQL	2025-12-12T07:10:30.7196559Z           }
codeql	Initialize CodeQL	2025-12-12T07:10:30.7196708Z         }
codeql	Initialize CodeQL	2025-12-12T07:10:30.7196867Z       }
codeql	Initialize CodeQL	2025-12-12T07:10:30.7197014Z     ],
codeql	Initialize CodeQL	2025-12-12T07:10:30.7197175Z     "rust" : [
codeql	Initialize CodeQL	2025-12-12T07:10:30.7197333Z       {
codeql	Initialize CodeQL	2025-12-12T07:10:30.7197783Z         "extractor_root" : "/opt/hostedtoolcache/CodeQL/2.23.6/x64/codeql/rust",
codeql	Initialize CodeQL	2025-12-12T07:10:30.7198126Z         "extractor_options" : {
codeql	Initialize CodeQL	2025-12-12T07:10:30.7198328Z           "trap" : {
codeql	Initialize CodeQL	2025-12-12T07:10:30.7198533Z             "title" : "Options pertaining to TRAP.",
codeql	Initialize CodeQL	2025-12-12T07:10:30.7198815Z             "description" : "Options pertaining to TRAP.",
codeql	Initialize CodeQL	2025-12-12T07:10:30.7199081Z             "type" : "object",
codeql	Initialize CodeQL	2025-12-12T07:10:30.7199284Z             "properties" : {
codeql	Initialize CodeQL	2025-12-12T07:10:30.7199490Z               "compression" : {
codeql	Initialize CodeQL	2025-12-12T07:10:30.7200129Z                 "title" : "Controls compression for the TRAP files written by the extractor.",
codeql	Initialize CodeQL	2025-12-12T07:10:30.7201072Z                 "description" : "This option is only intended for use in debugging the extractor. Accepted values are 'gzip' (to write gzip-compressed TRAP) 'zstd' (to write Zstandard-compressed TRAP) and 'none' (the default, to write uncompressed TRAP).\n",
codeql	Initialize CodeQL	2025-12-12T07:10:30.7201877Z                 "type" : "string",
codeql	Initialize CodeQL	2025-12-12T07:10:30.7202119Z                 "pattern" : "^(none|gzip|zstd)$"
codeql	Initialize CodeQL	2025-12-12T07:10:30.7202480Z               }
codeql	Initialize CodeQL	2025-12-12T07:10:30.7202760Z             }
codeql	Initialize CodeQL	2025-12-12T07:10:30.7203046Z           },
codeql	Initialize CodeQL	2025-12-12T07:10:30.7203340Z           "cargo_target_dir" : {
codeql	Initialize CodeQL	2025-12-12T07:10:30.7203796Z             "title" : "Directory to use for cargo output files.",
codeql	Initialize CodeQL	2025-12-12T07:10:30.7205566Z             "description" : "This value is an optional path to use as `CARGO_TARGET_DIR` for the internal cargo commands the extractor uses. Pointing it to a persistent directory may reduce execution time of consecutive extractor runs. By default, a new scratch directory is used for each run.\n",
codeql	Initialize CodeQL	2025-12-12T07:10:30.7207102Z             "type" : "string"
codeql	Initialize CodeQL	2025-12-12T07:10:30.7207461Z           },
codeql	Initialize CodeQL	2025-12-12T07:10:30.7207750Z           "cargo_target" : {
codeql	Initialize CodeQL	2025-12-12T07:10:30.7207980Z             "title" : "Target architecture",
codeql	Initialize CodeQL	2025-12-12T07:10:30.7208509Z             "description" : "Target architecture to use for analysis, analogous to `cargo --target`. By default the host architecture is used.\n",
codeql	Initialize CodeQL	2025-12-12T07:10:30.7209030Z             "type" : "string"
codeql	Initialize CodeQL	2025-12-12T07:10:30.7209228Z           },
codeql	Initialize CodeQL	2025-12-12T07:10:30.7209396Z           "cargo_features" : {
codeql	Initialize CodeQL	2025-12-12T07:10:30.7209623Z             "title" : "Cargo features to turn on",
codeql	Initialize CodeQL	2025-12-12T07:10:30.7210790Z             "description" : "Comma-separated list of features to turn on. By default all features are enabled. If any features are specified, then only those features are enabled. The `default` feature must be explicitly specified if only default features are desired. Can be repeated.\n",
codeql	Initialize CodeQL	2025-12-12T07:10:30.7211711Z             "type" : "array"
codeql	Initialize CodeQL	2025-12-12T07:10:30.7211908Z           },
codeql	Initialize CodeQL	2025-12-12T07:10:30.7212076Z           "cargo_cfg_overrides" : {
codeql	Initialize CodeQL	2025-12-12T07:10:30.7212313Z             "title" : "Cargo cfg overrides",
codeql	Initialize CodeQL	2025-12-12T07:10:30.7212779Z             "description" : "Comma-separated list of cfg settings to enable, or disable if prefixed with `-`. Can be repeated.\n",
codeql	Initialize CodeQL	2025-12-12T07:10:30.7213235Z             "type" : "array"
codeql	Initialize CodeQL	2025-12-12T07:10:30.7213418Z           },
codeql	Initialize CodeQL	2025-12-12T07:10:30.7213589Z           "logging" : {
codeql	Initialize CodeQL	2025-12-12T07:10:30.7213803Z             "title" : "Options pertaining to logging.",
codeql	Initialize CodeQL	2025-12-12T07:10:30.7214114Z             "description" : "Options pertaining to logging.",
codeql	Initialize CodeQL	2025-12-12T07:10:30.7214383Z             "type" : "object",
codeql	Initialize CodeQL	2025-12-12T07:10:30.7214591Z             "properties" : {
codeql	Initialize CodeQL	2025-12-12T07:10:30.7214796Z               "verbosity" : {
codeql	Initialize CodeQL	2025-12-12T07:10:30.7215032Z                 "title" : "Extractor logging verbosity level.",
codeql	Initialize CodeQL	2025-12-12T07:10:30.7215883Z                 "description" : "Controls the level of verbosity of the extractor. The supported levels are (in order of increasing verbosity):\n  - off\n  - errors\n  - warnings\n  - info or progress\n  - debug or progress+\n  - trace or progress++\n  - progress+++\n",
codeql	Initialize CodeQL	2025-12-12T07:10:30.7216673Z                 "type" : "string",
codeql	Initialize CodeQL	2025-12-12T07:10:30.7217114Z                 "pattern" : "^(off|errors|warnings|(info|progress)|(debug|progress\\+)|(trace|progress\\+\\+)|progress\\+\\+\\+)$"
codeql	Initialize CodeQL	2025-12-12T07:10:30.7217729Z               },
codeql	Initialize CodeQL	2025-12-12T07:10:30.7217899Z               "flamegraph" : {
codeql	Initialize CodeQL	2025-12-12T07:10:30.7218182Z                 "title" : "[Experimental] File path for write flame graph log",
codeql	Initialize CodeQL	2025-12-12T07:10:30.7219272Z                 "description" : "Collect flame graph data using the `tracing-flame` crate. To render a flame graph or chart, run the `inferno-flamegraph` command. See also: https://crates.io/crates/tracing-flame\n",
codeql	Initialize CodeQL	2025-12-12T07:10:30.7220493Z                 "type" : "string"
codeql	Initialize CodeQL	2025-12-12T07:10:30.7220704Z               }
codeql	Initialize CodeQL	2025-12-12T07:10:30.7220874Z             }
codeql	Initialize CodeQL	2025-12-12T07:10:30.7221030Z           },
codeql	Initialize CodeQL	2025-12-12T07:10:30.7221211Z           "extract_dependencies_as_source" : {
codeql	Initialize CodeQL	2025-12-12T07:10:30.7221498Z             "title" : "Extract dependencies as source code",
codeql	Initialize CodeQL	2025-12-12T07:10:30.7221950Z             "description" : "Extract the full source code of dependencies instead of only extracting signatures.\n",
codeql	Initialize CodeQL	2025-12-12T07:10:30.7222381Z             "type" : "string",
codeql	Initialize CodeQL	2025-12-12T07:10:30.7222592Z             "pattern" : "^(false|true)$"
codeql	Initialize CodeQL	2025-12-12T07:10:30.7222817Z           }
codeql	Initialize CodeQL	2025-12-12T07:10:30.7222961Z         }
codeql	Initialize CodeQL	2025-12-12T07:10:30.7223111Z       }
codeql	Initialize CodeQL	2025-12-12T07:10:30.7223250Z     ],
codeql	Initialize CodeQL	2025-12-12T07:10:30.7223399Z     "csv" : [
codeql	Initialize CodeQL	2025-12-12T07:10:30.7223553Z       {
codeql	Initialize CodeQL	2025-12-12T07:10:30.7223805Z         "extractor_root" : "/opt/hostedtoolcache/CodeQL/2.23.6/x64/codeql/csv"
codeql	Initialize CodeQL	2025-12-12T07:10:30.7224124Z       }
codeql	Initialize CodeQL	2025-12-12T07:10:30.7224263Z     ],
codeql	Initialize CodeQL	2025-12-12T07:10:30.7224410Z     "cpp" : [
codeql	Initialize CodeQL	2025-12-12T07:10:30.7224557Z       {
codeql	Initialize CodeQL	2025-12-12T07:10:30.7224801Z         "extractor_root" : "/opt/hostedtoolcache/CodeQL/2.23.6/x64/codeql/cpp",
codeql	Initialize CodeQL	2025-12-12T07:10:30.7225119Z         "extractor_options" : {
codeql	Initialize CodeQL	2025-12-12T07:10:30.7225324Z           "trap" : {
codeql	Initialize CodeQL	2025-12-12T07:10:30.7225508Z             "title" : "TRAP options",
codeql	Initialize CodeQL	2025-12-12T07:10:30.7225828Z             "description" : "Options about how the extractor handles TRAP files",
codeql	Initialize CodeQL	2025-12-12T07:10:30.7226150Z             "type" : "object",
codeql	Initialize CodeQL	2025-12-12T07:10:30.7226350Z             "visibility" : 3,
codeql	Initialize CodeQL	2025-12-12T07:10:30.7226558Z             "properties" : {
codeql	Initialize CodeQL	2025-12-12T07:10:30.7226752Z               "cache" : {
codeql	Initialize CodeQL	2025-12-12T07:10:30.7226964Z                 "title" : "TRAP cache options",
codeql	Initialize CodeQL	2025-12-12T07:10:30.7227382Z                 "description" : "Options about how the extractor handles its TRAP cache",
codeql	Initialize CodeQL	2025-12-12T07:10:30.7227714Z                 "type" : "object",
codeql	Initialize CodeQL	2025-12-12T07:10:30.7227941Z                 "properties" : {
codeql	Initialize CodeQL	2025-12-12T07:10:30.7228152Z                   "dir" : {
codeql	Initialize CodeQL	2025-12-12T07:10:30.7228363Z                     "title" : "TRAP cache directory",
codeql	Initialize CodeQL	2025-12-12T07:10:30.7228671Z                     "description" : "The directory of the TRAP cache to use",
codeql	Initialize CodeQL	2025-12-12T07:10:30.7228959Z                     "type" : "string"
codeql	Initialize CodeQL	2025-12-12T07:10:30.7229172Z                   },
codeql	Initialize CodeQL	2025-12-12T07:10:30.7229341Z                   "bound" : {
codeql	Initialize CodeQL	2025-12-12T07:10:30.7229559Z                     "title" : "TRAP cache bound",
codeql	Initialize CodeQL	2025-12-12T07:10:30.7230123Z                     "description" : "A soft limit (in MB) on the size of the TRAP cache",
codeql	Initialize CodeQL	2025-12-12T07:10:30.7230476Z                     "type" : "string",
codeql	Initialize CodeQL	2025-12-12T07:10:30.7230720Z                     "pattern" : "[0-9]+"
codeql	Initialize CodeQL	2025-12-12T07:10:30.7230940Z                   },
codeql	Initialize CodeQL	2025-12-12T07:10:30.7231122Z                   "write" : {
codeql	Initialize CodeQL	2025-12-12T07:10:30.7231337Z                     "title" : "TRAP cache writeable",
codeql	Initialize CodeQL	2025-12-12T07:10:30.7231704Z                     "description" : "Whether to write to the TRAP cache as well as reading it",
codeql	Initialize CodeQL	2025-12-12T07:10:30.7232046Z                     "type" : "string",
codeql	Initialize CodeQL	2025-12-12T07:10:30.7232293Z                     "pattern" : "(true|TRUE|false|FALSE)"
codeql	Initialize CodeQL	2025-12-12T07:10:30.7232523Z                   }
codeql	Initialize CodeQL	2025-12-12T07:10:30.7232727Z                 }
codeql	Initialize CodeQL	2025-12-12T07:10:30.7232992Z               }
codeql	Initialize CodeQL	2025-12-12T07:10:30.7233246Z             }
codeql	Initialize CodeQL	2025-12-12T07:10:30.7233504Z           },
codeql	Initialize CodeQL	2025-12-12T07:10:30.7233980Z           "scale_timeouts" : {
codeql	Initialize CodeQL	2025-12-12T07:10:30.7234272Z             "title" : "Value to scale compiler introspection timeouts with",
codeql	Initialize CodeQL	2025-12-12T07:10:30.7235550Z             "description" : "The extractor attempts to determine what compiler the source code being extracted is compiled with. To this end the extractor makes additional calls to the compiler, some of which are expected to return within a certain fixed time (either 10s or 15s). On some systems that are under high load this time might be too short, and can be scaled up using this option.\n",
codeql	Initialize CodeQL	2025-12-12T07:10:30.7236867Z             "type" : "string",
codeql	Initialize CodeQL	2025-12-12T07:10:30.7237076Z             "pattern" : "[0-9]+"
codeql	Initialize CodeQL	2025-12-12T07:10:30.7237270Z           },
codeql	Initialize CodeQL	2025-12-12T07:10:30.7237438Z           "log_verbosity" : {
codeql	Initialize CodeQL	2025-12-12T07:10:30.7237676Z             "title" : "Verbosity of the extractor logging",
codeql	Initialize CodeQL	2025-12-12T07:10:30.7238211Z             "description" : "Set the verbosity of the extractor logging to 'quiet' (0), 'normal' (1), 'chatty' (2), or 'noisy' (3). The default is 'normal'.\n",
codeql	Initialize CodeQL	2025-12-12T07:10:30.7238714Z             "type" : "string",
codeql	Initialize CodeQL	2025-12-12T07:10:30.7238918Z             "pattern" : "[0-3]"
codeql	Initialize CodeQL	2025-12-12T07:10:30.7239117Z           },
codeql	Initialize CodeQL	2025-12-12T07:10:30.7239284Z           "frontend_options" : {
codeql	Initialize CodeQL	2025-12-12T07:10:30.7239530Z             "title" : "C/C++ extractor frontend options",
codeql	Initialize CodeQL	2025-12-12T07:10:30.7240163Z             "description" : "Set additional options that should be passed to the C/C++ extractor frontend.\n",
codeql	Initialize CodeQL	2025-12-12T07:10:30.7240606Z             "type" : "array",
codeql	Initialize CodeQL	2025-12-12T07:10:30.7240804Z             "visibility" : 3
codeql	Initialize CodeQL	2025-12-12T07:10:30.7240996Z           }
codeql	Initialize CodeQL	2025-12-12T07:10:30.7241139Z         }
codeql	Initialize CodeQL	2025-12-12T07:10:30.7241286Z       }
codeql	Initialize CodeQL	2025-12-12T07:10:30.7241427Z     ],
codeql	Initialize CodeQL	2025-12-12T07:10:30.7241577Z     "java" : [
codeql	Initialize CodeQL	2025-12-12T07:10:30.7241730Z       {
codeql	Initialize CodeQL	2025-12-12T07:10:30.7241986Z         "extractor_root" : "/opt/hostedtoolcache/CodeQL/2.23.6/x64/codeql/java",
codeql	Initialize CodeQL	2025-12-12T07:10:30.7242324Z         "extractor_options" : {
codeql	Initialize CodeQL	2025-12-12T07:10:30.7242532Z           "exclude" : {
codeql	Initialize CodeQL	2025-12-12T07:10:30.7242762Z             "title" : "A glob excluding files from analysis.",
codeql	Initialize CodeQL	2025-12-12T07:10:30.7243408Z             "description" : "A glob indicating what files to exclude from the analysis. This accepts glob patterns that are supported by Java's 'getPathMatcher' implementation.\n",
codeql	Initialize CodeQL	2025-12-12T07:10:30.7244010Z             "type" : "string"
codeql	Initialize CodeQL	2025-12-12T07:10:30.7244198Z           },
codeql	Initialize CodeQL	2025-12-12T07:10:30.7244371Z           "add_prefer_source" : {
codeql	Initialize CodeQL	2025-12-12T07:10:30.7244673Z             "title" : "Whether to always prefer source files over class files.",
codeql	Initialize CodeQL	2025-12-12T07:10:30.7245669Z             "description" : "A value indicating whether source files should be preferred over class files. If set to 'true', the extraction adds '-Xprefer:source' to the javac command line. If set to 'false', the extraction uses the default javac behavior ('-Xprefer:newer'). The default is 'true'.\n",
codeql	Initialize CodeQL	2025-12-12T07:10:30.7246571Z             "type" : "string",
codeql	Initialize CodeQL	2025-12-12T07:10:30.7246780Z             "pattern" : "^(false|true)$"
codeql	Initialize CodeQL	2025-12-12T07:10:30.7247003Z           },
codeql	Initialize CodeQL	2025-12-12T07:10:30.7247158Z           "buildless" : {
codeql	Initialize CodeQL	2025-12-12T07:10:30.7247459Z             "title" : "Whether to use buildless (standalone) extraction (experimental).",
codeql	Initialize CodeQL	2025-12-12T07:10:30.7248927Z             "description" : "A value indicating, which type of extraction the autobuilder should perform. If 'true', then the standalone extractor will be used, otherwise tracing extraction will be performed. The default is 'false'. Note that buildless extraction will generally yield less accurate analysis results, and should only be used in cases where it is not possible to build the code (for example if it uses inaccessible dependencies).\n",
codeql	Initialize CodeQL	2025-12-12T07:10:30.7250433Z             "type" : "string",
codeql	Initialize CodeQL	2025-12-12T07:10:30.7250653Z             "pattern" : "^(false|true)$"
codeql	Initialize CodeQL	2025-12-12T07:10:30.7250880Z           },
codeql	Initialize CodeQL	2025-12-12T07:10:30.7251060Z           "buildless_dependency_dir" : {
codeql	Initialize CodeQL	2025-12-12T07:10:30.7251582Z             "title" : "The path where buildless (standalone) extraction should keep dependencies.",
codeql	Initialize CodeQL	2025-12-12T07:10:30.7252158Z             "description" : "If set, the buildless (standalone) extractor will store dependencies in this directory.\n",
codeql	Initialize CodeQL	2025-12-12T07:10:30.7252584Z             "type" : "string"
codeql	Initialize CodeQL	2025-12-12T07:10:30.7252783Z           },
codeql	Initialize CodeQL	2025-12-12T07:10:30.7252960Z           "minimize_dependency_jars" : {
codeql	Initialize CodeQL	2025-12-12T07:10:30.7253329Z             "title" : "Whether to rewrite and minimize downloaded JAR dependencies (experimental).",
codeql	Initialize CodeQL	2025-12-12T07:10:30.7254218Z             "description" : "If 'true', JAR dependencies downloaded during extraction will be rewritten to remove unneeded data, such as method bodies. The default is 'false'.\n",
codeql	Initialize CodeQL	2025-12-12T07:10:30.7254803Z             "type" : "string",
codeql	Initialize CodeQL	2025-12-12T07:10:30.7255006Z             "pattern" : "^(false|true)$"
codeql	Initialize CodeQL	2025-12-12T07:10:30.7255222Z           }
codeql	Initialize CodeQL	2025-12-12T07:10:30.7255365Z         }
codeql	Initialize CodeQL	2025-12-12T07:10:30.7255519Z       }
codeql	Initialize CodeQL	2025-12-12T07:10:30.7255657Z     ],
codeql	Initialize CodeQL	2025-12-12T07:10:30.7255804Z     "html" : [
codeql	Initialize CodeQL	2025-12-12T07:10:30.7255959Z       {
codeql	Initialize CodeQL	2025-12-12T07:10:30.7256206Z         "extractor_root" : "/opt/hostedtoolcache/CodeQL/2.23.6/x64/codeql/html"
codeql	Initialize CodeQL	2025-12-12T07:10:30.7256518Z       }
codeql	Initialize CodeQL	2025-12-12T07:10:30.7256652Z     ],
codeql	Initialize CodeQL	2025-12-12T07:10:30.7256796Z     "yaml" : [
codeql	Initialize CodeQL	2025-12-12T07:10:30.7256942Z       {
codeql	Initialize CodeQL	2025-12-12T07:10:30.7257223Z         "extractor_root" : "/opt/hostedtoolcache/CodeQL/2.23.6/x64/codeql/yaml"
codeql	Initialize CodeQL	2025-12-12T07:10:30.7257527Z       }
codeql	Initialize CodeQL	2025-12-12T07:10:30.7257668Z     ],
codeql	Initialize CodeQL	2025-12-12T07:10:30.7257806Z     "swift" : [
codeql	Initialize CodeQL	2025-12-12T07:10:30.7257967Z       {
codeql	Initialize CodeQL	2025-12-12T07:10:30.7258208Z         "extractor_root" : "/opt/hostedtoolcache/CodeQL/2.23.6/x64/codeql/swift"
codeql	Initialize CodeQL	2025-12-12T07:10:30.7258521Z       }
codeql	Initialize CodeQL	2025-12-12T07:10:30.7258662Z     ],
codeql	Initialize CodeQL	2025-12-12T07:10:30.7258812Z     "properties" : [
codeql	Initialize CodeQL	2025-12-12T07:10:30.7258990Z       {
codeql	Initialize CodeQL	2025-12-12T07:10:30.7259253Z         "extractor_root" : "/opt/hostedtoolcache/CodeQL/2.23.6/x64/codeql/properties"
codeql	Initialize CodeQL	2025-12-12T07:10:30.7259590Z       }
codeql	Initialize CodeQL	2025-12-12T07:10:30.7259938Z     ],
codeql	Initialize CodeQL	2025-12-12T07:10:30.7260106Z     "ruby" : [
codeql	Initialize CodeQL	2025-12-12T07:10:30.7260263Z       {
codeql	Initialize CodeQL	2025-12-12T07:10:30.7260520Z         "extractor_root" : "/opt/hostedtoolcache/CodeQL/2.23.6/x64/codeql/ruby",
codeql	Initialize CodeQL	2025-12-12T07:10:30.7260847Z         "extractor_options" : {
codeql	Initialize CodeQL	2025-12-12T07:10:30.7261079Z           "trap" : {
codeql	Initialize CodeQL	2025-12-12T07:10:30.7261290Z             "title" : "Options pertaining to TRAP.",
codeql	Initialize CodeQL	2025-12-12T07:10:30.7261589Z             "description" : "Options pertaining to TRAP.",
codeql	Initialize CodeQL	2025-12-12T07:10:30.7261860Z             "type" : "object",
codeql	Initialize CodeQL	2025-12-12T07:10:30.7262062Z             "properties" : {
codeql	Initialize CodeQL	2025-12-12T07:10:30.7262279Z               "compression" : {
codeql	Initialize CodeQL	2025-12-12T07:10:30.7262599Z                 "title" : "Controls compression for the TRAP files written by the extractor.",
codeql	Initialize CodeQL	2025-12-12T07:10:30.7263539Z                 "description" : "This option is only intended for use in debugging the extractor. Accepted values are 'gzip' (the default, to write gzip-compressed TRAP) 'zstd' (to write Zstandard-compressed TRAP) and 'none' (to write uncompressed TRAP).\n",
codeql	Initialize CodeQL	2025-12-12T07:10:30.7264351Z                 "type" : "string",
codeql	Initialize CodeQL	2025-12-12T07:10:30.7264581Z                 "pattern" : "^(none|gzip|zstd)$"
codeql	Initialize CodeQL	2025-12-12T07:10:30.7264814Z               }
codeql	Initialize CodeQL	2025-12-12T07:10:30.7264968Z             }
codeql	Initialize CodeQL	2025-12-12T07:10:30.7265124Z           }
codeql	Initialize CodeQL	2025-12-12T07:10:30.7265273Z         }
codeql	Initialize CodeQL	2025-12-12T07:10:30.7265422Z       }
codeql	Initialize CodeQL	2025-12-12T07:10:30.7265559Z     ],
codeql	Initialize CodeQL	2025-12-12T07:10:30.7265714Z     "go" : [
codeql	Initialize CodeQL	2025-12-12T07:10:30.7265865Z       {
codeql	Initialize CodeQL	2025-12-12T07:10:30.7266118Z         "extractor_root" : "/opt/hostedtoolcache/CodeQL/2.23.6/x64/codeql/go",
codeql	Initialize CodeQL	2025-12-12T07:10:30.7266442Z         "extractor_options" : {
codeql	Initialize CodeQL	2025-12-12T07:10:30.7266664Z           "extract_tests" : {
codeql	Initialize CodeQL	2025-12-12T07:10:30.7266958Z             "title" : "Whether to include Go test files in the CodeQL database.",
codeql	Initialize CodeQL	2025-12-12T07:10:30.7267525Z             "description" : "A value indicating whether Go test files should be included in the CodeQL database. The default is 'false'.\n",
codeql	Initialize CodeQL	2025-12-12T07:10:30.7268135Z             "type" : "string",
codeql	Initialize CodeQL	2025-12-12T07:10:30.7268349Z             "pattern" : "^(false|true)$"
codeql	Initialize CodeQL	2025-12-12T07:10:30.7268570Z           },
codeql	Initialize CodeQL	2025-12-12T07:10:30.7268737Z           "extract_vendor_dirs" : {
codeql	Initialize CodeQL	2025-12-12T07:10:30.7269061Z             "title" : "Whether to include Go vendor directories in the CodeQL database.",
codeql	Initialize CodeQL	2025-12-12T07:10:30.7269838Z             "description" : "A value indicating whether Go vendor directories should be included in the CodeQL database. The default is 'false'.\n",
codeql	Initialize CodeQL	2025-12-12T07:10:30.7270560Z             "type" : "string",
codeql	Initialize CodeQL	2025-12-12T07:10:30.7270781Z             "pattern" : "^(false|true)$"
codeql	Initialize CodeQL	2025-12-12T07:10:30.7271002Z           }
codeql	Initialize CodeQL	2025-12-12T07:10:30.7271155Z         }
codeql	Initialize CodeQL	2025-12-12T07:10:30.7271298Z       }
codeql	Initialize CodeQL	2025-12-12T07:10:30.7271442Z     ],
codeql	Initialize CodeQL	2025-12-12T07:10:30.7271589Z     "csharp" : [
codeql	Initialize CodeQL	2025-12-12T07:10:30.7271757Z       {
codeql	Initialize CodeQL	2025-12-12T07:10:30.7272014Z         "extractor_root" : "/opt/hostedtoolcache/CodeQL/2.23.6/x64/codeql/csharp",
codeql	Initialize CodeQL	2025-12-12T07:10:30.7272367Z         "extractor_options" : {
codeql	Initialize CodeQL	2025-12-12T07:10:30.7272574Z           "trap" : {
codeql	Initialize CodeQL	2025-12-12T07:10:30.7272778Z             "title" : "Options pertaining to TRAP.",
codeql	Initialize CodeQL	2025-12-12T07:10:30.7273068Z             "description" : "Options pertaining to TRAP.",
codeql	Initialize CodeQL	2025-12-12T07:10:30.7273330Z             "type" : "object",
codeql	Initialize CodeQL	2025-12-12T07:10:30.7273535Z             "properties" : {
codeql	Initialize CodeQL	2025-12-12T07:10:30.7273731Z               "compression" : {
codeql	Initialize CodeQL	2025-12-12T07:10:30.7274060Z                 "title" : "Controls compression for the TRAP files written by the extractor.",
codeql	Initialize CodeQL	2025-12-12T07:10:30.7274901Z                 "description" : "This option is only intended for use in debugging the extractor. Accepted values are 'brotli' (the default, to write brotli-compressed TRAP), 'gzip', and 'none' (to write uncompressed TRAP).\n",
codeql	Initialize CodeQL	2025-12-12T07:10:30.7275620Z                 "type" : "string",
codeql	Initialize CodeQL	2025-12-12T07:10:30.7275856Z                 "pattern" : "^(none|gzip|brotli)$"
codeql	Initialize CodeQL	2025-12-12T07:10:30.7276087Z               }
codeql	Initialize CodeQL	2025-12-12T07:10:30.7276249Z             }
codeql	Initialize CodeQL	2025-12-12T07:10:30.7276400Z           },
codeql	Initialize CodeQL	2025-12-12T07:10:30.7276567Z           "buildless" : {
codeql	Initialize CodeQL	2025-12-12T07:10:30.7276872Z             "title" : "DEPRECATED - Whether to use buildless (standalone) extraction.",
codeql	Initialize CodeQL	2025-12-12T07:10:30.7278525Z             "description" : "DEPRECATED: Use `--build-mode none` instead.\nA value indicating, which type of extraction the autobuilder should perform. If 'true', then the standalone extractor will be used, otherwise tracing extraction will be performed. The default is 'false'. Note that buildless extraction will generally yield less accurate analysis results, and should only be used in cases where it is not possible to build the code (for example if it uses inaccessible dependencies).\n",
codeql	Initialize CodeQL	2025-12-12T07:10:30.7280181Z             "type" : "string",
codeql	Initialize CodeQL	2025-12-12T07:10:30.7280394Z             "pattern" : "^(false|true)$"
codeql	Initialize CodeQL	2025-12-12T07:10:30.7280619Z           },
codeql	Initialize CodeQL	2025-12-12T07:10:30.7280782Z           "logging" : {
codeql	Initialize CodeQL	2025-12-12T07:10:30.7281000Z             "title" : "Options pertaining to logging.",
codeql	Initialize CodeQL	2025-12-12T07:10:30.7281301Z             "description" : "Options pertaining to logging.",
codeql	Initialize CodeQL	2025-12-12T07:10:30.7281567Z             "type" : "object",
codeql	Initialize CodeQL	2025-12-12T07:10:30.7281774Z             "properties" : {
codeql	Initialize CodeQL	2025-12-12T07:10:30.7281974Z               "verbosity" : {
codeql	Initialize CodeQL	2025-12-12T07:10:30.7282211Z                 "title" : "Extractor logging verbosity level.",
codeql	Initialize CodeQL	2025-12-12T07:10:30.7283051Z                 "description" : "Controls the level of verbosity of the extractor. The supported levels are (in order of increasing verbosity):\n  - off\n  - errors\n  - warnings\n  - info or progress\n  - debug or progress+\n  - trace or progress++\n  - progress+++\n",
codeql	Initialize CodeQL	2025-12-12T07:10:30.7283858Z                 "type" : "string",
codeql	Initialize CodeQL	2025-12-12T07:10:30.7284285Z                 "pattern" : "^(off|errors|warnings|(info|progress)|(debug|progress\\+)|(trace|progress\\+\\+)|progress\\+\\+\\+)$"
codeql	Initialize CodeQL	2025-12-12T07:10:30.7284836Z               }
codeql	Initialize CodeQL	2025-12-12T07:10:30.7284998Z             }
codeql	Initialize CodeQL	2025-12-12T07:10:30.7285146Z           },
codeql	Initialize CodeQL	2025-12-12T07:10:30.7285311Z           "binlog" : {
codeql	Initialize CodeQL	2025-12-12T07:10:30.7285492Z             "title" : "Binlog",
codeql	Initialize CodeQL	2025-12-12T07:10:30.7286088Z             "description" : "[EXPERIMENTAL] The value is a path to the MsBuild binary log file that should be extracted. This option only works when `--build-mode none` is also specified.\n",
codeql	Initialize CodeQL	2025-12-12T07:10:30.7286706Z             "type" : "array"
codeql	Initialize CodeQL	2025-12-12T07:10:30.7287000Z           }
codeql	Initialize CodeQL	2025-12-12T07:10:30.7287152Z         }
codeql	Initialize CodeQL	2025-12-12T07:10:30.7287297Z       }
codeql	Initialize CodeQL	2025-12-12T07:10:30.7287448Z     ],
codeql	Initialize CodeQL	2025-12-12T07:10:30.7287592Z     "actions" : [
codeql	Initialize CodeQL	2025-12-12T07:10:30.7287755Z       {
codeql	Initialize CodeQL	2025-12-12T07:10:30.7288013Z         "extractor_root" : "/opt/hostedtoolcache/CodeQL/2.23.6/x64/codeql/actions",
codeql	Initialize CodeQL	2025-12-12T07:10:30.7288356Z         "extractor_options" : {
codeql	Initialize CodeQL	2025-12-12T07:10:30.7288552Z           "trap" : {
codeql	Initialize CodeQL	2025-12-12T07:10:30.7288742Z             "title" : "TRAP options",
codeql	Initialize CodeQL	2025-12-12T07:10:30.7289073Z             "description" : "Options about how the extractor handles TRAP files",
codeql	Initialize CodeQL	2025-12-12T07:10:30.7289387Z             "type" : "object",
codeql	Initialize CodeQL	2025-12-12T07:10:30.7289593Z             "visibility" : 3,
codeql	Initialize CodeQL	2025-12-12T07:10:30.7290027Z             "properties" : {
codeql	Initialize CodeQL	2025-12-12T07:10:30.7290379Z               "cache" : {
codeql	Initialize CodeQL	2025-12-12T07:10:30.7290607Z                 "title" : "TRAP cache options",
codeql	Initialize CodeQL	2025-12-12T07:10:30.7290990Z                 "description" : "Options about how the extractor handles its TRAP cache",
codeql	Initialize CodeQL	2025-12-12T07:10:30.7291341Z                 "type" : "object",
codeql	Initialize CodeQL	2025-12-12T07:10:30.7291567Z                 "properties" : {
codeql	Initialize CodeQL	2025-12-12T07:10:30.7291780Z                   "dir" : {
codeql	Initialize CodeQL	2025-12-12T07:10:30.7291993Z                     "title" : "TRAP cache directory",
codeql	Initialize CodeQL	2025-12-12T07:10:30.7292306Z                     "description" : "The directory of the TRAP cache to use",
codeql	Initialize CodeQL	2025-12-12T07:10:30.7292595Z                     "type" : "string"
codeql	Initialize CodeQL	2025-12-12T07:10:30.7292817Z                   },
codeql	Initialize CodeQL	2025-12-12T07:10:30.7292996Z                   "bound" : {
codeql	Initialize CodeQL	2025-12-12T07:10:30.7293225Z                     "title" : "TRAP cache bound",
codeql	Initialize CodeQL	2025-12-12T07:10:30.7293551Z                     "description" : "A soft limit (in MB) on the size of the TRAP cache",
codeql	Initialize CodeQL	2025-12-12T07:10:30.7293882Z                     "type" : "string",
codeql	Initialize CodeQL	2025-12-12T07:10:30.7294114Z                     "pattern" : "[0-9]+"
codeql	Initialize CodeQL	2025-12-12T07:10:30.7294328Z                   },
codeql	Initialize CodeQL	2025-12-12T07:10:30.7294505Z                   "write" : {
codeql	Initialize CodeQL	2025-12-12T07:10:30.7294725Z                     "title" : "TRAP cache writeable",
codeql	Initialize CodeQL	2025-12-12T07:10:30.7295089Z                     "description" : "Whether to write to the TRAP cache as well as reading it",
codeql	Initialize CodeQL	2025-12-12T07:10:30.7295434Z                     "type" : "string",
codeql	Initialize CodeQL	2025-12-12T07:10:30.7295676Z                     "pattern" : "(true|TRUE|false|FALSE)"
codeql	Initialize CodeQL	2025-12-12T07:10:30.7295918Z                   }
codeql	Initialize CodeQL	2025-12-12T07:10:30.7296086Z                 }
codeql	Initialize CodeQL	2025-12-12T07:10:30.7296260Z               }
codeql	Initialize CodeQL	2025-12-12T07:10:30.7296416Z             }
codeql	Initialize CodeQL	2025-12-12T07:10:30.7296573Z           }
codeql	Initialize CodeQL	2025-12-12T07:10:30.7296721Z         }
codeql	Initialize CodeQL	2025-12-12T07:10:30.7296870Z       }
codeql	Initialize CodeQL	2025-12-12T07:10:30.7297008Z     ]
codeql	Initialize CodeQL	2025-12-12T07:10:30.7297158Z   }
codeql	Initialize CodeQL	2025-12-12T07:10:30.7297307Z }
codeql	Initialize CodeQL	2025-12-12T07:10:30.7318986Z Found 1 languages that support TRAP caching
codeql	Initialize CodeQL	2025-12-12T07:10:30.7325544Z Analyzing default branch. Skipping downloading of TRAP caches.
codeql	Initialize CodeQL	2025-12-12T07:10:30.7333396Z Using overlay database mode: none without caching.
codeql	Initialize CodeQL	2025-12-12T07:10:30.7334868Z Not performing diff-informed analysis because we are not analyzing a pull request.
codeql	Initialize CodeQL	2025-12-12T07:10:30.7335841Z ##[endgroup]
codeql	Initialize CodeQL	2025-12-12T07:10:30.7352915Z While resolving threads, found a cgroup CPUs file with 4 CPUs in /sys/fs/cgroup/cpuset.cpus.effective.
codeql	Initialize CodeQL	2025-12-12T07:10:31.6766999Z Writing augmented user configuration file to /home/runner/work/_temp/user-config.yaml
codeql	Initialize CodeQL	2025-12-12T07:10:31.6768275Z ##[group]Augmented user configuration file contents
codeql	Initialize CodeQL	2025-12-12T07:10:31.6773128Z {}
codeql	Initialize CodeQL	2025-12-12T07:10:31.6773521Z 
codeql	Initialize CodeQL	2025-12-12T07:10:31.6774182Z ##[endgroup]
codeql	Initialize CodeQL	2025-12-12T07:10:31.6776472Z [command]/opt/hostedtoolcache/CodeQL/2.23.6/x64/codeql/codeql database init --force-overwrite --db-cluster /home/runner/work/_temp/codeql_databases --source-root=/home/runner/work/dashboard/dashboard --calculate-language-specific-baseline --extractor-include-aliases --sublanguage-file-coverage --language=javascript --codescanning-config=/home/runner/work/_temp/user-config.yaml
codeql	Initialize CodeQL	2025-12-12T07:10:33.0413225Z Package install location: /home/runner/.codeql/packages
codeql	Initialize CodeQL	2025-12-12T07:10:33.0435868Z Nothing downloaded.
codeql	Initialize CodeQL	2025-12-12T07:10:34.0491990Z Calculating baseline information in /home/runner/work/dashboard/dashboard
codeql	Initialize CodeQL	2025-12-12T07:10:34.1139910Z Running command in /home/runner/work/dashboard/dashboard: [/opt/hostedtoolcache/CodeQL/2.23.6/x64/codeql/javascript/tools/configure-baseline.sh]
codeql	Initialize CodeQL	2025-12-12T07:10:34.1353298Z Running command in /home/runner/work/dashboard/dashboard: [/opt/hostedtoolcache/CodeQL/2.23.6/x64/codeql/actions/tools/configure-baseline.sh]
codeql	Initialize CodeQL	2025-12-12T07:10:34.1435540Z Calculated baseline information for languages: actions, javascript, python, typescript (93ms).
codeql	Initialize CodeQL	2025-12-12T07:10:37.2690653Z Resolving extractor javascript.
codeql	Initialize CodeQL	2025-12-12T07:10:37.2736855Z Successfully loaded extractor JavaScript/TypeScript (javascript) from /opt/hostedtoolcache/CodeQL/2.23.6/x64/codeql/javascript.
codeql	Initialize CodeQL	2025-12-12T07:10:37.2994145Z Created skeleton CodeQL database at /home/runner/work/_temp/codeql_databases/javascript. This in-progress database is ready to be populated by an extractor.
codeql	Perform CodeQL Analysis	﻿2025-12-12T07:10:38.4584167Z ##[group]Run github/codeql-action/analyze@v3
codeql	Perform CodeQL Analysis	2025-12-12T07:10:38.4584457Z with:
codeql	Perform CodeQL Analysis	2025-12-12T07:10:38.4584621Z   output: ../results
codeql	Perform CodeQL Analysis	2025-12-12T07:10:38.4584806Z   upload: always
codeql	Perform CodeQL Analysis	2025-12-12T07:10:38.4584984Z   skip-queries: false
codeql	Perform CodeQL Analysis	2025-12-12T07:10:38.4585221Z   checkout_path: /home/runner/work/dashboard/dashboard
codeql	Perform CodeQL Analysis	2025-12-12T07:10:38.4585493Z   upload-database: true
codeql	Perform CodeQL Analysis	2025-12-12T07:10:38.4585700Z   wait-for-processing: true
codeql	Perform CodeQL Analysis	2025-12-12T07:10:38.4586038Z   token: ***
codeql	Perform CodeQL Analysis	2025-12-12T07:10:38.4586207Z   matrix: null
codeql	Perform CodeQL Analysis	2025-12-12T07:10:38.4586386Z   expect-error: false
codeql	Perform CodeQL Analysis	2025-12-12T07:10:38.4586578Z env:
codeql	Perform CodeQL Analysis	2025-12-12T07:10:38.4586764Z   CODEQL_ACTION_FEATURE_MULTI_LANGUAGE: false
codeql	Perform CodeQL Analysis	2025-12-12T07:10:38.4587027Z   CODEQL_ACTION_FEATURE_SANDWICH: false
codeql	Perform CodeQL Analysis	2025-12-12T07:10:38.4587285Z   CODEQL_ACTION_FEATURE_SARIF_COMBINE: true
codeql	Perform CodeQL Analysis	2025-12-12T07:10:38.4587543Z   CODEQL_ACTION_FEATURE_WILL_UPLOAD: true
codeql	Perform CodeQL Analysis	2025-12-12T07:10:38.4587793Z   CODEQL_ACTION_VERSION: 3.31.7
codeql	Perform CodeQL Analysis	2025-12-12T07:10:38.4588060Z   CODEQL_ACTION_DID_LOG_VERSION_DEPRECATION: true
codeql	Perform CodeQL Analysis	2025-12-12T07:10:38.4588387Z   JOB_RUN_UUID: 21000f33-3e5d-4807-9f02-23bca5258b5d
codeql	Perform CodeQL Analysis	2025-12-12T07:10:38.4588658Z   CODEQL_ACTION_INIT_HAS_RUN: true
codeql	Perform CodeQL Analysis	2025-12-12T07:10:38.4588947Z   CODEQL_ACTION_ANALYSIS_KEY: .github/workflows/ci.yml:codeql
codeql	Perform CodeQL Analysis	2025-12-12T07:10:38.4589281Z   CODEQL_WORKFLOW_STARTED_AT: 2025-12-12T07:10:21.565Z
codeql	Perform CodeQL Analysis	2025-12-12T07:10:38.4589542Z   CODEQL_RAM: 14581
codeql	Perform CodeQL Analysis	2025-12-12T07:10:38.4589935Z   CODEQL_THREADS: 4
codeql	Perform CodeQL Analysis	2025-12-12T07:10:38.4590116Z ##[endgroup]
codeql	Perform CodeQL Analysis	2025-12-12T07:10:39.5385880Z While resolving threads, found a cgroup CPUs file with 4 CPUs in /sys/fs/cgroup/cpuset.cpus.effective.
codeql	Perform CodeQL Analysis	2025-12-12T07:10:39.5422133Z Not performing diff-informed analysis because we are not analyzing a pull request.
codeql	Perform CodeQL Analysis	2025-12-12T07:10:40.4585316Z ##[group]Extracting javascript
codeql	Perform CodeQL Analysis	2025-12-12T07:10:40.4591370Z [command]/opt/hostedtoolcache/CodeQL/2.23.6/x64/codeql/codeql database trace-command --index-traceless-dbs -O=javascript.trap.cache.dir=/home/runner/work/_temp/trapCaches/javascript -O=javascript.trap.cache.bound=1024 -O=javascript.trap.cache.write=true /home/runner/work/_temp/codeql_databases/javascript
codeql	Perform CodeQL Analysis	2025-12-12T07:10:41.2681166Z Running command in /home/runner/work/dashboard/dashboard: [/opt/hostedtoolcache/CodeQL/2.23.6/x64/codeql/javascript/tools/autobuild.sh]
codeql	Perform CodeQL Analysis	2025-12-12T07:10:41.5146014Z [2025-12-12 07:10:41] [build-stdout] Parallel extraction with 4 threads.
codeql	Perform CodeQL Analysis	2025-12-12T07:10:41.6477563Z [2025-12-12 07:10:41] [build-stdout] package.json: Main file not found
codeql	Perform CodeQL Analysis	2025-12-12T07:10:42.2302903Z [2025-12-12 07:10:42] [build-stdout] Found Node.js at: node
codeql	Perform CodeQL Analysis	2025-12-12T07:10:42.2304273Z [2025-12-12 07:10:42] [build-stdout] Found Node.js version: v20.19.6
codeql	Perform CodeQL Analysis	2025-12-12T07:10:42.2336550Z [2025-12-12 07:10:42] [build-stdout] Memory for TypeScript process: 7290 MB, and 400 MB reserve
codeql	Perform CodeQL Analysis	2025-12-12T07:10:43.2366311Z [2025-12-12 07:10:43] [build-stdout] Extracting /home/runner/work/dashboard/dashboard/app/api/projects/[id]/members/[userId]/route.ts
codeql	Perform CodeQL Analysis	2025-12-12T07:10:43.4312090Z [2025-12-12 07:10:43] [build-stdout] Done extracting /home/runner/work/dashboard/dashboard/app/api/projects/[id]/members/[userId]/route.ts (192 ms)
codeql	Perform CodeQL Analysis	2025-12-12T07:10:43.4313913Z [2025-12-12 07:10:43] [build-stdout] Extracting /home/runner/work/dashboard/dashboard/app/api/projects/[id]/members/route.ts
codeql	Perform CodeQL Analysis	2025-12-12T07:10:43.4937703Z [2025-12-12 07:10:43] [build-stdout] Done extracting /home/runner/work/dashboard/dashboard/app/api/projects/[id]/members/route.ts (60 ms)
codeql	Perform CodeQL Analysis	2025-12-12T07:10:43.4939405Z [2025-12-12 07:10:43] [build-stdout] Extracting /home/runner/work/dashboard/dashboard/app/api/projects/[id]/milestones/route.ts
codeql	Perform CodeQL Analysis	2025-12-12T07:10:43.5399630Z [2025-12-12 07:10:43] [build-stdout] Done extracting /home/runner/work/dashboard/dashboard/app/api/projects/[id]/milestones/route.ts (47 ms)
codeql	Perform CodeQL Analysis	2025-12-12T07:10:43.5401432Z [2025-12-12 07:10:43] [build-stdout] Extracting /home/runner/work/dashboard/dashboard/app/api/projects/[id]/tasks/route.ts
codeql	Perform CodeQL Analysis	2025-12-12T07:10:43.5899091Z [2025-12-12 07:10:43] [build-stdout] Done extracting /home/runner/work/dashboard/dashboard/app/api/projects/[id]/tasks/route.ts (48 ms)
codeql	Perform CodeQL Analysis	2025-12-12T07:10:43.5904242Z [2025-12-12 07:10:43] [build-stdout] Extracting /home/runner/work/dashboard/dashboard/app/api/auth/[...nextauth]/route.ts
codeql	Perform CodeQL Analysis	2025-12-12T07:10:43.5971649Z [2025-12-12 07:10:43] [build-stdout] Done extracting /home/runner/work/dashboard/dashboard/app/api/auth/[...nextauth]/route.ts (5 ms)
codeql	Perform CodeQL Analysis	2025-12-12T07:10:43.5973012Z [2025-12-12 07:10:43] [build-stdout] Extracting /home/runner/work/dashboard/dashboard/app/api/auth/register/route.ts
codeql	Perform CodeQL Analysis	2025-12-12T07:10:43.6221220Z [2025-12-12 07:10:43] [build-stdout] Done extracting /home/runner/work/dashboard/dashboard/app/api/auth/register/route.ts (22 ms)
codeql	Perform CodeQL Analysis	2025-12-12T07:10:43.6222779Z [2025-12-12 07:10:43] [build-stdout] Extracting /home/runner/work/dashboard/dashboard/app/api/financial/dashboard/route.ts
codeql	Perform CodeQL Analysis	2025-12-12T07:10:43.6510504Z [2025-12-12 07:10:43] [build-stdout] Done extracting /home/runner/work/dashboard/dashboard/app/api/financial/dashboard/route.ts (33 ms)
codeql	Perform CodeQL Analysis	2025-12-12T07:10:43.6513612Z [2025-12-12 07:10:43] [build-stdout] Extracting /home/runner/work/dashboard/dashboard/app/api/financial/transactions/route.ts
codeql	Perform CodeQL Analysis	2025-12-12T07:10:43.6932083Z [2025-12-12 07:10:43] [build-stdout] Done extracting /home/runner/work/dashboard/dashboard/app/api/financial/transactions/route.ts (40 ms)
codeql	Perform CodeQL Analysis	2025-12-12T07:10:43.6945936Z [2025-12-12 07:10:43] [build-stdout] Extracting /home/runner/work/dashboard/dashboard/app/api/milestones/[id]/route.ts
codeql	Perform CodeQL Analysis	2025-12-12T07:10:43.7257239Z [2025-12-12 07:10:43] [build-stdout] Done extracting /home/runner/work/dashboard/dashboard/app/api/milestones/[id]/route.ts (32 ms)
codeql	Perform CodeQL Analysis	2025-12-12T07:10:43.7258507Z [2025-12-12 07:10:43] [build-stdout] Extracting /home/runner/work/dashboard/dashboard/app/api/projects/[id]/route.ts
codeql	Perform CodeQL Analysis	2025-12-12T07:10:43.7613955Z [2025-12-12 07:10:43] [build-stdout] Done extracting /home/runner/work/dashboard/dashboard/app/api/projects/[id]/route.ts (33 ms)
codeql	Perform CodeQL Analysis	2025-12-12T07:10:43.7616121Z [2025-12-12 07:10:43] [build-stdout] Extracting /home/runner/work/dashboard/dashboard/app/api/tasks/[id]/route.ts
codeql	Perform CodeQL Analysis	2025-12-12T07:10:43.7896291Z [2025-12-12 07:10:43] [build-stdout] Done extracting /home/runner/work/dashboard/dashboard/app/api/tasks/[id]/route.ts (30 ms)
codeql	Perform CodeQL Analysis	2025-12-12T07:10:43.7901895Z [2025-12-12 07:10:43] [build-stdout] Extracting /home/runner/work/dashboard/dashboard/app/dashboard/finance/invoices/page.tsx
codeql	Perform CodeQL Analysis	2025-12-12T07:10:43.7960838Z [2025-12-12 07:10:43] [build-stdout] Done extracting /home/runner/work/dashboard/dashboard/app/dashboard/finance/invoices/page.tsx (6 ms)
codeql	Perform CodeQL Analysis	2025-12-12T07:10:43.7971410Z [2025-12-12 07:10:43] [build-stdout] Extracting /home/runner/work/dashboard/dashboard/app/dashboard/finance/payments/page.tsx
codeql	Perform CodeQL Analysis	2025-12-12T07:10:43.8024320Z [2025-12-12 07:10:43] [build-stdout] Done extracting /home/runner/work/dashboard/dashboard/app/dashboard/finance/payments/page.tsx (5 ms)
codeql	Perform CodeQL Analysis	2025-12-12T07:10:43.8042250Z [2025-12-12 07:10:43] [build-stdout] Extracting /home/runner/work/dashboard/dashboard/app/dashboard/finance/transactions/page.tsx
codeql	Perform CodeQL Analysis	2025-12-12T07:10:43.8653891Z [2025-12-12 07:10:43] [build-stdout] Done extracting /home/runner/work/dashboard/dashboard/app/dashboard/finance/transactions/page.tsx (50 ms)
codeql	Perform CodeQL Analysis	2025-12-12T07:10:43.8655454Z [2025-12-12 07:10:43] [build-stdout] Extracting /home/runner/work/dashboard/dashboard/app/dashboard/projects/[id]/page.tsx
codeql	Perform CodeQL Analysis	2025-12-12T07:10:44.2482301Z [2025-12-12 07:10:44] [build-stdout] Done extracting /home/runner/work/dashboard/dashboard/app/dashboard/projects/[id]/page.tsx (395 ms)
codeql	Perform CodeQL Analysis	2025-12-12T07:10:44.2498069Z [2025-12-12 07:10:44] [build-stdout] Extracting /home/runner/work/dashboard/dashboard/__tests__/components/ui/accordion.spec.tsx
codeql	Perform CodeQL Analysis	2025-12-12T07:10:44.2596235Z [2025-12-12 07:10:44] [build-stdout] Done extracting /home/runner/work/dashboard/dashboard/__tests__/components/ui/accordion.spec.tsx (11 ms)
codeql	Perform CodeQL Analysis	2025-12-12T07:10:44.2605825Z [2025-12-12 07:10:44] [build-stdout] Extracting /home/runner/work/dashboard/dashboard/__tests__/components/ui/avatar.spec.tsx
codeql	Perform CodeQL Analysis	2025-12-12T07:10:44.2746779Z [2025-12-12 07:10:44] [build-stdout] Done extracting /home/runner/work/dashboard/dashboard/__tests__/components/ui/avatar.spec.tsx (8 ms)
codeql	Perform CodeQL Analysis	2025-12-12T07:10:44.2754643Z [2025-12-12 07:10:44] [build-stdout] Extracting /home/runner/work/dashboard/dashboard/__tests__/components/ui/badge.spec.tsx
codeql	Perform CodeQL Analysis	2025-12-12T07:10:44.2765266Z [2025-12-12 07:10:44] [build-stdout] Done extracting /home/runner/work/dashboard/dashboard/__tests__/components/ui/badge.spec.tsx (8 ms)
codeql	Perform CodeQL Analysis	2025-12-12T07:10:44.2768805Z [2025-12-12 07:10:44] [build-stdout] Extracting /home/runner/work/dashboard/dashboard/__tests__/components/ui/button.spec.tsx
codeql	Perform CodeQL Analysis	2025-12-12T07:10:44.2952632Z [2025-12-12 07:10:44] [build-stdout] Done extracting /home/runner/work/dashboard/dashboard/__tests__/components/ui/button.spec.tsx (17 ms)
codeql	Perform CodeQL Analysis	2025-12-12T07:10:44.2956950Z [2025-12-12 07:10:44] [build-stdout] Extracting /home/runner/work/dashboard/dashboard/__tests__/components/ui/card.spec.tsx
codeql	Perform CodeQL Analysis	2025-12-12T07:10:44.3093257Z [2025-12-12 07:10:44] [build-stdout] Done extracting /home/runner/work/dashboard/dashboard/__tests__/components/ui/card.spec.tsx (14 ms)
codeql	Perform CodeQL Analysis	2025-12-12T07:10:44.3108507Z [2025-12-12 07:10:44] [build-stdout] Extracting /home/runner/work/dashboard/dashboard/__tests__/components/ui/checkbox.spec.tsx
codeql	Perform CodeQL Analysis	2025-12-12T07:10:44.3187229Z [2025-12-12 07:10:44] [build-stdout] Done extracting /home/runner/work/dashboard/dashboard/__tests__/components/ui/checkbox.spec.tsx (8 ms)
codeql	Perform CodeQL Analysis	2025-12-12T07:10:44.3191218Z [2025-12-12 07:10:44] [build-stdout] Extracting /home/runner/work/dashboard/dashboard/__tests__/components/ui/dialog.spec.tsx
codeql	Perform CodeQL Analysis	2025-12-12T07:10:44.3313611Z [2025-12-12 07:10:44] [build-stdout] Done extracting /home/runner/work/dashboard/dashboard/__tests__/components/ui/dialog.spec.tsx (11 ms)
codeql	Perform CodeQL Analysis	2025-12-12T07:10:44.3322521Z [2025-12-12 07:10:44] [build-stdout] Extracting /home/runner/work/dashboard/dashboard/__tests__/components/ui/dropdown-menu.spec.tsx
codeql	Perform CodeQL Analysis	2025-12-12T07:10:44.3389446Z [2025-12-12 07:10:44] [build-stdout] Done extracting /home/runner/work/dashboard/dashboard/__tests__/components/ui/dropdown-menu.spec.tsx (8 ms)
codeql	Perform CodeQL Analysis	2025-12-12T07:10:44.3401594Z [2025-12-12 07:10:44] [build-stdout] Extracting /home/runner/work/dashboard/dashboard/__tests__/components/ui/input.spec.tsx
codeql	Perform CodeQL Analysis	2025-12-12T07:10:44.3519403Z [2025-12-12 07:10:44] [build-stdout] Done extracting /home/runner/work/dashboard/dashboard/__tests__/components/ui/input.spec.tsx (10 ms)
codeql	Perform CodeQL Analysis	2025-12-12T07:10:44.3547057Z [2025-12-12 07:10:44] [build-stdout] Extracting /home/runner/work/dashboard/dashboard/__tests__/components/ui/label.spec.tsx
codeql	Perform CodeQL Analysis	2025-12-12T07:10:44.3561976Z [2025-12-12 07:10:44] [build-stdout] Done extracting /home/runner/work/dashboard/dashboard/__tests__/components/ui/label.spec.tsx (7 ms)
codeql	Perform CodeQL Analysis	2025-12-12T07:10:44.3570199Z [2025-12-12 07:10:44] [build-stdout] Extracting /home/runner/work/dashboard/dashboard/__tests__/components/ui/separator.spec.tsx
codeql	Perform CodeQL Analysis	2025-12-12T07:10:44.3666817Z [2025-12-12 07:10:44] [build-stdout] Done extracting /home/runner/work/dashboard/dashboard/__tests__/components/ui/separator.spec.tsx (7 ms)
codeql	Perform CodeQL Analysis	2025-12-12T07:10:44.3672966Z [2025-12-12 07:10:44] [build-stdout] Extracting /home/runner/work/dashboard/dashboard/__tests__/components/ui/skeleton.spec.tsx
codeql	Perform CodeQL Analysis	2025-12-12T07:10:44.3770340Z [2025-12-12 07:10:44] [build-stdout] Done extracting /home/runner/work/dashboard/dashboard/__tests__/components/ui/skeleton.spec.tsx (11 ms)
codeql	Perform CodeQL Analysis	2025-12-12T07:10:44.3787504Z [2025-12-12 07:10:44] [build-stdout] Extracting /home/runner/work/dashboard/dashboard/__tests__/components/ui/switch.spec.tsx
codeql	Perform CodeQL Analysis	2025-12-12T07:10:44.3854618Z [2025-12-12 07:10:44] [build-stdout] Done extracting /home/runner/work/dashboard/dashboard/__tests__/components/ui/switch.spec.tsx (6 ms)
codeql	Perform CodeQL Analysis	2025-12-12T07:10:44.3870535Z [2025-12-12 07:10:44] [build-stdout] Extracting /home/runner/work/dashboard/dashboard/__tests__/components/ui/tabs.spec.tsx
codeql	Perform CodeQL Analysis	2025-12-12T07:10:44.3966044Z [2025-12-12 07:10:44] [build-stdout] Done extracting /home/runner/work/dashboard/dashboard/__tests__/components/ui/tabs.spec.tsx (9 ms)
codeql	Perform CodeQL Analysis	2025-12-12T07:10:44.3975304Z [2025-12-12 07:10:44] [build-stdout] Extracting /home/runner/work/dashboard/dashboard/app/api/analyze-file/route.ts
codeql	Perform CodeQL Analysis	2025-12-12T07:10:44.4060254Z [2025-12-12 07:10:44] [build-stdout] Done extracting /home/runner/work/dashboard/dashboard/app/api/analyze-file/route.ts (9 ms)
codeql	Perform CodeQL Analysis	2025-12-12T07:10:44.4066676Z [2025-12-12 07:10:44] [build-stdout] Extracting /home/runner/work/dashboard/dashboard/app/api/health/route.ts
codeql	Perform CodeQL Analysis	2025-12-12T07:10:44.4132285Z [2025-12-12 07:10:44] [build-stdout] Done extracting /home/runner/work/dashboard/dashboard/app/api/health/route.ts (2 ms)
codeql	Perform CodeQL Analysis	2025-12-12T07:10:44.4137098Z [2025-12-12 07:10:44] [build-stdout] Extracting /home/runner/work/dashboard/dashboard/app/api/projects/route.ts
codeql	Perform CodeQL Analysis	2025-12-12T07:10:44.4495099Z [2025-12-12 07:10:44] [build-stdout] Done extracting /home/runner/work/dashboard/dashboard/app/api/projects/route.ts (40 ms)
codeql	Perform CodeQL Analysis	2025-12-12T07:10:44.4498807Z [2025-12-12 07:10:44] [build-stdout] Extracting /home/runner/work/dashboard/dashboard/app/api/user/route.ts
codeql	Perform CodeQL Analysis	2025-12-12T07:10:44.4681890Z [2025-12-12 07:10:44] [build-stdout] Done extracting /home/runner/work/dashboard/dashboard/app/api/user/route.ts (17 ms)
codeql	Perform CodeQL Analysis	2025-12-12T07:10:44.4683439Z [2025-12-12 07:10:44] [build-stdout] Extracting /home/runner/work/dashboard/dashboard/app/auth/signin/page.tsx
codeql	Perform CodeQL Analysis	2025-12-12T07:10:44.5061697Z [2025-12-12 07:10:44] [build-stdout] Done extracting /home/runner/work/dashboard/dashboard/app/auth/signin/page.tsx (37 ms)
codeql	Perform CodeQL Analysis	2025-12-12T07:10:44.5072464Z [2025-12-12 07:10:44] [build-stdout] Extracting /home/runner/work/dashboard/dashboard/app/auth/signup/page.tsx
codeql	Perform CodeQL Analysis	2025-12-12T07:10:44.5321145Z [2025-12-12 07:10:44] [build-stdout] Done extracting /home/runner/work/dashboard/dashboard/app/auth/signup/page.tsx (26 ms)
codeql	Perform CodeQL Analysis	2025-12-12T07:10:44.5330516Z [2025-12-12 07:10:44] [build-stdout] Extracting /home/runner/work/dashboard/dashboard/app/dashboard/analytics/page.tsx
codeql	Perform CodeQL Analysis	2025-12-12T07:10:44.5372388Z [2025-12-12 07:10:44] [build-stdout] Done extracting /home/runner/work/dashboard/dashboard/app/dashboard/analytics/page.tsx (3 ms)
codeql	Perform CodeQL Analysis	2025-12-12T07:10:44.5373733Z [2025-12-12 07:10:44] [build-stdout] Extracting /home/runner/work/dashboard/dashboard/app/dashboard/finance/page.tsx
codeql	Perform CodeQL Analysis	2025-12-12T07:10:44.5390787Z [2025-12-12 07:10:44] [build-stdout] Done extracting /home/runner/work/dashboard/dashboard/app/dashboard/finance/page.tsx (2 ms)
codeql	Perform CodeQL Analysis	2025-12-12T07:10:44.5393511Z [2025-12-12 07:10:44] [build-stdout] Extracting /home/runner/work/dashboard/dashboard/app/dashboard/organization/page.tsx
codeql	Perform CodeQL Analysis	2025-12-12T07:10:44.5452157Z [2025-12-12 07:10:44] [build-stdout] Done extracting /home/runner/work/dashboard/dashboard/app/dashboard/organization/page.tsx (6 ms)
codeql	Perform CodeQL Analysis	2025-12-12T07:10:44.5453895Z [2025-12-12 07:10:44] [build-stdout] Extracting /home/runner/work/dashboard/dashboard/app/dashboard/profile/page.tsx
codeql	Perform CodeQL Analysis	2025-12-12T07:10:44.5779407Z [2025-12-12 07:10:44] [build-stdout] Done extracting /home/runner/work/dashboard/dashboard/app/dashboard/profile/page.tsx (32 ms)
codeql	Perform CodeQL Analysis	2025-12-12T07:10:44.5786285Z [2025-12-12 07:10:44] [build-stdout] Extracting /home/runner/work/dashboard/dashboard/app/dashboard/projects/page.tsx
codeql	Perform CodeQL Analysis	2025-12-12T07:10:44.6482498Z [2025-12-12 07:10:44] [build-stdout] Done extracting /home/runner/work/dashboard/dashboard/app/dashboard/projects/page.tsx (69 ms)
codeql	Perform CodeQL Analysis	2025-12-12T07:10:44.6484858Z [2025-12-12 07:10:44] [build-stdout] Extracting /home/runner/work/dashboard/dashboard/__tests__/api/financial.spec.ts
codeql	Perform CodeQL Analysis	2025-12-12T07:10:44.6695672Z [2025-12-12 07:10:44] [build-stdout] Done extracting /home/runner/work/dashboard/dashboard/__tests__/api/financial.spec.ts (21 ms)
codeql	Perform CodeQL Analysis	2025-12-12T07:10:44.6697366Z [2025-12-12 07:10:44] [build-stdout] Extracting /home/runner/work/dashboard/dashboard/__tests__/api/milestones.spec.ts
codeql	Perform CodeQL Analysis	2025-12-12T07:10:44.7002876Z [2025-12-12 07:10:44] [build-stdout] Done extracting /home/runner/work/dashboard/dashboard/__tests__/api/milestones.spec.ts (30 ms)
codeql	Perform CodeQL Analysis	2025-12-12T07:10:44.7004750Z [2025-12-12 07:10:44] [build-stdout] Extracting /home/runner/work/dashboard/dashboard/__tests__/api/projects-api.spec.ts
codeql	Perform CodeQL Analysis	2025-12-12T07:10:44.7431492Z [2025-12-12 07:10:44] [build-stdout] Done extracting /home/runner/work/dashboard/dashboard/__tests__/api/projects-api.spec.ts (43 ms)
codeql	Perform CodeQL Analysis	2025-12-12T07:10:44.7432825Z [2025-12-12 07:10:44] [build-stdout] Extracting /home/runner/work/dashboard/dashboard/__tests__/api/projects.spec.ts
codeql	Perform CodeQL Analysis	2025-12-12T07:10:44.7627957Z [2025-12-12 07:10:44] [build-stdout] Done extracting /home/runner/work/dashboard/dashboard/__tests__/api/projects.spec.ts (19 ms)
codeql	Perform CodeQL Analysis	2025-12-12T07:10:44.7630187Z [2025-12-12 07:10:44] [build-stdout] Extracting /home/runner/work/dashboard/dashboard/__tests__/api/tasks.spec.ts
codeql	Perform CodeQL Analysis	2025-12-12T07:10:44.7769968Z [2025-12-12 07:10:44] [build-stdout] Done extracting /home/runner/work/dashboard/dashboard/__tests__/api/tasks.spec.ts (14 ms)
codeql	Perform CodeQL Analysis	2025-12-12T07:10:44.7771426Z [2025-12-12 07:10:44] [build-stdout] Extracting /home/runner/work/dashboard/dashboard/__tests__/api/user.spec.ts
codeql	Perform CodeQL Analysis	2025-12-12T07:10:44.7855437Z [2025-12-12 07:10:44] [build-stdout] Done extracting /home/runner/work/dashboard/dashboard/__tests__/api/user.spec.ts (8 ms)
codeql	Perform CodeQL Analysis	2025-12-12T07:10:44.7856928Z [2025-12-12 07:10:44] [build-stdout] Extracting /home/runner/work/dashboard/dashboard/__tests__/components/auth-provider.spec.tsx
codeql	Perform CodeQL Analysis	2025-12-12T07:10:44.7904185Z [2025-12-12 07:10:44] [build-stdout] Done extracting /home/runner/work/dashboard/dashboard/__tests__/components/auth-provider.spec.tsx (4 ms)
codeql	Perform CodeQL Analysis	2025-12-12T07:10:44.7905677Z [2025-12-12 07:10:44] [build-stdout] Extracting /home/runner/work/dashboard/dashboard/__tests__/components/dashboard-pages.spec.tsx
codeql	Perform CodeQL Analysis	2025-12-12T07:10:44.8039075Z [2025-12-12 07:10:44] [build-stdout] Done extracting /home/runner/work/dashboard/dashboard/__tests__/components/dashboard-pages.spec.tsx (13 ms)
codeql	Perform CodeQL Analysis	2025-12-12T07:10:44.8040837Z [2025-12-12 07:10:44] [build-stdout] Extracting /home/runner/work/dashboard/dashboard/__tests__/components/finance-pages.spec.tsx
codeql	Perform CodeQL Analysis	2025-12-12T07:10:44.8232604Z [2025-12-12 07:10:44] [build-stdout] Done extracting /home/runner/work/dashboard/dashboard/__tests__/components/finance-pages.spec.tsx (19 ms)
codeql	Perform CodeQL Analysis	2025-12-12T07:10:44.8234029Z [2025-12-12 07:10:44] [build-stdout] Extracting /home/runner/work/dashboard/dashboard/__tests__/components/layout.spec.tsx
codeql	Perform CodeQL Analysis	2025-12-12T07:10:44.8347533Z [2025-12-12 07:10:44] [build-stdout] Done extracting /home/runner/work/dashboard/dashboard/__tests__/components/layout.spec.tsx (11 ms)
codeql	Perform CodeQL Analysis	2025-12-12T07:10:44.8352641Z [2025-12-12 07:10:44] [build-stdout] Extracting /home/runner/work/dashboard/dashboard/__tests__/components/profile-page.spec.tsx
codeql	Perform CodeQL Analysis	2025-12-12T07:10:44.8656465Z [2025-12-12 07:10:44] [build-stdout] Done extracting /home/runner/work/dashboard/dashboard/__tests__/components/profile-page.spec.tsx (30 ms)
codeql	Perform CodeQL Analysis	2025-12-12T07:10:44.8658004Z [2025-12-12 07:10:44] [build-stdout] Extracting /home/runner/work/dashboard/dashboard/__tests__/components/projects-page.spec.tsx
codeql	Perform CodeQL Analysis	2025-12-12T07:10:44.8976047Z [2025-12-12 07:10:44] [build-stdout] Done extracting /home/runner/work/dashboard/dashboard/__tests__/components/projects-page.spec.tsx (31 ms)
codeql	Perform CodeQL Analysis	2025-12-12T07:10:44.8977486Z [2025-12-12 07:10:44] [build-stdout] Extracting /home/runner/work/dashboard/dashboard/__tests__/components/ui-components.spec.tsx
codeql	Perform CodeQL Analysis	2025-12-12T07:10:44.9107897Z [2025-12-12 07:10:44] [build-stdout] Done extracting /home/runner/work/dashboard/dashboard/__tests__/components/ui-components.spec.tsx (13 ms)
codeql	Perform CodeQL Analysis	2025-12-12T07:10:44.9113431Z [2025-12-12 07:10:44] [build-stdout] Extracting /home/runner/work/dashboard/dashboard/__tests__/hooks/use-auth.spec.ts
codeql	Perform CodeQL Analysis	2025-12-12T07:10:44.9281177Z [2025-12-12 07:10:44] [build-stdout] Done extracting /home/runner/work/dashboard/dashboard/__tests__/hooks/use-auth.spec.ts (17 ms)
codeql	Perform CodeQL Analysis	2025-12-12T07:10:44.9282961Z [2025-12-12 07:10:44] [build-stdout] Extracting /home/runner/work/dashboard/dashboard/__tests__/hooks/use-mobile.spec.tsx
codeql	Perform CodeQL Analysis	2025-12-12T07:10:44.9331737Z [2025-12-12 07:10:44] [build-stdout] Done extracting /home/runner/work/dashboard/dashboard/__tests__/hooks/use-mobile.spec.tsx (5 ms)
codeql	Perform CodeQL Analysis	2025-12-12T07:10:44.9333179Z [2025-12-12 07:10:44] [build-stdout] Extracting /home/runner/work/dashboard/dashboard/__tests__/integration/auth-api.spec.ts
codeql	Perform CodeQL Analysis	2025-12-12T07:10:44.9502922Z [2025-12-12 07:10:44] [build-stdout] Done extracting /home/runner/work/dashboard/dashboard/__tests__/integration/auth-api.spec.ts (16 ms)
codeql	Perform CodeQL Analysis	2025-12-12T07:10:44.9505220Z [2025-12-12 07:10:44] [build-stdout] Extracting /home/runner/work/dashboard/dashboard/__tests__/integration/projects-api.spec.ts
codeql	Perform CodeQL Analysis	2025-12-12T07:10:44.9697299Z [2025-12-12 07:10:44] [build-stdout] Done extracting /home/runner/work/dashboard/dashboard/__tests__/integration/projects-api.spec.ts (19 ms)
codeql	Perform CodeQL Analysis	2025-12-12T07:10:44.9698723Z [2025-12-12 07:10:44] [build-stdout] Extracting /home/runner/work/dashboard/dashboard/__tests__/integration/tasks-api.spec.ts
codeql	Perform CodeQL Analysis	2025-12-12T07:10:44.9855466Z [2025-12-12 07:10:44] [build-stdout] Done extracting /home/runner/work/dashboard/dashboard/__tests__/integration/tasks-api.spec.ts (15 ms)
codeql	Perform CodeQL Analysis	2025-12-12T07:10:44.9857866Z [2025-12-12 07:10:44] [build-stdout] Extracting /home/runner/work/dashboard/dashboard/__tests__/lib/utils.spec.ts
codeql	Perform CodeQL Analysis	2025-12-12T07:10:44.9922222Z [2025-12-12 07:10:44] [build-stdout] Done extracting /home/runner/work/dashboard/dashboard/__tests__/lib/utils.spec.ts (4 ms)
codeql	Perform CodeQL Analysis	2025-12-12T07:10:44.9936537Z [2025-12-12 07:10:44] [build-stdout] Extracting /home/runner/work/dashboard/dashboard/__tests__/mocks/handlers.ts
codeql	Perform CodeQL Analysis	2025-12-12T07:10:45.0474306Z [2025-12-12 07:10:45] [build-stdout] Done extracting /home/runner/work/dashboard/dashboard/__tests__/mocks/handlers.ts (55 ms)
codeql	Perform CodeQL Analysis	2025-12-12T07:10:45.0475712Z [2025-12-12 07:10:45] [build-stdout] Extracting /home/runner/work/dashboard/dashboard/__tests__/mocks/server.ts
codeql	Perform CodeQL Analysis	2025-12-12T07:10:45.0482330Z [2025-12-12 07:10:45] [build-stdout] Done extracting /home/runner/work/dashboard/dashboard/__tests__/mocks/server.ts (2 ms)
codeql	Perform CodeQL Analysis	2025-12-12T07:10:45.0498929Z [2025-12-12 07:10:45] [build-stdout] Extracting /home/runner/work/dashboard/dashboard/app/dashboard/page.tsx
codeql	Perform CodeQL Analysis	2025-12-12T07:10:45.0508914Z [2025-12-12 07:10:45] [build-stdout] Done extracting /home/runner/work/dashboard/dashboard/app/dashboard/page.tsx (2 ms)
codeql	Perform CodeQL Analysis	2025-12-12T07:10:45.0515670Z [2025-12-12 07:10:45] [build-stdout] Extracting /home/runner/work/dashboard/dashboard/components/kokonutui/content.tsx
codeql	Perform CodeQL Analysis	2025-12-12T07:10:45.0552236Z [2025-12-12 07:10:45] [build-stdout] Done extracting /home/runner/work/dashboard/dashboard/components/kokonutui/content.tsx (3 ms)
codeql	Perform CodeQL Analysis	2025-12-12T07:10:45.0556891Z [2025-12-12 07:10:45] [build-stdout] Extracting /home/runner/work/dashboard/dashboard/components/kokonutui/dashboard.tsx
codeql	Perform CodeQL Analysis	2025-12-12T07:10:45.0583967Z [2025-12-12 07:10:45] [build-stdout] Done extracting /home/runner/work/dashboard/dashboard/components/kokonutui/dashboard.tsx (2 ms)
codeql	Perform CodeQL Analysis	2025-12-12T07:10:45.0585355Z [2025-12-12 07:10:45] [build-stdout] Extracting /home/runner/work/dashboard/dashboard/components/kokonutui/financial-dashboard.tsx
codeql	Perform CodeQL Analysis	2025-12-12T07:10:45.1024697Z [2025-12-12 07:10:45] [build-stdout] Done extracting /home/runner/work/dashboard/dashboard/components/kokonutui/financial-dashboard.tsx (44 ms)
codeql	Perform CodeQL Analysis	2025-12-12T07:10:45.1026700Z [2025-12-12 07:10:45] [build-stdout] Extracting /home/runner/work/dashboard/dashboard/components/kokonutui/layout.tsx
codeql	Perform CodeQL Analysis	2025-12-12T07:10:45.1088997Z [2025-12-12 07:10:45] [build-stdout] Done extracting /home/runner/work/dashboard/dashboard/components/kokonutui/layout.tsx (6 ms)
codeql	Perform CodeQL Analysis	2025-12-12T07:10:45.1092456Z [2025-12-12 07:10:45] [build-stdout] Extracting /home/runner/work/dashboard/dashboard/components/kokonutui/list-01.tsx
codeql	Perform CodeQL Analysis	2025-12-12T07:10:45.1326306Z [2025-12-12 07:10:45] [build-stdout] Done extracting /home/runner/work/dashboard/dashboard/components/kokonutui/list-01.tsx (23 ms)
codeql	Perform CodeQL Analysis	2025-12-12T07:10:45.1327871Z [2025-12-12 07:10:45] [build-stdout] Extracting /home/runner/work/dashboard/dashboard/components/kokonutui/list-02.tsx
codeql	Perform CodeQL Analysis	2025-12-12T07:10:45.1641072Z [2025-12-12 07:10:45] [build-stdout] Done extracting /home/runner/work/dashboard/dashboard/components/kokonutui/list-02.tsx (25 ms)
codeql	Perform CodeQL Analysis	2025-12-12T07:10:45.1670812Z [2025-12-12 07:10:45] [build-stdout] Extracting /home/runner/work/dashboard/dashboard/components/kokonutui/list-03.tsx
codeql	Perform CodeQL Analysis	2025-12-12T07:10:45.1893077Z [2025-12-12 07:10:45] [build-stdout] Done extracting /home/runner/work/dashboard/dashboard/components/kokonutui/list-03.tsx (30 ms)
codeql	Perform CodeQL Analysis	2025-12-12T07:10:45.1902322Z [2025-12-12 07:10:45] [build-stdout] Extracting /home/runner/work/dashboard/dashboard/components/kokonutui/profile-01.tsx
codeql	Perform CodeQL Analysis	2025-12-12T07:10:45.2103047Z [2025-12-12 07:10:45] [build-stdout] Done extracting /home/runner/work/dashboard/dashboard/components/kokonutui/profile-01.tsx (20 ms)
codeql	Perform CodeQL Analysis	2025-12-12T07:10:45.2104525Z [2025-12-12 07:10:45] [build-stdout] Extracting /home/runner/work/dashboard/dashboard/components/kokonutui/sidebar.tsx
codeql	Perform CodeQL Analysis	2025-12-12T07:10:45.2311945Z [2025-12-12 07:10:45] [build-stdout] Done extracting /home/runner/work/dashboard/dashboard/components/kokonutui/sidebar.tsx (21 ms)
codeql	Perform CodeQL Analysis	2025-12-12T07:10:45.2314327Z [2025-12-12 07:10:45] [build-stdout] Extracting /home/runner/work/dashboard/dashboard/components/kokonutui/top-nav.tsx
codeql	Perform CodeQL Analysis	2025-12-12T07:10:45.2454289Z [2025-12-12 07:10:45] [build-stdout] Done extracting /home/runner/work/dashboard/dashboard/components/kokonutui/top-nav.tsx (14 ms)
codeql	Perform CodeQL Analysis	2025-12-12T07:10:45.2456639Z [2025-12-12 07:10:45] [build-stdout] Extracting /home/runner/work/dashboard/dashboard/components/kokonutui/transaction-form.tsx
codeql	Perform CodeQL Analysis	2025-12-12T07:10:45.2816068Z [2025-12-12 07:10:45] [build-stdout] Done extracting /home/runner/work/dashboard/dashboard/components/kokonutui/transaction-form.tsx (35 ms)
codeql	Perform CodeQL Analysis	2025-12-12T07:10:45.2818430Z [2025-12-12 07:10:45] [build-stdout] Extracting /home/runner/work/dashboard/dashboard/components/kokonutui/user-profile.tsx
codeql	Perform CodeQL Analysis	2025-12-12T07:10:45.2936638Z [2025-12-12 07:10:45] [build-stdout] Done extracting /home/runner/work/dashboard/dashboard/components/kokonutui/user-profile.tsx (12 ms)
codeql	Perform CodeQL Analysis	2025-12-12T07:10:45.2938400Z [2025-12-12 07:10:45] [build-stdout] Extracting /home/runner/work/dashboard/dashboard/components/simulator/runway-simulator.tsx
codeql	Perform CodeQL Analysis	2025-12-12T07:10:45.3107321Z [2025-12-12 07:10:45] [build-stdout] Done extracting /home/runner/work/dashboard/dashboard/components/simulator/runway-simulator.tsx (16 ms)
codeql	Perform CodeQL Analysis	2025-12-12T07:10:45.3108705Z [2025-12-12 07:10:45] [build-stdout] Extracting /home/runner/work/dashboard/dashboard/components/ui/accordion.tsx
codeql	Perform CodeQL Analysis	2025-12-12T07:10:45.3184314Z [2025-12-12 07:10:45] [build-stdout] Done extracting /home/runner/work/dashboard/dashboard/components/ui/accordion.tsx (7 ms)
codeql	Perform CodeQL Analysis	2025-12-12T07:10:45.3185614Z [2025-12-12 07:10:45] [build-stdout] Extracting /home/runner/work/dashboard/dashboard/components/ui/alert-dialog.tsx
codeql	Perform CodeQL Analysis	2025-12-12T07:10:45.3367106Z [2025-12-12 07:10:45] [build-stdout] Done extracting /home/runner/work/dashboard/dashboard/components/ui/alert-dialog.tsx (17 ms)
codeql	Perform CodeQL Analysis	2025-12-12T07:10:45.3368510Z [2025-12-12 07:10:45] [build-stdout] Extracting /home/runner/work/dashboard/dashboard/components/ui/alert.tsx
codeql	Perform CodeQL Analysis	2025-12-12T07:10:45.3447510Z [2025-12-12 07:10:45] [build-stdout] Done extracting /home/runner/work/dashboard/dashboard/components/ui/alert.tsx (8 ms)
codeql	Perform CodeQL Analysis	2025-12-12T07:10:45.3448751Z [2025-12-12 07:10:45] [build-stdout] Extracting /home/runner/work/dashboard/dashboard/components/ui/aspect-ratio.tsx
codeql	Perform CodeQL Analysis	2025-12-12T07:10:45.3474492Z [2025-12-12 07:10:45] [build-stdout] Done extracting /home/runner/work/dashboard/dashboard/components/ui/aspect-ratio.tsx (1 ms)
codeql	Perform CodeQL Analysis	2025-12-12T07:10:45.3476979Z [2025-12-12 07:10:45] [build-stdout] Extracting /home/runner/work/dashboard/dashboard/components/ui/avatar.tsx
codeql	Perform CodeQL Analysis	2025-12-12T07:10:45.3554795Z [2025-12-12 07:10:45] [build-stdout] Done extracting /home/runner/work/dashboard/dashboard/components/ui/avatar.tsx (8 ms)
codeql	Perform CodeQL Analysis	2025-12-12T07:10:45.3561735Z [2025-12-12 07:10:45] [build-stdout] Extracting /home/runner/work/dashboard/dashboard/components/ui/badge.tsx
codeql	Perform CodeQL Analysis	2025-12-12T07:10:45.3603647Z [2025-12-12 07:10:45] [build-stdout] Done extracting /home/runner/work/dashboard/dashboard/components/ui/badge.tsx (4 ms)
codeql	Perform CodeQL Analysis	2025-12-12T07:10:45.3608528Z [2025-12-12 07:10:45] [build-stdout] Extracting /home/runner/work/dashboard/dashboard/components/ui/breadcrumb.tsx
codeql	Perform CodeQL Analysis	2025-12-12T07:10:45.3730804Z [2025-12-12 07:10:45] [build-stdout] Done extracting /home/runner/work/dashboard/dashboard/components/ui/breadcrumb.tsx (12 ms)
codeql	Perform CodeQL Analysis	2025-12-12T07:10:45.3734547Z [2025-12-12 07:10:45] [build-stdout] Extracting /home/runner/work/dashboard/dashboard/components/ui/button-group.tsx
codeql	Perform CodeQL Analysis	2025-12-12T07:10:45.3818194Z [2025-12-12 07:10:45] [build-stdout] Done extracting /home/runner/work/dashboard/dashboard/components/ui/button-group.tsx (8 ms)
codeql	Perform CodeQL Analysis	2025-12-12T07:10:45.3821069Z [2025-12-12 07:10:45] [build-stdout] Extracting /home/runner/work/dashboard/dashboard/components/ui/button.tsx
codeql	Perform CodeQL Analysis	2025-12-12T07:10:45.3951629Z [2025-12-12 07:10:45] [build-stdout] Done extracting /home/runner/work/dashboard/dashboard/components/ui/button.tsx (8 ms)
codeql	Perform CodeQL Analysis	2025-12-12T07:10:45.3953326Z [2025-12-12 07:10:45] [build-stdout] Extracting /home/runner/work/dashboard/dashboard/components/ui/calendar.tsx
codeql	Perform CodeQL Analysis	2025-12-12T07:10:45.4363821Z [2025-12-12 07:10:45] [build-stdout] Done extracting /home/runner/work/dashboard/dashboard/components/ui/calendar.tsx (44 ms)
codeql	Perform CodeQL Analysis	2025-12-12T07:10:45.4366567Z [2025-12-12 07:10:45] [build-stdout] Extracting /home/runner/work/dashboard/dashboard/components/ui/card.tsx
codeql	Perform CodeQL Analysis	2025-12-12T07:10:45.4495348Z [2025-12-12 07:10:45] [build-stdout] Done extracting /home/runner/work/dashboard/dashboard/components/ui/card.tsx (14 ms)
codeql	Perform CodeQL Analysis	2025-12-12T07:10:45.4504219Z [2025-12-12 07:10:45] [build-stdout] Extracting /home/runner/work/dashboard/dashboard/components/ui/carousel.tsx
codeql	Perform CodeQL Analysis	2025-12-12T07:10:45.4872857Z [2025-12-12 07:10:45] [build-stdout] Done extracting /home/runner/work/dashboard/dashboard/components/ui/carousel.tsx (37 ms)
codeql	Perform CodeQL Analysis	2025-12-12T07:10:45.4874029Z [2025-12-12 07:10:45] [build-stdout] Extracting /home/runner/work/dashboard/dashboard/components/ui/chart.tsx
codeql	Perform CodeQL Analysis	2025-12-12T07:10:45.5318473Z [2025-12-12 07:10:45] [build-stdout] Done extracting /home/runner/work/dashboard/dashboard/components/ui/chart.tsx (44 ms)
codeql	Perform CodeQL Analysis	2025-12-12T07:10:45.5321064Z [2025-12-12 07:10:45] [build-stdout] Extracting /home/runner/work/dashboard/dashboard/components/ui/checkbox.tsx
codeql	Perform CodeQL Analysis	2025-12-12T07:10:45.5366008Z [2025-12-12 07:10:45] [build-stdout] Done extracting /home/runner/work/dashboard/dashboard/components/ui/checkbox.tsx (4 ms)
codeql	Perform CodeQL Analysis	2025-12-12T07:10:45.5368499Z [2025-12-12 07:10:45] [build-stdout] Extracting /home/runner/work/dashboard/dashboard/components/ui/collapsible.tsx
codeql	Perform CodeQL Analysis	2025-12-12T07:10:45.5389107Z [2025-12-12 07:10:45] [build-stdout] Done extracting /home/runner/work/dashboard/dashboard/components/ui/collapsible.tsx (2 ms)
codeql	Perform CodeQL Analysis	2025-12-12T07:10:45.5390763Z [2025-12-12 07:10:45] [build-stdout] Extracting /home/runner/work/dashboard/dashboard/components/ui/command.tsx
codeql	Perform CodeQL Analysis	2025-12-12T07:10:45.5653108Z [2025-12-12 07:10:45] [build-stdout] Done extracting /home/runner/work/dashboard/dashboard/components/ui/command.tsx (26 ms)
codeql	Perform CodeQL Analysis	2025-12-12T07:10:45.5656808Z [2025-12-12 07:10:45] [build-stdout] Extracting /home/runner/work/dashboard/dashboard/components/ui/context-menu.tsx
codeql	Perform CodeQL Analysis	2025-12-12T07:10:45.5924472Z [2025-12-12 07:10:45] [build-stdout] Done extracting /home/runner/work/dashboard/dashboard/components/ui/context-menu.tsx (27 ms)
codeql	Perform CodeQL Analysis	2025-12-12T07:10:45.5925807Z [2025-12-12 07:10:45] [build-stdout] Extracting /home/runner/work/dashboard/dashboard/components/ui/dialog.tsx
codeql	Perform CodeQL Analysis	2025-12-12T07:10:45.6086655Z [2025-12-12 07:10:45] [build-stdout] Done extracting /home/runner/work/dashboard/dashboard/components/ui/dialog.tsx (16 ms)
codeql	Perform CodeQL Analysis	2025-12-12T07:10:45.6089136Z [2025-12-12 07:10:45] [build-stdout] Extracting /home/runner/work/dashboard/dashboard/components/ui/drawer.tsx
codeql	Perform CodeQL Analysis	2025-12-12T07:10:45.6224535Z [2025-12-12 07:10:45] [build-stdout] Done extracting /home/runner/work/dashboard/dashboard/components/ui/drawer.tsx (13 ms)
codeql	Perform CodeQL Analysis	2025-12-12T07:10:45.6227822Z [2025-12-12 07:10:45] [build-stdout] Extracting /home/runner/work/dashboard/dashboard/components/ui/dropdown-menu.tsx
codeql	Perform CodeQL Analysis	2025-12-12T07:10:45.6490496Z [2025-12-12 07:10:45] [build-stdout] Done extracting /home/runner/work/dashboard/dashboard/components/ui/dropdown-menu.tsx (26 ms)
codeql	Perform CodeQL Analysis	2025-12-12T07:10:45.6491648Z [2025-12-12 07:10:45] [build-stdout] Extracting /home/runner/work/dashboard/dashboard/components/ui/empty.tsx
codeql	Perform CodeQL Analysis	2025-12-12T07:10:45.6586035Z [2025-12-12 07:10:45] [build-stdout] Done extracting /home/runner/work/dashboard/dashboard/components/ui/empty.tsx (9 ms)
codeql	Perform CodeQL Analysis	2025-12-12T07:10:45.6598873Z [2025-12-12 07:10:45] [build-stdout] Extracting /home/runner/work/dashboard/dashboard/components/ui/field.tsx
codeql	Perform CodeQL Analysis	2025-12-12T07:10:45.6878330Z [2025-12-12 07:10:45] [build-stdout] Done extracting /home/runner/work/dashboard/dashboard/components/ui/field.tsx (28 ms)
codeql	Perform CodeQL Analysis	2025-12-12T07:10:45.6880707Z [2025-12-12 07:10:45] [build-stdout] Extracting /home/runner/work/dashboard/dashboard/components/ui/form.tsx
codeql	Perform CodeQL Analysis	2025-12-12T07:10:45.7068628Z [2025-12-12 07:10:45] [build-stdout] Done extracting /home/runner/work/dashboard/dashboard/components/ui/form.tsx (19 ms)
codeql	Perform CodeQL Analysis	2025-12-12T07:10:45.7070639Z [2025-12-12 07:10:45] [build-stdout] Extracting /home/runner/work/dashboard/dashboard/components/ui/hover-card.tsx
codeql	Perform CodeQL Analysis	2025-12-12T07:10:45.7121302Z [2025-12-12 07:10:45] [build-stdout] Done extracting /home/runner/work/dashboard/dashboard/components/ui/hover-card.tsx (5 ms)
codeql	Perform CodeQL Analysis	2025-12-12T07:10:45.7122526Z [2025-12-12 07:10:45] [build-stdout] Extracting /home/runner/work/dashboard/dashboard/components/ui/icons.tsx
codeql	Perform CodeQL Analysis	2025-12-12T07:10:45.7183322Z [2025-12-12 07:10:45] [build-stdout] Done extracting /home/runner/work/dashboard/dashboard/components/ui/icons.tsx (6 ms)
codeql	Perform CodeQL Analysis	2025-12-12T07:10:45.7184387Z [2025-12-12 07:10:45] [build-stdout] Extracting /home/runner/work/dashboard/dashboard/components/ui/input-group.tsx
codeql	Perform CodeQL Analysis	2025-12-12T07:10:45.7339974Z [2025-12-12 07:10:45] [build-stdout] Done extracting /home/runner/work/dashboard/dashboard/components/ui/input-group.tsx (15 ms)
codeql	Perform CodeQL Analysis	2025-12-12T07:10:45.7341234Z [2025-12-12 07:10:45] [build-stdout] Extracting /home/runner/work/dashboard/dashboard/components/ui/input-otp.tsx
codeql	Perform CodeQL Analysis	2025-12-12T07:10:45.7432650Z [2025-12-12 07:10:45] [build-stdout] Done extracting /home/runner/work/dashboard/dashboard/components/ui/input-otp.tsx (9 ms)
codeql	Perform CodeQL Analysis	2025-12-12T07:10:45.7435845Z [2025-12-12 07:10:45] [build-stdout] Extracting /home/runner/work/dashboard/dashboard/components/ui/input.tsx
codeql	Perform CodeQL Analysis	2025-12-12T07:10:45.7494788Z [2025-12-12 07:10:45] [build-stdout] Done extracting /home/runner/work/dashboard/dashboard/components/ui/input.tsx (3 ms)
codeql	Perform CodeQL Analysis	2025-12-12T07:10:45.7496007Z [2025-12-12 07:10:45] [build-stdout] Extracting /home/runner/work/dashboard/dashboard/components/ui/item.tsx
codeql	Perform CodeQL Analysis	2025-12-12T07:10:45.7687471Z [2025-12-12 07:10:45] [build-stdout] Done extracting /home/runner/work/dashboard/dashboard/components/ui/item.tsx (21 ms)
codeql	Perform CodeQL Analysis	2025-12-12T07:10:45.7690108Z [2025-12-12 07:10:45] [build-stdout] Extracting /home/runner/work/dashboard/dashboard/components/ui/kbd.tsx
codeql	Perform CodeQL Analysis	2025-12-12T07:10:45.7723343Z [2025-12-12 07:10:45] [build-stdout] Done extracting /home/runner/work/dashboard/dashboard/components/ui/kbd.tsx (3 ms)
codeql	Perform CodeQL Analysis	2025-12-12T07:10:45.7725202Z [2025-12-12 07:10:45] [build-stdout] Extracting /home/runner/work/dashboard/dashboard/components/ui/label.tsx
codeql	Perform CodeQL Analysis	2025-12-12T07:10:45.7774673Z [2025-12-12 07:10:45] [build-stdout] Done extracting /home/runner/work/dashboard/dashboard/components/ui/label.tsx (4 ms)
codeql	Perform CodeQL Analysis	2025-12-12T07:10:45.7777060Z [2025-12-12 07:10:45] [build-stdout] Extracting /home/runner/work/dashboard/dashboard/components/ui/menubar.tsx
codeql	Perform CodeQL Analysis	2025-12-12T07:10:45.8078748Z [2025-12-12 07:10:45] [build-stdout] Done extracting /home/runner/work/dashboard/dashboard/components/ui/menubar.tsx (30 ms)
codeql	Perform CodeQL Analysis	2025-12-12T07:10:45.8080517Z [2025-12-12 07:10:45] [build-stdout] Extracting /home/runner/work/dashboard/dashboard/components/ui/navigation-menu.tsx
codeql	Perform CodeQL Analysis	2025-12-12T07:10:45.8269095Z [2025-12-12 07:10:45] [build-stdout] Done extracting /home/runner/work/dashboard/dashboard/components/ui/navigation-menu.tsx (18 ms)
codeql	Perform CodeQL Analysis	2025-12-12T07:10:45.8270594Z [2025-12-12 07:10:45] [build-stdout] Extracting /home/runner/work/dashboard/dashboard/components/ui/pagination.tsx
codeql	Perform CodeQL Analysis	2025-12-12T07:10:45.8407810Z [2025-12-12 07:10:45] [build-stdout] Done extracting /home/runner/work/dashboard/dashboard/components/ui/pagination.tsx (13 ms)
codeql	Perform CodeQL Analysis	2025-12-12T07:10:45.8410838Z [2025-12-12 07:10:45] [build-stdout] Extracting /home/runner/work/dashboard/dashboard/components/ui/popover.tsx
codeql	Perform CodeQL Analysis	2025-12-12T07:10:45.8458588Z [2025-12-12 07:10:45] [build-stdout] Done extracting /home/runner/work/dashboard/dashboard/components/ui/popover.tsx (5 ms)
codeql	Perform CodeQL Analysis	2025-12-12T07:10:45.8460082Z [2025-12-12 07:10:45] [build-stdout] Extracting /home/runner/work/dashboard/dashboard/components/ui/progress.tsx
codeql	Perform CodeQL Analysis	2025-12-12T07:10:45.8494649Z [2025-12-12 07:10:45] [build-stdout] Done extracting /home/runner/work/dashboard/dashboard/components/ui/progress.tsx (3 ms)
codeql	Perform CodeQL Analysis	2025-12-12T07:10:45.8496254Z [2025-12-12 07:10:45] [build-stdout] Extracting /home/runner/work/dashboard/dashboard/components/ui/radio-group.tsx
codeql	Perform CodeQL Analysis	2025-12-12T07:10:45.8549226Z [2025-12-12 07:10:45] [build-stdout] Done extracting /home/runner/work/dashboard/dashboard/components/ui/radio-group.tsx (5 ms)
codeql	Perform CodeQL Analysis	2025-12-12T07:10:45.8551052Z [2025-12-12 07:10:45] [build-stdout] Extracting /home/runner/work/dashboard/dashboard/components/ui/resizable.tsx
codeql	Perform CodeQL Analysis	2025-12-12T07:10:45.8607134Z [2025-12-12 07:10:45] [build-stdout] Done extracting /home/runner/work/dashboard/dashboard/components/ui/resizable.tsx (5 ms)
codeql	Perform CodeQL Analysis	2025-12-12T07:10:45.8611588Z [2025-12-12 07:10:45] [build-stdout] Extracting /home/runner/work/dashboard/dashboard/components/ui/scroll-area.tsx
codeql	Perform CodeQL Analysis	2025-12-12T07:10:45.8703528Z [2025-12-12 07:10:45] [build-stdout] Done extracting /home/runner/work/dashboard/dashboard/components/ui/scroll-area.tsx (9 ms)
codeql	Perform CodeQL Analysis	2025-12-12T07:10:45.8705178Z [2025-12-12 07:10:45] [build-stdout] Extracting /home/runner/work/dashboard/dashboard/components/ui/select.tsx
codeql	Perform CodeQL Analysis	2025-12-12T07:10:45.8888965Z [2025-12-12 07:10:45] [build-stdout] Done extracting /home/runner/work/dashboard/dashboard/components/ui/select.tsx (18 ms)
codeql	Perform CodeQL Analysis	2025-12-12T07:10:45.8891170Z [2025-12-12 07:10:45] [build-stdout] Extracting /home/runner/work/dashboard/dashboard/components/ui/separator.tsx
codeql	Perform CodeQL Analysis	2025-12-12T07:10:45.8945563Z [2025-12-12 07:10:45] [build-stdout] Done extracting /home/runner/work/dashboard/dashboard/components/ui/separator.tsx (4 ms)
codeql	Perform CodeQL Analysis	2025-12-12T07:10:45.8947606Z [2025-12-12 07:10:45] [build-stdout] Extracting /home/runner/work/dashboard/dashboard/components/ui/sheet.tsx
codeql	Perform CodeQL Analysis	2025-12-12T07:10:45.9155575Z [2025-12-12 07:10:45] [build-stdout] Done extracting /home/runner/work/dashboard/dashboard/components/ui/sheet.tsx (20 ms)
codeql	Perform CodeQL Analysis	2025-12-12T07:10:45.9160867Z [2025-12-12 07:10:45] [build-stdout] Extracting /home/runner/work/dashboard/dashboard/components/ui/sidebar.tsx
codeql	Perform CodeQL Analysis	2025-12-12T07:10:45.9952272Z [2025-12-12 07:10:45] [build-stdout] Done extracting /home/runner/work/dashboard/dashboard/components/ui/sidebar.tsx (79 ms)
codeql	Perform CodeQL Analysis	2025-12-12T07:10:45.9954111Z [2025-12-12 07:10:45] [build-stdout] Extracting /home/runner/work/dashboard/dashboard/components/ui/skeleton.tsx
codeql	Perform CodeQL Analysis	2025-12-12T07:10:45.9981126Z [2025-12-12 07:10:45] [build-stdout] Done extracting /home/runner/work/dashboard/dashboard/components/ui/skeleton.tsx (3 ms)
codeql	Perform CodeQL Analysis	2025-12-12T07:10:45.9983437Z [2025-12-12 07:10:45] [build-stdout] Extracting /home/runner/work/dashboard/dashboard/components/ui/slider.tsx
codeql	Perform CodeQL Analysis	2025-12-12T07:10:46.0029244Z [2025-12-12 07:10:46] [build-stdout] Done extracting /home/runner/work/dashboard/dashboard/components/ui/slider.tsx (4 ms)
codeql	Perform CodeQL Analysis	2025-12-12T07:10:46.0033192Z [2025-12-12 07:10:46] [build-stdout] Extracting /home/runner/work/dashboard/dashboard/components/ui/sonner.tsx
codeql	Perform CodeQL Analysis	2025-12-12T07:10:46.0087504Z [2025-12-12 07:10:46] [build-stdout] Done extracting /home/runner/work/dashboard/dashboard/components/ui/sonner.tsx (5 ms)
codeql	Perform CodeQL Analysis	2025-12-12T07:10:46.0089095Z [2025-12-12 07:10:46] [build-stdout] Extracting /home/runner/work/dashboard/dashboard/components/ui/spinner.tsx
codeql	Perform CodeQL Analysis	2025-12-12T07:10:46.0120791Z [2025-12-12 07:10:46] [build-stdout] Done extracting /home/runner/work/dashboard/dashboard/components/ui/spinner.tsx (3 ms)
codeql	Perform CodeQL Analysis	2025-12-12T07:10:46.0122031Z [2025-12-12 07:10:46] [build-stdout] Extracting /home/runner/work/dashboard/dashboard/components/ui/switch.tsx
codeql	Perform CodeQL Analysis	2025-12-12T07:10:46.0175049Z [2025-12-12 07:10:46] [build-stdout] Done extracting /home/runner/work/dashboard/dashboard/components/ui/switch.tsx (5 ms)
codeql	Perform CodeQL Analysis	2025-12-12T07:10:46.0176673Z [2025-12-12 07:10:46] [build-stdout] Extracting /home/runner/work/dashboard/dashboard/components/ui/table.tsx
codeql	Perform CodeQL Analysis	2025-12-12T07:10:46.0338374Z [2025-12-12 07:10:46] [build-stdout] Done extracting /home/runner/work/dashboard/dashboard/components/ui/table.tsx (16 ms)
codeql	Perform CodeQL Analysis	2025-12-12T07:10:46.0340165Z [2025-12-12 07:10:46] [build-stdout] Extracting /home/runner/work/dashboard/dashboard/components/ui/tabs.tsx
codeql	Perform CodeQL Analysis	2025-12-12T07:10:46.0482696Z [2025-12-12 07:10:46] [build-stdout] Done extracting /home/runner/work/dashboard/dashboard/components/ui/tabs.tsx (11 ms)
codeql	Perform CodeQL Analysis	2025-12-12T07:10:46.0484331Z [2025-12-12 07:10:46] [build-stdout] Extracting /home/runner/work/dashboard/dashboard/components/ui/textarea.tsx
codeql	Perform CodeQL Analysis	2025-12-12T07:10:46.0503335Z [2025-12-12 07:10:46] [build-stdout] Done extracting /home/runner/work/dashboard/dashboard/components/ui/textarea.tsx (4 ms)
codeql	Perform CodeQL Analysis	2025-12-12T07:10:46.0508206Z [2025-12-12 07:10:46] [build-stdout] Extracting /home/runner/work/dashboard/dashboard/components/ui/toast.tsx
codeql	Perform CodeQL Analysis	2025-12-12T07:10:46.0693625Z [2025-12-12 07:10:46] [build-stdout] Done extracting /home/runner/work/dashboard/dashboard/components/ui/toast.tsx (19 ms)
codeql	Perform CodeQL Analysis	2025-12-12T07:10:46.0696668Z [2025-12-12 07:10:46] [build-stdout] Extracting /home/runner/work/dashboard/dashboard/components/ui/toaster.tsx
codeql	Perform CodeQL Analysis	2025-12-12T07:10:46.0754960Z [2025-12-12 07:10:46] [build-stdout] Done extracting /home/runner/work/dashboard/dashboard/components/ui/toaster.tsx (5 ms)
codeql	Perform CodeQL Analysis	2025-12-12T07:10:46.0758625Z [2025-12-12 07:10:46] [build-stdout] Extracting /home/runner/work/dashboard/dashboard/components/ui/toggle-group.tsx
codeql	Perform CodeQL Analysis	2025-12-12T07:10:46.0858434Z [2025-12-12 07:10:46] [build-stdout] Done extracting /home/runner/work/dashboard/dashboard/components/ui/toggle-group.tsx (10 ms)
codeql	Perform CodeQL Analysis	2025-12-12T07:10:46.0861223Z [2025-12-12 07:10:46] [build-stdout] Extracting /home/runner/work/dashboard/dashboard/components/ui/toggle.tsx
codeql	Perform CodeQL Analysis	2025-12-12T07:10:46.0915494Z [2025-12-12 07:10:46] [build-stdout] Done extracting /home/runner/work/dashboard/dashboard/components/ui/toggle.tsx (5 ms)
codeql	Perform CodeQL Analysis	2025-12-12T07:10:46.0917437Z [2025-12-12 07:10:46] [build-stdout] Extracting /home/runner/work/dashboard/dashboard/components/ui/tooltip.tsx
codeql	Perform CodeQL Analysis	2025-12-12T07:10:46.0963869Z [2025-12-12 07:10:46] [build-stdout] Done extracting /home/runner/work/dashboard/dashboard/components/ui/tooltip.tsx (4 ms)
codeql	Perform CodeQL Analysis	2025-12-12T07:10:46.0964958Z [2025-12-12 07:10:46] [build-stdout] Extracting /home/runner/work/dashboard/dashboard/components/ui/use-mobile.tsx
codeql	Perform CodeQL Analysis	2025-12-12T07:10:46.0975307Z [2025-12-12 07:10:46] [build-stdout] Done extracting /home/runner/work/dashboard/dashboard/components/ui/use-mobile.tsx (1 ms)
codeql	Perform CodeQL Analysis	2025-12-12T07:10:46.0977310Z [2025-12-12 07:10:46] [build-stdout] Extracting /home/runner/work/dashboard/dashboard/components/ui/use-toast.ts
codeql	Perform CodeQL Analysis	2025-12-12T07:10:46.0986260Z [2025-12-12 07:10:46] [build-stdout] Done extracting /home/runner/work/dashboard/dashboard/components/ui/use-toast.ts (0 ms)
codeql	Perform CodeQL Analysis	2025-12-12T07:10:46.0988443Z [2025-12-12 07:10:46] [build-stdout] Extracting /home/runner/work/dashboard/dashboard/lib/api/financial.ts
codeql	Perform CodeQL Analysis	2025-12-12T07:10:46.1137464Z [2025-12-12 07:10:46] [build-stdout] Done extracting /home/runner/work/dashboard/dashboard/lib/api/financial.ts (14 ms)
codeql	Perform CodeQL Analysis	2025-12-12T07:10:46.1138796Z [2025-12-12 07:10:46] [build-stdout] Extracting /home/runner/work/dashboard/dashboard/lib/api/index.ts
codeql	Perform CodeQL Analysis	2025-12-12T07:10:46.1153997Z [2025-12-12 07:10:46] [build-stdout] Done extracting /home/runner/work/dashboard/dashboard/lib/api/index.ts (1 ms)
codeql	Perform CodeQL Analysis	2025-12-12T07:10:46.1155477Z [2025-12-12 07:10:46] [build-stdout] Extracting /home/runner/work/dashboard/dashboard/lib/api/milestones.ts
codeql	Perform CodeQL Analysis	2025-12-12T07:10:46.1271931Z [2025-12-12 07:10:46] [build-stdout] Done extracting /home/runner/work/dashboard/dashboard/lib/api/milestones.ts (11 ms)
codeql	Perform CodeQL Analysis	2025-12-12T07:10:46.1273306Z [2025-12-12 07:10:46] [build-stdout] Extracting /home/runner/work/dashboard/dashboard/lib/api/projects.ts
codeql	Perform CodeQL Analysis	2025-12-12T07:10:46.1399286Z [2025-12-12 07:10:46] [build-stdout] Done extracting /home/runner/work/dashboard/dashboard/lib/api/projects.ts (13 ms)
codeql	Perform CodeQL Analysis	2025-12-12T07:10:46.1400711Z [2025-12-12 07:10:46] [build-stdout] Extracting /home/runner/work/dashboard/dashboard/lib/api/tasks.ts
codeql	Perform CodeQL Analysis	2025-12-12T07:10:46.1499917Z [2025-12-12 07:10:46] [build-stdout] Done extracting /home/runner/work/dashboard/dashboard/lib/api/tasks.ts (9 ms)
codeql	Perform CodeQL Analysis	2025-12-12T07:10:46.1502521Z [2025-12-12 07:10:46] [build-stdout] Extracting /home/runner/work/dashboard/dashboard/lib/api/user.ts
codeql	Perform CodeQL Analysis	2025-12-12T07:10:46.1552488Z [2025-12-12 07:10:46] [build-stdout] Done extracting /home/runner/work/dashboard/dashboard/lib/api/user.ts (5 ms)
codeql	Perform CodeQL Analysis	2025-12-12T07:10:46.1555788Z [2025-12-12 07:10:46] [build-stdout] Extracting /home/runner/work/dashboard/dashboard/__tests__/task-dialog.spec.tsx
codeql	Perform CodeQL Analysis	2025-12-12T07:10:46.1658974Z [2025-12-12 07:10:46] [build-stdout] Done extracting /home/runner/work/dashboard/dashboard/__tests__/task-dialog.spec.tsx (10 ms)
codeql	Perform CodeQL Analysis	2025-12-12T07:10:46.1663310Z [2025-12-12 07:10:46] [build-stdout] Extracting /home/runner/work/dashboard/dashboard/app/layout.tsx
codeql	Perform CodeQL Analysis	2025-12-12T07:10:46.1725756Z [2025-12-12 07:10:46] [build-stdout] Done extracting /home/runner/work/dashboard/dashboard/app/layout.tsx (5 ms)
codeql	Perform CodeQL Analysis	2025-12-12T07:10:46.1727069Z [2025-12-12 07:10:46] [build-stdout] Extracting /home/runner/work/dashboard/dashboard/app/page.tsx
codeql	Perform CodeQL Analysis	2025-12-12T07:10:46.1757347Z [2025-12-12 07:10:46] [build-stdout] Done extracting /home/runner/work/dashboard/dashboard/app/page.tsx (1 ms)
codeql	Perform CodeQL Analysis	2025-12-12T07:10:46.1758755Z [2025-12-12 07:10:46] [build-stdout] Extracting /home/runner/work/dashboard/dashboard/components/auth-provider.tsx
codeql	Perform CodeQL Analysis	2025-12-12T07:10:46.1766709Z [2025-12-12 07:10:46] [build-stdout] Done extracting /home/runner/work/dashboard/dashboard/components/auth-provider.tsx (3 ms)
codeql	Perform CodeQL Analysis	2025-12-12T07:10:46.1768306Z [2025-12-12 07:10:46] [build-stdout] Extracting /home/runner/work/dashboard/dashboard/components/theme-provider.tsx
codeql	Perform CodeQL Analysis	2025-12-12T07:10:46.1791002Z [2025-12-12 07:10:46] [build-stdout] Done extracting /home/runner/work/dashboard/dashboard/components/theme-provider.tsx (3 ms)
codeql	Perform CodeQL Analysis	2025-12-12T07:10:46.1794849Z [2025-12-12 07:10:46] [build-stdout] Extracting /home/runner/work/dashboard/dashboard/components/theme-toggle.tsx
codeql	Perform CodeQL Analysis	2025-12-12T07:10:46.1861583Z [2025-12-12 07:10:46] [build-stdout] Done extracting /home/runner/work/dashboard/dashboard/components/theme-toggle.tsx (6 ms)
codeql	Perform CodeQL Analysis	2025-12-12T07:10:46.1917362Z [2025-12-12 07:10:46] [build-stdout] Extracting /home/runner/work/dashboard/dashboard/e2e/a11y.spec.ts
codeql	Perform CodeQL Analysis	2025-12-12T07:10:46.1950476Z [2025-12-12 07:10:46] [build-stdout] Done extracting /home/runner/work/dashboard/dashboard/e2e/a11y.spec.ts (7 ms)
codeql	Perform CodeQL Analysis	2025-12-12T07:10:46.1951846Z [2025-12-12 07:10:46] [build-stdout] Extracting /home/runner/work/dashboard/dashboard/e2e/auth.spec.ts
codeql	Perform CodeQL Analysis	2025-12-12T07:10:46.2126695Z [2025-12-12 07:10:46] [build-stdout] Done extracting /home/runner/work/dashboard/dashboard/e2e/auth.spec.ts (18 ms)
codeql	Perform CodeQL Analysis	2025-12-12T07:10:46.2129117Z [2025-12-12 07:10:46] [build-stdout] Extracting /home/runner/work/dashboard/dashboard/e2e/dashboard.spec.ts
codeql	Perform CodeQL Analysis	2025-12-12T07:10:46.2424937Z [2025-12-12 07:10:46] [build-stdout] Done extracting /home/runner/work/dashboard/dashboard/e2e/dashboard.spec.ts (25 ms)
codeql	Perform CodeQL Analysis	2025-12-12T07:10:46.2426159Z [2025-12-12 07:10:46] [build-stdout] Extracting /home/runner/work/dashboard/dashboard/e2e/finance.spec.ts
codeql	Perform CodeQL Analysis	2025-12-12T07:10:46.2747505Z [2025-12-12 07:10:46] [build-stdout] Done extracting /home/runner/work/dashboard/dashboard/e2e/finance.spec.ts (34 ms)
codeql	Perform CodeQL Analysis	2025-12-12T07:10:46.2750763Z [2025-12-12 07:10:46] [build-stdout] Extracting /home/runner/work/dashboard/dashboard/e2e/profile.spec.ts
codeql	Perform CodeQL Analysis	2025-12-12T07:10:46.2998879Z [2025-12-12 07:10:46] [build-stdout] Done extracting /home/runner/work/dashboard/dashboard/e2e/profile.spec.ts (21 ms)
codeql	Perform CodeQL Analysis	2025-12-12T07:10:46.3000285Z [2025-12-12 07:10:46] [build-stdout] Extracting /home/runner/work/dashboard/dashboard/e2e/projects.spec.ts
codeql	Perform CodeQL Analysis	2025-12-12T07:10:46.3123723Z [2025-12-12 07:10:46] [build-stdout] Done extracting /home/runner/work/dashboard/dashboard/e2e/projects.spec.ts (15 ms)
codeql	Perform CodeQL Analysis	2025-12-12T07:10:46.3129153Z [2025-12-12 07:10:46] [build-stdout] Extracting /home/runner/work/dashboard/dashboard/e2e/simulation-upload.spec.ts
codeql	Perform CodeQL Analysis	2025-12-12T07:10:46.3260578Z [2025-12-12 07:10:46] [build-stdout] Done extracting /home/runner/work/dashboard/dashboard/e2e/simulation-upload.spec.ts (14 ms)
codeql	Perform CodeQL Analysis	2025-12-12T07:10:46.3266576Z [2025-12-12 07:10:46] [build-stdout] Extracting /home/runner/work/dashboard/dashboard/e2e/tasks.spec.ts
codeql	Perform CodeQL Analysis	2025-12-12T07:10:46.3503164Z [2025-12-12 07:10:46] [build-stdout] Done extracting /home/runner/work/dashboard/dashboard/e2e/tasks.spec.ts (23 ms)
codeql	Perform CodeQL Analysis	2025-12-12T07:10:46.3506765Z [2025-12-12 07:10:46] [build-stdout] Extracting /home/runner/work/dashboard/dashboard/hooks/use-auth.ts
codeql	Perform CodeQL Analysis	2025-12-12T07:10:46.3537025Z [2025-12-12 07:10:46] [build-stdout] Done extracting /home/runner/work/dashboard/dashboard/hooks/use-auth.ts (3 ms)
codeql	Perform CodeQL Analysis	2025-12-12T07:10:46.3554867Z [2025-12-12 07:10:46] [build-stdout] Extracting /home/runner/work/dashboard/dashboard/hooks/use-mobile.tsx
codeql	Perform CodeQL Analysis	2025-12-12T07:10:46.3587178Z [2025-12-12 07:10:46] [build-stdout] Done extracting /home/runner/work/dashboard/dashboard/hooks/use-mobile.tsx (4 ms)
codeql	Perform CodeQL Analysis	2025-12-12T07:10:46.3588353Z [2025-12-12 07:10:46] [build-stdout] Extracting /home/runner/work/dashboard/dashboard/hooks/use-toast.ts
codeql	Perform CodeQL Analysis	2025-12-12T07:10:46.3815320Z [2025-12-12 07:10:46] [build-stdout] Done extracting /home/runner/work/dashboard/dashboard/hooks/use-toast.ts (23 ms)
codeql	Perform CodeQL Analysis	2025-12-12T07:10:46.3817715Z [2025-12-12 07:10:46] [build-stdout] Extracting /home/runner/work/dashboard/dashboard/lib/api-client.ts
codeql	Perform CodeQL Analysis	2025-12-12T07:10:46.3984935Z [2025-12-12 07:10:46] [build-stdout] Done extracting /home/runner/work/dashboard/dashboard/lib/api-client.ts (16 ms)
codeql	Perform CodeQL Analysis	2025-12-12T07:10:46.3987280Z [2025-12-12 07:10:46] [build-stdout] Extracting /home/runner/work/dashboard/dashboard/lib/api-error.ts
codeql	Perform CodeQL Analysis	2025-12-12T07:10:46.4077895Z [2025-12-12 07:10:46] [build-stdout] Done extracting /home/runner/work/dashboard/dashboard/lib/api-error.ts (9 ms)
codeql	Perform CodeQL Analysis	2025-12-12T07:10:46.4081655Z [2025-12-12 07:10:46] [build-stdout] Extracting /home/runner/work/dashboard/dashboard/lib/auth.ts
codeql	Perform CodeQL Analysis	2025-12-12T07:10:46.4204728Z [2025-12-12 07:10:46] [build-stdout] Done extracting /home/runner/work/dashboard/dashboard/lib/auth.ts (11 ms)
codeql	Perform CodeQL Analysis	2025-12-12T07:10:46.4207008Z [2025-12-12 07:10:46] [build-stdout] Extracting /home/runner/work/dashboard/dashboard/lib/prisma.ts
codeql	Perform CodeQL Analysis	2025-12-12T07:10:46.4229955Z [2025-12-12 07:10:46] [build-stdout] Done extracting /home/runner/work/dashboard/dashboard/lib/prisma.ts (2 ms)
codeql	Perform CodeQL Analysis	2025-12-12T07:10:46.4231049Z [2025-12-12 07:10:46] [build-stdout] Extracting /home/runner/work/dashboard/dashboard/lib/utils.ts
codeql	Perform CodeQL Analysis	2025-12-12T07:10:46.4246149Z [2025-12-12 07:10:46] [build-stdout] Done extracting /home/runner/work/dashboard/dashboard/lib/utils.ts (1 ms)
codeql	Perform CodeQL Analysis	2025-12-12T07:10:46.4247415Z [2025-12-12 07:10:46] [build-stdout] Extracting /home/runner/work/dashboard/dashboard/prisma/seed.ts
codeql	Perform CodeQL Analysis	2025-12-12T07:10:46.4708016Z [2025-12-12 07:10:46] [build-stdout] Done extracting /home/runner/work/dashboard/dashboard/prisma/seed.ts (45 ms)
codeql	Perform CodeQL Analysis	2025-12-12T07:10:46.4709464Z [2025-12-12 07:10:46] [build-stdout] Extracting /home/runner/work/dashboard/dashboard/types/next-auth.d.ts
codeql	Perform CodeQL Analysis	2025-12-12T07:10:46.4750627Z [2025-12-12 07:10:46] [build-stdout] Done extracting /home/runner/work/dashboard/dashboard/types/next-auth.d.ts (3 ms)
codeql	Perform CodeQL Analysis	2025-12-12T07:10:46.4752003Z [2025-12-12 07:10:46] [build-stdout] Extracting /home/runner/work/dashboard/dashboard/middleware.ts
codeql	Perform CodeQL Analysis	2025-12-12T07:10:46.4864411Z [2025-12-12 07:10:46] [build-stdout] Done extracting /home/runner/work/dashboard/dashboard/middleware.ts (11 ms)
codeql	Perform CodeQL Analysis	2025-12-12T07:10:46.4865811Z [2025-12-12 07:10:46] [build-stdout] Extracting /home/runner/work/dashboard/dashboard/playwright.config.ts
codeql	Perform CodeQL Analysis	2025-12-12T07:10:46.4958713Z [2025-12-12 07:10:46] [build-stdout] Done extracting /home/runner/work/dashboard/dashboard/playwright.config.ts (10 ms)
codeql	Perform CodeQL Analysis	2025-12-12T07:10:46.4963934Z [2025-12-12 07:10:46] [build-stdout] Extracting /home/runner/work/dashboard/dashboard/vitest.config.mts
codeql	Perform CodeQL Analysis	2025-12-12T07:10:46.5027010Z [2025-12-12 07:10:46] [build-stdout] Done extracting /home/runner/work/dashboard/dashboard/vitest.config.mts (5 ms)
codeql	Perform CodeQL Analysis	2025-12-12T07:10:46.5038590Z [2025-12-12 07:10:46] [build-stdout] Extracting /home/runner/work/dashboard/dashboard/vitest.setup.ts
codeql	Perform CodeQL Analysis	2025-12-12T07:10:46.5121015Z [2025-12-12 07:10:46] [build-stdout] Done extracting /home/runner/work/dashboard/dashboard/vitest.setup.ts (6 ms)
codeql	Perform CodeQL Analysis	2025-12-12T07:10:46.5166240Z [2025-12-12 07:10:46] [build-stdout] Extracting /home/runner/work/dashboard/dashboard/.github/ISSUE_TEMPLATE/config.yml
codeql	Perform CodeQL Analysis	2025-12-12T07:10:46.5172476Z [2025-12-12 07:10:46] [build-stdout] Extracting /home/runner/work/dashboard/dashboard/.github/workflows/ci.yml
codeql	Perform CodeQL Analysis	2025-12-12T07:10:46.5190465Z [2025-12-12 07:10:46] [build-stdout] Extracting /home/runner/work/dashboard/dashboard/.github/workflows/cleanup-preview-gcp.yml
codeql	Perform CodeQL Analysis	2025-12-12T07:10:46.5200062Z [2025-12-12 07:10:46] [build-stdout] Extracting /home/runner/work/dashboard/dashboard/.github/workflows/codeql.yml
codeql	Perform CodeQL Analysis	2025-12-12T07:10:46.5961629Z [2025-12-12 07:10:46] [build-stdout] Done extracting /home/runner/work/dashboard/dashboard/.github/ISSUE_TEMPLATE/config.yml (77 ms)
codeql	Perform CodeQL Analysis	2025-12-12T07:10:46.5963246Z [2025-12-12 07:10:46] [build-stdout] Extracting /home/runner/work/dashboard/dashboard/.github/workflows/e2e-db.yml
codeql	Perform CodeQL Analysis	2025-12-12T07:10:46.5964567Z [2025-12-12 07:10:46] [build-stdout] Done extracting /home/runner/work/dashboard/dashboard/.github/workflows/codeql.yml (76 ms)
codeql	Perform CodeQL Analysis	2025-12-12T07:10:46.5965864Z [2025-12-12 07:10:46] [build-stdout] Extracting /home/runner/work/dashboard/dashboard/.github/workflows/e2e.yml
codeql	Perform CodeQL Analysis	2025-12-12T07:10:46.6008505Z [2025-12-12 07:10:46] [build-stdout] Done extracting /home/runner/work/dashboard/dashboard/.github/workflows/cleanup-preview-gcp.yml (82 ms)
codeql	Perform CodeQL Analysis	2025-12-12T07:10:46.6012012Z [2025-12-12 07:10:46] [build-stdout] Extracting /home/runner/work/dashboard/dashboard/.github/workflows/gitleaks.yml
codeql	Perform CodeQL Analysis	2025-12-12T07:10:46.6034679Z [2025-12-12 07:10:46] [build-stdout] Done extracting /home/runner/work/dashboard/dashboard/.github/workflows/e2e-db.yml (11 ms)
codeql	Perform CodeQL Analysis	2025-12-12T07:10:46.6036028Z [2025-12-12 07:10:46] [build-stdout] Extracting /home/runner/work/dashboard/dashboard/.github/workflows/preview-gcp.yml
codeql	Perform CodeQL Analysis	2025-12-12T07:10:46.6053578Z [2025-12-12 07:10:46] [build-stdout] Done extracting /home/runner/work/dashboard/dashboard/.github/workflows/gitleaks.yml (3 ms)
codeql	Perform CodeQL Analysis	2025-12-12T07:10:46.6057066Z [2025-12-12 07:10:46] [build-stdout] Extracting /home/runner/work/dashboard/dashboard/.github/dependabot.yml
codeql	Perform CodeQL Analysis	2025-12-12T07:10:46.6086799Z [2025-12-12 07:10:46] [build-stdout] Done extracting /home/runner/work/dashboard/dashboard/.github/dependabot.yml (2 ms)
codeql	Perform CodeQL Analysis	2025-12-12T07:10:46.6089291Z [2025-12-12 07:10:46] [build-stdout] Extracting /home/runner/work/dashboard/dashboard/scripts/check-user.js
codeql	Perform CodeQL Analysis	2025-12-12T07:10:46.6250349Z [2025-12-12 07:10:46] [build-stdout] Done extracting /home/runner/work/dashboard/dashboard/.github/workflows/e2e.yml (21 ms)
codeql	Perform CodeQL Analysis	2025-12-12T07:10:46.6252410Z [2025-12-12 07:10:46] [build-stdout] Extracting /home/runner/work/dashboard/dashboard/scripts/credentials-login.js
codeql	Perform CodeQL Analysis	2025-12-12T07:10:46.6253916Z [2025-12-12 07:10:46] [build-stdout] Done extracting /home/runner/work/dashboard/dashboard/.github/workflows/ci.yml (103 ms)
codeql	Perform CodeQL Analysis	2025-12-12T07:10:46.6255308Z [2025-12-12 07:10:46] [build-stdout] Extracting /home/runner/work/dashboard/dashboard/scripts/dev-strict.mjs
codeql	Perform CodeQL Analysis	2025-12-12T07:10:46.6312228Z [2025-12-12 07:10:46] [build-stdout] Done extracting /home/runner/work/dashboard/dashboard/.github/workflows/preview-gcp.yml (27 ms)
codeql	Perform CodeQL Analysis	2025-12-12T07:10:46.6325677Z [2025-12-12 07:10:46] [build-stdout] Extracting /home/runner/work/dashboard/dashboard/.eslintrc.json
codeql	Perform CodeQL Analysis	2025-12-12T07:10:46.6374540Z [2025-12-12 07:10:46] [build-stdout] Done extracting /home/runner/work/dashboard/dashboard/.eslintrc.json (5 ms)
codeql	Perform CodeQL Analysis	2025-12-12T07:10:46.6391967Z [2025-12-12 07:10:46] [build-stdout] Extracting /home/runner/work/dashboard/dashboard/commitlint.config.js
codeql	Perform CodeQL Analysis	2025-12-12T07:10:46.6414072Z [2025-12-12 07:10:46] [build-stdout] Done extracting /home/runner/work/dashboard/dashboard/commitlint.config.js (2 ms)
codeql	Perform CodeQL Analysis	2025-12-12T07:10:46.6418908Z [2025-12-12 07:10:46] [build-stdout] Extracting /home/runner/work/dashboard/dashboard/next.config.mjs
codeql	Perform CodeQL Analysis	2025-12-12T07:10:46.6530310Z [2025-12-12 07:10:46] [build-stdout] Done extracting /home/runner/work/dashboard/dashboard/scripts/check-user.js (37 ms)
codeql	Perform CodeQL Analysis	2025-12-12T07:10:46.6591237Z [2025-12-12 07:10:46] [build-stdout] Done extracting /home/runner/work/dashboard/dashboard/scripts/dev-strict.mjs (24 ms)
codeql	Perform CodeQL Analysis	2025-12-12T07:10:46.6592637Z [2025-12-12 07:10:46] [build-stdout] Extracting /home/runner/work/dashboard/dashboard/package.json
codeql	Perform CodeQL Analysis	2025-12-12T07:10:46.6594155Z [2025-12-12 07:10:46] [build-stdout] Extracting /home/runner/work/dashboard/dashboard/pnpm-lock.yaml
codeql	Perform CodeQL Analysis	2025-12-12T07:10:46.6595419Z [2025-12-12 07:10:46] [build-stdout] Done extracting /home/runner/work/dashboard/dashboard/package.json (6 ms)
codeql	Perform CodeQL Analysis	2025-12-12T07:10:46.6596693Z [2025-12-12 07:10:46] [build-stdout] Extracting /home/runner/work/dashboard/dashboard/postcss.config.mjs
codeql	Perform CodeQL Analysis	2025-12-12T07:10:46.6597972Z [2025-12-12 07:10:46] [build-stdout] Done extracting /home/runner/work/dashboard/dashboard/postcss.config.mjs (2 ms)
codeql	Perform CodeQL Analysis	2025-12-12T07:10:46.6627999Z [2025-12-12 07:10:46] [build-stdout] Extracting /home/runner/work/dashboard/dashboard/tailwind.config.js
codeql	Perform CodeQL Analysis	2025-12-12T07:10:46.6675170Z [2025-12-12 07:10:46] [build-stdout] Done extracting /home/runner/work/dashboard/dashboard/next.config.mjs (21 ms)
codeql	Perform CodeQL Analysis	2025-12-12T07:10:46.6680545Z [2025-12-12 07:10:46] [build-stdout] Extracting /home/runner/work/dashboard/dashboard/tsconfig.json
codeql	Perform CodeQL Analysis	2025-12-12T07:10:46.6682009Z [2025-12-12 07:10:46] [build-stdout] Done extracting /home/runner/work/dashboard/dashboard/tsconfig.json (2 ms)
codeql	Perform CodeQL Analysis	2025-12-12T07:10:46.6769209Z [2025-12-12 07:10:46] [build-stdout] Done extracting /home/runner/work/dashboard/dashboard/scripts/credentials-login.js (53 ms)
codeql	Perform CodeQL Analysis	2025-12-12T07:10:46.6791600Z [2025-12-12 07:10:46] [build-stdout] Done extracting /home/runner/work/dashboard/dashboard/tailwind.config.js (16 ms)
codeql	Perform CodeQL Analysis	2025-12-12T07:10:47.0694025Z [2025-12-12 07:10:47] [build-stdout] Done extracting /home/runner/work/dashboard/dashboard/pnpm-lock.yaml (422 ms)
codeql	Perform CodeQL Analysis	2025-12-12T07:10:47.0736372Z [2025-12-12 07:10:47] [build-stdout] Extracting /opt/hostedtoolcache/CodeQL/2.23.6/x64/codeql/javascript/tools/data/externs/nodejs/vm.js
codeql	Perform CodeQL Analysis	2025-12-12T07:10:47.0737881Z [2025-12-12 07:10:47] [build-stdout] Extracting /opt/hostedtoolcache/CodeQL/2.23.6/x64/codeql/javascript/tools/data/externs/nodejs/events.js
codeql	Perform CodeQL Analysis	2025-12-12T07:10:47.0739342Z [2025-12-12 07:10:47] [build-stdout] Extracting /opt/hostedtoolcache/CodeQL/2.23.6/x64/codeql/javascript/tools/data/externs/nodejs/v8.js
codeql	Perform CodeQL Analysis	2025-12-12T07:10:47.0746350Z [2025-12-12 07:10:47] [build-stdout] Extracting /opt/hostedtoolcache/CodeQL/2.23.6/x64/codeql/javascript/tools/data/externs/nodejs/module.js
codeql	Perform CodeQL Analysis	2025-12-12T07:10:47.1083955Z [2025-12-12 07:10:47] [build-stdout] Done extracting /opt/hostedtoolcache/CodeQL/2.23.6/x64/codeql/javascript/tools/data/externs/nodejs/v8.js (22 ms)
codeql	Perform CodeQL Analysis	2025-12-12T07:10:47.1085811Z [2025-12-12 07:10:47] [build-stdout] Extracting /opt/hostedtoolcache/CodeQL/2.23.6/x64/codeql/javascript/tools/data/externs/nodejs/process.js
codeql	Perform CodeQL Analysis	2025-12-12T07:10:47.1087539Z [2025-12-12 07:10:47] [build-stdout] Done extracting /opt/hostedtoolcache/CodeQL/2.23.6/x64/codeql/javascript/tools/data/externs/nodejs/process.js (3 ms)
codeql	Perform CodeQL Analysis	2025-12-12T07:10:47.1089236Z [2025-12-12 07:10:47] [build-stdout] Extracting /opt/hostedtoolcache/CodeQL/2.23.6/x64/codeql/javascript/tools/data/externs/nodejs/globals.js
codeql	Perform CodeQL Analysis	2025-12-12T07:10:47.1091442Z [2025-12-12 07:10:47] [build-stdout] Done extracting /opt/hostedtoolcache/CodeQL/2.23.6/x64/codeql/javascript/tools/data/externs/nodejs/module.js (29 ms)
codeql	Perform CodeQL Analysis	2025-12-12T07:10:47.1092965Z [2025-12-12 07:10:47] [build-stdout] Extracting /opt/hostedtoolcache/CodeQL/2.23.6/x64/codeql/javascript/tools/data/externs/nodejs/dns.js
codeql	Perform CodeQL Analysis	2025-12-12T07:10:47.1215874Z [2025-12-12 07:10:47] [build-stdout] Done extracting /opt/hostedtoolcache/CodeQL/2.23.6/x64/codeql/javascript/tools/data/externs/nodejs/vm.js (48 ms)
codeql	Perform CodeQL Analysis	2025-12-12T07:10:47.1264105Z [2025-12-12 07:10:47] [build-stdout] Extracting /opt/hostedtoolcache/CodeQL/2.23.6/x64/codeql/javascript/tools/data/externs/nodejs/http.js
codeql	Perform CodeQL Analysis	2025-12-12T07:10:47.1313270Z [2025-12-12 07:10:47] [build-stdout] Done extracting /opt/hostedtoolcache/CodeQL/2.23.6/x64/codeql/javascript/tools/data/externs/nodejs/events.js (49 ms)
codeql	Perform CodeQL Analysis	2025-12-12T07:10:47.1315770Z [2025-12-12 07:10:47] [build-stdout] Extracting /opt/hostedtoolcache/CodeQL/2.23.6/x64/codeql/javascript/tools/data/externs/nodejs/https.js
codeql	Perform CodeQL Analysis	2025-12-12T07:10:47.1830729Z [2025-12-12 07:10:47] [build-stdout] Done extracting /opt/hostedtoolcache/CodeQL/2.23.6/x64/codeql/javascript/tools/data/externs/nodejs/https.js (54 ms)
codeql	Perform CodeQL Analysis	2025-12-12T07:10:47.1881934Z [2025-12-12 07:10:47] [build-stdout] Extracting /opt/hostedtoolcache/CodeQL/2.23.6/x64/codeql/javascript/tools/data/externs/nodejs/os.js
codeql	Perform CodeQL Analysis	2025-12-12T07:10:47.1896886Z [2025-12-12 07:10:47] [build-stdout] Done extracting /opt/hostedtoolcache/CodeQL/2.23.6/x64/codeql/javascript/tools/data/externs/nodejs/dns.js (81 ms)
codeql	Perform CodeQL Analysis	2025-12-12T07:10:47.1898871Z [2025-12-12 07:10:47] [build-stdout] Extracting /opt/hostedtoolcache/CodeQL/2.23.6/x64/codeql/javascript/tools/data/externs/nodejs/stream.js
codeql	Perform CodeQL Analysis	2025-12-12T07:10:47.2386662Z [2025-12-12 07:10:47] [build-stdout] Done extracting /opt/hostedtoolcache/CodeQL/2.23.6/x64/codeql/javascript/tools/data/externs/nodejs/os.js (49 ms)
codeql	Perform CodeQL Analysis	2025-12-12T07:10:47.2388536Z [2025-12-12 07:10:47] [build-stdout] Extracting /opt/hostedtoolcache/CodeQL/2.23.6/x64/codeql/javascript/tools/data/externs/nodejs/tty.js
codeql	Perform CodeQL Analysis	2025-12-12T07:10:47.2506616Z [2025-12-12 07:10:47] [build-stdout] Done extracting /opt/hostedtoolcache/CodeQL/2.23.6/x64/codeql/javascript/tools/data/externs/nodejs/http.js (124 ms)
codeql	Perform CodeQL Analysis	2025-12-12T07:10:47.2512549Z [2025-12-12 07:10:47] [build-stdout] Extracting /opt/hostedtoolcache/CodeQL/2.23.6/x64/codeql/javascript/tools/data/externs/nodejs/dgram.js
codeql	Perform CodeQL Analysis	2025-12-12T07:10:47.2701483Z [2025-12-12 07:10:47] [build-stdout] Done extracting /opt/hostedtoolcache/CodeQL/2.23.6/x64/codeql/javascript/tools/data/externs/nodejs/tty.js (28 ms)
codeql	Perform CodeQL Analysis	2025-12-12T07:10:47.2703372Z [2025-12-12 07:10:47] [build-stdout] Extracting /opt/hostedtoolcache/CodeQL/2.23.6/x64/codeql/javascript/tools/data/externs/nodejs/cluster.js
codeql	Perform CodeQL Analysis	2025-12-12T07:10:47.2863507Z [2025-12-12 07:10:47] [build-stdout] Done extracting /opt/hostedtoolcache/CodeQL/2.23.6/x64/codeql/javascript/tools/data/externs/nodejs/dgram.js (36 ms)
codeql	Perform CodeQL Analysis	2025-12-12T07:10:47.2951135Z [2025-12-12 07:10:47] [build-stdout] Extracting /opt/hostedtoolcache/CodeQL/2.23.6/x64/codeql/javascript/tools/data/externs/nodejs/tls.js
codeql	Perform CodeQL Analysis	2025-12-12T07:10:47.2982938Z [2025-12-12 07:10:47] [build-stdout] Done extracting /opt/hostedtoolcache/CodeQL/2.23.6/x64/codeql/javascript/tools/data/externs/nodejs/stream.js (110 ms)
codeql	Perform CodeQL Analysis	2025-12-12T07:10:47.3002984Z [2025-12-12 07:10:47] [build-stdout] Extracting /opt/hostedtoolcache/CodeQL/2.23.6/x64/codeql/javascript/tools/data/externs/nodejs/punycode.js
codeql	Perform CodeQL Analysis	2025-12-12T07:10:47.3072274Z [2025-12-12 07:10:47] [build-stdout] Done extracting /opt/hostedtoolcache/CodeQL/2.23.6/x64/codeql/javascript/tools/data/externs/nodejs/punycode.js (8 ms)
codeql	Perform CodeQL Analysis	2025-12-12T07:10:47.3079915Z [2025-12-12 07:10:47] [build-stdout] Extracting /opt/hostedtoolcache/CodeQL/2.23.6/x64/codeql/javascript/tools/data/externs/nodejs/string_decoder.js
codeql	Perform CodeQL Analysis	2025-12-12T07:10:47.3145068Z [2025-12-12 07:10:47] [build-stdout] Done extracting /opt/hostedtoolcache/CodeQL/2.23.6/x64/codeql/javascript/tools/data/externs/nodejs/string_decoder.js (5 ms)
codeql	Perform CodeQL Analysis	2025-12-12T07:10:47.3174604Z [2025-12-12 07:10:47] [build-stdout] Extracting /opt/hostedtoolcache/CodeQL/2.23.6/x64/codeql/javascript/tools/data/externs/nodejs/child_process.js
codeql	Perform CodeQL Analysis	2025-12-12T07:10:47.3393648Z [2025-12-12 07:10:47] [build-stdout] Done extracting /opt/hostedtoolcache/CodeQL/2.23.6/x64/codeql/javascript/tools/data/externs/nodejs/globals.js (235 ms)
codeql	Perform CodeQL Analysis	2025-12-12T07:10:47.3401873Z [2025-12-12 07:10:47] [build-stdout] Extracting /opt/hostedtoolcache/CodeQL/2.23.6/x64/codeql/javascript/tools/data/externs/nodejs/url.js
codeql	Perform CodeQL Analysis	2025-12-12T07:10:47.3552611Z [2025-12-12 07:10:47] [build-stdout] Done extracting /opt/hostedtoolcache/CodeQL/2.23.6/x64/codeql/javascript/tools/data/externs/nodejs/url.js (15 ms)
codeql	Perform CodeQL Analysis	2025-12-12T07:10:47.3558060Z [2025-12-12 07:10:47] [build-stdout] Extracting /opt/hostedtoolcache/CodeQL/2.23.6/x64/codeql/javascript/tools/data/externs/nodejs/util.js
codeql	Perform CodeQL Analysis	2025-12-12T07:10:47.3939941Z [2025-12-12 07:10:47] [build-stdout] Done extracting /opt/hostedtoolcache/CodeQL/2.23.6/x64/codeql/javascript/tools/data/externs/nodejs/tls.js (99 ms)
codeql	Perform CodeQL Analysis	2025-12-12T07:10:47.3941849Z [2025-12-12 07:10:47] [build-stdout] Extracting /opt/hostedtoolcache/CodeQL/2.23.6/x64/codeql/javascript/tools/data/externs/nodejs/sys.js
codeql	Perform CodeQL Analysis	2025-12-12T07:10:47.3958743Z [2025-12-12 07:10:47] [build-stdout] Done extracting /opt/hostedtoolcache/CodeQL/2.23.6/x64/codeql/javascript/tools/data/externs/nodejs/sys.js (4 ms)
codeql	Perform CodeQL Analysis	2025-12-12T07:10:47.4011489Z [2025-12-12 07:10:47] [build-stdout] Extracting /opt/hostedtoolcache/CodeQL/2.23.6/x64/codeql/javascript/tools/data/externs/nodejs/repl.js
codeql	Perform CodeQL Analysis	2025-12-12T07:10:47.4093308Z [2025-12-12 07:10:47] [build-stdout] Done extracting /opt/hostedtoolcache/CodeQL/2.23.6/x64/codeql/javascript/tools/data/externs/nodejs/util.js (54 ms)
codeql	Perform CodeQL Analysis	2025-12-12T07:10:47.4100074Z [2025-12-12 07:10:47] [build-stdout] Extracting /opt/hostedtoolcache/CodeQL/2.23.6/x64/codeql/javascript/tools/data/externs/nodejs/readline.js
codeql	Perform CodeQL Analysis	2025-12-12T07:10:47.4149299Z [2025-12-12 07:10:47] [build-stdout] Done extracting /opt/hostedtoolcache/CodeQL/2.23.6/x64/codeql/javascript/tools/data/externs/nodejs/repl.js (15 ms)
codeql	Perform CodeQL Analysis	2025-12-12T07:10:47.4157914Z [2025-12-12 07:10:47] [build-stdout] Extracting /opt/hostedtoolcache/CodeQL/2.23.6/x64/codeql/javascript/tools/data/externs/nodejs/assert_legacy.js
codeql	Perform CodeQL Analysis	2025-12-12T07:10:47.4203816Z [2025-12-12 07:10:47] [build-stdout] Done extracting /opt/hostedtoolcache/CodeQL/2.23.6/x64/codeql/javascript/tools/data/externs/nodejs/assert_legacy.js (2 ms)
codeql	Perform CodeQL Analysis	2025-12-12T07:10:47.4205693Z [2025-12-12 07:10:47] [build-stdout] Extracting /opt/hostedtoolcache/CodeQL/2.23.6/x64/codeql/javascript/tools/data/externs/nodejs/constants.js
codeql	Perform CodeQL Analysis	2025-12-12T07:10:47.4361287Z [2025-12-12 07:10:47] [build-stdout] Done extracting /opt/hostedtoolcache/CodeQL/2.23.6/x64/codeql/javascript/tools/data/externs/nodejs/child_process.js (111 ms)
codeql	Perform CodeQL Analysis	2025-12-12T07:10:47.4363185Z [2025-12-12 07:10:47] [build-stdout] Extracting /opt/hostedtoolcache/CodeQL/2.23.6/x64/codeql/javascript/tools/data/externs/nodejs/domain.js
codeql	Perform CodeQL Analysis	2025-12-12T07:10:47.4440787Z [2025-12-12 07:10:47] [build-stdout] Done extracting /opt/hostedtoolcache/CodeQL/2.23.6/x64/codeql/javascript/tools/data/externs/nodejs/domain.js (17 ms)
codeql	Perform CodeQL Analysis	2025-12-12T07:10:47.4502949Z [2025-12-12 07:10:47] [build-stdout] Extracting /opt/hostedtoolcache/CodeQL/2.23.6/x64/codeql/javascript/tools/data/externs/nodejs/net.js
codeql	Perform CodeQL Analysis	2025-12-12T07:10:47.4572415Z [2025-12-12 07:10:47] [build-stdout] Done extracting /opt/hostedtoolcache/CodeQL/2.23.6/x64/codeql/javascript/tools/data/externs/nodejs/cluster.js (189 ms)
codeql	Perform CodeQL Analysis	2025-12-12T07:10:47.4575274Z [2025-12-12 07:10:47] [build-stdout] Extracting /opt/hostedtoolcache/CodeQL/2.23.6/x64/codeql/javascript/tools/data/externs/nodejs/buffer.js
codeql	Perform CodeQL Analysis	2025-12-12T07:10:47.4576898Z [2025-12-12 07:10:47] [build-stdout] Done extracting /opt/hostedtoolcache/CodeQL/2.23.6/x64/codeql/javascript/tools/data/externs/nodejs/readline.js (48 ms)
codeql	Perform CodeQL Analysis	2025-12-12T07:10:47.4603679Z [2025-12-12 07:10:47] [build-stdout] Extracting /opt/hostedtoolcache/CodeQL/2.23.6/x64/codeql/javascript/tools/data/externs/nodejs/zlib.js
codeql	Perform CodeQL Analysis	2025-12-12T07:10:47.4822668Z [2025-12-12 07:10:47] [build-stdout] Done extracting /opt/hostedtoolcache/CodeQL/2.23.6/x64/codeql/javascript/tools/data/externs/nodejs/buffer.js (25 ms)
codeql	Perform CodeQL Analysis	2025-12-12T07:10:47.4824757Z [2025-12-12 07:10:47] [build-stdout] Extracting /opt/hostedtoolcache/CodeQL/2.23.6/x64/codeql/javascript/tools/data/externs/nodejs/crypto.js
codeql	Perform CodeQL Analysis	2025-12-12T07:10:47.5250245Z [2025-12-12 07:10:47] [build-stdout] Done extracting /opt/hostedtoolcache/CodeQL/2.23.6/x64/codeql/javascript/tools/data/externs/nodejs/net.js (77 ms)
codeql	Perform CodeQL Analysis	2025-12-12T07:10:47.5252245Z [2025-12-12 07:10:47] [build-stdout] Extracting /opt/hostedtoolcache/CodeQL/2.23.6/x64/codeql/javascript/tools/data/externs/nodejs/timers.js
codeql	Perform CodeQL Analysis	2025-12-12T07:10:47.5277859Z [2025-12-12 07:10:47] [build-stdout] Done extracting /opt/hostedtoolcache/CodeQL/2.23.6/x64/codeql/javascript/tools/data/externs/nodejs/zlib.js (69 ms)
codeql	Perform CodeQL Analysis	2025-12-12T07:10:47.5321513Z [2025-12-12 07:10:47] [build-stdout] Extracting /opt/hostedtoolcache/CodeQL/2.23.6/x64/codeql/javascript/tools/data/externs/nodejs/fs.js
codeql	Perform CodeQL Analysis	2025-12-12T07:10:47.5458285Z [2025-12-12 07:10:47] [build-stdout] Done extracting /opt/hostedtoolcache/CodeQL/2.23.6/x64/codeql/javascript/tools/data/externs/nodejs/timers.js (20 ms)
codeql	Perform CodeQL Analysis	2025-12-12T07:10:47.5492615Z [2025-12-12 07:10:47] [build-stdout] Extracting /opt/hostedtoolcache/CodeQL/2.23.6/x64/codeql/javascript/tools/data/externs/nodejs/path.js
codeql	Perform CodeQL Analysis	2025-12-12T07:10:47.5595414Z [2025-12-12 07:10:47] [build-stdout] Done extracting /opt/hostedtoolcache/CodeQL/2.23.6/x64/codeql/javascript/tools/data/externs/nodejs/constants.js (140 ms)
codeql	Perform CodeQL Analysis	2025-12-12T07:10:47.5607533Z [2025-12-12 07:10:47] [build-stdout] Extracting /opt/hostedtoolcache/CodeQL/2.23.6/x64/codeql/javascript/tools/data/externs/nodejs/console.js
codeql	Perform CodeQL Analysis	2025-12-12T07:10:47.5636789Z [2025-12-12 07:10:47] [build-stdout] Done extracting /opt/hostedtoolcache/CodeQL/2.23.6/x64/codeql/javascript/tools/data/externs/nodejs/console.js (3 ms)
codeql	Perform CodeQL Analysis	2025-12-12T07:10:47.5648335Z [2025-12-12 07:10:47] [build-stdout] Extracting /opt/hostedtoolcache/CodeQL/2.23.6/x64/codeql/javascript/tools/data/externs/nodejs/querystring.js
codeql	Perform CodeQL Analysis	2025-12-12T07:10:47.5740291Z [2025-12-12 07:10:47] [build-stdout] Done extracting /opt/hostedtoolcache/CodeQL/2.23.6/x64/codeql/javascript/tools/data/externs/nodejs/querystring.js (9 ms)
codeql	Perform CodeQL Analysis	2025-12-12T07:10:47.5771270Z [2025-12-12 07:10:47] [build-stdout] Extracting /opt/hostedtoolcache/CodeQL/2.23.6/x64/codeql/javascript/tools/data/externs/nodejs/assert.js
codeql	Perform CodeQL Analysis	2025-12-12T07:10:47.5899051Z [2025-12-12 07:10:47] [build-stdout] Done extracting /opt/hostedtoolcache/CodeQL/2.23.6/x64/codeql/javascript/tools/data/externs/nodejs/path.js (41 ms)
codeql	Perform CodeQL Analysis	2025-12-12T07:10:47.5906986Z [2025-12-12 07:10:47] [build-stdout] Extracting /opt/hostedtoolcache/CodeQL/2.23.6/x64/codeql/javascript/tools/data/externs/web/w3c_rtc.js
codeql	Perform CodeQL Analysis	2025-12-12T07:10:47.5935772Z [2025-12-12 07:10:47] [build-stdout] Done extracting /opt/hostedtoolcache/CodeQL/2.23.6/x64/codeql/javascript/tools/data/externs/nodejs/assert.js (18 ms)
codeql	Perform CodeQL Analysis	2025-12-12T07:10:47.5962844Z [2025-12-12 07:10:47] [build-stdout] Extracting /opt/hostedtoolcache/CodeQL/2.23.6/x64/codeql/javascript/tools/data/externs/web/html5.js
codeql	Perform CodeQL Analysis	2025-12-12T07:10:47.6426612Z [2025-12-12 07:10:47] [build-stdout] Done extracting /opt/hostedtoolcache/CodeQL/2.23.6/x64/codeql/javascript/tools/data/externs/nodejs/crypto.js (162 ms)
codeql	Perform CodeQL Analysis	2025-12-12T07:10:47.6434927Z [2025-12-12 07:10:47] [build-stdout] Extracting /opt/hostedtoolcache/CodeQL/2.23.6/x64/codeql/javascript/tools/data/externs/web/gecko_ext.js
codeql	Perform CodeQL Analysis	2025-12-12T07:10:47.6494066Z [2025-12-12 07:10:47] [build-stdout] Done extracting /opt/hostedtoolcache/CodeQL/2.23.6/x64/codeql/javascript/tools/data/externs/web/gecko_ext.js (5 ms)
codeql	Perform CodeQL Analysis	2025-12-12T07:10:47.6495946Z [2025-12-12 07:10:47] [build-stdout] Extracting /opt/hostedtoolcache/CodeQL/2.23.6/x64/codeql/javascript/tools/data/externs/web/w3c_serviceworker.js
codeql	Perform CodeQL Analysis	2025-12-12T07:10:47.7393361Z [2025-12-12 07:10:47] [build-stdout] Done extracting /opt/hostedtoolcache/CodeQL/2.23.6/x64/codeql/javascript/tools/data/externs/web/w3c_serviceworker.js (90 ms)
codeql	Perform CodeQL Analysis	2025-12-12T07:10:47.7395161Z [2025-12-12 07:10:47] [build-stdout] Extracting /opt/hostedtoolcache/CodeQL/2.23.6/x64/codeql/javascript/tools/data/externs/web/w3c_elementtraversal.js
codeql	Perform CodeQL Analysis	2025-12-12T07:10:47.7492990Z [2025-12-12 07:10:47] [build-stdout] Done extracting /opt/hostedtoolcache/CodeQL/2.23.6/x64/codeql/javascript/tools/data/externs/web/w3c_elementtraversal.js (11 ms)
codeql	Perform CodeQL Analysis	2025-12-12T07:10:47.7494829Z [2025-12-12 07:10:47] [build-stdout] Extracting /opt/hostedtoolcache/CodeQL/2.23.6/x64/codeql/javascript/tools/data/externs/web/w3c_encoding.js
codeql	Perform CodeQL Analysis	2025-12-12T07:10:47.7605232Z [2025-12-12 07:10:47] [build-stdout] Done extracting /opt/hostedtoolcache/CodeQL/2.23.6/x64/codeql/javascript/tools/data/externs/web/w3c_encoding.js (10 ms)
codeql	Perform CodeQL Analysis	2025-12-12T07:10:47.7607106Z [2025-12-12 07:10:47] [build-stdout] Extracting /opt/hostedtoolcache/CodeQL/2.23.6/x64/codeql/javascript/tools/data/externs/web/page_visibility.js
codeql	Perform CodeQL Analysis	2025-12-12T07:10:47.7624727Z [2025-12-12 07:10:47] [build-stdout] Done extracting /opt/hostedtoolcache/CodeQL/2.23.6/x64/codeql/javascript/tools/data/externs/web/page_visibility.js (3 ms)
codeql	Perform CodeQL Analysis	2025-12-12T07:10:47.7700703Z [2025-12-12 07:10:47] [build-stdout] Extracting /opt/hostedtoolcache/CodeQL/2.23.6/x64/codeql/javascript/tools/data/externs/web/gecko_dom.js
codeql	Perform CodeQL Analysis	2025-12-12T07:10:47.7953556Z [2025-12-12 07:10:47] [build-stdout] Done extracting /opt/hostedtoolcache/CodeQL/2.23.6/x64/codeql/javascript/tools/data/externs/web/w3c_rtc.js (203 ms)
codeql	Perform CodeQL Analysis	2025-12-12T07:10:47.8023454Z [2025-12-12 07:10:47] [build-stdout] Extracting /opt/hostedtoolcache/CodeQL/2.23.6/x64/codeql/javascript/tools/data/externs/web/w3c_permissions.js
codeql	Perform CodeQL Analysis	2025-12-12T07:10:47.8128654Z [2025-12-12 07:10:47] [build-stdout] Done extracting /opt/hostedtoolcache/CodeQL/2.23.6/x64/codeql/javascript/tools/data/externs/web/w3c_permissions.js (12 ms)
codeql	Perform CodeQL Analysis	2025-12-12T07:10:47.8130897Z [2025-12-12 07:10:47] [build-stdout] Extracting /opt/hostedtoolcache/CodeQL/2.23.6/x64/codeql/javascript/tools/data/externs/web/w3c_event3.js
codeql	Perform CodeQL Analysis	2025-12-12T07:10:47.8188144Z [2025-12-12 07:10:47] [build-stdout] Done extracting /opt/hostedtoolcache/CodeQL/2.23.6/x64/codeql/javascript/tools/data/externs/nodejs/fs.js (286 ms)
codeql	Perform CodeQL Analysis	2025-12-12T07:10:47.8190241Z [2025-12-12 07:10:47] [build-stdout] Extracting /opt/hostedtoolcache/CodeQL/2.23.6/x64/codeql/javascript/tools/data/externs/web/w3c_dom4.js
codeql	Perform CodeQL Analysis	2025-12-12T07:10:47.8252686Z [2025-12-12 07:10:47] [build-stdout] Done extracting /opt/hostedtoolcache/CodeQL/2.23.6/x64/codeql/javascript/tools/data/externs/web/w3c_dom4.js (6 ms)
codeql	Perform CodeQL Analysis	2025-12-12T07:10:47.8254581Z [2025-12-12 07:10:47] [build-stdout] Extracting /opt/hostedtoolcache/CodeQL/2.23.6/x64/codeql/javascript/tools/data/externs/web/gecko_css.js
codeql	Perform CodeQL Analysis	2025-12-12T07:10:47.8261542Z [2025-12-12 07:10:47] [build-stdout] Done extracting /opt/hostedtoolcache/CodeQL/2.23.6/x64/codeql/javascript/tools/data/externs/web/w3c_event3.js (13 ms)
codeql	Perform CodeQL Analysis	2025-12-12T07:10:47.8263327Z [2025-12-12 07:10:47] [build-stdout] Extracting /opt/hostedtoolcache/CodeQL/2.23.6/x64/codeql/javascript/tools/data/externs/web/whatwg_encoding.js
codeql	Perform CodeQL Analysis	2025-12-12T07:10:47.8325605Z [2025-12-12 07:10:47] [build-stdout] Done extracting /opt/hostedtoolcache/CodeQL/2.23.6/x64/codeql/javascript/tools/data/externs/web/whatwg_encoding.js (7 ms)
codeql	Perform CodeQL Analysis	2025-12-12T07:10:47.8350634Z [2025-12-12 07:10:47] [build-stdout] Extracting /opt/hostedtoolcache/CodeQL/2.23.6/x64/codeql/javascript/tools/data/externs/web/webgl.js
codeql	Perform CodeQL Analysis	2025-12-12T07:10:47.8602848Z [2025-12-12 07:10:47] [build-stdout] Done extracting /opt/hostedtoolcache/CodeQL/2.23.6/x64/codeql/javascript/tools/data/externs/web/gecko_css.js (35 ms)
codeql	Perform CodeQL Analysis	2025-12-12T07:10:47.8604442Z [2025-12-12 07:10:47] [build-stdout] Extracting /opt/hostedtoolcache/CodeQL/2.23.6/x64/codeql/javascript/tools/data/externs/web/w3c_midi.js
codeql	Perform CodeQL Analysis	2025-12-12T07:10:47.8753314Z [2025-12-12 07:10:47] [build-stdout] Done extracting /opt/hostedtoolcache/CodeQL/2.23.6/x64/codeql/javascript/tools/data/externs/web/gecko_dom.js (103 ms)
codeql	Perform CodeQL Analysis	2025-12-12T07:10:47.8754930Z [2025-12-12 07:10:47] [build-stdout] Extracting /opt/hostedtoolcache/CodeQL/2.23.6/x64/codeql/javascript/tools/data/externs/web/w3c_xml.js
codeql	Perform CodeQL Analysis	2025-12-12T07:10:47.8872034Z [2025-12-12 07:10:47] [build-stdout] Done extracting /opt/hostedtoolcache/CodeQL/2.23.6/x64/codeql/javascript/tools/data/externs/web/w3c_midi.js (29 ms)
codeql	Perform CodeQL Analysis	2025-12-12T07:10:47.8922455Z [2025-12-12 07:10:47] [build-stdout] Extracting /opt/hostedtoolcache/CodeQL/2.23.6/x64/codeql/javascript/tools/data/externs/web/iphone.js
codeql	Perform CodeQL Analysis	2025-12-12T07:10:47.9079310Z [2025-12-12 07:10:47] [build-stdout] Done extracting /opt/hostedtoolcache/CodeQL/2.23.6/x64/codeql/javascript/tools/data/externs/web/iphone.js (17 ms)
codeql	Perform CodeQL Analysis	2025-12-12T07:10:47.9081077Z [2025-12-12 07:10:47] [build-stdout] Extracting /opt/hostedtoolcache/CodeQL/2.23.6/x64/codeql/javascript/tools/data/externs/web/webstorage.js
codeql	Perform CodeQL Analysis	2025-12-12T07:10:47.9234410Z [2025-12-12 07:10:47] [build-stdout] Done extracting /opt/hostedtoolcache/CodeQL/2.23.6/x64/codeql/javascript/tools/data/externs/web/w3c_xml.js (48 ms)
codeql	Perform CodeQL Analysis	2025-12-12T07:10:47.9236046Z [2025-12-12 07:10:47] [build-stdout] Extracting /opt/hostedtoolcache/CodeQL/2.23.6/x64/codeql/javascript/tools/data/externs/web/w3c_anim_timing.js
codeql	Perform CodeQL Analysis	2025-12-12T07:10:47.9244085Z [2025-12-12 07:10:47] [build-stdout] Done extracting /opt/hostedtoolcache/CodeQL/2.23.6/x64/codeql/javascript/tools/data/externs/web/webstorage.js (16 ms)
codeql	Perform CodeQL Analysis	2025-12-12T07:10:47.9246283Z [2025-12-12 07:10:47] [build-stdout] Extracting /opt/hostedtoolcache/CodeQL/2.23.6/x64/codeql/javascript/tools/data/externs/web/w3c_device_sensor_event.js
codeql	Perform CodeQL Analysis	2025-12-12T07:10:47.9311151Z [2025-12-12 07:10:47] [build-stdout] Done extracting /opt/hostedtoolcache/CodeQL/2.23.6/x64/codeql/javascript/tools/data/externs/web/w3c_anim_timing.js (9 ms)
codeql	Perform CodeQL Analysis	2025-12-12T07:10:47.9363209Z [2025-12-12 07:10:47] [build-stdout] Extracting /opt/hostedtoolcache/CodeQL/2.23.6/x64/codeql/javascript/tools/data/externs/web/w3c_indexeddb.js
codeql	Perform CodeQL Analysis	2025-12-12T07:10:47.9365419Z [2025-12-12 07:10:47] [build-stdout] Done extracting /opt/hostedtoolcache/CodeQL/2.23.6/x64/codeql/javascript/tools/data/externs/web/w3c_device_sensor_event.js (11 ms)
codeql	Perform CodeQL Analysis	2025-12-12T07:10:47.9368121Z [2025-12-12 07:10:47] [build-stdout] Extracting /opt/hostedtoolcache/CodeQL/2.23.6/x64/codeql/javascript/tools/data/externs/web/w3c_event.js
codeql	Perform CodeQL Analysis	2025-12-12T07:10:48.0135229Z [2025-12-12 07:10:48] [build-stdout] Done extracting /opt/hostedtoolcache/CodeQL/2.23.6/x64/codeql/javascript/tools/data/externs/web/w3c_event.js (75 ms)
codeql	Perform CodeQL Analysis	2025-12-12T07:10:48.0136853Z [2025-12-12 07:10:48] [build-stdout] Extracting /opt/hostedtoolcache/CodeQL/2.23.6/x64/codeql/javascript/tools/data/externs/web/webkit_event.js
codeql	Perform CodeQL Analysis	2025-12-12T07:10:48.0191471Z [2025-12-12 07:10:48] [build-stdout] Done extracting /opt/hostedtoolcache/CodeQL/2.23.6/x64/codeql/javascript/tools/data/externs/web/webkit_event.js (3 ms)
codeql	Perform CodeQL Analysis	2025-12-12T07:10:48.0193280Z [2025-12-12 07:10:48] [build-stdout] Extracting /opt/hostedtoolcache/CodeQL/2.23.6/x64/codeql/javascript/tools/data/externs/web/gecko_event.js
codeql	Perform CodeQL Analysis	2025-12-12T07:10:48.0253089Z [2025-12-12 07:10:48] [build-stdout] Done extracting /opt/hostedtoolcache/CodeQL/2.23.6/x64/codeql/javascript/tools/data/externs/web/gecko_event.js (7 ms)
codeql	Perform CodeQL Analysis	2025-12-12T07:10:48.0254978Z [2025-12-12 07:10:48] [build-stdout] Extracting /opt/hostedtoolcache/CodeQL/2.23.6/x64/codeql/javascript/tools/data/externs/web/w3c_css3d.js
codeql	Perform CodeQL Analysis	2025-12-12T07:10:48.0381346Z [2025-12-12 07:10:48] [build-stdout] Done extracting /opt/hostedtoolcache/CodeQL/2.23.6/x64/codeql/javascript/tools/data/externs/web/w3c_css3d.js (10 ms)
codeql	Perform CodeQL Analysis	2025-12-12T07:10:48.0383371Z [2025-12-12 07:10:48] [build-stdout] Extracting /opt/hostedtoolcache/CodeQL/2.23.6/x64/codeql/javascript/tools/data/externs/web/streamsapi.js
codeql	Perform CodeQL Analysis	2025-12-12T07:10:48.0385267Z [2025-12-12 07:10:48] [build-stdout] Done extracting /opt/hostedtoolcache/CodeQL/2.23.6/x64/codeql/javascript/tools/data/externs/web/w3c_indexeddb.js (104 ms)
codeql	Perform CodeQL Analysis	2025-12-12T07:10:48.0387081Z [2025-12-12 07:10:48] [build-stdout] Extracting /opt/hostedtoolcache/CodeQL/2.23.6/x64/codeql/javascript/tools/data/externs/web/webkit_dom.js
codeql	Perform CodeQL Analysis	2025-12-12T07:10:48.0431081Z [2025-12-12 07:10:48] [build-stdout] Done extracting /opt/hostedtoolcache/CodeQL/2.23.6/x64/codeql/javascript/tools/data/externs/web/html5.js (449 ms)
codeql	Perform CodeQL Analysis	2025-12-12T07:10:48.0471339Z [2025-12-12 07:10:48] [build-stdout] Extracting /opt/hostedtoolcache/CodeQL/2.23.6/x64/codeql/javascript/tools/data/externs/web/url.js
codeql	Perform CodeQL Analysis	2025-12-12T07:10:48.0571505Z [2025-12-12 07:10:48] [build-stdout] Done extracting /opt/hostedtoolcache/CodeQL/2.23.6/x64/codeql/javascript/tools/data/externs/web/url.js (10 ms)
codeql	Perform CodeQL Analysis	2025-12-12T07:10:48.0593256Z [2025-12-12 07:10:48] [build-stdout] Extracting /opt/hostedtoolcache/CodeQL/2.23.6/x64/codeql/javascript/tools/data/externs/web/mediasource.js
codeql	Perform CodeQL Analysis	2025-12-12T07:10:48.0648689Z [2025-12-12 07:10:48] [build-stdout] Done extracting /opt/hostedtoolcache/CodeQL/2.23.6/x64/codeql/javascript/tools/data/externs/web/streamsapi.js (27 ms)
codeql	Perform CodeQL Analysis	2025-12-12T07:10:48.0652039Z [2025-12-12 07:10:48] [build-stdout] Extracting /opt/hostedtoolcache/CodeQL/2.23.6/x64/codeql/javascript/tools/data/externs/web/webkit_usercontent.js
codeql	Perform CodeQL Analysis	2025-12-12T07:10:48.0704589Z [2025-12-12 07:10:48] [build-stdout] Done extracting /opt/hostedtoolcache/CodeQL/2.23.6/x64/codeql/javascript/tools/data/externs/web/webkit_usercontent.js (3 ms)
codeql	Perform CodeQL Analysis	2025-12-12T07:10:48.0725044Z [2025-12-12 07:10:48] [build-stdout] Extracting /opt/hostedtoolcache/CodeQL/2.23.6/x64/codeql/javascript/tools/data/externs/web/webkit_css.js
codeql	Perform CodeQL Analysis	2025-12-12T07:10:48.0776523Z [2025-12-12 07:10:48] [build-stdout] Done extracting /opt/hostedtoolcache/CodeQL/2.23.6/x64/codeql/javascript/tools/data/externs/web/mediasource.js (22 ms)
codeql	Perform CodeQL Analysis	2025-12-12T07:10:48.0837771Z [2025-12-12 07:10:48] [build-stdout] Extracting /opt/hostedtoolcache/CodeQL/2.23.6/x64/codeql/javascript/tools/data/externs/web/w3c_screen_orientation.js
codeql	Perform CodeQL Analysis	2025-12-12T07:10:48.0883146Z [2025-12-12 07:10:48] [build-stdout] Done extracting /opt/hostedtoolcache/CodeQL/2.23.6/x64/codeql/javascript/tools/data/externs/web/w3c_screen_orientation.js (4 ms)
codeql	Perform CodeQL Analysis	2025-12-12T07:10:48.0887803Z [2025-12-12 07:10:48] [build-stdout] Extracting /opt/hostedtoolcache/CodeQL/2.23.6/x64/codeql/javascript/tools/data/externs/web/w3c_requestidlecallback.js
codeql	Perform CodeQL Analysis	2025-12-12T07:10:48.0890162Z [2025-12-12 07:10:48] [build-stdout] Done extracting /opt/hostedtoolcache/CodeQL/2.23.6/x64/codeql/javascript/tools/data/externs/web/webkit_dom.js (49 ms)
codeql	Perform CodeQL Analysis	2025-12-12T07:10:48.0892006Z [2025-12-12 07:10:48] [build-stdout] Extracting /opt/hostedtoolcache/CodeQL/2.23.6/x64/codeql/javascript/tools/data/externs/web/ie_css.js
codeql	Perform CodeQL Analysis	2025-12-12T07:10:48.0896554Z [2025-12-12 07:10:48] [build-stdout] Done extracting /opt/hostedtoolcache/CodeQL/2.23.6/x64/codeql/javascript/tools/data/externs/web/w3c_requestidlecallback.js (6 ms)
codeql	Perform CodeQL Analysis	2025-12-12T07:10:48.0970901Z [2025-12-12 07:10:48] [build-stdout] Extracting /opt/hostedtoolcache/CodeQL/2.23.6/x64/codeql/javascript/tools/data/externs/web/w3c_dom2.js
codeql	Perform CodeQL Analysis	2025-12-12T07:10:48.1098020Z [2025-12-12 07:10:48] [build-stdout] Done extracting /opt/hostedtoolcache/CodeQL/2.23.6/x64/codeql/javascript/tools/data/externs/web/ie_css.js (21 ms)
codeql	Perform CodeQL Analysis	2025-12-12T07:10:48.1103886Z [2025-12-12 07:10:48] [build-stdout] Extracting /opt/hostedtoolcache/CodeQL/2.23.6/x64/codeql/javascript/tools/data/externs/web/w3c_selectors.js
codeql	Perform CodeQL Analysis	2025-12-12T07:10:48.1171407Z [2025-12-12 07:10:48] [build-stdout] Done extracting /opt/hostedtoolcache/CodeQL/2.23.6/x64/codeql/javascript/tools/data/externs/web/w3c_selectors.js (7 ms)
codeql	Perform CodeQL Analysis	2025-12-12T07:10:48.1176731Z [2025-12-12 07:10:48] [build-stdout] Extracting /opt/hostedtoolcache/CodeQL/2.23.6/x64/codeql/javascript/tools/data/externs/web/w3c_gamepad.js
codeql	Perform CodeQL Analysis	2025-12-12T07:10:48.1221600Z [2025-12-12 07:10:48] [build-stdout] Done extracting /opt/hostedtoolcache/CodeQL/2.23.6/x64/codeql/javascript/tools/data/externs/web/w3c_gamepad.js (4 ms)
codeql	Perform CodeQL Analysis	2025-12-12T07:10:48.1226684Z [2025-12-12 07:10:48] [build-stdout] Extracting /opt/hostedtoolcache/CodeQL/2.23.6/x64/codeql/javascript/tools/data/externs/web/window.js
codeql	Perform CodeQL Analysis	2025-12-12T07:10:48.1331754Z [2025-12-12 07:10:48] [build-stdout] Done extracting /opt/hostedtoolcache/CodeQL/2.23.6/x64/codeql/javascript/tools/data/externs/web/window.js (8 ms)
codeql	Perform CodeQL Analysis	2025-12-12T07:10:48.1336524Z [2025-12-12 07:10:48] [build-stdout] Extracting /opt/hostedtoolcache/CodeQL/2.23.6/x64/codeql/javascript/tools/data/externs/web/gecko_xml.js
codeql	Perform CodeQL Analysis	2025-12-12T07:10:48.1342300Z [2025-12-12 07:10:48] [build-stdout] Done extracting /opt/hostedtoolcache/CodeQL/2.23.6/x64/codeql/javascript/tools/data/externs/web/gecko_xml.js (3 ms)
codeql	Perform CodeQL Analysis	2025-12-12T07:10:48.1346949Z [2025-12-12 07:10:48] [build-stdout] Extracting /opt/hostedtoolcache/CodeQL/2.23.6/x64/codeql/javascript/tools/data/externs/web/flash.js
codeql	Perform CodeQL Analysis	2025-12-12T07:10:48.1477574Z [2025-12-12 07:10:48] [build-stdout] Done extracting /opt/hostedtoolcache/CodeQL/2.23.6/x64/codeql/javascript/tools/data/externs/web/flash.js (13 ms)
codeql	Perform CodeQL Analysis	2025-12-12T07:10:48.1479926Z [2025-12-12 07:10:48] [build-stdout] Extracting /opt/hostedtoolcache/CodeQL/2.23.6/x64/codeql/javascript/tools/data/externs/web/ie_event.js
codeql	Perform CodeQL Analysis	2025-12-12T07:10:48.1671859Z [2025-12-12 07:10:48] [build-stdout] Done extracting /opt/hostedtoolcache/CodeQL/2.23.6/x64/codeql/javascript/tools/data/externs/web/ie_event.js (17 ms)
codeql	Perform CodeQL Analysis	2025-12-12T07:10:48.1673784Z [2025-12-12 07:10:48] [build-stdout] Extracting /opt/hostedtoolcache/CodeQL/2.23.6/x64/codeql/javascript/tools/data/externs/web/w3c_navigation_timing.js
codeql	Perform CodeQL Analysis	2025-12-12T07:10:48.1862368Z [2025-12-12 07:10:48] [build-stdout] Done extracting /opt/hostedtoolcache/CodeQL/2.23.6/x64/codeql/javascript/tools/data/externs/web/w3c_navigation_timing.js (18 ms)
codeql	Perform CodeQL Analysis	2025-12-12T07:10:48.1867791Z [2025-12-12 07:10:48] [build-stdout] Extracting /opt/hostedtoolcache/CodeQL/2.23.6/x64/codeql/javascript/tools/data/externs/web/w3c_geolocation.js
codeql	Perform CodeQL Analysis	2025-12-12T07:10:48.1921409Z [2025-12-12 07:10:48] [build-stdout] Done extracting /opt/hostedtoolcache/CodeQL/2.23.6/x64/codeql/javascript/tools/data/externs/web/w3c_geolocation.js (8 ms)
codeql	Perform CodeQL Analysis	2025-12-12T07:10:48.1950947Z [2025-12-12 07:10:48] [build-stdout] Extracting /opt/hostedtoolcache/CodeQL/2.23.6/x64/codeql/javascript/tools/data/externs/web/ie_dom.js
codeql	Perform CodeQL Analysis	2025-12-12T07:10:48.2261032Z [2025-12-12 07:10:48] [build-stdout] Done extracting /opt/hostedtoolcache/CodeQL/2.23.6/x64/codeql/javascript/tools/data/externs/web/webgl.js (393 ms)
codeql	Perform CodeQL Analysis	2025-12-12T07:10:48.2266172Z [2025-12-12 07:10:48] [build-stdout] Extracting /opt/hostedtoolcache/CodeQL/2.23.6/x64/codeql/javascript/tools/data/externs/web/w3c_css.js
codeql	Perform CodeQL Analysis	2025-12-12T07:10:48.2531068Z [2025-12-12 07:10:48] [build-stdout] Done extracting /opt/hostedtoolcache/CodeQL/2.23.6/x64/codeql/javascript/tools/data/externs/web/webkit_css.js (179 ms)
codeql	Perform CodeQL Analysis	2025-12-12T07:10:48.2533060Z [2025-12-12 07:10:48] [build-stdout] Extracting /opt/hostedtoolcache/CodeQL/2.23.6/x64/codeql/javascript/tools/data/externs/web/w3c_pointer_events.js
codeql	Perform CodeQL Analysis	2025-12-12T07:10:48.2688757Z [2025-12-12 07:10:48] [build-stdout] Done extracting /opt/hostedtoolcache/CodeQL/2.23.6/x64/codeql/javascript/tools/data/externs/web/w3c_pointer_events.js (17 ms)
codeql	Perform CodeQL Analysis	2025-12-12T07:10:48.2707195Z [2025-12-12 07:10:48] [build-stdout] Extracting /opt/hostedtoolcache/CodeQL/2.23.6/x64/codeql/javascript/tools/data/externs/web/w3c_webcrypto.js
codeql	Perform CodeQL Analysis	2025-12-12T07:10:48.2709105Z [2025-12-12 07:10:48] [build-stdout] Done extracting /opt/hostedtoolcache/CodeQL/2.23.6/x64/codeql/javascript/tools/data/externs/web/ie_dom.js (77 ms)
codeql	Perform CodeQL Analysis	2025-12-12T07:10:48.2711064Z [2025-12-12 07:10:48] [build-stdout] Extracting /opt/hostedtoolcache/CodeQL/2.23.6/x64/codeql/javascript/tools/data/externs/web/w3c_range.js
codeql	Perform CodeQL Analysis	2025-12-12T07:10:48.3004302Z [2025-12-12 07:10:48] [build-stdout] Done extracting /opt/hostedtoolcache/CodeQL/2.23.6/x64/codeql/javascript/tools/data/externs/web/w3c_range.js (30 ms)
codeql	Perform CodeQL Analysis	2025-12-12T07:10:48.3006393Z [2025-12-12 07:10:48] [build-stdout] Extracting /opt/hostedtoolcache/CodeQL/2.23.6/x64/codeql/javascript/tools/data/externs/web/fetchapi.js
codeql	Perform CodeQL Analysis	2025-12-12T07:10:48.3319534Z [2025-12-12 07:10:48] [build-stdout] Done extracting /opt/hostedtoolcache/CodeQL/2.23.6/x64/codeql/javascript/tools/data/externs/web/w3c_webcrypto.js (60 ms)
codeql	Perform CodeQL Analysis	2025-12-12T07:10:48.3324603Z [2025-12-12 07:10:48] [build-stdout] Extracting /opt/hostedtoolcache/CodeQL/2.23.6/x64/codeql/javascript/tools/data/externs/web/ie_vml.js
codeql	Perform CodeQL Analysis	2025-12-12T07:10:48.3401024Z [2025-12-12 07:10:48] [build-stdout] Done extracting /opt/hostedtoolcache/CodeQL/2.23.6/x64/codeql/javascript/tools/data/externs/web/fetchapi.js (34 ms)
codeql	Perform CodeQL Analysis	2025-12-12T07:10:48.3403055Z [2025-12-12 07:10:48] [build-stdout] Extracting /opt/hostedtoolcache/CodeQL/2.23.6/x64/codeql/javascript/tools/data/externs/web/w3c_batterystatus.js
codeql	Perform CodeQL Analysis	2025-12-12T07:10:48.3405252Z [2025-12-12 07:10:48] [build-stdout] Done extracting /opt/hostedtoolcache/CodeQL/2.23.6/x64/codeql/javascript/tools/data/externs/web/ie_vml.js (6 ms)
codeql	Perform CodeQL Analysis	2025-12-12T07:10:48.3432794Z [2025-12-12 07:10:48] [build-stdout] Extracting /opt/hostedtoolcache/CodeQL/2.23.6/x64/codeql/javascript/tools/data/externs/web/intl.js
codeql	Perform CodeQL Analysis	2025-12-12T07:10:48.3434930Z [2025-12-12 07:10:48] [build-stdout] Done extracting /opt/hostedtoolcache/CodeQL/2.23.6/x64/codeql/javascript/tools/data/externs/web/w3c_batterystatus.js (3 ms)
codeql	Perform CodeQL Analysis	2025-12-12T07:10:48.3436790Z [2025-12-12 07:10:48] [build-stdout] Extracting /opt/hostedtoolcache/CodeQL/2.23.6/x64/codeql/javascript/tools/data/externs/web/webkit_notifications.js
codeql	Perform CodeQL Analysis	2025-12-12T07:10:48.3601497Z [2025-12-12 07:10:48] [build-stdout] Done extracting /opt/hostedtoolcache/CodeQL/2.23.6/x64/codeql/javascript/tools/data/externs/web/w3c_dom2.js (267 ms)
codeql	Perform CodeQL Analysis	2025-12-12T07:10:48.3603555Z [2025-12-12 07:10:48] [build-stdout] Extracting /opt/hostedtoolcache/CodeQL/2.23.6/x64/codeql/javascript/tools/data/externs/web/w3c_dom3.js
codeql	Perform CodeQL Analysis	2025-12-12T07:10:48.3734399Z [2025-12-12 07:10:48] [build-stdout] Done extracting /opt/hostedtoolcache/CodeQL/2.23.6/x64/codeql/javascript/tools/data/externs/web/webkit_notifications.js (29 ms)
codeql	Perform CodeQL Analysis	2025-12-12T07:10:48.3736464Z [2025-12-12 07:10:48] [build-stdout] Extracting /opt/hostedtoolcache/CodeQL/2.23.6/x64/codeql/javascript/tools/data/externs/web/chrome.js
codeql	Perform CodeQL Analysis	2025-12-12T07:10:48.3738170Z [2025-12-12 07:10:48] [build-stdout] Done extracting /opt/hostedtoolcache/CodeQL/2.23.6/x64/codeql/javascript/tools/data/externs/web/intl.js (32 ms)
codeql	Perform CodeQL Analysis	2025-12-12T07:10:48.3740092Z [2025-12-12 07:10:48] [build-stdout] Extracting /opt/hostedtoolcache/CodeQL/2.23.6/x64/codeql/javascript/tools/data/externs/web/w3c_dom1.js
codeql	Perform CodeQL Analysis	2025-12-12T07:10:48.4113356Z [2025-12-12 07:10:48] [build-stdout] Done extracting /opt/hostedtoolcache/CodeQL/2.23.6/x64/codeql/javascript/tools/data/externs/web/w3c_css.js (185 ms)
codeql	Perform CodeQL Analysis	2025-12-12T07:10:48.4118520Z [2025-12-12 07:10:48] [build-stdout] Extracting /opt/hostedtoolcache/CodeQL/2.23.6/x64/codeql/javascript/tools/data/externs/web/w3c_touch_event.js
codeql	Perform CodeQL Analysis	2025-12-12T07:10:48.4238852Z [2025-12-12 07:10:48] [build-stdout] Done extracting /opt/hostedtoolcache/CodeQL/2.23.6/x64/codeql/javascript/tools/data/externs/web/chrome.js (53 ms)
codeql	Perform CodeQL Analysis	2025-12-12T07:10:48.4241752Z [2025-12-12 07:10:48] [build-stdout] Extracting /opt/hostedtoolcache/CodeQL/2.23.6/x64/codeql/javascript/tools/data/externs/web/fileapi.js
codeql	Perform CodeQL Analysis	2025-12-12T07:10:48.4395830Z [2025-12-12 07:10:48] [build-stdout] Done extracting /opt/hostedtoolcache/CodeQL/2.23.6/x64/codeql/javascript/tools/data/externs/web/w3c_touch_event.js (28 ms)
codeql	Perform CodeQL Analysis	2025-12-12T07:10:48.4401339Z [2025-12-12 07:10:48] [build-stdout] Extracting /opt/hostedtoolcache/CodeQL/2.23.6/x64/codeql/javascript/tools/data/externs/lib/bdd.js
codeql	Perform CodeQL Analysis	2025-12-12T07:10:48.4532570Z [2025-12-12 07:10:48] [build-stdout] Done extracting /opt/hostedtoolcache/CodeQL/2.23.6/x64/codeql/javascript/tools/data/externs/lib/bdd.js (12 ms)
codeql	Perform CodeQL Analysis	2025-12-12T07:10:48.4537675Z [2025-12-12 07:10:48] [build-stdout] Extracting /opt/hostedtoolcache/CodeQL/2.23.6/x64/codeql/javascript/tools/data/externs/lib/jquery-3.2.js
codeql	Perform CodeQL Analysis	2025-12-12T07:10:48.4589536Z [2025-12-12 07:10:48] [build-stdout] Done extracting /opt/hostedtoolcache/CodeQL/2.23.6/x64/codeql/javascript/tools/data/externs/web/w3c_dom3.js (98 ms)
codeql	Perform CodeQL Analysis	2025-12-12T07:10:48.4595149Z [2025-12-12 07:10:48] [build-stdout] Extracting /opt/hostedtoolcache/CodeQL/2.23.6/x64/codeql/javascript/tools/data/externs/lib/should.js
codeql	Perform CodeQL Analysis	2025-12-12T07:10:48.4649533Z [2025-12-12 07:10:48] [build-stdout] Done extracting /opt/hostedtoolcache/CodeQL/2.23.6/x64/codeql/javascript/tools/data/externs/web/w3c_dom1.js (92 ms)
codeql	Perform CodeQL Analysis	2025-12-12T07:10:48.4691486Z [2025-12-12 07:10:48] [build-stdout] Extracting /opt/hostedtoolcache/CodeQL/2.23.6/x64/codeql/javascript/tools/data/externs/lib/vows.js
codeql	Perform CodeQL Analysis	2025-12-12T07:10:48.4874608Z [2025-12-12 07:10:48] [build-stdout] Done extracting /opt/hostedtoolcache/CodeQL/2.23.6/x64/codeql/javascript/tools/data/externs/web/fileapi.js (62 ms)
codeql	Perform CodeQL Analysis	2025-12-12T07:10:48.4876873Z [2025-12-12 07:10:48] [build-stdout] Extracting /opt/hostedtoolcache/CodeQL/2.23.6/x64/codeql/javascript/tools/data/externs/es/es2017.js
codeql	Perform CodeQL Analysis	2025-12-12T07:10:48.4938533Z [2025-12-12 07:10:48] [build-stdout] Done extracting /opt/hostedtoolcache/CodeQL/2.23.6/x64/codeql/javascript/tools/data/externs/es/es2017.js (4 ms)
codeql	Perform CodeQL Analysis	2025-12-12T07:10:48.4940499Z [2025-12-12 07:10:48] [build-stdout] Extracting /opt/hostedtoolcache/CodeQL/2.23.6/x64/codeql/javascript/tools/data/externs/es/es5.js
codeql	Perform CodeQL Analysis	2025-12-12T07:10:48.4942170Z [2025-12-12 07:10:48] [build-stdout] Done extracting /opt/hostedtoolcache/CodeQL/2.23.6/x64/codeql/javascript/tools/data/externs/lib/should.js (34 ms)
codeql	Perform CodeQL Analysis	2025-12-12T07:10:48.4959888Z [2025-12-12 07:10:48] [build-stdout] Extracting /opt/hostedtoolcache/CodeQL/2.23.6/x64/codeql/javascript/tools/data/externs/es/es2016.js
codeql	Perform CodeQL Analysis	2025-12-12T07:10:48.4976998Z [2025-12-12 07:10:48] [build-stdout] Done extracting /opt/hostedtoolcache/CodeQL/2.23.6/x64/codeql/javascript/tools/data/externs/es/es2016.js (4 ms)
codeql	Perform CodeQL Analysis	2025-12-12T07:10:48.4978893Z [2025-12-12 07:10:48] [build-stdout] Extracting /opt/hostedtoolcache/CodeQL/2.23.6/x64/codeql/javascript/tools/data/externs/es/es3.js
codeql	Perform CodeQL Analysis	2025-12-12T07:10:48.4996528Z [2025-12-12 07:10:48] [build-stdout] Done extracting /opt/hostedtoolcache/CodeQL/2.23.6/x64/codeql/javascript/tools/data/externs/lib/vows.js (33 ms)
codeql	Perform CodeQL Analysis	2025-12-12T07:10:48.4998631Z [2025-12-12 07:10:48] [build-stdout] Extracting /opt/hostedtoolcache/CodeQL/2.23.6/x64/codeql/javascript/tools/data/externs/es/proxy.js
codeql	Perform CodeQL Analysis	2025-12-12T07:10:48.5083275Z [2025-12-12 07:10:48] [build-stdout] Done extracting /opt/hostedtoolcache/CodeQL/2.23.6/x64/codeql/javascript/tools/data/externs/es/proxy.js (5 ms)
codeql	Perform CodeQL Analysis	2025-12-12T07:10:48.5113810Z [2025-12-12 07:10:48] [build-stdout] Extracting /opt/hostedtoolcache/CodeQL/2.23.6/x64/codeql/javascript/tools/data/externs/es/es6_collections.js
codeql	Perform CodeQL Analysis	2025-12-12T07:10:48.5115403Z [2025-12-12 07:10:48] [build-stdout] Done extracting /opt/hostedtoolcache/CodeQL/2.23.6/x64/codeql/javascript/tools/data/externs/es/es5.js (15 ms)
codeql	Perform CodeQL Analysis	2025-12-12T07:10:48.5116890Z [2025-12-12 07:10:48] [build-stdout] Extracting /opt/hostedtoolcache/CodeQL/2.23.6/x64/codeql/javascript/tools/data/externs/es/intl.js
codeql	Perform CodeQL Analysis	2025-12-12T07:10:48.5263849Z [2025-12-12 07:10:48] [build-stdout] Done extracting /opt/hostedtoolcache/CodeQL/2.23.6/x64/codeql/javascript/tools/data/externs/es/intl.js (16 ms)
codeql	Perform CodeQL Analysis	2025-12-12T07:10:48.5265327Z [2025-12-12 07:10:48] [build-stdout] Extracting /opt/hostedtoolcache/CodeQL/2.23.6/x64/codeql/javascript/tools/data/externs/es/es6.js
codeql	Perform CodeQL Analysis	2025-12-12T07:10:48.5285254Z [2025-12-12 07:10:48] [build-stdout] Done extracting /opt/hostedtoolcache/CodeQL/2.23.6/x64/codeql/javascript/tools/data/externs/es/es6_collections.js (23 ms)
codeql	Perform CodeQL Analysis	2025-12-12T07:10:48.5292524Z [2025-12-12 07:10:48] [build-stdout] Extracting /opt/hostedtoolcache/CodeQL/2.23.6/x64/codeql/javascript/tools/data/externs/vm/v8.js
codeql	Perform CodeQL Analysis	2025-12-12T07:10:48.5443592Z [2025-12-12 07:10:48] [build-stdout] Done extracting /opt/hostedtoolcache/CodeQL/2.23.6/x64/codeql/javascript/tools/data/externs/vm/v8.js (11 ms)
codeql	Perform CodeQL Analysis	2025-12-12T07:10:48.5448735Z [2025-12-12 07:10:48] [build-stdout] Extracting /opt/hostedtoolcache/CodeQL/2.23.6/x64/codeql/javascript/tools/data/externs/vm/spidermonkey.js
codeql	Perform CodeQL Analysis	2025-12-12T07:10:48.5521123Z [2025-12-12 07:10:48] [build-stdout] Done extracting /opt/hostedtoolcache/CodeQL/2.23.6/x64/codeql/javascript/tools/data/externs/vm/spidermonkey.js (5 ms)
codeql	Perform CodeQL Analysis	2025-12-12T07:10:48.5522976Z [2025-12-12 07:10:48] [build-stdout] Extracting /opt/hostedtoolcache/CodeQL/2.23.6/x64/codeql/javascript/tools/data/externs/vm/jsshell.js
codeql	Perform CodeQL Analysis	2025-12-12T07:10:48.5892814Z [2025-12-12 07:10:48] [build-stdout] Done extracting /opt/hostedtoolcache/CodeQL/2.23.6/x64/codeql/javascript/tools/data/externs/vm/jsshell.js (39 ms)
codeql	Perform CodeQL Analysis	2025-12-12T07:10:48.5894706Z [2025-12-12 07:10:48] [build-stdout] Extracting /opt/hostedtoolcache/CodeQL/2.23.6/x64/codeql/javascript/tools/data/externs/vm/rhino.js
codeql	Perform CodeQL Analysis	2025-12-12T07:10:48.5941744Z [2025-12-12 07:10:48] [build-stdout] Done extracting /opt/hostedtoolcache/CodeQL/2.23.6/x64/codeql/javascript/tools/data/externs/vm/rhino.js (5 ms)
codeql	Perform CodeQL Analysis	2025-12-12T07:10:48.6723215Z [2025-12-12 07:10:48] [build-stdout] Done extracting /opt/hostedtoolcache/CodeQL/2.23.6/x64/codeql/javascript/tools/data/externs/es/es6.js (146 ms)
codeql	Perform CodeQL Analysis	2025-12-12T07:10:48.7041112Z [2025-12-12 07:10:48] [build-stdout] Done extracting /opt/hostedtoolcache/CodeQL/2.23.6/x64/codeql/javascript/tools/data/externs/es/es3.js (206 ms)
codeql	Perform CodeQL Analysis	2025-12-12T07:10:48.7155175Z [2025-12-12 07:10:48] [build-stdout] Done extracting /opt/hostedtoolcache/CodeQL/2.23.6/x64/codeql/javascript/tools/data/externs/lib/jquery-3.2.js (262 ms)
codeql	Perform CodeQL Analysis	2025-12-12T07:10:48.7507029Z ##[endgroup]
codeql	Perform CodeQL Analysis	2025-12-12T07:10:48.7514287Z ##[group]Finalizing javascript
codeql	Perform CodeQL Analysis	2025-12-12T07:10:48.7516040Z [command]/opt/hostedtoolcache/CodeQL/2.23.6/x64/codeql/codeql database finalize --finalize-dataset --threads=4 --ram=14581 /home/runner/work/_temp/codeql_databases/javascript
codeql	Perform CodeQL Analysis	2025-12-12T07:10:49.5043727Z Running TRAP import for CodeQL database at /home/runner/work/_temp/codeql_databases/javascript...
codeql	Perform CodeQL Analysis	2025-12-12T07:10:50.3016811Z Importing TRAP files
codeql	Perform CodeQL Analysis	2025-12-12T07:10:52.6808715Z Merging relations
codeql	Perform CodeQL Analysis	2025-12-12T07:10:53.3965294Z Finished writing database (relations: 7.28 MiB; string pool: 5.53 MiB).
codeql	Perform CodeQL Analysis	2025-12-12T07:10:53.4258034Z TRAP import complete (3.9s).
codeql	Perform CodeQL Analysis	2025-12-12T07:10:53.7642706Z Finished zipping source archive (537.06 KiB).
codeql	Perform CodeQL Analysis	2025-12-12T07:10:53.7870290Z ##[endgroup]
codeql	Perform CodeQL Analysis	2025-12-12T07:10:54.6945358Z ##[group]Running queries for javascript
codeql	Perform CodeQL Analysis	2025-12-12T07:10:54.6946869Z [command]/opt/hostedtoolcache/CodeQL/2.23.6/x64/codeql/codeql database run-queries --ram=14581 --threads=4 --expect-discarded-cache /home/runner/work/_temp/codeql_databases/javascript --min-disk-free=1024 -v
codeql	Perform CodeQL Analysis	2025-12-12T07:10:55.4420975Z Writing logs to /home/runner/work/_temp/codeql_databases/javascript/log/database-run-queries-20251212.071055.439.log.
codeql	Perform CodeQL Analysis	2025-12-12T07:10:55.4919601Z Stringpool size measured as 5800362
codeql	Perform CodeQL Analysis	2025-12-12T07:10:56.0971079Z Writing logs to /home/runner/work/_temp/codeql_databases/javascript/log/execute-queries-20251212.071056.093.log.
codeql	Perform CodeQL Analysis	2025-12-12T07:10:56.4303592Z Recording pack reference codeql/javascript-queries at /opt/hostedtoolcache/CodeQL/2.23.6/x64/codeql/qlpacks/codeql/javascript-queries/2.2.0.
codeql	Perform CodeQL Analysis	2025-12-12T07:10:57.0982803Z Compiling in 3 threads due to RAM limits.
codeql	Perform CodeQL Analysis	2025-12-12T07:10:59.2504118Z [1/88] Loaded /opt/hostedtoolcache/CodeQL/2.23.6/x64/codeql/qlpacks/codeql/javascript-queries/2.2.0/Security/CWE-312/CleartextStorage.qlx.
codeql	Perform CodeQL Analysis	2025-12-12T07:10:59.2743029Z [2/88] Loaded /opt/hostedtoolcache/CodeQL/2.23.6/x64/codeql/qlpacks/codeql/javascript-queries/2.2.0/Security/CWE-312/BuildArtifactLeak.qlx.
codeql	Perform CodeQL Analysis	2025-12-12T07:10:59.2862783Z [3/88] Loaded /opt/hostedtoolcache/CodeQL/2.23.6/x64/codeql/qlpacks/codeql/javascript-queries/2.2.0/Security/CWE-312/CleartextLogging.qlx.
codeql	Perform CodeQL Analysis	2025-12-12T07:10:59.3136790Z [4/88] Loaded /opt/hostedtoolcache/CodeQL/2.23.6/x64/codeql/qlpacks/codeql/javascript-queries/2.2.0/Security/CWE-020/IncorrectSuffixCheck.qlx.
codeql	Perform CodeQL Analysis	2025-12-12T07:10:59.3321632Z [5/88] Loaded /opt/hostedtoolcache/CodeQL/2.23.6/x64/codeql/qlpacks/codeql/javascript-queries/2.2.0/Security/CWE-020/IncompleteUrlSubstringSanitization.qlx.
codeql	Perform CodeQL Analysis	2025-12-12T07:10:59.3685237Z [6/88] Loaded /opt/hostedtoolcache/CodeQL/2.23.6/x64/codeql/qlpacks/codeql/javascript-queries/2.2.0/Security/CWE-020/IncompleteUrlSchemeCheck.qlx.
codeql	Perform CodeQL Analysis	2025-12-12T07:10:59.5793418Z [7/88] Loaded /opt/hostedtoolcache/CodeQL/2.23.6/x64/codeql/qlpacks/codeql/javascript-queries/2.2.0/Security/CWE-020/UselessRegExpCharacterEscape.qlx.
codeql	Perform CodeQL Analysis	2025-12-12T07:10:59.6381631Z [8/88] Loaded /opt/hostedtoolcache/CodeQL/2.23.6/x64/codeql/qlpacks/codeql/javascript-queries/2.2.0/Security/CWE-020/IncompleteHostnameRegExp.qlx.
codeql	Perform CodeQL Analysis	2025-12-12T07:10:59.6835355Z [9/88] Loaded /opt/hostedtoolcache/CodeQL/2.23.6/x64/codeql/qlpacks/codeql/javascript-queries/2.2.0/Security/CWE-020/OverlyLargeRange.qlx.
codeql	Perform CodeQL Analysis	2025-12-12T07:10:59.7113316Z [10/88] Loaded /opt/hostedtoolcache/CodeQL/2.23.6/x64/codeql/qlpacks/codeql/javascript-queries/2.2.0/Security/CWE-770/MissingRateLimiting.qlx.
codeql	Perform CodeQL Analysis	2025-12-12T07:10:59.9214527Z [11/88] Loaded /opt/hostedtoolcache/CodeQL/2.23.6/x64/codeql/qlpacks/codeql/javascript-queries/2.2.0/Security/CWE-776/XmlBomb.qlx.
codeql	Perform CodeQL Analysis	2025-12-12T07:10:59.9433973Z [12/88] Loaded /opt/hostedtoolcache/CodeQL/2.23.6/x64/codeql/qlpacks/codeql/javascript-queries/2.2.0/Security/CWE-770/ResourceExhaustion.qlx.
codeql	Perform CodeQL Analysis	2025-12-12T07:10:59.9604539Z [13/88] Loaded /opt/hostedtoolcache/CodeQL/2.23.6/x64/codeql/qlpacks/codeql/javascript-queries/2.2.0/Security/CWE-201/PostMessageStar.qlx.
codeql	Perform CodeQL Analysis	2025-12-12T07:10:59.9702646Z [14/88] Loaded /opt/hostedtoolcache/CodeQL/2.23.6/x64/codeql/qlpacks/codeql/javascript-queries/2.2.0/Security/CWE-326/InsufficientKeySize.qlx.
codeql	Perform CodeQL Analysis	2025-12-12T07:11:00.0764064Z [15/88] Loaded /opt/hostedtoolcache/CodeQL/2.23.6/x64/codeql/qlpacks/codeql/javascript-queries/2.2.0/Security/CWE-916/InsufficientPasswordHash.qlx.
codeql	Perform CodeQL Analysis	2025-12-12T07:11:00.1183878Z [16/88] Loaded /opt/hostedtoolcache/CodeQL/2.23.6/x64/codeql/qlpacks/codeql/javascript-queries/2.2.0/Security/CWE-338/InsecureRandomness.qlx.
codeql	Perform CodeQL Analysis	2025-12-12T07:11:00.2274015Z [17/88] Loaded /opt/hostedtoolcache/CodeQL/2.23.6/x64/codeql/qlpacks/codeql/javascript-queries/2.2.0/Security/CWE-601/ServerSideUrlRedirect.qlx.
codeql	Perform CodeQL Analysis	2025-12-12T07:11:00.2749510Z [18/88] Loaded /opt/hostedtoolcache/CodeQL/2.23.6/x64/codeql/qlpacks/codeql/javascript-queries/2.2.0/Security/CWE-601/ClientSideUrlRedirect.qlx.
codeql	Perform CodeQL Analysis	2025-12-12T07:11:00.3351775Z [19/88] Loaded /opt/hostedtoolcache/CodeQL/2.23.6/x64/codeql/qlpacks/codeql/javascript-queries/2.2.0/Security/CWE-829/InsecureDownload.qlx.
codeql	Perform CodeQL Analysis	2025-12-12T07:11:00.4288177Z [20/88] Loaded /opt/hostedtoolcache/CodeQL/2.23.6/x64/codeql/qlpacks/codeql/javascript-queries/2.2.0/Security/CWE-078/ShellCommandInjectionFromEnvironment.qlx.
codeql	Perform CodeQL Analysis	2025-12-12T07:11:00.4933923Z [21/88] Loaded /opt/hostedtoolcache/CodeQL/2.23.6/x64/codeql/qlpacks/codeql/javascript-queries/2.2.0/Security/CWE-078/CommandInjection.qlx.
codeql	Perform CodeQL Analysis	2025-12-12T07:11:00.5051479Z [22/88] Loaded /opt/hostedtoolcache/CodeQL/2.23.6/x64/codeql/qlpacks/codeql/javascript-queries/2.2.0/Security/CWE-078/UselessUseOfCat.qlx.
codeql	Perform CodeQL Analysis	2025-12-12T07:11:00.5231044Z [23/88] Loaded /opt/hostedtoolcache/CodeQL/2.23.6/x64/codeql/qlpacks/codeql/javascript-queries/2.2.0/Security/CWE-300/InsecureDependencyResolution.qlx.
codeql	Perform CodeQL Analysis	2025-12-12T07:11:00.5783825Z [24/88] Loaded /opt/hostedtoolcache/CodeQL/2.23.6/x64/codeql/qlpacks/codeql/javascript-queries/2.2.0/Security/CWE-078/UnsafeShellCommandConstruction.qlx.
codeql	Perform CodeQL Analysis	2025-12-12T07:11:00.6834166Z [25/88] Loaded /opt/hostedtoolcache/CodeQL/2.23.6/x64/codeql/qlpacks/codeql/javascript-queries/2.2.0/Security/CWE-295/DisablingCertificateValidation.qlx.
codeql	Perform CodeQL Analysis	2025-12-12T07:11:00.7694715Z [26/88] Loaded /opt/hostedtoolcache/CodeQL/2.23.6/x64/codeql/qlpacks/codeql/javascript-queries/2.2.0/Security/CWE-643/XpathInjection.qlx.
codeql	Perform CodeQL Analysis	2025-12-12T07:11:00.8063343Z [27/88] Loaded /opt/hostedtoolcache/CodeQL/2.23.6/x64/codeql/qlpacks/codeql/javascript-queries/2.2.0/Security/CWE-078/SecondOrderCommandInjection.qlx.
codeql	Perform CodeQL Analysis	2025-12-12T07:11:00.9649503Z [28/88] Loaded /opt/hostedtoolcache/CodeQL/2.23.6/x64/codeql/qlpacks/codeql/javascript-queries/2.2.0/Security/CWE-079/UnsafeHtmlConstruction.qlx.
codeql	Perform CodeQL Analysis	2025-12-12T07:11:01.0085736Z [29/88] Loaded /opt/hostedtoolcache/CodeQL/2.23.6/x64/codeql/qlpacks/codeql/javascript-queries/2.2.0/Security/CWE-079/StoredXss.qlx.
codeql	Perform CodeQL Analysis	2025-12-12T07:11:01.0676054Z [30/88] Loaded /opt/hostedtoolcache/CodeQL/2.23.6/x64/codeql/qlpacks/codeql/javascript-queries/2.2.0/Security/CWE-079/ReflectedXss.qlx.
codeql	Perform CodeQL Analysis	2025-12-12T07:11:01.1864853Z [31/88] Loaded /opt/hostedtoolcache/CodeQL/2.23.6/x64/codeql/qlpacks/codeql/javascript-queries/2.2.0/Security/CWE-079/XssThroughDom.qlx.
codeql	Perform CodeQL Analysis	2025-12-12T07:11:01.2689603Z [32/88] Loaded /opt/hostedtoolcache/CodeQL/2.23.6/x64/codeql/qlpacks/codeql/javascript-queries/2.2.0/Security/CWE-079/UnsafeJQueryPlugin.qlx.
codeql	Perform CodeQL Analysis	2025-12-12T07:11:01.2751918Z [33/88] Loaded /opt/hostedtoolcache/CodeQL/2.23.6/x64/codeql/qlpacks/codeql/javascript-queries/2.2.0/Security/CWE-079/ExceptionXss.qlx.
codeql	Perform CodeQL Analysis	2025-12-12T07:11:01.4425803Z [34/88] Loaded /opt/hostedtoolcache/CodeQL/2.23.6/x64/codeql/qlpacks/codeql/javascript-queries/2.2.0/Security/CWE-079/Xss.qlx.
codeql	Perform CodeQL Analysis	2025-12-12T07:11:01.4793723Z [35/88] Loaded /opt/hostedtoolcache/CodeQL/2.23.6/x64/codeql/qlpacks/codeql/javascript-queries/2.2.0/Security/CWE-640/HostHeaderPoisoningInEmailGeneration.qlx.
codeql	Perform CodeQL Analysis	2025-12-12T07:11:01.6124621Z [36/88] Loaded /opt/hostedtoolcache/CodeQL/2.23.6/x64/codeql/qlpacks/codeql/javascript-queries/2.2.0/Security/CWE-073/TemplateObjectInjection.qlx.
codeql	Perform CodeQL Analysis	2025-12-12T07:11:01.6143126Z [37/88] Loaded /opt/hostedtoolcache/CodeQL/2.23.6/x64/codeql/qlpacks/codeql/javascript-queries/2.2.0/Security/CWE-022/ZipSlip.qlx.
codeql	Perform CodeQL Analysis	2025-12-12T07:11:01.6482808Z [38/88] Loaded /opt/hostedtoolcache/CodeQL/2.23.6/x64/codeql/qlpacks/codeql/javascript-queries/2.2.0/Security/CWE-089/SqlInjection.qlx.
codeql	Perform CodeQL Analysis	2025-12-12T07:11:01.6794584Z [39/88] Loaded /opt/hostedtoolcache/CodeQL/2.23.6/x64/codeql/qlpacks/codeql/javascript-queries/2.2.0/Security/CWE-347/MissingJWTKeyVerification.qlx.
codeql	Perform CodeQL Analysis	2025-12-12T07:11:01.6823415Z [40/88] Loaded /opt/hostedtoolcache/CodeQL/2.23.6/x64/codeql/qlpacks/codeql/javascript-queries/2.2.0/Security/CWE-614/ClearTextCookie.qlx.
codeql	Perform CodeQL Analysis	2025-12-12T07:11:01.7459382Z [41/88] Loaded /opt/hostedtoolcache/CodeQL/2.23.6/x64/codeql/qlpacks/codeql/javascript-queries/2.2.0/Security/CWE-178/CaseSensitiveMiddlewarePath.qlx.
codeql	Perform CodeQL Analysis	2025-12-12T07:11:01.8938452Z [42/88] Loaded /opt/hostedtoolcache/CodeQL/2.23.6/x64/codeql/qlpacks/codeql/javascript-queries/2.2.0/Security/CWE-022/TaintedPath.qlx.
codeql	Perform CodeQL Analysis	2025-12-12T07:11:01.9162794Z [43/88] Loaded /opt/hostedtoolcache/CodeQL/2.23.6/x64/codeql/qlpacks/codeql/javascript-queries/2.2.0/Security/CWE-1004/ClientExposedCookie.qlx.
codeql	Perform CodeQL Analysis	2025-12-12T07:11:01.9284234Z [44/88] Loaded /opt/hostedtoolcache/CodeQL/2.23.6/x64/codeql/qlpacks/codeql/javascript-queries/2.2.0/Security/CWE-843/TypeConfusionThroughParameterTampering.qlx.
codeql	Perform CodeQL Analysis	2025-12-12T07:11:01.9670195Z [45/88] Loaded /opt/hostedtoolcache/CodeQL/2.23.6/x64/codeql/qlpacks/codeql/javascript-queries/2.2.0/Security/CWE-116/DoubleEscaping.qlx.
codeql	Perform CodeQL Analysis	2025-12-12T07:11:01.9733396Z [46/88] Loaded /opt/hostedtoolcache/CodeQL/2.23.6/x64/codeql/qlpacks/codeql/javascript-queries/2.2.0/Security/CWE-116/BadTagFilter.qlx.
codeql	Perform CodeQL Analysis	2025-12-12T07:11:02.0083441Z [47/88] Loaded /opt/hostedtoolcache/CodeQL/2.23.6/x64/codeql/qlpacks/codeql/javascript-queries/2.2.0/Security/CWE-116/IncompleteSanitization.qlx.
codeql	Perform CodeQL Analysis	2025-12-12T07:11:02.0094768Z [48/88] Loaded /opt/hostedtoolcache/CodeQL/2.23.6/x64/codeql/qlpacks/codeql/javascript-queries/2.2.0/Security/CWE-116/UnsafeHtmlExpansion.qlx.
codeql	Perform CodeQL Analysis	2025-12-12T07:11:02.0097915Z [49/88] Loaded /opt/hostedtoolcache/CodeQL/2.23.6/x64/codeql/qlpacks/codeql/javascript-queries/2.2.0/Security/CWE-834/LoopBoundInjection.qlx.
codeql	Perform CodeQL Analysis	2025-12-12T07:11:02.0681954Z [50/88] Loaded /opt/hostedtoolcache/CodeQL/2.23.6/x64/codeql/qlpacks/codeql/javascript-queries/2.2.0/Security/CWE-116/IncompleteMultiCharacterSanitization.qlx.
codeql	Perform CodeQL Analysis	2025-12-12T07:11:02.0884515Z [51/88] Loaded /opt/hostedtoolcache/CodeQL/2.23.6/x64/codeql/qlpacks/codeql/javascript-queries/2.2.0/Security/CWE-915/PrototypePollutingFunction.qlx.
codeql	Perform CodeQL Analysis	2025-12-12T07:11:02.1624297Z [52/88] Loaded /opt/hostedtoolcache/CodeQL/2.23.6/x64/codeql/qlpacks/codeql/javascript-queries/2.2.0/Security/CWE-116/IncompleteHtmlAttributeSanitization.qlx.
codeql	Perform CodeQL Analysis	2025-12-12T07:11:02.2233236Z [53/88] Loaded /opt/hostedtoolcache/CodeQL/2.23.6/x64/codeql/qlpacks/codeql/javascript-queries/2.2.0/Security/CWE-915/PrototypePollutingMergeCall.qlx.
codeql	Perform CodeQL Analysis	2025-12-12T07:11:02.2270843Z [54/88] Loaded /opt/hostedtoolcache/CodeQL/2.23.6/x64/codeql/qlpacks/codeql/javascript-queries/2.2.0/Security/CWE-352/MissingCsrfMiddleware.qlx.
codeql	Perform CodeQL Analysis	2025-12-12T07:11:02.2798239Z [55/88] Loaded /opt/hostedtoolcache/CodeQL/2.23.6/x64/codeql/qlpacks/codeql/javascript-queries/2.2.0/Security/CWE-730/ServerCrash.qlx.
codeql	Perform CodeQL Analysis	2025-12-12T07:11:02.3887132Z [56/88] Loaded /opt/hostedtoolcache/CodeQL/2.23.6/x64/codeql/qlpacks/codeql/javascript-queries/2.2.0/Security/CWE-915/PrototypePollutingAssignment.qlx.
codeql	Perform CodeQL Analysis	2025-12-12T07:11:02.4221484Z [57/88] Loaded /opt/hostedtoolcache/CodeQL/2.23.6/x64/codeql/qlpacks/codeql/javascript-queries/2.2.0/Security/CWE-754/UnvalidatedDynamicMethodCall.qlx.
codeql	Perform CodeQL Analysis	2025-12-12T07:11:02.5005233Z [58/88] Loaded /opt/hostedtoolcache/CodeQL/2.23.6/x64/codeql/qlpacks/codeql/javascript-queries/2.2.0/Security/CWE-942/CorsPermissiveConfiguration.qlx.
codeql	Perform CodeQL Analysis	2025-12-12T07:11:02.5184979Z [59/88] Loaded /opt/hostedtoolcache/CodeQL/2.23.6/x64/codeql/qlpacks/codeql/javascript-queries/2.2.0/Security/CWE-730/RegExpInjection.qlx.
codeql	Perform CodeQL Analysis	2025-12-12T07:11:02.5776789Z [60/88] Loaded /opt/hostedtoolcache/CodeQL/2.23.6/x64/codeql/qlpacks/codeql/javascript-queries/2.2.0/Security/CWE-094/CodeInjection.qlx.
codeql	Perform CodeQL Analysis	2025-12-12T07:11:02.6365541Z [61/88] Loaded /opt/hostedtoolcache/CodeQL/2.23.6/x64/codeql/qlpacks/codeql/javascript-queries/2.2.0/Security/CWE-094/ImproperCodeSanitization.qlx.
codeql	Perform CodeQL Analysis	2025-12-12T07:11:02.6526472Z [62/88] Loaded /opt/hostedtoolcache/CodeQL/2.23.6/x64/codeql/qlpacks/codeql/javascript-queries/2.2.0/Security/CWE-094/UnsafeDynamicMethodAccess.qlx.
codeql	Perform CodeQL Analysis	2025-12-12T07:11:02.6805080Z [63/88] Loaded /opt/hostedtoolcache/CodeQL/2.23.6/x64/codeql/qlpacks/codeql/javascript-queries/2.2.0/Security/CWE-200/PrivateFileExposure.qlx.
codeql	Perform CodeQL Analysis	2025-12-12T07:11:02.7092629Z [64/88] Loaded /opt/hostedtoolcache/CodeQL/2.23.6/x64/codeql/qlpacks/codeql/javascript-queries/2.2.0/Security/CWE-502/UnsafeDeserialization.qlx.
codeql	Perform CodeQL Analysis	2025-12-12T07:11:02.8081114Z [65/88] Loaded /opt/hostedtoolcache/CodeQL/2.23.6/x64/codeql/qlpacks/codeql/javascript-queries/2.2.0/Security/CWE-598/SensitiveGetQuery.qlx.
codeql	Perform CodeQL Analysis	2025-12-12T07:11:02.8410559Z [66/88] Loaded /opt/hostedtoolcache/CodeQL/2.23.6/x64/codeql/qlpacks/codeql/javascript-queries/2.2.0/Security/CWE-134/TaintedFormatString.qlx.
codeql	Perform CodeQL Analysis	2025-12-12T07:11:02.8653383Z [67/88] Loaded /opt/hostedtoolcache/CodeQL/2.23.6/x64/codeql/qlpacks/codeql/javascript-queries/2.2.0/Security/CWE-327/BadRandomness.qlx.
codeql	Perform CodeQL Analysis	2025-12-12T07:11:02.9011357Z [68/88] Loaded /opt/hostedtoolcache/CodeQL/2.23.6/x64/codeql/qlpacks/codeql/javascript-queries/2.2.0/Security/CWE-327/BrokenCryptoAlgorithm.qlx.
codeql	Perform CodeQL Analysis	2025-12-12T07:11:02.9431603Z [69/88] Loaded /opt/hostedtoolcache/CodeQL/2.23.6/x64/codeql/qlpacks/codeql/javascript-queries/2.2.0/Security/CWE-346/CorsMisconfigurationForCredentials.qlx.
codeql	Perform CodeQL Analysis	2025-12-12T07:11:02.9794678Z [70/88] Loaded /opt/hostedtoolcache/CodeQL/2.23.6/x64/codeql/qlpacks/codeql/javascript-queries/2.2.0/Security/CWE-830/FunctionalityFromUntrustedSource.qlx.
codeql	Perform CodeQL Analysis	2025-12-12T07:11:03.0091797Z [71/88] Loaded /opt/hostedtoolcache/CodeQL/2.23.6/x64/codeql/qlpacks/codeql/javascript-queries/2.2.0/Security/CWE-830/FunctionalityFromUntrustedDomain.qlx.
codeql	Perform CodeQL Analysis	2025-12-12T07:11:03.0223721Z [72/88] Loaded /opt/hostedtoolcache/CodeQL/2.23.6/x64/codeql/qlpacks/codeql/javascript-queries/2.2.0/Security/CWE-918/RequestForgery.qlx.
codeql	Perform CodeQL Analysis	2025-12-12T07:11:03.0512760Z [73/88] Loaded /opt/hostedtoolcache/CodeQL/2.23.6/x64/codeql/qlpacks/codeql/javascript-queries/2.2.0/Security/CWE-693/InsecureHelmet.qlx.
codeql	Perform CodeQL Analysis	2025-12-12T07:11:03.0586999Z [74/88] Loaded /opt/hostedtoolcache/CodeQL/2.23.6/x64/codeql/qlpacks/codeql/javascript-queries/2.2.0/Security/CWE-400/DeepObjectResourceExhaustion.qlx.
codeql	Perform CodeQL Analysis	2025-12-12T07:11:03.0814830Z [75/88] Loaded /opt/hostedtoolcache/CodeQL/2.23.6/x64/codeql/qlpacks/codeql/javascript-queries/2.2.0/AngularJS/DisablingSce.qlx.
codeql	Perform CodeQL Analysis	2025-12-12T07:11:03.1290257Z [76/88] Loaded /opt/hostedtoolcache/CodeQL/2.23.6/x64/codeql/qlpacks/codeql/javascript-queries/2.2.0/AngularJS/DoubleCompilation.qlx.
codeql	Perform CodeQL Analysis	2025-12-12T07:11:03.1400653Z [77/88] Loaded /opt/hostedtoolcache/CodeQL/2.23.6/x64/codeql/qlpacks/codeql/javascript-queries/2.2.0/Security/CWE-209/StackTraceExposure.qlx.
codeql	Perform CodeQL Analysis	2025-12-12T07:11:03.2370140Z [78/88] Loaded /opt/hostedtoolcache/CodeQL/2.23.6/x64/codeql/qlpacks/codeql/javascript-queries/2.2.0/AngularJS/InsecureUrlWhitelist.qlx.
codeql	Perform CodeQL Analysis	2025-12-12T07:11:03.2521574Z [79/88] Loaded /opt/hostedtoolcache/CodeQL/2.23.6/x64/codeql/qlpacks/codeql/javascript-queries/2.2.0/Performance/ReDoS.qlx.
codeql	Perform CodeQL Analysis	2025-12-12T07:11:03.2594082Z [80/88] Loaded /opt/hostedtoolcache/CodeQL/2.23.6/x64/codeql/qlpacks/codeql/javascript-queries/2.2.0/Security/CWE-611/Xxe.qlx.
codeql	Perform CodeQL Analysis	2025-12-12T07:11:03.2809541Z [81/88] Loaded /opt/hostedtoolcache/CodeQL/2.23.6/x64/codeql/qlpacks/codeql/javascript-queries/2.2.0/RegExp/IdentityReplacement.qlx.
codeql	Perform CodeQL Analysis	2025-12-12T07:11:03.2914017Z [82/88] Loaded /opt/hostedtoolcache/CodeQL/2.23.6/x64/codeql/qlpacks/codeql/javascript-queries/2.2.0/Electron/AllowRunningInsecureContent.qlx.
codeql	Perform CodeQL Analysis	2025-12-12T07:11:03.3083637Z [83/88] Loaded /opt/hostedtoolcache/CodeQL/2.23.6/x64/codeql/qlpacks/codeql/javascript-queries/2.2.0/Diagnostics/ExtractedFiles.qlx.
codeql	Perform CodeQL Analysis	2025-12-12T07:11:03.3228417Z [84/88] Loaded /opt/hostedtoolcache/CodeQL/2.23.6/x64/codeql/qlpacks/codeql/javascript-queries/2.2.0/Electron/DisablingWebSecurity.qlx.
codeql	Perform CodeQL Analysis	2025-12-12T07:11:03.3230280Z [85/88] Loaded /opt/hostedtoolcache/CodeQL/2.23.6/x64/codeql/qlpacks/codeql/javascript-queries/2.2.0/Diagnostics/ExtractionErrors.qlx.
codeql	Perform CodeQL Analysis	2025-12-12T07:11:03.3371525Z [86/88] Loaded /opt/hostedtoolcache/CodeQL/2.23.6/x64/codeql/qlpacks/codeql/javascript-queries/2.2.0/Summary/LinesOfCode.qlx.
codeql	Perform CodeQL Analysis	2025-12-12T07:11:03.3924415Z [87/88] Loaded /opt/hostedtoolcache/CodeQL/2.23.6/x64/codeql/qlpacks/codeql/javascript-queries/2.2.0/Performance/PolynomialReDoS.qlx.
codeql	Perform CodeQL Analysis	2025-12-12T07:11:03.3945779Z [88/88] Loaded /opt/hostedtoolcache/CodeQL/2.23.6/x64/codeql/qlpacks/codeql/javascript-queries/2.2.0/Summary/LinesOfUserCode.qlx.
codeql	Perform CodeQL Analysis	2025-12-12T07:11:03.8591275Z Starting evaluation of codeql/javascript-queries/AngularJS/DisablingSce.ql.
codeql	Perform CodeQL Analysis	2025-12-12T07:11:03.8595609Z Starting evaluation of codeql/javascript-queries/AngularJS/DoubleCompilation.ql.
codeql	Perform CodeQL Analysis	2025-12-12T07:11:03.8599976Z Starting evaluation of codeql/javascript-queries/AngularJS/InsecureUrlWhitelist.ql.
codeql	Perform CodeQL Analysis	2025-12-12T07:11:03.8606189Z Starting evaluation of codeql/javascript-queries/Diagnostics/ExtractedFiles.ql.
codeql	Perform CodeQL Analysis	2025-12-12T07:11:03.8656507Z Starting evaluation of codeql/javascript-queries/Diagnostics/ExtractionErrors.ql.
codeql	Perform CodeQL Analysis	2025-12-12T07:11:03.8658499Z Starting evaluation of codeql/javascript-queries/Electron/AllowRunningInsecureContent.ql.
codeql	Perform CodeQL Analysis	2025-12-12T07:11:03.8664124Z Starting evaluation of codeql/javascript-queries/Electron/DisablingWebSecurity.ql.
codeql	Perform CodeQL Analysis	2025-12-12T07:11:03.8676026Z Starting evaluation of codeql/javascript-queries/Performance/PolynomialReDoS.ql.
codeql	Perform CodeQL Analysis	2025-12-12T07:11:03.8681473Z Starting evaluation of codeql/javascript-queries/Performance/ReDoS.ql.
codeql	Perform CodeQL Analysis	2025-12-12T07:11:05.6161805Z [1/88 eval 1.7s] Evaluation done; writing results to codeql/javascript-queries/Diagnostics/ExtractedFiles.bqrs.
codeql	Perform CodeQL Analysis	2025-12-12T07:11:05.6575965Z [2/88 eval 1.8s] Evaluation done; writing results to codeql/javascript-queries/Diagnostics/ExtractionErrors.bqrs.
codeql	Perform CodeQL Analysis	2025-12-12T07:11:07.0190083Z [3/88 eval 3.2s] Evaluation done; writing results to codeql/javascript-queries/AngularJS/DisablingSce.bqrs.
codeql	Perform CodeQL Analysis	2025-12-12T07:11:07.6079483Z [4/88 eval 3.7s] Evaluation done; writing results to codeql/javascript-queries/AngularJS/InsecureUrlWhitelist.bqrs.
codeql	Perform CodeQL Analysis	2025-12-12T07:11:07.6902531Z [5/88 eval 3.8s] Evaluation done; writing results to codeql/javascript-queries/Electron/AllowRunningInsecureContent.bqrs.
codeql	Perform CodeQL Analysis	2025-12-12T07:11:07.6903853Z [6/88 eval 3.8s] Evaluation done; writing results to codeql/javascript-queries/Electron/DisablingWebSecurity.bqrs.
codeql	Perform CodeQL Analysis	2025-12-12T07:11:08.1675765Z [7/88 eval 4.3s] Evaluation done; writing results to codeql/javascript-queries/AngularJS/DoubleCompilation.bqrs.
codeql	Perform CodeQL Analysis	2025-12-12T07:11:08.4267079Z Starting evaluation of codeql/javascript-queries/RegExp/IdentityReplacement.ql.
codeql	Perform CodeQL Analysis	2025-12-12T07:11:08.4330568Z Starting evaluation of codeql/javascript-queries/Security/CWE-020/IncompleteHostnameRegExp.ql.
codeql	Perform CodeQL Analysis	2025-12-12T07:11:08.4351135Z Starting evaluation of codeql/javascript-queries/Security/CWE-020/IncompleteUrlSchemeCheck.ql.
codeql	Perform CodeQL Analysis	2025-12-12T07:11:08.5572818Z [8/88 eval 130ms] Evaluation done; writing results to codeql/javascript-queries/RegExp/IdentityReplacement.bqrs.
codeql	Perform CodeQL Analysis	2025-12-12T07:11:08.6967508Z Starting evaluation of codeql/javascript-queries/Security/CWE-020/IncompleteUrlSubstringSanitization.ql.
codeql	Perform CodeQL Analysis	2025-12-12T07:11:08.7244770Z Starting evaluation of codeql/javascript-queries/Security/CWE-020/IncorrectSuffixCheck.ql.
codeql	Perform CodeQL Analysis	2025-12-12T07:11:08.7281491Z Starting evaluation of codeql/javascript-queries/Security/CWE-020/OverlyLargeRange.ql.
codeql	Perform CodeQL Analysis	2025-12-12T07:11:08.7286525Z Starting evaluation of codeql/javascript-queries/Security/CWE-020/UselessRegExpCharacterEscape.ql.
codeql	Perform CodeQL Analysis	2025-12-12T07:11:08.7544067Z [9/88 eval 31ms] Evaluation done; writing results to codeql/javascript-queries/Security/CWE-020/IncorrectSuffixCheck.bqrs.
codeql	Perform CodeQL Analysis	2025-12-12T07:11:08.7609419Z Starting evaluation of codeql/javascript-queries/Security/CWE-022/TaintedPath.ql.
codeql	Perform CodeQL Analysis	2025-12-12T07:11:08.7656822Z Starting evaluation of codeql/javascript-queries/Security/CWE-022/ZipSlip.ql.
codeql	Perform CodeQL Analysis	2025-12-12T07:11:08.7973662Z Starting evaluation of codeql/javascript-queries/Security/CWE-073/TemplateObjectInjection.ql.
codeql	Perform CodeQL Analysis	2025-12-12T07:11:08.9970364Z Starting evaluation of codeql/javascript-queries/Security/CWE-078/CommandInjection.ql.
codeql	Perform CodeQL Analysis	2025-12-12T07:11:09.0043599Z Starting evaluation of codeql/javascript-queries/Security/CWE-078/SecondOrderCommandInjection.ql.
codeql	Perform CodeQL Analysis	2025-12-12T07:11:09.0183586Z Starting evaluation of codeql/javascript-queries/Security/CWE-078/ShellCommandInjectionFromEnvironment.ql.
codeql	Perform CodeQL Analysis	2025-12-12T07:11:09.1108640Z Starting evaluation of codeql/javascript-queries/Security/CWE-078/UnsafeShellCommandConstruction.ql.
codeql	Perform CodeQL Analysis	2025-12-12T07:11:09.1882968Z Starting evaluation of codeql/javascript-queries/Security/CWE-078/UselessUseOfCat.ql.
codeql	Perform CodeQL Analysis	2025-12-12T07:11:09.1938456Z Starting evaluation of codeql/javascript-queries/Security/CWE-079/ExceptionXss.ql.
codeql	Perform CodeQL Analysis	2025-12-12T07:11:09.2187604Z Starting evaluation of codeql/javascript-queries/Security/CWE-079/ReflectedXss.ql.
codeql	Perform CodeQL Analysis	2025-12-12T07:11:09.2686311Z Starting evaluation of codeql/javascript-queries/Security/CWE-079/StoredXss.ql.
codeql	Perform CodeQL Analysis	2025-12-12T07:11:09.5087750Z Starting evaluation of codeql/javascript-queries/Security/CWE-079/UnsafeHtmlConstruction.ql.
codeql	Perform CodeQL Analysis	2025-12-12T07:11:09.5681816Z Starting evaluation of codeql/javascript-queries/Security/CWE-079/UnsafeJQueryPlugin.ql.
codeql	Perform CodeQL Analysis	2025-12-12T07:11:09.5798840Z Starting evaluation of codeql/javascript-queries/Security/CWE-079/Xss.ql.
codeql	Perform CodeQL Analysis	2025-12-12T07:11:09.5944967Z Starting evaluation of codeql/javascript-queries/Security/CWE-079/XssThroughDom.ql.
codeql	Perform CodeQL Analysis	2025-12-12T07:11:09.7897358Z [10/88 eval 991ms] Evaluation done; writing results to codeql/javascript-queries/Security/CWE-073/TemplateObjectInjection.bqrs.
codeql	Perform CodeQL Analysis	2025-12-12T07:11:09.8505051Z Starting evaluation of codeql/javascript-queries/Security/CWE-089/SqlInjection.ql.
codeql	Perform CodeQL Analysis	2025-12-12T07:11:09.8853344Z Starting evaluation of codeql/javascript-queries/Security/CWE-094/CodeInjection.ql.
codeql	Perform CodeQL Analysis	2025-12-12T07:11:10.0563111Z [11/88 eval 1.4s] Evaluation done; writing results to codeql/javascript-queries/Security/CWE-020/IncompleteUrlSubstringSanitization.bqrs.
codeql	Perform CodeQL Analysis	2025-12-12T07:11:10.1561659Z [12/88 eval 1.7s] Evaluation done; writing results to codeql/javascript-queries/Security/CWE-020/IncompleteUrlSchemeCheck.bqrs.
codeql	Perform CodeQL Analysis	2025-12-12T07:11:10.3265804Z [13/88 eval 1.2s] Evaluation done; writing results to codeql/javascript-queries/Security/CWE-078/UnsafeShellCommandConstruction.bqrs.
codeql	Perform CodeQL Analysis	2025-12-12T07:11:10.3484290Z Starting evaluation of codeql/javascript-queries/Security/CWE-094/ImproperCodeSanitization.ql.
codeql	Perform CodeQL Analysis	2025-12-12T07:11:10.3788617Z [14/88 eval 809ms] Evaluation done; writing results to codeql/javascript-queries/Security/CWE-079/UnsafeJQueryPlugin.bqrs.
codeql	Perform CodeQL Analysis	2025-12-12T07:11:10.4203678Z Starting evaluation of codeql/javascript-queries/Security/CWE-094/UnsafeDynamicMethodAccess.ql.
codeql	Perform CodeQL Analysis	2025-12-12T07:11:10.4503034Z [15/88 eval 102ms] Evaluation done; writing results to codeql/javascript-queries/Security/CWE-094/ImproperCodeSanitization.bqrs.
codeql	Perform CodeQL Analysis	2025-12-12T07:11:10.4541934Z Starting evaluation of codeql/javascript-queries/Security/CWE-1004/ClientExposedCookie.ql.
codeql	Perform CodeQL Analysis	2025-12-12T07:11:11.4373699Z [16/88 eval 2.7s] Evaluation done; writing results to codeql/javascript-queries/Security/CWE-020/OverlyLargeRange.bqrs.
codeql	Perform CodeQL Analysis	2025-12-12T07:11:11.5160788Z [17/88 eval 2.8s] Evaluation done; writing results to codeql/javascript-queries/Security/CWE-020/UselessRegExpCharacterEscape.bqrs.
codeql	Perform CodeQL Analysis	2025-12-12T07:11:11.5854895Z [18/88 eval 2.8s] Evaluation done; writing results to codeql/javascript-queries/Security/CWE-022/ZipSlip.bqrs.
codeql	Perform CodeQL Analysis	2025-12-12T07:11:11.9352549Z [19/88 eval 8.1s] Evaluation done; writing results to codeql/javascript-queries/Performance/ReDoS.bqrs.
codeql	Perform CodeQL Analysis	2025-12-12T07:11:11.9566929Z [20/88 eval 3.5s] Evaluation done; writing results to codeql/javascript-queries/Security/CWE-020/IncompleteHostnameRegExp.bqrs.
codeql	Perform CodeQL Analysis	2025-12-12T07:11:12.2766493Z [21/88 eval 3.3s] Evaluation done; writing results to codeql/javascript-queries/Security/CWE-078/SecondOrderCommandInjection.bqrs.
codeql	Perform CodeQL Analysis	2025-12-12T07:11:12.2961468Z [22/88 eval 3.3s] Evaluation done; writing results to codeql/javascript-queries/Security/CWE-078/ShellCommandInjectionFromEnvironment.bqrs.
codeql	Perform CodeQL Analysis	2025-12-12T07:11:12.2996382Z [23/88 eval 3.1s] Evaluation done; writing results to codeql/javascript-queries/Security/CWE-078/UselessUseOfCat.bqrs.
codeql	Perform CodeQL Analysis	2025-12-12T07:11:12.7205765Z [24/88 eval 3.5s] Evaluation done; writing results to codeql/javascript-queries/Security/CWE-079/StoredXss.bqrs.
codeql	Perform CodeQL Analysis	2025-12-12T07:11:12.7341764Z [25/88 eval 4s] Evaluation done; writing results to codeql/javascript-queries/Security/CWE-022/TaintedPath.bqrs.
codeql	Perform CodeQL Analysis	2025-12-12T07:11:12.8155068Z [26/88 eval 3.6s] Evaluation done; writing results to codeql/javascript-queries/Security/CWE-079/ReflectedXss.bqrs.
codeql	Perform CodeQL Analysis	2025-12-12T07:11:12.8433404Z [27/88 eval 3.3s] Evaluation done; writing results to codeql/javascript-queries/Security/CWE-079/UnsafeHtmlConstruction.bqrs.
codeql	Perform CodeQL Analysis	2025-12-12T07:11:13.0837635Z [28/88 eval 9.2s] Evaluation done; writing results to codeql/javascript-queries/Performance/PolynomialReDoS.bqrs.
codeql	Perform CodeQL Analysis	2025-12-12T07:11:13.1225677Z [29/88 eval 3.5s] Evaluation done; writing results to codeql/javascript-queries/Security/CWE-079/Xss.bqrs.
codeql	Perform CodeQL Analysis	2025-12-12T07:11:13.1501445Z [30/88 eval 4s] Evaluation done; writing results to codeql/javascript-queries/Security/CWE-079/ExceptionXss.bqrs.
codeql	Perform CodeQL Analysis	2025-12-12T07:11:13.1829128Z [31/88 eval 3.6s] Evaluation done; writing results to codeql/javascript-queries/Security/CWE-079/XssThroughDom.bqrs.
codeql	Perform CodeQL Analysis	2025-12-12T07:11:13.2219517Z [32/88 eval 4.2s] Evaluation done; writing results to codeql/javascript-queries/Security/CWE-078/CommandInjection.bqrs.
codeql	Perform CodeQL Analysis	2025-12-12T07:11:13.3081904Z [33/88 eval 3.5s] Evaluation done; writing results to codeql/javascript-queries/Security/CWE-089/SqlInjection.bqrs.
codeql	Perform CodeQL Analysis	2025-12-12T07:11:13.3649428Z [34/88 eval 2.9s] Evaluation done; writing results to codeql/javascript-queries/Security/CWE-094/UnsafeDynamicMethodAccess.bqrs.
codeql	Perform CodeQL Analysis	2025-12-12T07:11:13.3851479Z Starting evaluation of codeql/javascript-queries/Security/CWE-116/BadTagFilter.ql.
codeql	Perform CodeQL Analysis	2025-12-12T07:11:13.3993025Z [35/88 eval 2.9s] Evaluation done; writing results to codeql/javascript-queries/Security/CWE-1004/ClientExposedCookie.bqrs.
codeql	Perform CodeQL Analysis	2025-12-12T07:11:13.3999161Z [36/88 eval 3.5s] Evaluation done; writing results to codeql/javascript-queries/Security/CWE-094/CodeInjection.bqrs.
codeql	Perform CodeQL Analysis	2025-12-12T07:11:13.4006661Z Starting evaluation of codeql/javascript-queries/Security/CWE-116/DoubleEscaping.ql.
codeql	Perform CodeQL Analysis	2025-12-12T07:11:13.4074784Z Starting evaluation of codeql/javascript-queries/Security/CWE-116/IncompleteMultiCharacterSanitization.ql.
codeql	Perform CodeQL Analysis	2025-12-12T07:11:13.4076003Z Starting evaluation of codeql/javascript-queries/Security/CWE-116/IncompleteHtmlAttributeSanitization.ql.
codeql	Perform CodeQL Analysis	2025-12-12T07:11:13.4077114Z Starting evaluation of codeql/javascript-queries/Security/CWE-116/IncompleteSanitization.ql.
codeql	Perform CodeQL Analysis	2025-12-12T07:11:13.4532622Z [37/88 eval 52ms] Evaluation done; writing results to codeql/javascript-queries/Security/CWE-116/DoubleEscaping.bqrs.
codeql	Perform CodeQL Analysis	2025-12-12T07:11:13.5042911Z [38/88 eval 97ms] Evaluation done; writing results to codeql/javascript-queries/Security/CWE-116/IncompleteSanitization.bqrs.
codeql	Perform CodeQL Analysis	2025-12-12T07:11:13.5073302Z Starting evaluation of codeql/javascript-queries/Security/CWE-116/UnsafeHtmlExpansion.ql.
codeql	Perform CodeQL Analysis	2025-12-12T07:11:13.5082829Z Starting evaluation of codeql/javascript-queries/Security/CWE-134/TaintedFormatString.ql.
codeql	Perform CodeQL Analysis	2025-12-12T07:11:13.5106152Z [39/88 eval 3ms] Evaluation done; writing results to codeql/javascript-queries/Security/CWE-116/UnsafeHtmlExpansion.bqrs.
codeql	Perform CodeQL Analysis	2025-12-12T07:11:13.5172104Z [40/88 eval 110ms] Evaluation done; writing results to codeql/javascript-queries/Security/CWE-116/IncompleteMultiCharacterSanitization.bqrs.
codeql	Perform CodeQL Analysis	2025-12-12T07:11:13.5270316Z Starting evaluation of codeql/javascript-queries/Security/CWE-178/CaseSensitiveMiddlewarePath.ql.
codeql	Perform CodeQL Analysis	2025-12-12T07:11:13.5280054Z [41/88 eval 143ms] Evaluation done; writing results to codeql/javascript-queries/Security/CWE-116/BadTagFilter.bqrs.
codeql	Perform CodeQL Analysis	2025-12-12T07:11:13.5423080Z [42/88 eval 134ms] Evaluation done; writing results to codeql/javascript-queries/Security/CWE-116/IncompleteHtmlAttributeSanitization.bqrs.
codeql	Perform CodeQL Analysis	2025-12-12T07:11:13.5463924Z Starting evaluation of codeql/javascript-queries/Security/CWE-200/PrivateFileExposure.ql.
codeql	Perform CodeQL Analysis	2025-12-12T07:11:13.5465079Z Starting evaluation of codeql/javascript-queries/Security/CWE-201/PostMessageStar.ql.
codeql	Perform CodeQL Analysis	2025-12-12T07:11:13.5509045Z [43/88 eval 24ms] Evaluation done; writing results to codeql/javascript-queries/Security/CWE-178/CaseSensitiveMiddlewarePath.bqrs.
codeql	Perform CodeQL Analysis	2025-12-12T07:11:13.5715106Z Starting evaluation of codeql/javascript-queries/Security/CWE-209/StackTraceExposure.ql.
codeql	Perform CodeQL Analysis	2025-12-12T07:11:13.5917839Z [44/88 eval 41ms] Evaluation done; writing results to codeql/javascript-queries/Security/CWE-201/PostMessageStar.bqrs.
codeql	Perform CodeQL Analysis	2025-12-12T07:11:13.6103638Z [45/88 eval 101ms] Evaluation done; writing results to codeql/javascript-queries/Security/CWE-134/TaintedFormatString.bqrs.
codeql	Perform CodeQL Analysis	2025-12-12T07:11:13.6312739Z Starting evaluation of codeql/javascript-queries/Security/CWE-295/DisablingCertificateValidation.ql.
codeql	Perform CodeQL Analysis	2025-12-12T07:11:13.6317790Z [46/88 eval 57ms] Evaluation done; writing results to codeql/javascript-queries/Security/CWE-209/StackTraceExposure.bqrs.
codeql	Perform CodeQL Analysis	2025-12-12T07:11:13.6361976Z [47/88 eval 89ms] Evaluation done; writing results to codeql/javascript-queries/Security/CWE-200/PrivateFileExposure.bqrs.
codeql	Perform CodeQL Analysis	2025-12-12T07:11:13.6471616Z Starting evaluation of codeql/javascript-queries/Security/CWE-300/InsecureDependencyResolution.ql.
codeql	Perform CodeQL Analysis	2025-12-12T07:11:13.6478578Z Starting evaluation of codeql/javascript-queries/Security/CWE-312/BuildArtifactLeak.ql.
codeql	Perform CodeQL Analysis	2025-12-12T07:11:13.6603374Z [48/88 eval 6ms] Evaluation done; writing results to codeql/javascript-queries/Security/CWE-300/InsecureDependencyResolution.bqrs.
codeql	Perform CodeQL Analysis	2025-12-12T07:11:13.6627251Z Starting evaluation of codeql/javascript-queries/Security/CWE-312/CleartextLogging.ql.
codeql	Perform CodeQL Analysis	2025-12-12T07:11:13.6743904Z [49/88 eval 25ms] Evaluation done; writing results to codeql/javascript-queries/Security/CWE-312/BuildArtifactLeak.bqrs.
codeql	Perform CodeQL Analysis	2025-12-12T07:11:13.6841011Z [50/88 eval 50ms] Evaluation done; writing results to codeql/javascript-queries/Security/CWE-295/DisablingCertificateValidation.bqrs.
codeql	Perform CodeQL Analysis	2025-12-12T07:11:13.6843353Z Starting evaluation of codeql/javascript-queries/Security/CWE-312/CleartextStorage.ql.
codeql	Perform CodeQL Analysis	2025-12-12T07:11:13.8101503Z [51/88 eval 127ms] Evaluation done; writing results to codeql/javascript-queries/Security/CWE-312/CleartextStorage.bqrs.
codeql	Perform CodeQL Analysis	2025-12-12T07:11:13.9557101Z Starting evaluation of codeql/javascript-queries/Security/CWE-326/InsufficientKeySize.ql.
codeql	Perform CodeQL Analysis	2025-12-12T07:11:13.9788005Z Starting evaluation of codeql/javascript-queries/Security/CWE-327/BadRandomness.ql.
codeql	Perform CodeQL Analysis	2025-12-12T07:11:13.9807924Z Starting evaluation of codeql/javascript-queries/Security/CWE-327/BrokenCryptoAlgorithm.ql.
codeql	Perform CodeQL Analysis	2025-12-12T07:11:13.9812739Z Starting evaluation of codeql/javascript-queries/Security/CWE-338/InsecureRandomness.ql.
codeql	Perform CodeQL Analysis	2025-12-12T07:11:13.9817312Z Starting evaluation of codeql/javascript-queries/Security/CWE-346/CorsMisconfigurationForCredentials.ql.
codeql	Perform CodeQL Analysis	2025-12-12T07:11:13.9851624Z [52/88 eval 29ms] Evaluation done; writing results to codeql/javascript-queries/Security/CWE-326/InsufficientKeySize.bqrs.
codeql	Perform CodeQL Analysis	2025-12-12T07:11:14.0111418Z [53/88 eval 30ms] Evaluation done; writing results to codeql/javascript-queries/Security/CWE-327/BadRandomness.bqrs.
codeql	Perform CodeQL Analysis	2025-12-12T07:11:14.0428957Z [54/88 eval 60ms] Evaluation done; writing results to codeql/javascript-queries/Security/CWE-346/CorsMisconfigurationForCredentials.bqrs.
codeql	Perform CodeQL Analysis	2025-12-12T07:11:14.0849921Z [55/88 eval 105ms] Evaluation done; writing results to codeql/javascript-queries/Security/CWE-327/BrokenCryptoAlgorithm.bqrs.
codeql	Perform CodeQL Analysis	2025-12-12T07:11:14.2159003Z Starting evaluation of codeql/javascript-queries/Security/CWE-347/MissingJWTKeyVerification.ql.
codeql	Perform CodeQL Analysis	2025-12-12T07:11:14.2230744Z Starting evaluation of codeql/javascript-queries/Security/CWE-352/MissingCsrfMiddleware.ql.
codeql	Perform CodeQL Analysis	2025-12-12T07:11:14.2443548Z [56/88 eval 579ms] Evaluation done; writing results to codeql/javascript-queries/Security/CWE-312/CleartextLogging.bqrs.
codeql	Perform CodeQL Analysis	2025-12-12T07:11:14.2445304Z [57/88 eval 26ms] Evaluation done; writing results to codeql/javascript-queries/Security/CWE-347/MissingJWTKeyVerification.bqrs.
codeql	Perform CodeQL Analysis	2025-12-12T07:11:14.2474182Z Starting evaluation of codeql/javascript-queries/Security/CWE-400/DeepObjectResourceExhaustion.ql.
codeql	Perform CodeQL Analysis	2025-12-12T07:11:14.2503346Z Starting evaluation of codeql/javascript-queries/Security/CWE-502/UnsafeDeserialization.ql.
codeql	Perform CodeQL Analysis	2025-12-12T07:11:14.2591260Z [58/88 eval 31ms] Evaluation done; writing results to codeql/javascript-queries/Security/CWE-352/MissingCsrfMiddleware.bqrs.
codeql	Perform CodeQL Analysis	2025-12-12T07:11:14.2628976Z Starting evaluation of codeql/javascript-queries/Security/CWE-598/SensitiveGetQuery.ql.
codeql	Perform CodeQL Analysis	2025-12-12T07:11:14.3030282Z [59/88 eval 55ms] Evaluation done; writing results to codeql/javascript-queries/Security/CWE-400/DeepObjectResourceExhaustion.bqrs.
codeql	Perform CodeQL Analysis	2025-12-12T07:11:14.3155270Z [60/88 eval 52ms] Evaluation done; writing results to codeql/javascript-queries/Security/CWE-598/SensitiveGetQuery.bqrs.
codeql	Perform CodeQL Analysis	2025-12-12T07:11:14.3165786Z Starting evaluation of codeql/javascript-queries/Security/CWE-601/ClientSideUrlRedirect.ql.
codeql	Perform CodeQL Analysis	2025-12-12T07:11:14.3336084Z Starting evaluation of codeql/javascript-queries/Security/CWE-601/ServerSideUrlRedirect.ql.
codeql	Perform CodeQL Analysis	2025-12-12T07:11:14.3353903Z [61/88 eval 84ms] Evaluation done; writing results to codeql/javascript-queries/Security/CWE-502/UnsafeDeserialization.bqrs.
codeql	Perform CodeQL Analysis	2025-12-12T07:11:14.4461441Z [62/88 eval 462ms] Evaluation done; writing results to codeql/javascript-queries/Security/CWE-338/InsecureRandomness.bqrs.
codeql	Perform CodeQL Analysis	2025-12-12T07:11:14.4574438Z Starting evaluation of codeql/javascript-queries/Security/CWE-611/Xxe.ql.
codeql	Perform CodeQL Analysis	2025-12-12T07:11:14.4575545Z Starting evaluation of codeql/javascript-queries/Security/CWE-614/ClearTextCookie.ql.
codeql	Perform CodeQL Analysis	2025-12-12T07:11:14.4576870Z Starting evaluation of codeql/javascript-queries/Security/CWE-640/HostHeaderPoisoningInEmailGeneration.ql.
codeql	Perform CodeQL Analysis	2025-12-12T07:11:14.4584861Z Starting evaluation of codeql/javascript-queries/Security/CWE-643/XpathInjection.ql.
codeql	Perform CodeQL Analysis	2025-12-12T07:11:14.4586120Z Starting evaluation of codeql/javascript-queries/Security/CWE-693/InsecureHelmet.ql.
codeql	Perform CodeQL Analysis	2025-12-12T07:11:14.4587961Z Starting evaluation of codeql/javascript-queries/Security/CWE-730/RegExpInjection.ql.
codeql	Perform CodeQL Analysis	2025-12-12T07:11:14.4588942Z Starting evaluation of codeql/javascript-queries/Security/CWE-730/ServerCrash.ql.
codeql	Perform CodeQL Analysis	2025-12-12T07:11:14.4591370Z Starting evaluation of codeql/javascript-queries/Security/CWE-754/UnvalidatedDynamicMethodCall.ql.
codeql	Perform CodeQL Analysis	2025-12-12T07:11:14.4592488Z Starting evaluation of codeql/javascript-queries/Security/CWE-770/MissingRateLimiting.ql.
codeql	Perform CodeQL Analysis	2025-12-12T07:11:14.4593484Z Starting evaluation of codeql/javascript-queries/Security/CWE-770/ResourceExhaustion.ql.
codeql	Perform CodeQL Analysis	2025-12-12T07:11:14.4594370Z Starting evaluation of codeql/javascript-queries/Security/CWE-776/XmlBomb.ql.
codeql	Perform CodeQL Analysis	2025-12-12T07:11:14.4595239Z Starting evaluation of codeql/javascript-queries/Security/CWE-829/InsecureDownload.ql.
codeql	Perform CodeQL Analysis	2025-12-12T07:11:14.4596278Z Starting evaluation of codeql/javascript-queries/Security/CWE-830/FunctionalityFromUntrustedDomain.ql.
codeql	Perform CodeQL Analysis	2025-12-12T07:11:14.4597427Z Starting evaluation of codeql/javascript-queries/Security/CWE-830/FunctionalityFromUntrustedSource.ql.
codeql	Perform CodeQL Analysis	2025-12-12T07:11:14.4598484Z Starting evaluation of codeql/javascript-queries/Security/CWE-834/LoopBoundInjection.ql.
codeql	Perform CodeQL Analysis	2025-12-12T07:11:14.4599583Z Starting evaluation of codeql/javascript-queries/Security/CWE-843/TypeConfusionThroughParameterTampering.ql.
codeql	Perform CodeQL Analysis	2025-12-12T07:11:14.4600947Z Starting evaluation of codeql/javascript-queries/Security/CWE-915/PrototypePollutingAssignment.ql.
codeql	Perform CodeQL Analysis	2025-12-12T07:11:14.4602047Z Starting evaluation of codeql/javascript-queries/Security/CWE-915/PrototypePollutingFunction.ql.
codeql	Perform CodeQL Analysis	2025-12-12T07:11:14.4603132Z Starting evaluation of codeql/javascript-queries/Security/CWE-915/PrototypePollutingMergeCall.ql.
codeql	Perform CodeQL Analysis	2025-12-12T07:11:14.4604204Z Starting evaluation of codeql/javascript-queries/Security/CWE-916/InsufficientPasswordHash.ql.
codeql	Perform CodeQL Analysis	2025-12-12T07:11:14.4605470Z Starting evaluation of codeql/javascript-queries/Security/CWE-918/RequestForgery.ql.
codeql	Perform CodeQL Analysis	2025-12-12T07:11:14.4606498Z Starting evaluation of codeql/javascript-queries/Security/CWE-942/CorsPermissiveConfiguration.ql.
codeql	Perform CodeQL Analysis	2025-12-12T07:11:14.4607442Z Starting evaluation of codeql/javascript-queries/Summary/LinesOfCode.ql.
codeql	Perform CodeQL Analysis	2025-12-12T07:11:14.4608256Z Starting evaluation of codeql/javascript-queries/Summary/LinesOfUserCode.ql.
codeql	Perform CodeQL Analysis	2025-12-12T07:11:14.4700619Z [63/88 eval 136ms] Evaluation done; writing results to codeql/javascript-queries/Security/CWE-601/ServerSideUrlRedirect.bqrs.
codeql	Perform CodeQL Analysis	2025-12-12T07:11:14.5118944Z [64/88 eval 55ms] Evaluation done; writing results to codeql/javascript-queries/Security/CWE-730/RegExpInjection.bqrs.
codeql	Perform CodeQL Analysis	2025-12-12T07:11:14.5221757Z [65/88 eval 64ms] Evaluation done; writing results to codeql/javascript-queries/Security/CWE-942/CorsPermissiveConfiguration.bqrs.
codeql	Perform CodeQL Analysis	2025-12-12T07:11:14.5281530Z [66/88 eval 68ms] Evaluation done; writing results to codeql/javascript-queries/Summary/LinesOfCode.bqrs.
codeql	Perform CodeQL Analysis	2025-12-12T07:11:14.5594915Z [67/88 eval 104ms] Evaluation done; writing results to codeql/javascript-queries/Security/CWE-611/Xxe.bqrs.
codeql	Perform CodeQL Analysis	2025-12-12T07:11:14.5613288Z [68/88 eval 105ms] Evaluation done; writing results to codeql/javascript-queries/Security/CWE-614/ClearTextCookie.bqrs.
codeql	Perform CodeQL Analysis	2025-12-12T07:11:14.5985541Z [69/88 eval 141ms] Evaluation done; writing results to codeql/javascript-queries/Security/CWE-640/HostHeaderPoisoningInEmailGeneration.bqrs.
codeql	Perform CodeQL Analysis	2025-12-12T07:11:14.6038910Z [70/88 eval 148ms] Evaluation done; writing results to codeql/javascript-queries/Security/CWE-643/XpathInjection.bqrs.
codeql	Perform CodeQL Analysis	2025-12-12T07:11:14.6167120Z [71/88 eval 160ms] Evaluation done; writing results to codeql/javascript-queries/Security/CWE-730/ServerCrash.bqrs.
codeql	Perform CodeQL Analysis	2025-12-12T07:11:14.6289893Z [72/88 eval 171ms] Evaluation done; writing results to codeql/javascript-queries/Security/CWE-693/InsecureHelmet.bqrs.
codeql	Perform CodeQL Analysis	2025-12-12T07:11:14.6369600Z [73/88 eval 180ms] Evaluation done; writing results to codeql/javascript-queries/Security/CWE-770/MissingRateLimiting.bqrs.
codeql	Perform CodeQL Analysis	2025-12-12T07:11:14.6515367Z [74/88 eval 195ms] Evaluation done; writing results to codeql/javascript-queries/Security/CWE-776/XmlBomb.bqrs.
codeql	Perform CodeQL Analysis	2025-12-12T07:11:14.8015870Z [75/88 eval 345ms] Evaluation done; writing results to codeql/javascript-queries/Security/CWE-770/ResourceExhaustion.bqrs.
codeql	Perform CodeQL Analysis	2025-12-12T07:11:14.8115266Z [76/88 eval 355ms] Evaluation done; writing results to codeql/javascript-queries/Security/CWE-830/FunctionalityFromUntrustedSource.bqrs.
codeql	Perform CodeQL Analysis	2025-12-12T07:11:14.8151556Z [77/88 eval 358ms] Evaluation done; writing results to codeql/javascript-queries/Security/CWE-830/FunctionalityFromUntrustedDomain.bqrs.
codeql	Perform CodeQL Analysis	2025-12-12T07:11:14.8473714Z [78/88 eval 389ms] Evaluation done; writing results to codeql/javascript-queries/Security/CWE-754/UnvalidatedDynamicMethodCall.bqrs.
codeql	Perform CodeQL Analysis	2025-12-12T07:11:14.8814352Z [79/88 eval 424ms] Evaluation done; writing results to codeql/javascript-queries/Security/CWE-834/LoopBoundInjection.bqrs.
codeql	Perform CodeQL Analysis	2025-12-12T07:11:14.8917112Z [80/88 eval 435ms] Evaluation done; writing results to codeql/javascript-queries/Security/CWE-829/InsecureDownload.bqrs.
codeql	Perform CodeQL Analysis	2025-12-12T07:11:14.9446384Z [81/88 eval 488ms] Evaluation done; writing results to codeql/javascript-queries/Security/CWE-843/TypeConfusionThroughParameterTampering.bqrs.
codeql	Perform CodeQL Analysis	2025-12-12T07:11:14.9855510Z [82/88 eval 669ms] Evaluation done; writing results to codeql/javascript-queries/Security/CWE-601/ClientSideUrlRedirect.bqrs.
codeql	Perform CodeQL Analysis	2025-12-12T07:11:15.0249878Z [83/88 eval 567ms] Evaluation done; writing results to codeql/javascript-queries/Security/CWE-915/PrototypePollutingMergeCall.bqrs.
codeql	Perform CodeQL Analysis	2025-12-12T07:11:15.0473602Z [84/88 eval 588ms] Evaluation done; writing results to codeql/javascript-queries/Security/CWE-915/PrototypePollutingFunction.bqrs.
codeql	Perform CodeQL Analysis	2025-12-12T07:11:15.1655727Z [85/88 eval 708ms] Evaluation done; writing results to codeql/javascript-queries/Security/CWE-916/InsufficientPasswordHash.bqrs.
codeql	Perform CodeQL Analysis	2025-12-12T07:11:15.2840615Z [86/88 eval 826ms] Evaluation done; writing results to codeql/javascript-queries/Security/CWE-915/PrototypePollutingAssignment.bqrs.
codeql	Perform CodeQL Analysis	2025-12-12T07:11:15.4251234Z [87/88 eval 963ms] Evaluation done; writing results to codeql/javascript-queries/Security/CWE-918/RequestForgery.bqrs.
codeql	Perform CodeQL Analysis	2025-12-12T07:11:15.4784448Z [88/88 eval 1s] Evaluation done; writing results to codeql/javascript-queries/Summary/LinesOfUserCode.bqrs.
codeql	Perform CodeQL Analysis	2025-12-12T07:11:15.4801475Z Shutting down query evaluator.
codeql	Perform CodeQL Analysis	2025-12-12T07:11:15.5920847Z Interpreting code scanning results for javascript
codeql	Perform CodeQL Analysis	2025-12-12T07:11:16.3007894Z Writing logs to /home/runner/work/_temp/codeql_databases/javascript/log/database-interpret-results-20251212.071116.297.log.
codeql	Perform CodeQL Analysis	2025-12-12T07:11:16.4545229Z Recording pack reference codeql/javascript-queries at /opt/hostedtoolcache/CodeQL/2.23.6/x64/codeql/qlpacks/codeql/javascript-queries/2.2.0.
codeql	Perform CodeQL Analysis	2025-12-12T07:11:16.4866327Z Resolving extensions
codeql	Perform CodeQL Analysis	2025-12-12T07:11:16.8741406Z Interpreting /opt/hostedtoolcache/CodeQL/2.23.6/x64/codeql/qlpacks/codeql/javascript-queries/2.2.0/Security/CWE-312/CleartextLogging.ql...
codeql	Perform CodeQL Analysis	2025-12-12T07:11:16.9009312Z  ... found results file at /home/runner/work/_temp/codeql_databases/javascript/results/codeql/javascript-queries/Security/CWE-312/CleartextLogging.bqrs.
codeql	Perform CodeQL Analysis	2025-12-12T07:11:16.9173783Z Interpreting /opt/hostedtoolcache/CodeQL/2.23.6/x64/codeql/qlpacks/codeql/javascript-queries/2.2.0/Security/CWE-312/CleartextStorage.ql...
codeql	Perform CodeQL Analysis	2025-12-12T07:11:16.9298503Z  ... found results file at /home/runner/work/_temp/codeql_databases/javascript/results/codeql/javascript-queries/Security/CWE-312/CleartextStorage.bqrs.
codeql	Perform CodeQL Analysis	2025-12-12T07:11:16.9305266Z Interpreting /opt/hostedtoolcache/CodeQL/2.23.6/x64/codeql/qlpacks/codeql/javascript-queries/2.2.0/Security/CWE-312/BuildArtifactLeak.ql...
codeql	Perform CodeQL Analysis	2025-12-12T07:11:16.9440992Z  ... found results file at /home/runner/work/_temp/codeql_databases/javascript/results/codeql/javascript-queries/Security/CWE-312/BuildArtifactLeak.bqrs.
codeql	Perform CodeQL Analysis	2025-12-12T07:11:16.9443094Z Interpreting /opt/hostedtoolcache/CodeQL/2.23.6/x64/codeql/qlpacks/codeql/javascript-queries/2.2.0/Security/CWE-020/IncorrectSuffixCheck.ql...
codeql	Perform CodeQL Analysis	2025-12-12T07:11:16.9523590Z  ... found results file at /home/runner/work/_temp/codeql_databases/javascript/results/codeql/javascript-queries/Security/CWE-020/IncorrectSuffixCheck.bqrs.
codeql	Perform CodeQL Analysis	2025-12-12T07:11:16.9530624Z Interpreting /opt/hostedtoolcache/CodeQL/2.23.6/x64/codeql/qlpacks/codeql/javascript-queries/2.2.0/Security/CWE-020/IncompleteUrlSubstringSanitization.ql...
codeql	Perform CodeQL Analysis	2025-12-12T07:11:16.9655650Z  ... found results file at /home/runner/work/_temp/codeql_databases/javascript/results/codeql/javascript-queries/Security/CWE-020/IncompleteUrlSubstringSanitization.bqrs.
codeql	Perform CodeQL Analysis	2025-12-12T07:11:16.9662892Z Interpreting /opt/hostedtoolcache/CodeQL/2.23.6/x64/codeql/qlpacks/codeql/javascript-queries/2.2.0/Security/CWE-020/IncompleteHostnameRegExp.ql...
codeql	Perform CodeQL Analysis	2025-12-12T07:11:16.9752002Z  ... found results file at /home/runner/work/_temp/codeql_databases/javascript/results/codeql/javascript-queries/Security/CWE-020/IncompleteHostnameRegExp.bqrs.
codeql	Perform CodeQL Analysis	2025-12-12T07:11:16.9758963Z Interpreting /opt/hostedtoolcache/CodeQL/2.23.6/x64/codeql/qlpacks/codeql/javascript-queries/2.2.0/Security/CWE-020/IncompleteUrlSchemeCheck.ql...
codeql	Perform CodeQL Analysis	2025-12-12T07:11:16.9842480Z  ... found results file at /home/runner/work/_temp/codeql_databases/javascript/results/codeql/javascript-queries/Security/CWE-020/IncompleteUrlSchemeCheck.bqrs.
codeql	Perform CodeQL Analysis	2025-12-12T07:11:16.9849015Z Interpreting /opt/hostedtoolcache/CodeQL/2.23.6/x64/codeql/qlpacks/codeql/javascript-queries/2.2.0/Security/CWE-020/OverlyLargeRange.ql...
codeql	Perform CodeQL Analysis	2025-12-12T07:11:16.9951071Z  ... found results file at /home/runner/work/_temp/codeql_databases/javascript/results/codeql/javascript-queries/Security/CWE-020/OverlyLargeRange.bqrs.
codeql	Perform CodeQL Analysis	2025-12-12T07:11:16.9952948Z Interpreting /opt/hostedtoolcache/CodeQL/2.23.6/x64/codeql/qlpacks/codeql/javascript-queries/2.2.0/Security/CWE-020/UselessRegExpCharacterEscape.ql...
codeql	Perform CodeQL Analysis	2025-12-12T07:11:17.0021224Z  ... found results file at /home/runner/work/_temp/codeql_databases/javascript/results/codeql/javascript-queries/Security/CWE-020/UselessRegExpCharacterEscape.bqrs.
codeql	Perform CodeQL Analysis	2025-12-12T07:11:17.0053402Z Interpreting /opt/hostedtoolcache/CodeQL/2.23.6/x64/codeql/qlpacks/codeql/javascript-queries/2.2.0/Security/CWE-770/ResourceExhaustion.ql...
codeql	Perform CodeQL Analysis	2025-12-12T07:11:17.0121145Z  ... found results file at /home/runner/work/_temp/codeql_databases/javascript/results/codeql/javascript-queries/Security/CWE-770/ResourceExhaustion.bqrs.
codeql	Perform CodeQL Analysis	2025-12-12T07:11:17.0123319Z Interpreting /opt/hostedtoolcache/CodeQL/2.23.6/x64/codeql/qlpacks/codeql/javascript-queries/2.2.0/Security/CWE-770/MissingRateLimiting.ql...
codeql	Perform CodeQL Analysis	2025-12-12T07:11:17.0184426Z  ... found results file at /home/runner/work/_temp/codeql_databases/javascript/results/codeql/javascript-queries/Security/CWE-770/MissingRateLimiting.bqrs.
codeql	Perform CodeQL Analysis	2025-12-12T07:11:17.0191510Z Interpreting /opt/hostedtoolcache/CodeQL/2.23.6/x64/codeql/qlpacks/codeql/javascript-queries/2.2.0/Security/CWE-776/XmlBomb.ql...
codeql	Perform CodeQL Analysis	2025-12-12T07:11:17.0266828Z  ... found results file at /home/runner/work/_temp/codeql_databases/javascript/results/codeql/javascript-queries/Security/CWE-776/XmlBomb.bqrs.
codeql	Perform CodeQL Analysis	2025-12-12T07:11:17.0273618Z Interpreting /opt/hostedtoolcache/CodeQL/2.23.6/x64/codeql/qlpacks/codeql/javascript-queries/2.2.0/Security/CWE-201/PostMessageStar.ql...
codeql	Perform CodeQL Analysis	2025-12-12T07:11:17.0345542Z  ... found results file at /home/runner/work/_temp/codeql_databases/javascript/results/codeql/javascript-queries/Security/CWE-201/PostMessageStar.bqrs.
codeql	Perform CodeQL Analysis	2025-12-12T07:11:17.0353032Z Interpreting /opt/hostedtoolcache/CodeQL/2.23.6/x64/codeql/qlpacks/codeql/javascript-queries/2.2.0/Security/CWE-326/InsufficientKeySize.ql...
codeql	Perform CodeQL Analysis	2025-12-12T07:11:17.0432147Z  ... found results file at /home/runner/work/_temp/codeql_databases/javascript/results/codeql/javascript-queries/Security/CWE-326/InsufficientKeySize.bqrs.
codeql	Perform CodeQL Analysis	2025-12-12T07:11:17.0441467Z Interpreting /opt/hostedtoolcache/CodeQL/2.23.6/x64/codeql/qlpacks/codeql/javascript-queries/2.2.0/Security/CWE-916/InsufficientPasswordHash.ql...
codeql	Perform CodeQL Analysis	2025-12-12T07:11:17.0505021Z  ... found results file at /home/runner/work/_temp/codeql_databases/javascript/results/codeql/javascript-queries/Security/CWE-916/InsufficientPasswordHash.bqrs.
codeql	Perform CodeQL Analysis	2025-12-12T07:11:17.0513017Z Interpreting /opt/hostedtoolcache/CodeQL/2.23.6/x64/codeql/qlpacks/codeql/javascript-queries/2.2.0/Security/CWE-338/InsecureRandomness.ql...
codeql	Perform CodeQL Analysis	2025-12-12T07:11:17.0581893Z  ... found results file at /home/runner/work/_temp/codeql_databases/javascript/results/codeql/javascript-queries/Security/CWE-338/InsecureRandomness.bqrs.
codeql	Perform CodeQL Analysis	2025-12-12T07:11:17.0601076Z Interpreting /opt/hostedtoolcache/CodeQL/2.23.6/x64/codeql/qlpacks/codeql/javascript-queries/2.2.0/Security/CWE-601/ServerSideUrlRedirect.ql...
codeql	Perform CodeQL Analysis	2025-12-12T07:11:17.0650460Z  ... found results file at /home/runner/work/_temp/codeql_databases/javascript/results/codeql/javascript-queries/Security/CWE-601/ServerSideUrlRedirect.bqrs.
codeql	Perform CodeQL Analysis	2025-12-12T07:11:17.0655764Z Interpreting /opt/hostedtoolcache/CodeQL/2.23.6/x64/codeql/qlpacks/codeql/javascript-queries/2.2.0/Security/CWE-601/ClientSideUrlRedirect.ql...
codeql	Perform CodeQL Analysis	2025-12-12T07:11:17.0777888Z  ... found results file at /home/runner/work/_temp/codeql_databases/javascript/results/codeql/javascript-queries/Security/CWE-601/ClientSideUrlRedirect.bqrs.
codeql	Perform CodeQL Analysis	2025-12-12T07:11:17.0788463Z Interpreting /opt/hostedtoolcache/CodeQL/2.23.6/x64/codeql/qlpacks/codeql/javascript-queries/2.2.0/Security/CWE-829/InsecureDownload.ql...
codeql	Perform CodeQL Analysis	2025-12-12T07:11:17.0852429Z  ... found results file at /home/runner/work/_temp/codeql_databases/javascript/results/codeql/javascript-queries/Security/CWE-829/InsecureDownload.bqrs.
codeql	Perform CodeQL Analysis	2025-12-12T07:11:17.0862409Z Interpreting /opt/hostedtoolcache/CodeQL/2.23.6/x64/codeql/qlpacks/codeql/javascript-queries/2.2.0/Security/CWE-078/ShellCommandInjectionFromEnvironment.ql...
codeql	Perform CodeQL Analysis	2025-12-12T07:11:17.0925783Z  ... found results file at /home/runner/work/_temp/codeql_databases/javascript/results/codeql/javascript-queries/Security/CWE-078/ShellCommandInjectionFromEnvironment.bqrs.
codeql	Perform CodeQL Analysis	2025-12-12T07:11:17.0934813Z Interpreting /opt/hostedtoolcache/CodeQL/2.23.6/x64/codeql/qlpacks/codeql/javascript-queries/2.2.0/Security/CWE-078/CommandInjection.ql...
codeql	Perform CodeQL Analysis	2025-12-12T07:11:17.1014167Z  ... found results file at /home/runner/work/_temp/codeql_databases/javascript/results/codeql/javascript-queries/Security/CWE-078/CommandInjection.bqrs.
codeql	Perform CodeQL Analysis	2025-12-12T07:11:17.1017009Z Interpreting /opt/hostedtoolcache/CodeQL/2.23.6/x64/codeql/qlpacks/codeql/javascript-queries/2.2.0/Security/CWE-078/UnsafeShellCommandConstruction.ql...
codeql	Perform CodeQL Analysis	2025-12-12T07:11:17.1076442Z  ... found results file at /home/runner/work/_temp/codeql_databases/javascript/results/codeql/javascript-queries/Security/CWE-078/UnsafeShellCommandConstruction.bqrs.
codeql	Perform CodeQL Analysis	2025-12-12T07:11:17.1083866Z Interpreting /opt/hostedtoolcache/CodeQL/2.23.6/x64/codeql/qlpacks/codeql/javascript-queries/2.2.0/Security/CWE-078/UselessUseOfCat.ql...
codeql	Perform CodeQL Analysis	2025-12-12T07:11:17.1157041Z  ... found results file at /home/runner/work/_temp/codeql_databases/javascript/results/codeql/javascript-queries/Security/CWE-078/UselessUseOfCat.bqrs.
codeql	Perform CodeQL Analysis	2025-12-12T07:11:17.1167936Z Interpreting /opt/hostedtoolcache/CodeQL/2.23.6/x64/codeql/qlpacks/codeql/javascript-queries/2.2.0/Security/CWE-078/SecondOrderCommandInjection.ql...
codeql	Perform CodeQL Analysis	2025-12-12T07:11:17.1235838Z  ... found results file at /home/runner/work/_temp/codeql_databases/javascript/results/codeql/javascript-queries/Security/CWE-078/SecondOrderCommandInjection.bqrs.
codeql	Perform CodeQL Analysis	2025-12-12T07:11:17.1237958Z Interpreting /opt/hostedtoolcache/CodeQL/2.23.6/x64/codeql/qlpacks/codeql/javascript-queries/2.2.0/Security/CWE-300/InsecureDependencyResolution.ql...
codeql	Perform CodeQL Analysis	2025-12-12T07:11:17.1296523Z  ... found results file at /home/runner/work/_temp/codeql_databases/javascript/results/codeql/javascript-queries/Security/CWE-300/InsecureDependencyResolution.bqrs.
codeql	Perform CodeQL Analysis	2025-12-12T07:11:17.1303014Z Interpreting /opt/hostedtoolcache/CodeQL/2.23.6/x64/codeql/qlpacks/codeql/javascript-queries/2.2.0/Security/CWE-295/DisablingCertificateValidation.ql...
codeql	Perform CodeQL Analysis	2025-12-12T07:11:17.1369634Z  ... found results file at /home/runner/work/_temp/codeql_databases/javascript/results/codeql/javascript-queries/Security/CWE-295/DisablingCertificateValidation.bqrs.
codeql	Perform CodeQL Analysis	2025-12-12T07:11:17.1402238Z Interpreting /opt/hostedtoolcache/CodeQL/2.23.6/x64/codeql/qlpacks/codeql/javascript-queries/2.2.0/Security/CWE-643/XpathInjection.ql...
codeql	Perform CodeQL Analysis	2025-12-12T07:11:17.1433719Z  ... found results file at /home/runner/work/_temp/codeql_databases/javascript/results/codeql/javascript-queries/Security/CWE-643/XpathInjection.bqrs.
codeql	Perform CodeQL Analysis	2025-12-12T07:11:17.1439158Z Interpreting /opt/hostedtoolcache/CodeQL/2.23.6/x64/codeql/qlpacks/codeql/javascript-queries/2.2.0/Security/CWE-079/UnsafeHtmlConstruction.ql...
codeql	Perform CodeQL Analysis	2025-12-12T07:11:17.1499157Z  ... found results file at /home/runner/work/_temp/codeql_databases/javascript/results/codeql/javascript-queries/Security/CWE-079/UnsafeHtmlConstruction.bqrs.
codeql	Perform CodeQL Analysis	2025-12-12T07:11:17.1505016Z Interpreting /opt/hostedtoolcache/CodeQL/2.23.6/x64/codeql/qlpacks/codeql/javascript-queries/2.2.0/Security/CWE-079/StoredXss.ql...
codeql	Perform CodeQL Analysis	2025-12-12T07:11:17.1590330Z  ... found results file at /home/runner/work/_temp/codeql_databases/javascript/results/codeql/javascript-queries/Security/CWE-079/StoredXss.bqrs.
codeql	Perform CodeQL Analysis	2025-12-12T07:11:17.1606362Z Interpreting /opt/hostedtoolcache/CodeQL/2.23.6/x64/codeql/qlpacks/codeql/javascript-queries/2.2.0/Security/CWE-079/ReflectedXss.ql...
codeql	Perform CodeQL Analysis	2025-12-12T07:11:17.1665443Z  ... found results file at /home/runner/work/_temp/codeql_databases/javascript/results/codeql/javascript-queries/Security/CWE-079/ReflectedXss.bqrs.
codeql	Perform CodeQL Analysis	2025-12-12T07:11:17.1668428Z Interpreting /opt/hostedtoolcache/CodeQL/2.23.6/x64/codeql/qlpacks/codeql/javascript-queries/2.2.0/Security/CWE-079/XssThroughDom.ql...
codeql	Perform CodeQL Analysis	2025-12-12T07:11:17.1757219Z  ... found results file at /home/runner/work/_temp/codeql_databases/javascript/results/codeql/javascript-queries/Security/CWE-079/XssThroughDom.bqrs.
codeql	Perform CodeQL Analysis	2025-12-12T07:11:17.1781171Z Interpreting /opt/hostedtoolcache/CodeQL/2.23.6/x64/codeql/qlpacks/codeql/javascript-queries/2.2.0/Security/CWE-079/ExceptionXss.ql...
codeql	Perform CodeQL Analysis	2025-12-12T07:11:17.1805748Z  ... found results file at /home/runner/work/_temp/codeql_databases/javascript/results/codeql/javascript-queries/Security/CWE-079/ExceptionXss.bqrs.
codeql	Perform CodeQL Analysis	2025-12-12T07:11:17.1810857Z Interpreting /opt/hostedtoolcache/CodeQL/2.23.6/x64/codeql/qlpacks/codeql/javascript-queries/2.2.0/Security/CWE-079/UnsafeJQueryPlugin.ql...
codeql	Perform CodeQL Analysis	2025-12-12T07:11:17.1873737Z  ... found results file at /home/runner/work/_temp/codeql_databases/javascript/results/codeql/javascript-queries/Security/CWE-079/UnsafeJQueryPlugin.bqrs.
codeql	Perform CodeQL Analysis	2025-12-12T07:11:17.1886281Z Interpreting /opt/hostedtoolcache/CodeQL/2.23.6/x64/codeql/qlpacks/codeql/javascript-queries/2.2.0/Security/CWE-079/Xss.ql...
codeql	Perform CodeQL Analysis	2025-12-12T07:11:17.1952822Z  ... found results file at /home/runner/work/_temp/codeql_databases/javascript/results/codeql/javascript-queries/Security/CWE-079/Xss.bqrs.
codeql	Perform CodeQL Analysis	2025-12-12T07:11:17.1955901Z Interpreting /opt/hostedtoolcache/CodeQL/2.23.6/x64/codeql/qlpacks/codeql/javascript-queries/2.2.0/Security/CWE-089/SqlInjection.ql...
codeql	Perform CodeQL Analysis	2025-12-12T07:11:17.1995292Z  ... found results file at /home/runner/work/_temp/codeql_databases/javascript/results/codeql/javascript-queries/Security/CWE-089/SqlInjection.bqrs.
codeql	Perform CodeQL Analysis	2025-12-12T07:11:17.2012963Z Interpreting /opt/hostedtoolcache/CodeQL/2.23.6/x64/codeql/qlpacks/codeql/javascript-queries/2.2.0/Security/CWE-640/HostHeaderPoisoningInEmailGeneration.ql...
codeql	Perform CodeQL Analysis	2025-12-12T07:11:17.2055844Z  ... found results file at /home/runner/work/_temp/codeql_databases/javascript/results/codeql/javascript-queries/Security/CWE-640/HostHeaderPoisoningInEmailGeneration.bqrs.
codeql	Perform CodeQL Analysis	2025-12-12T07:11:17.2070857Z Interpreting /opt/hostedtoolcache/CodeQL/2.23.6/x64/codeql/qlpacks/codeql/javascript-queries/2.2.0/Security/CWE-073/TemplateObjectInjection.ql...
codeql	Perform CodeQL Analysis	2025-12-12T07:11:17.2124798Z  ... found results file at /home/runner/work/_temp/codeql_databases/javascript/results/codeql/javascript-queries/Security/CWE-073/TemplateObjectInjection.bqrs.
codeql	Perform CodeQL Analysis	2025-12-12T07:11:17.2130684Z Interpreting /opt/hostedtoolcache/CodeQL/2.23.6/x64/codeql/qlpacks/codeql/javascript-queries/2.2.0/Security/CWE-022/ZipSlip.ql...
codeql	Perform CodeQL Analysis	2025-12-12T07:11:17.2193715Z  ... found results file at /home/runner/work/_temp/codeql_databases/javascript/results/codeql/javascript-queries/Security/CWE-022/ZipSlip.bqrs.
codeql	Perform CodeQL Analysis	2025-12-12T07:11:17.2209026Z Interpreting /opt/hostedtoolcache/CodeQL/2.23.6/x64/codeql/qlpacks/codeql/javascript-queries/2.2.0/Security/CWE-022/TaintedPath.ql...
codeql	Perform CodeQL Analysis	2025-12-12T07:11:17.2282079Z  ... found results file at /home/runner/work/_temp/codeql_databases/javascript/results/codeql/javascript-queries/Security/CWE-022/TaintedPath.bqrs.
codeql	Perform CodeQL Analysis	2025-12-12T07:11:17.2284040Z Interpreting /opt/hostedtoolcache/CodeQL/2.23.6/x64/codeql/qlpacks/codeql/javascript-queries/2.2.0/Security/CWE-614/ClearTextCookie.ql...
codeql	Perform CodeQL Analysis	2025-12-12T07:11:17.2320106Z  ... found results file at /home/runner/work/_temp/codeql_databases/javascript/results/codeql/javascript-queries/Security/CWE-614/ClearTextCookie.bqrs.
codeql	Perform CodeQL Analysis	2025-12-12T07:11:17.2324698Z Interpreting /opt/hostedtoolcache/CodeQL/2.23.6/x64/codeql/qlpacks/codeql/javascript-queries/2.2.0/Security/CWE-347/MissingJWTKeyVerification.ql...
codeql	Perform CodeQL Analysis	2025-12-12T07:11:17.2377633Z  ... found results file at /home/runner/work/_temp/codeql_databases/javascript/results/codeql/javascript-queries/Security/CWE-347/MissingJWTKeyVerification.bqrs.
codeql	Perform CodeQL Analysis	2025-12-12T07:11:17.2383186Z Interpreting /opt/hostedtoolcache/CodeQL/2.23.6/x64/codeql/qlpacks/codeql/javascript-queries/2.2.0/Security/CWE-843/TypeConfusionThroughParameterTampering.ql...
codeql	Perform CodeQL Analysis	2025-12-12T07:11:17.2435767Z  ... found results file at /home/runner/work/_temp/codeql_databases/javascript/results/codeql/javascript-queries/Security/CWE-843/TypeConfusionThroughParameterTampering.bqrs.
codeql	Perform CodeQL Analysis	2025-12-12T07:11:17.2439531Z Interpreting /opt/hostedtoolcache/CodeQL/2.23.6/x64/codeql/qlpacks/codeql/javascript-queries/2.2.0/Security/CWE-178/CaseSensitiveMiddlewarePath.ql...
codeql	Perform CodeQL Analysis	2025-12-12T07:11:17.2511619Z  ... found results file at /home/runner/work/_temp/codeql_databases/javascript/results/codeql/javascript-queries/Security/CWE-178/CaseSensitiveMiddlewarePath.bqrs.
codeql	Perform CodeQL Analysis	2025-12-12T07:11:17.2513518Z Interpreting /opt/hostedtoolcache/CodeQL/2.23.6/x64/codeql/qlpacks/codeql/javascript-queries/2.2.0/Security/CWE-1004/ClientExposedCookie.ql...
codeql	Perform CodeQL Analysis	2025-12-12T07:11:17.2575304Z  ... found results file at /home/runner/work/_temp/codeql_databases/javascript/results/codeql/javascript-queries/Security/CWE-1004/ClientExposedCookie.bqrs.
codeql	Perform CodeQL Analysis	2025-12-12T07:11:17.2577125Z Interpreting /opt/hostedtoolcache/CodeQL/2.23.6/x64/codeql/qlpacks/codeql/javascript-queries/2.2.0/Security/CWE-834/LoopBoundInjection.ql...
codeql	Perform CodeQL Analysis	2025-12-12T07:11:17.2607299Z  ... found results file at /home/runner/work/_temp/codeql_databases/javascript/results/codeql/javascript-queries/Security/CWE-834/LoopBoundInjection.bqrs.
codeql	Perform CodeQL Analysis	2025-12-12T07:11:17.2622559Z Interpreting /opt/hostedtoolcache/CodeQL/2.23.6/x64/codeql/qlpacks/codeql/javascript-queries/2.2.0/Security/CWE-116/BadTagFilter.ql...
codeql	Perform CodeQL Analysis	2025-12-12T07:11:17.2660953Z  ... found results file at /home/runner/work/_temp/codeql_databases/javascript/results/codeql/javascript-queries/Security/CWE-116/BadTagFilter.bqrs.
codeql	Perform CodeQL Analysis	2025-12-12T07:11:17.2666654Z Interpreting /opt/hostedtoolcache/CodeQL/2.23.6/x64/codeql/qlpacks/codeql/javascript-queries/2.2.0/Security/CWE-116/DoubleEscaping.ql...
codeql	Perform CodeQL Analysis	2025-12-12T07:11:17.2705815Z  ... found results file at /home/runner/work/_temp/codeql_databases/javascript/results/codeql/javascript-queries/Security/CWE-116/DoubleEscaping.bqrs.
codeql	Perform CodeQL Analysis	2025-12-12T07:11:17.2712134Z Interpreting /opt/hostedtoolcache/CodeQL/2.23.6/x64/codeql/qlpacks/codeql/javascript-queries/2.2.0/Security/CWE-116/IncompleteSanitization.ql...
codeql	Perform CodeQL Analysis	2025-12-12T07:11:17.2762930Z  ... found results file at /home/runner/work/_temp/codeql_databases/javascript/results/codeql/javascript-queries/Security/CWE-116/IncompleteSanitization.bqrs.
codeql	Perform CodeQL Analysis	2025-12-12T07:11:17.2781290Z Interpreting /opt/hostedtoolcache/CodeQL/2.23.6/x64/codeql/qlpacks/codeql/javascript-queries/2.2.0/Security/CWE-116/UnsafeHtmlExpansion.ql...
codeql	Perform CodeQL Analysis	2025-12-12T07:11:17.2815692Z  ... found results file at /home/runner/work/_temp/codeql_databases/javascript/results/codeql/javascript-queries/Security/CWE-116/UnsafeHtmlExpansion.bqrs.
codeql	Perform CodeQL Analysis	2025-12-12T07:11:17.2825083Z Interpreting /opt/hostedtoolcache/CodeQL/2.23.6/x64/codeql/qlpacks/codeql/javascript-queries/2.2.0/Security/CWE-116/IncompleteHtmlAttributeSanitization.ql...
codeql	Perform CodeQL Analysis	2025-12-12T07:11:17.2879867Z  ... found results file at /home/runner/work/_temp/codeql_databases/javascript/results/codeql/javascript-queries/Security/CWE-116/IncompleteHtmlAttributeSanitization.bqrs.
codeql	Perform CodeQL Analysis	2025-12-12T07:11:17.2884021Z Interpreting /opt/hostedtoolcache/CodeQL/2.23.6/x64/codeql/qlpacks/codeql/javascript-queries/2.2.0/Security/CWE-116/IncompleteMultiCharacterSanitization.ql...
codeql	Perform CodeQL Analysis	2025-12-12T07:11:17.2919152Z  ... found results file at /home/runner/work/_temp/codeql_databases/javascript/results/codeql/javascript-queries/Security/CWE-116/IncompleteMultiCharacterSanitization.bqrs.
codeql	Perform CodeQL Analysis	2025-12-12T07:11:17.2925318Z Interpreting /opt/hostedtoolcache/CodeQL/2.23.6/x64/codeql/qlpacks/codeql/javascript-queries/2.2.0/Security/CWE-915/PrototypePollutingFunction.ql...
codeql	Perform CodeQL Analysis	2025-12-12T07:11:17.2968594Z  ... found results file at /home/runner/work/_temp/codeql_databases/javascript/results/codeql/javascript-queries/Security/CWE-915/PrototypePollutingFunction.bqrs.
codeql	Perform CodeQL Analysis	2025-12-12T07:11:17.2973617Z Interpreting /opt/hostedtoolcache/CodeQL/2.23.6/x64/codeql/qlpacks/codeql/javascript-queries/2.2.0/Security/CWE-915/PrototypePollutingAssignment.ql...
codeql	Perform CodeQL Analysis	2025-12-12T07:11:17.3016938Z  ... found results file at /home/runner/work/_temp/codeql_databases/javascript/results/codeql/javascript-queries/Security/CWE-915/PrototypePollutingAssignment.bqrs.
codeql	Perform CodeQL Analysis	2025-12-12T07:11:17.3028049Z Interpreting /opt/hostedtoolcache/CodeQL/2.23.6/x64/codeql/qlpacks/codeql/javascript-queries/2.2.0/Security/CWE-915/PrototypePollutingMergeCall.ql...
codeql	Perform CodeQL Analysis	2025-12-12T07:11:17.3077061Z  ... found results file at /home/runner/work/_temp/codeql_databases/javascript/results/codeql/javascript-queries/Security/CWE-915/PrototypePollutingMergeCall.bqrs.
codeql	Perform CodeQL Analysis	2025-12-12T07:11:17.3080998Z Interpreting /opt/hostedtoolcache/CodeQL/2.23.6/x64/codeql/qlpacks/codeql/javascript-queries/2.2.0/Security/CWE-352/MissingCsrfMiddleware.ql...
codeql	Perform CodeQL Analysis	2025-12-12T07:11:17.3137625Z  ... found results file at /home/runner/work/_temp/codeql_databases/javascript/results/codeql/javascript-queries/Security/CWE-352/MissingCsrfMiddleware.bqrs.
codeql	Perform CodeQL Analysis	2025-12-12T07:11:17.3140319Z Interpreting /opt/hostedtoolcache/CodeQL/2.23.6/x64/codeql/qlpacks/codeql/javascript-queries/2.2.0/Security/CWE-754/UnvalidatedDynamicMethodCall.ql...
codeql	Perform CodeQL Analysis	2025-12-12T07:11:17.3202217Z  ... found results file at /home/runner/work/_temp/codeql_databases/javascript/results/codeql/javascript-queries/Security/CWE-754/UnvalidatedDynamicMethodCall.bqrs.
codeql	Perform CodeQL Analysis	2025-12-12T07:11:17.3204351Z Interpreting /opt/hostedtoolcache/CodeQL/2.23.6/x64/codeql/qlpacks/codeql/javascript-queries/2.2.0/Security/CWE-730/ServerCrash.ql...
codeql	Perform CodeQL Analysis	2025-12-12T07:11:17.3242602Z  ... found results file at /home/runner/work/_temp/codeql_databases/javascript/results/codeql/javascript-queries/Security/CWE-730/ServerCrash.bqrs.
codeql	Perform CodeQL Analysis	2025-12-12T07:11:17.3248597Z Interpreting /opt/hostedtoolcache/CodeQL/2.23.6/x64/codeql/qlpacks/codeql/javascript-queries/2.2.0/Security/CWE-730/RegExpInjection.ql...
codeql	Perform CodeQL Analysis	2025-12-12T07:11:17.3291466Z  ... found results file at /home/runner/work/_temp/codeql_databases/javascript/results/codeql/javascript-queries/Security/CWE-730/RegExpInjection.bqrs.
codeql	Perform CodeQL Analysis	2025-12-12T07:11:17.3299324Z Interpreting /opt/hostedtoolcache/CodeQL/2.23.6/x64/codeql/qlpacks/codeql/javascript-queries/2.2.0/Security/CWE-942/CorsPermissiveConfiguration.ql...
codeql	Perform CodeQL Analysis	2025-12-12T07:11:17.3360608Z  ... found results file at /home/runner/work/_temp/codeql_databases/javascript/results/codeql/javascript-queries/Security/CWE-942/CorsPermissiveConfiguration.bqrs.
codeql	Perform CodeQL Analysis	2025-12-12T07:11:17.3366663Z Interpreting /opt/hostedtoolcache/CodeQL/2.23.6/x64/codeql/qlpacks/codeql/javascript-queries/2.2.0/Security/CWE-094/CodeInjection.ql...
codeql	Perform CodeQL Analysis	2025-12-12T07:11:17.3420949Z  ... found results file at /home/runner/work/_temp/codeql_databases/javascript/results/codeql/javascript-queries/Security/CWE-094/CodeInjection.bqrs.
codeql	Perform CodeQL Analysis	2025-12-12T07:11:17.3424335Z Interpreting /opt/hostedtoolcache/CodeQL/2.23.6/x64/codeql/qlpacks/codeql/javascript-queries/2.2.0/Security/CWE-094/UnsafeDynamicMethodAccess.ql...
codeql	Perform CodeQL Analysis	2025-12-12T07:11:17.3456232Z  ... found results file at /home/runner/work/_temp/codeql_databases/javascript/results/codeql/javascript-queries/Security/CWE-094/UnsafeDynamicMethodAccess.bqrs.
codeql	Perform CodeQL Analysis	2025-12-12T07:11:17.3458996Z Interpreting /opt/hostedtoolcache/CodeQL/2.23.6/x64/codeql/qlpacks/codeql/javascript-queries/2.2.0/Security/CWE-094/ImproperCodeSanitization.ql...
codeql	Perform CodeQL Analysis	2025-12-12T07:11:17.3505282Z  ... found results file at /home/runner/work/_temp/codeql_databases/javascript/results/codeql/javascript-queries/Security/CWE-094/ImproperCodeSanitization.bqrs.
codeql	Perform CodeQL Analysis	2025-12-12T07:11:17.3512136Z Interpreting /opt/hostedtoolcache/CodeQL/2.23.6/x64/codeql/qlpacks/codeql/javascript-queries/2.2.0/Security/CWE-502/UnsafeDeserialization.ql...
codeql	Perform CodeQL Analysis	2025-12-12T07:11:17.3559417Z  ... found results file at /home/runner/work/_temp/codeql_databases/javascript/results/codeql/javascript-queries/Security/CWE-502/UnsafeDeserialization.bqrs.
codeql	Perform CodeQL Analysis	2025-12-12T07:11:17.3565952Z Interpreting /opt/hostedtoolcache/CodeQL/2.23.6/x64/codeql/qlpacks/codeql/javascript-queries/2.2.0/Security/CWE-200/PrivateFileExposure.ql...
codeql	Perform CodeQL Analysis	2025-12-12T07:11:17.3639476Z  ... found results file at /home/runner/work/_temp/codeql_databases/javascript/results/codeql/javascript-queries/Security/CWE-200/PrivateFileExposure.bqrs.
codeql	Perform CodeQL Analysis	2025-12-12T07:11:17.3641724Z Interpreting /opt/hostedtoolcache/CodeQL/2.23.6/x64/codeql/qlpacks/codeql/javascript-queries/2.2.0/Security/CWE-598/SensitiveGetQuery.ql...
codeql	Perform CodeQL Analysis	2025-12-12T07:11:17.3692062Z  ... found results file at /home/runner/work/_temp/codeql_databases/javascript/results/codeql/javascript-queries/Security/CWE-598/SensitiveGetQuery.bqrs.
codeql	Perform CodeQL Analysis	2025-12-12T07:11:17.3694234Z Interpreting /opt/hostedtoolcache/CodeQL/2.23.6/x64/codeql/qlpacks/codeql/javascript-queries/2.2.0/Security/CWE-134/TaintedFormatString.ql...
codeql	Perform CodeQL Analysis	2025-12-12T07:11:17.3731532Z  ... found results file at /home/runner/work/_temp/codeql_databases/javascript/results/codeql/javascript-queries/Security/CWE-134/TaintedFormatString.bqrs.
codeql	Perform CodeQL Analysis	2025-12-12T07:11:17.3760370Z Interpreting /opt/hostedtoolcache/CodeQL/2.23.6/x64/codeql/qlpacks/codeql/javascript-queries/2.2.0/Security/CWE-346/CorsMisconfigurationForCredentials.ql...
codeql	Perform CodeQL Analysis	2025-12-12T07:11:17.3792409Z  ... found results file at /home/runner/work/_temp/codeql_databases/javascript/results/codeql/javascript-queries/Security/CWE-346/CorsMisconfigurationForCredentials.bqrs.
codeql	Perform CodeQL Analysis	2025-12-12T07:11:17.3821119Z Interpreting /opt/hostedtoolcache/CodeQL/2.23.6/x64/codeql/qlpacks/codeql/javascript-queries/2.2.0/Security/CWE-327/BrokenCryptoAlgorithm.ql...
codeql	Perform CodeQL Analysis	2025-12-12T07:11:17.3853296Z  ... found results file at /home/runner/work/_temp/codeql_databases/javascript/results/codeql/javascript-queries/Security/CWE-327/BrokenCryptoAlgorithm.bqrs.
codeql	Perform CodeQL Analysis	2025-12-12T07:11:17.3859358Z Interpreting /opt/hostedtoolcache/CodeQL/2.23.6/x64/codeql/qlpacks/codeql/javascript-queries/2.2.0/Security/CWE-327/BadRandomness.ql...
codeql	Perform CodeQL Analysis	2025-12-12T07:11:17.3912440Z  ... found results file at /home/runner/work/_temp/codeql_databases/javascript/results/codeql/javascript-queries/Security/CWE-327/BadRandomness.bqrs.
codeql	Perform CodeQL Analysis	2025-12-12T07:11:17.3919938Z Interpreting /opt/hostedtoolcache/CodeQL/2.23.6/x64/codeql/qlpacks/codeql/javascript-queries/2.2.0/Security/CWE-400/DeepObjectResourceExhaustion.ql...
codeql	Perform CodeQL Analysis	2025-12-12T07:11:17.3965910Z  ... found results file at /home/runner/work/_temp/codeql_databases/javascript/results/codeql/javascript-queries/Security/CWE-400/DeepObjectResourceExhaustion.bqrs.
codeql	Perform CodeQL Analysis	2025-12-12T07:11:17.3969517Z Interpreting /opt/hostedtoolcache/CodeQL/2.23.6/x64/codeql/qlpacks/codeql/javascript-queries/2.2.0/Security/CWE-918/RequestForgery.ql...
codeql	Perform CodeQL Analysis	2025-12-12T07:11:17.4012522Z  ... found results file at /home/runner/work/_temp/codeql_databases/javascript/results/codeql/javascript-queries/Security/CWE-918/RequestForgery.bqrs.
codeql	Perform CodeQL Analysis	2025-12-12T07:11:17.4019618Z Interpreting /opt/hostedtoolcache/CodeQL/2.23.6/x64/codeql/qlpacks/codeql/javascript-queries/2.2.0/Security/CWE-830/FunctionalityFromUntrustedSource.ql...
codeql	Perform CodeQL Analysis	2025-12-12T07:11:17.4073077Z  ... found results file at /home/runner/work/_temp/codeql_databases/javascript/results/codeql/javascript-queries/Security/CWE-830/FunctionalityFromUntrustedSource.bqrs.
codeql	Perform CodeQL Analysis	2025-12-12T07:11:17.4080550Z Interpreting /opt/hostedtoolcache/CodeQL/2.23.6/x64/codeql/qlpacks/codeql/javascript-queries/2.2.0/Security/CWE-830/FunctionalityFromUntrustedDomain.ql...
codeql	Perform CodeQL Analysis	2025-12-12T07:11:17.4127124Z  ... found results file at /home/runner/work/_temp/codeql_databases/javascript/results/codeql/javascript-queries/Security/CWE-830/FunctionalityFromUntrustedDomain.bqrs.
codeql	Perform CodeQL Analysis	2025-12-12T07:11:17.4151137Z Interpreting /opt/hostedtoolcache/CodeQL/2.23.6/x64/codeql/qlpacks/codeql/javascript-queries/2.2.0/Security/CWE-209/StackTraceExposure.ql...
codeql	Perform CodeQL Analysis	2025-12-12T07:11:17.4184193Z  ... found results file at /home/runner/work/_temp/codeql_databases/javascript/results/codeql/javascript-queries/Security/CWE-209/StackTraceExposure.bqrs.
codeql	Perform CodeQL Analysis	2025-12-12T07:11:17.4191126Z Interpreting /opt/hostedtoolcache/CodeQL/2.23.6/x64/codeql/qlpacks/codeql/javascript-queries/2.2.0/Security/CWE-693/InsecureHelmet.ql...
codeql	Perform CodeQL Analysis	2025-12-12T07:11:17.4242690Z  ... found results file at /home/runner/work/_temp/codeql_databases/javascript/results/codeql/javascript-queries/Security/CWE-693/InsecureHelmet.bqrs.
codeql	Perform CodeQL Analysis	2025-12-12T07:11:17.4249660Z Interpreting /opt/hostedtoolcache/CodeQL/2.23.6/x64/codeql/qlpacks/codeql/javascript-queries/2.2.0/Security/CWE-611/Xxe.ql...
codeql	Perform CodeQL Analysis	2025-12-12T07:11:17.4296945Z  ... found results file at /home/runner/work/_temp/codeql_databases/javascript/results/codeql/javascript-queries/Security/CWE-611/Xxe.bqrs.
codeql	Perform CodeQL Analysis	2025-12-12T07:11:17.4301883Z Interpreting /opt/hostedtoolcache/CodeQL/2.23.6/x64/codeql/qlpacks/codeql/javascript-queries/2.2.0/AngularJS/DisablingSce.ql...
codeql	Perform CodeQL Analysis	2025-12-12T07:11:17.4343068Z  ... found results file at /home/runner/work/_temp/codeql_databases/javascript/results/codeql/javascript-queries/AngularJS/DisablingSce.bqrs.
codeql	Perform CodeQL Analysis	2025-12-12T07:11:17.4361751Z Interpreting /opt/hostedtoolcache/CodeQL/2.23.6/x64/codeql/qlpacks/codeql/javascript-queries/2.2.0/AngularJS/DoubleCompilation.ql...
codeql	Perform CodeQL Analysis	2025-12-12T07:11:17.4387471Z  ... found results file at /home/runner/work/_temp/codeql_databases/javascript/results/codeql/javascript-queries/AngularJS/DoubleCompilation.bqrs.
codeql	Perform CodeQL Analysis	2025-12-12T07:11:17.4420840Z Interpreting /opt/hostedtoolcache/CodeQL/2.23.6/x64/codeql/qlpacks/codeql/javascript-queries/2.2.0/AngularJS/InsecureUrlWhitelist.ql...
codeql	Perform CodeQL Analysis	2025-12-12T07:11:17.4440144Z  ... found results file at /home/runner/work/_temp/codeql_databases/javascript/results/codeql/javascript-queries/AngularJS/InsecureUrlWhitelist.bqrs.
codeql	Perform CodeQL Analysis	2025-12-12T07:11:17.4451489Z Interpreting /opt/hostedtoolcache/CodeQL/2.23.6/x64/codeql/qlpacks/codeql/javascript-queries/2.2.0/Performance/ReDoS.ql...
codeql	Perform CodeQL Analysis	2025-12-12T07:11:17.4504514Z  ... found results file at /home/runner/work/_temp/codeql_databases/javascript/results/codeql/javascript-queries/Performance/ReDoS.bqrs.
codeql	Perform CodeQL Analysis	2025-12-12T07:11:17.4515470Z Interpreting /opt/hostedtoolcache/CodeQL/2.23.6/x64/codeql/qlpacks/codeql/javascript-queries/2.2.0/Performance/PolynomialReDoS.ql...
codeql	Perform CodeQL Analysis	2025-12-12T07:11:17.4547246Z  ... found results file at /home/runner/work/_temp/codeql_databases/javascript/results/codeql/javascript-queries/Performance/PolynomialReDoS.bqrs.
codeql	Perform CodeQL Analysis	2025-12-12T07:11:17.4553196Z Interpreting /opt/hostedtoolcache/CodeQL/2.23.6/x64/codeql/qlpacks/codeql/javascript-queries/2.2.0/RegExp/IdentityReplacement.ql...
codeql	Perform CodeQL Analysis	2025-12-12T07:11:17.4617480Z  ... found results file at /home/runner/work/_temp/codeql_databases/javascript/results/codeql/javascript-queries/RegExp/IdentityReplacement.bqrs.
codeql	Perform CodeQL Analysis	2025-12-12T07:11:17.4622206Z Interpreting /opt/hostedtoolcache/CodeQL/2.23.6/x64/codeql/qlpacks/codeql/javascript-queries/2.2.0/Electron/AllowRunningInsecureContent.ql...
codeql	Perform CodeQL Analysis	2025-12-12T07:11:17.4641660Z  ... found results file at /home/runner/work/_temp/codeql_databases/javascript/results/codeql/javascript-queries/Electron/AllowRunningInsecureContent.bqrs.
codeql	Perform CodeQL Analysis	2025-12-12T07:11:17.4650417Z Interpreting /opt/hostedtoolcache/CodeQL/2.23.6/x64/codeql/qlpacks/codeql/javascript-queries/2.2.0/Electron/DisablingWebSecurity.ql...
codeql	Perform CodeQL Analysis	2025-12-12T07:11:17.4688517Z  ... found results file at /home/runner/work/_temp/codeql_databases/javascript/results/codeql/javascript-queries/Electron/DisablingWebSecurity.bqrs.
codeql	Perform CodeQL Analysis	2025-12-12T07:11:17.4712212Z Interpreting /opt/hostedtoolcache/CodeQL/2.23.6/x64/codeql/qlpacks/codeql/javascript-queries/2.2.0/Diagnostics/ExtractedFiles.ql...
codeql	Perform CodeQL Analysis	2025-12-12T07:11:17.4738308Z  ... found results file at /home/runner/work/_temp/codeql_databases/javascript/results/codeql/javascript-queries/Diagnostics/ExtractedFiles.bqrs.
codeql	Perform CodeQL Analysis	2025-12-12T07:11:17.4753656Z Interpreting /opt/hostedtoolcache/CodeQL/2.23.6/x64/codeql/qlpacks/codeql/javascript-queries/2.2.0/Diagnostics/ExtractionErrors.ql...
codeql	Perform CodeQL Analysis	2025-12-12T07:11:17.4812215Z  ... found results file at /home/runner/work/_temp/codeql_databases/javascript/results/codeql/javascript-queries/Diagnostics/ExtractionErrors.bqrs.
codeql	Perform CodeQL Analysis	2025-12-12T07:11:17.4814284Z Interpreting /opt/hostedtoolcache/CodeQL/2.23.6/x64/codeql/qlpacks/codeql/javascript-queries/2.2.0/Summary/LinesOfUserCode.ql...
codeql	Perform CodeQL Analysis	2025-12-12T07:11:17.4848553Z  ... found results file at /home/runner/work/_temp/codeql_databases/javascript/results/codeql/javascript-queries/Summary/LinesOfUserCode.bqrs.
codeql	Perform CodeQL Analysis	2025-12-12T07:11:17.4853860Z Interpreting /opt/hostedtoolcache/CodeQL/2.23.6/x64/codeql/qlpacks/codeql/javascript-queries/2.2.0/Summary/LinesOfCode.ql...
codeql	Perform CodeQL Analysis	2025-12-12T07:11:17.4899462Z  ... found results file at /home/runner/work/_temp/codeql_databases/javascript/results/codeql/javascript-queries/Summary/LinesOfCode.bqrs.
codeql	Perform CodeQL Analysis	2025-12-12T07:11:17.5768209Z Interpreted pathproblem query "Clear-text logging of sensitive information" (js/clear-text-logging) at path /home/runner/work/_temp/codeql_databases/javascript/results/codeql/javascript-queries/Security/CWE-312/CleartextLogging.bqrs.
codeql	Perform CodeQL Analysis	2025-12-12T07:11:17.5792730Z Interpreted pathproblem query "Clear text storage of sensitive information" (js/clear-text-storage-of-sensitive-data) at path /home/runner/work/_temp/codeql_databases/javascript/results/codeql/javascript-queries/Security/CWE-312/CleartextStorage.bqrs.
codeql	Perform CodeQL Analysis	2025-12-12T07:11:17.5804598Z Interpreted pathproblem query "Storage of sensitive information in build artifact" (js/build-artifact-leak) at path /home/runner/work/_temp/codeql_databases/javascript/results/codeql/javascript-queries/Security/CWE-312/BuildArtifactLeak.bqrs.
codeql	Perform CodeQL Analysis	2025-12-12T07:11:17.5807394Z Interpreted problem query "Incorrect suffix check" (js/incorrect-suffix-check) at path /home/runner/work/_temp/codeql_databases/javascript/results/codeql/javascript-queries/Security/CWE-020/IncorrectSuffixCheck.bqrs.
codeql	Perform CodeQL Analysis	2025-12-12T07:11:17.5810397Z Interpreted problem query "Incomplete URL substring sanitization" (js/incomplete-url-substring-sanitization) at path /home/runner/work/_temp/codeql_databases/javascript/results/codeql/javascript-queries/Security/CWE-020/IncompleteUrlSubstringSanitization.bqrs.
codeql	Perform CodeQL Analysis	2025-12-12T07:11:17.5813550Z Interpreted problem query "Incomplete regular expression for hostnames" (js/incomplete-hostname-regexp) at path /home/runner/work/_temp/codeql_databases/javascript/results/codeql/javascript-queries/Security/CWE-020/IncompleteHostnameRegExp.bqrs.
codeql	Perform CodeQL Analysis	2025-12-12T07:11:17.5816454Z Interpreted problem query "Incomplete URL scheme check" (js/incomplete-url-scheme-check) at path /home/runner/work/_temp/codeql_databases/javascript/results/codeql/javascript-queries/Security/CWE-020/IncompleteUrlSchemeCheck.bqrs.
codeql	Perform CodeQL Analysis	2025-12-12T07:11:17.5819467Z Interpreted problem query "Overly permissive regular expression range" (js/overly-large-range) at path /home/runner/work/_temp/codeql_databases/javascript/results/codeql/javascript-queries/Security/CWE-020/OverlyLargeRange.bqrs.
codeql	Perform CodeQL Analysis	2025-12-12T07:11:17.5822658Z Interpreted problem query "Useless regular-expression character escape" (js/useless-regexp-character-escape) at path /home/runner/work/_temp/codeql_databases/javascript/results/codeql/javascript-queries/Security/CWE-020/UselessRegExpCharacterEscape.bqrs.
codeql	Perform CodeQL Analysis	2025-12-12T07:11:17.5825531Z Interpreted pathproblem query "Resource exhaustion" (js/resource-exhaustion) at path /home/runner/work/_temp/codeql_databases/javascript/results/codeql/javascript-queries/Security/CWE-770/ResourceExhaustion.bqrs.
codeql	Perform CodeQL Analysis	2025-12-12T07:11:17.5828146Z Interpreted problem query "Missing rate limiting" (js/missing-rate-limiting) at path /home/runner/work/_temp/codeql_databases/javascript/results/codeql/javascript-queries/Security/CWE-770/MissingRateLimiting.bqrs.
codeql	Perform CodeQL Analysis	2025-12-12T07:11:17.5831224Z Interpreted pathproblem query "XML internal entity expansion" (js/xml-bomb) at path /home/runner/work/_temp/codeql_databases/javascript/results/codeql/javascript-queries/Security/CWE-776/XmlBomb.bqrs.
codeql	Perform CodeQL Analysis	2025-12-12T07:11:17.5836707Z Interpreted pathproblem query "Cross-window communication with unrestricted target origin" (js/cross-window-information-leak) at path /home/runner/work/_temp/codeql_databases/javascript/results/codeql/javascript-queries/Security/CWE-201/PostMessageStar.bqrs.
codeql	Perform CodeQL Analysis	2025-12-12T07:11:17.5846775Z Interpreted problem query "Use of a weak cryptographic key" (js/insufficient-key-size) at path /home/runner/work/_temp/codeql_databases/javascript/results/codeql/javascript-queries/Security/CWE-326/InsufficientKeySize.bqrs.
codeql	Perform CodeQL Analysis	2025-12-12T07:11:17.5855221Z Interpreted pathproblem query "Use of password hash with insufficient computational effort" (js/insufficient-password-hash) at path /home/runner/work/_temp/codeql_databases/javascript/results/codeql/javascript-queries/Security/CWE-916/InsufficientPasswordHash.bqrs.
codeql	Perform CodeQL Analysis	2025-12-12T07:11:17.5858088Z Interpreted pathproblem query "Insecure randomness" (js/insecure-randomness) at path /home/runner/work/_temp/codeql_databases/javascript/results/codeql/javascript-queries/Security/CWE-338/InsecureRandomness.bqrs.
codeql	Perform CodeQL Analysis	2025-12-12T07:11:17.5860977Z Interpreted pathproblem query "Server-side URL redirect" (js/server-side-unvalidated-url-redirection) at path /home/runner/work/_temp/codeql_databases/javascript/results/codeql/javascript-queries/Security/CWE-601/ServerSideUrlRedirect.bqrs.
codeql	Perform CodeQL Analysis	2025-12-12T07:11:17.5863840Z Interpreted pathproblem query "Client-side URL redirect" (js/client-side-unvalidated-url-redirection) at path /home/runner/work/_temp/codeql_databases/javascript/results/codeql/javascript-queries/Security/CWE-601/ClientSideUrlRedirect.bqrs.
codeql	Perform CodeQL Analysis	2025-12-12T07:11:17.5866985Z Interpreted pathproblem query "Download of sensitive file through insecure connection" (js/insecure-download) at path /home/runner/work/_temp/codeql_databases/javascript/results/codeql/javascript-queries/Security/CWE-829/InsecureDownload.bqrs.
codeql	Perform CodeQL Analysis	2025-12-12T07:11:17.5870214Z Interpreted pathproblem query "Shell command built from environment values" (js/shell-command-injection-from-environment) at path /home/runner/work/_temp/codeql_databases/javascript/results/codeql/javascript-queries/Security/CWE-078/ShellCommandInjectionFromEnvironment.bqrs.
codeql	Perform CodeQL Analysis	2025-12-12T07:11:17.5873131Z Interpreted pathproblem query "Uncontrolled command line" (js/command-line-injection) at path /home/runner/work/_temp/codeql_databases/javascript/results/codeql/javascript-queries/Security/CWE-078/CommandInjection.bqrs.
codeql	Perform CodeQL Analysis	2025-12-12T07:11:17.5875975Z Interpreted pathproblem query "Unsafe shell command constructed from library input" (js/shell-command-constructed-from-input) at path /home/runner/work/_temp/codeql_databases/javascript/results/codeql/javascript-queries/Security/CWE-078/UnsafeShellCommandConstruction.bqrs.
codeql	Perform CodeQL Analysis	2025-12-12T07:11:17.5879008Z Interpreted problem query "Unnecessary use of `cat` process" (js/unnecessary-use-of-cat) at path /home/runner/work/_temp/codeql_databases/javascript/results/codeql/javascript-queries/Security/CWE-078/UselessUseOfCat.bqrs.
codeql	Perform CodeQL Analysis	2025-12-12T07:11:17.5912826Z Interpreted pathproblem query "Second order command injection" (js/second-order-command-line-injection) at path /home/runner/work/_temp/codeql_databases/javascript/results/codeql/javascript-queries/Security/CWE-078/SecondOrderCommandInjection.bqrs.
codeql	Perform CodeQL Analysis	2025-12-12T07:11:17.5915912Z Interpreted problem query "Dependency download using unencrypted communication channel" (js/insecure-dependency) at path /home/runner/work/_temp/codeql_databases/javascript/results/codeql/javascript-queries/Security/CWE-300/InsecureDependencyResolution.bqrs.
codeql	Perform CodeQL Analysis	2025-12-12T07:11:17.5918978Z Interpreted problem query "Disabling certificate validation" (js/disabling-certificate-validation) at path /home/runner/work/_temp/codeql_databases/javascript/results/codeql/javascript-queries/Security/CWE-295/DisablingCertificateValidation.bqrs.
codeql	Perform CodeQL Analysis	2025-12-12T07:11:17.5921827Z Interpreted pathproblem query "XPath injection" (js/xpath-injection) at path /home/runner/work/_temp/codeql_databases/javascript/results/codeql/javascript-queries/Security/CWE-643/XpathInjection.bqrs.
codeql	Perform CodeQL Analysis	2025-12-12T07:11:17.5924467Z Interpreted pathproblem query "Unsafe HTML constructed from library input" (js/html-constructed-from-input) at path /home/runner/work/_temp/codeql_databases/javascript/results/codeql/javascript-queries/Security/CWE-079/UnsafeHtmlConstruction.bqrs.
codeql	Perform CodeQL Analysis	2025-12-12T07:11:17.5927124Z Interpreted pathproblem query "Stored cross-site scripting" (js/stored-xss) at path /home/runner/work/_temp/codeql_databases/javascript/results/codeql/javascript-queries/Security/CWE-079/StoredXss.bqrs.
codeql	Perform CodeQL Analysis	2025-12-12T07:11:17.5930038Z Interpreted pathproblem query "Reflected cross-site scripting" (js/reflected-xss) at path /home/runner/work/_temp/codeql_databases/javascript/results/codeql/javascript-queries/Security/CWE-079/ReflectedXss.bqrs.
codeql	Perform CodeQL Analysis	2025-12-12T07:11:17.5932462Z Interpreted pathproblem query "DOM text reinterpreted as HTML" (js/xss-through-dom) at path /home/runner/work/_temp/codeql_databases/javascript/results/codeql/javascript-queries/Security/CWE-079/XssThroughDom.bqrs.
codeql	Perform CodeQL Analysis	2025-12-12T07:11:17.5934920Z Interpreted pathproblem query "Exception text reinterpreted as HTML" (js/xss-through-exception) at path /home/runner/work/_temp/codeql_databases/javascript/results/codeql/javascript-queries/Security/CWE-079/ExceptionXss.bqrs.
codeql	Perform CodeQL Analysis	2025-12-12T07:11:17.5937757Z Interpreted pathproblem query "Unsafe jQuery plugin" (js/unsafe-jquery-plugin) at path /home/runner/work/_temp/codeql_databases/javascript/results/codeql/javascript-queries/Security/CWE-079/UnsafeJQueryPlugin.bqrs.
codeql	Perform CodeQL Analysis	2025-12-12T07:11:17.5940492Z Interpreted pathproblem query "Client-side cross-site scripting" (js/xss) at path /home/runner/work/_temp/codeql_databases/javascript/results/codeql/javascript-queries/Security/CWE-079/Xss.bqrs.
codeql	Perform CodeQL Analysis	2025-12-12T07:11:17.5943196Z Interpreted pathproblem query "Database query built from user-controlled sources" (js/sql-injection) at path /home/runner/work/_temp/codeql_databases/javascript/results/codeql/javascript-queries/Security/CWE-089/SqlInjection.bqrs.
codeql	Perform CodeQL Analysis	2025-12-12T07:11:17.5946198Z Interpreted pathproblem query "Host header poisoning in email generation" (js/host-header-forgery-in-email-generation) at path /home/runner/work/_temp/codeql_databases/javascript/results/codeql/javascript-queries/Security/CWE-640/HostHeaderPoisoningInEmailGeneration.bqrs.
codeql	Perform CodeQL Analysis	2025-12-12T07:11:17.5949555Z Interpreted pathproblem query "Template Object Injection" (js/template-object-injection) at path /home/runner/work/_temp/codeql_databases/javascript/results/codeql/javascript-queries/Security/CWE-073/TemplateObjectInjection.bqrs.
codeql	Perform CodeQL Analysis	2025-12-12T07:11:17.5952358Z Interpreted pathproblem query "Arbitrary file access during archive extraction ("Zip Slip")" (js/zipslip) at path /home/runner/work/_temp/codeql_databases/javascript/results/codeql/javascript-queries/Security/CWE-022/ZipSlip.bqrs.
codeql	Perform CodeQL Analysis	2025-12-12T07:11:17.5966574Z Interpreted pathproblem query "Uncontrolled data used in path expression" (js/path-injection) at path /home/runner/work/_temp/codeql_databases/javascript/results/codeql/javascript-queries/Security/CWE-022/TaintedPath.bqrs.
codeql	Perform CodeQL Analysis	2025-12-12T07:11:17.5971625Z Interpreted problem query "Clear text transmission of sensitive cookie" (js/clear-text-cookie) at path /home/runner/work/_temp/codeql_databases/javascript/results/codeql/javascript-queries/Security/CWE-614/ClearTextCookie.bqrs.
codeql	Perform CodeQL Analysis	2025-12-12T07:11:17.5974816Z Interpreted problem query "JWT missing secret or public key verification" (js/jwt-missing-verification) at path /home/runner/work/_temp/codeql_databases/javascript/results/codeql/javascript-queries/Security/CWE-347/MissingJWTKeyVerification.bqrs.
codeql	Perform CodeQL Analysis	2025-12-12T07:11:17.5985004Z Interpreted pathproblem query "Type confusion through parameter tampering" (js/type-confusion-through-parameter-tampering) at path /home/runner/work/_temp/codeql_databases/javascript/results/codeql/javascript-queries/Security/CWE-843/TypeConfusionThroughParameterTampering.bqrs.
codeql	Perform CodeQL Analysis	2025-12-12T07:11:17.5988223Z Interpreted problem query "Case-sensitive middleware path" (js/case-sensitive-middleware-path) at path /home/runner/work/_temp/codeql_databases/javascript/results/codeql/javascript-queries/Security/CWE-178/CaseSensitiveMiddlewarePath.bqrs.
codeql	Perform CodeQL Analysis	2025-12-12T07:11:17.5991687Z Interpreted problem query "Sensitive server cookie exposed to the client" (js/client-exposed-cookie) at path /home/runner/work/_temp/codeql_databases/javascript/results/codeql/javascript-queries/Security/CWE-1004/ClientExposedCookie.bqrs.
codeql	Perform CodeQL Analysis	2025-12-12T07:11:17.5994724Z Interpreted pathproblem query "Loop bound injection" (js/loop-bound-injection) at path /home/runner/work/_temp/codeql_databases/javascript/results/codeql/javascript-queries/Security/CWE-834/LoopBoundInjection.bqrs.
codeql	Perform CodeQL Analysis	2025-12-12T07:11:17.6003171Z Interpreted problem query "Bad HTML filtering regexp" (js/bad-tag-filter) at path /home/runner/work/_temp/codeql_databases/javascript/results/codeql/javascript-queries/Security/CWE-116/BadTagFilter.bqrs.
codeql	Perform CodeQL Analysis	2025-12-12T07:11:17.6011776Z Interpreted problem query "Double escaping or unescaping" (js/double-escaping) at path /home/runner/work/_temp/codeql_databases/javascript/results/codeql/javascript-queries/Security/CWE-116/DoubleEscaping.bqrs.
codeql	Perform CodeQL Analysis	2025-12-12T07:11:17.6014383Z Interpreted problem query "Incomplete string escaping or encoding" (js/incomplete-sanitization) at path /home/runner/work/_temp/codeql_databases/javascript/results/codeql/javascript-queries/Security/CWE-116/IncompleteSanitization.bqrs.
codeql	Perform CodeQL Analysis	2025-12-12T07:11:17.6017145Z Interpreted problem query "Unsafe expansion of self-closing HTML tag" (js/unsafe-html-expansion) at path /home/runner/work/_temp/codeql_databases/javascript/results/codeql/javascript-queries/Security/CWE-116/UnsafeHtmlExpansion.bqrs.
codeql	Perform CodeQL Analysis	2025-12-12T07:11:17.6023480Z Interpreted pathproblem query "Incomplete HTML attribute sanitization" (js/incomplete-html-attribute-sanitization) at path /home/runner/work/_temp/codeql_databases/javascript/results/codeql/javascript-queries/Security/CWE-116/IncompleteHtmlAttributeSanitization.bqrs.
codeql	Perform CodeQL Analysis	2025-12-12T07:11:17.6026856Z Interpreted problem query "Incomplete multi-character sanitization" (js/incomplete-multi-character-sanitization) at path /home/runner/work/_temp/codeql_databases/javascript/results/codeql/javascript-queries/Security/CWE-116/IncompleteMultiCharacterSanitization.bqrs.
codeql	Perform CodeQL Analysis	2025-12-12T07:11:17.6030573Z Interpreted pathproblem query "Prototype-polluting function" (js/prototype-pollution-utility) at path /home/runner/work/_temp/codeql_databases/javascript/results/codeql/javascript-queries/Security/CWE-915/PrototypePollutingFunction.bqrs.
codeql	Perform CodeQL Analysis	2025-12-12T07:11:17.6033518Z Interpreted pathproblem query "Prototype-polluting assignment" (js/prototype-polluting-assignment) at path /home/runner/work/_temp/codeql_databases/javascript/results/codeql/javascript-queries/Security/CWE-915/PrototypePollutingAssignment.bqrs.
codeql	Perform CodeQL Analysis	2025-12-12T07:11:17.6036609Z Interpreted pathproblem query "Prototype-polluting merge call" (js/prototype-pollution) at path /home/runner/work/_temp/codeql_databases/javascript/results/codeql/javascript-queries/Security/CWE-915/PrototypePollutingMergeCall.bqrs.
codeql	Perform CodeQL Analysis	2025-12-12T07:11:17.6043699Z Interpreted problem query "Missing CSRF middleware" (js/missing-token-validation) at path /home/runner/work/_temp/codeql_databases/javascript/results/codeql/javascript-queries/Security/CWE-352/MissingCsrfMiddleware.bqrs.
codeql	Perform CodeQL Analysis	2025-12-12T07:11:17.6054612Z Interpreted pathproblem query "Unvalidated dynamic method call" (js/unvalidated-dynamic-method-call) at path /home/runner/work/_temp/codeql_databases/javascript/results/codeql/javascript-queries/Security/CWE-754/UnvalidatedDynamicMethodCall.bqrs.
codeql	Perform CodeQL Analysis	2025-12-12T07:11:17.6057207Z Interpreted pathproblem query "Server crash" (js/server-crash) at path /home/runner/work/_temp/codeql_databases/javascript/results/codeql/javascript-queries/Security/CWE-730/ServerCrash.bqrs.
codeql	Perform CodeQL Analysis	2025-12-12T07:11:17.6059621Z Interpreted pathproblem query "Regular expression injection" (js/regex-injection) at path /home/runner/work/_temp/codeql_databases/javascript/results/codeql/javascript-queries/Security/CWE-730/RegExpInjection.bqrs.
codeql	Perform CodeQL Analysis	2025-12-12T07:11:17.6082132Z Interpreted pathproblem query "Permissive CORS configuration" (js/cors-permissive-configuration) at path /home/runner/work/_temp/codeql_databases/javascript/results/codeql/javascript-queries/Security/CWE-942/CorsPermissiveConfiguration.bqrs.
codeql	Perform CodeQL Analysis	2025-12-12T07:11:17.6084770Z Interpreted pathproblem query "Code injection" (js/code-injection) at path /home/runner/work/_temp/codeql_databases/javascript/results/codeql/javascript-queries/Security/CWE-094/CodeInjection.bqrs.
codeql	Perform CodeQL Analysis	2025-12-12T07:11:17.6087260Z Interpreted pathproblem query "Unsafe dynamic method access" (js/unsafe-dynamic-method-access) at path /home/runner/work/_temp/codeql_databases/javascript/results/codeql/javascript-queries/Security/CWE-094/UnsafeDynamicMethodAccess.bqrs.
codeql	Perform CodeQL Analysis	2025-12-12T07:11:17.6090088Z Interpreted pathproblem query "Improper code sanitization" (js/bad-code-sanitization) at path /home/runner/work/_temp/codeql_databases/javascript/results/codeql/javascript-queries/Security/CWE-094/ImproperCodeSanitization.bqrs.
codeql	Perform CodeQL Analysis	2025-12-12T07:11:17.6092864Z Interpreted pathproblem query "Deserialization of user-controlled data" (js/unsafe-deserialization) at path /home/runner/work/_temp/codeql_databases/javascript/results/codeql/javascript-queries/Security/CWE-502/UnsafeDeserialization.bqrs.
codeql	Perform CodeQL Analysis	2025-12-12T07:11:17.6095498Z Interpreted problem query "Exposure of private files" (js/exposure-of-private-files) at path /home/runner/work/_temp/codeql_databases/javascript/results/codeql/javascript-queries/Security/CWE-200/PrivateFileExposure.bqrs.
codeql	Perform CodeQL Analysis	2025-12-12T07:11:17.6098087Z Interpreted problem query "Sensitive data read from GET request" (js/sensitive-get-query) at path /home/runner/work/_temp/codeql_databases/javascript/results/codeql/javascript-queries/Security/CWE-598/SensitiveGetQuery.bqrs.
codeql	Perform CodeQL Analysis	2025-12-12T07:11:17.6101210Z Interpreted pathproblem query "Use of externally-controlled format string" (js/tainted-format-string) at path /home/runner/work/_temp/codeql_databases/javascript/results/codeql/javascript-queries/Security/CWE-134/TaintedFormatString.bqrs.
codeql	Perform CodeQL Analysis	2025-12-12T07:11:17.6104191Z Interpreted pathproblem query "CORS misconfiguration for credentials transfer" (js/cors-misconfiguration-for-credentials) at path /home/runner/work/_temp/codeql_databases/javascript/results/codeql/javascript-queries/Security/CWE-346/CorsMisconfigurationForCredentials.bqrs.
codeql	Perform CodeQL Analysis	2025-12-12T07:11:17.6109239Z Interpreted pathproblem query "Use of a broken or weak cryptographic algorithm" (js/weak-cryptographic-algorithm) at path /home/runner/work/_temp/codeql_databases/javascript/results/codeql/javascript-queries/Security/CWE-327/BrokenCryptoAlgorithm.bqrs.
codeql	Perform CodeQL Analysis	2025-12-12T07:11:17.6113207Z Interpreted problem query "Creating biased random numbers from a cryptographically secure source" (js/biased-cryptographic-random) at path /home/runner/work/_temp/codeql_databases/javascript/results/codeql/javascript-queries/Security/CWE-327/BadRandomness.bqrs.
codeql	Perform CodeQL Analysis	2025-12-12T07:11:17.6118533Z Interpreted pathproblem query "Resources exhaustion from deep object traversal" (js/resource-exhaustion-from-deep-object-traversal) at path /home/runner/work/_temp/codeql_databases/javascript/results/codeql/javascript-queries/Security/CWE-400/DeepObjectResourceExhaustion.bqrs.
codeql	Perform CodeQL Analysis	2025-12-12T07:11:17.6122565Z Interpreted pathproblem query "Server-side request forgery" (js/request-forgery) at path /home/runner/work/_temp/codeql_databases/javascript/results/codeql/javascript-queries/Security/CWE-918/RequestForgery.bqrs.
codeql	Perform CodeQL Analysis	2025-12-12T07:11:17.6126954Z Interpreted problem query "Inclusion of functionality from an untrusted source" (js/functionality-from-untrusted-source) at path /home/runner/work/_temp/codeql_databases/javascript/results/codeql/javascript-queries/Security/CWE-830/FunctionalityFromUntrustedSource.bqrs.
codeql	Perform CodeQL Analysis	2025-12-12T07:11:17.6133170Z Interpreted problem query "Untrusted domain used in script or other content" (js/functionality-from-untrusted-domain) at path /home/runner/work/_temp/codeql_databases/javascript/results/codeql/javascript-queries/Security/CWE-830/FunctionalityFromUntrustedDomain.bqrs.
codeql	Perform CodeQL Analysis	2025-12-12T07:11:17.6138044Z Interpreted pathproblem query "Information exposure through a stack trace" (js/stack-trace-exposure) at path /home/runner/work/_temp/codeql_databases/javascript/results/codeql/javascript-queries/Security/CWE-209/StackTraceExposure.bqrs.
codeql	Perform CodeQL Analysis	2025-12-12T07:11:17.6141000Z Interpreted problem query "Insecure configuration of Helmet security middleware" (js/insecure-helmet-configuration) at path /home/runner/work/_temp/codeql_databases/javascript/results/codeql/javascript-queries/Security/CWE-693/InsecureHelmet.bqrs.
codeql	Perform CodeQL Analysis	2025-12-12T07:11:17.6143596Z Interpreted pathproblem query "XML external entity expansion" (js/xxe) at path /home/runner/work/_temp/codeql_databases/javascript/results/codeql/javascript-queries/Security/CWE-611/Xxe.bqrs.
codeql	Perform CodeQL Analysis	2025-12-12T07:11:17.6145803Z Interpreted problem query "Disabling SCE" (js/angular/disabling-sce) at path /home/runner/work/_temp/codeql_databases/javascript/results/codeql/javascript-queries/AngularJS/DisablingSce.bqrs.
codeql	Perform CodeQL Analysis	2025-12-12T07:11:17.6148139Z Interpreted problem query "Double compilation" (js/angular/double-compilation) at path /home/runner/work/_temp/codeql_databases/javascript/results/codeql/javascript-queries/AngularJS/DoubleCompilation.bqrs.
codeql	Perform CodeQL Analysis	2025-12-12T07:11:17.6157727Z Interpreted problem query "Insecure URL whitelist" (js/angular/insecure-url-whitelist) at path /home/runner/work/_temp/codeql_databases/javascript/results/codeql/javascript-queries/AngularJS/InsecureUrlWhitelist.bqrs.
codeql	Perform CodeQL Analysis	2025-12-12T07:11:17.6160281Z Interpreted problem query "Inefficient regular expression" (js/redos) at path /home/runner/work/_temp/codeql_databases/javascript/results/codeql/javascript-queries/Performance/ReDoS.bqrs.
codeql	Perform CodeQL Analysis	2025-12-12T07:11:17.6162974Z Interpreted pathproblem query "Polynomial regular expression used on uncontrolled data" (js/polynomial-redos) at path /home/runner/work/_temp/codeql_databases/javascript/results/codeql/javascript-queries/Performance/PolynomialReDoS.bqrs.
codeql	Perform CodeQL Analysis	2025-12-12T07:11:17.6165571Z Interpreted problem query "Replacement of a substring with itself" (js/identity-replacement) at path /home/runner/work/_temp/codeql_databases/javascript/results/codeql/javascript-queries/RegExp/IdentityReplacement.bqrs.
codeql	Perform CodeQL Analysis	2025-12-12T07:11:17.6168291Z Interpreted problem query "Enabling Electron allowRunningInsecureContent" (js/enabling-electron-insecure-content) at path /home/runner/work/_temp/codeql_databases/javascript/results/codeql/javascript-queries/Electron/AllowRunningInsecureContent.bqrs.
codeql	Perform CodeQL Analysis	2025-12-12T07:11:17.6175847Z Interpreted problem query "Disabling Electron webSecurity" (js/disabling-electron-websecurity) at path /home/runner/work/_temp/codeql_databases/javascript/results/codeql/javascript-queries/Electron/DisablingWebSecurity.bqrs.
codeql	Perform CodeQL Analysis	2025-12-12T07:11:17.6178579Z Interpreted diagnostic query "Extracted files" (js/diagnostics/successfully-extracted-files) at path /home/runner/work/_temp/codeql_databases/javascript/results/codeql/javascript-queries/Diagnostics/ExtractedFiles.bqrs.
codeql	Perform CodeQL Analysis	2025-12-12T07:11:17.6181636Z Interpreted diagnostic query "Extraction errors" (js/diagnostics/extraction-errors) at path /home/runner/work/_temp/codeql_databases/javascript/results/codeql/javascript-queries/Diagnostics/ExtractionErrors.bqrs.
codeql	Perform CodeQL Analysis	2025-12-12T07:11:17.6184337Z Interpreted metric query "Total lines of user written JavaScript and TypeScript code in the database" (js/summary/lines-of-user-code) at path /home/runner/work/_temp/codeql_databases/javascript/results/codeql/javascript-queries/Summary/LinesOfUserCode.bqrs.
codeql	Perform CodeQL Analysis	2025-12-12T07:11:17.6187156Z Interpreted metric query "Total lines of JavaScript and TypeScript code in the database" (js/summary/lines-of-code) at path /home/runner/work/_temp/codeql_databases/javascript/results/codeql/javascript-queries/Summary/LinesOfCode.bqrs.
codeql	Perform CodeQL Analysis	2025-12-12T07:11:17.6188961Z Reading source archive /home/runner/work/_temp/codeql_databases/javascript/src.zip
codeql	Perform CodeQL Analysis	2025-12-12T07:11:17.7806091Z Interpreting file coverage baseline information
codeql	Perform CodeQL Analysis	2025-12-12T07:11:17.7811230Z Finished interpreting file coverage baseline information.
codeql	Perform CodeQL Analysis	2025-12-12T07:11:17.7817654Z Interpreting diagnostic messages...
codeql	Perform CodeQL Analysis	2025-12-12T07:11:17.8154952Z Found 2 raw diagnostic messages.
codeql	Perform CodeQL Analysis	2025-12-12T07:11:17.8226448Z Processed diagnostic messages (removed 0 due to limits, created 0 summary diagnostics for status page).
codeql	Perform CodeQL Analysis	2025-12-12T07:11:17.8252508Z Interpreted diagnostic messages (41ms).
codeql	Perform CodeQL Analysis	2025-12-12T07:11:18.0003505Z Exporting results to SARIF...
codeql	Perform CodeQL Analysis	2025-12-12T07:11:18.1932544Z Exported results to SARIF (193ms).
codeql	Perform CodeQL Analysis	2025-12-12T07:11:18.2244990Z ##[endgroup]
codeql	Perform CodeQL Analysis	2025-12-12T07:11:18.2245970Z CodeQL scanned 166 out of 166 TypeScript files, 7 out of 7 GitHub Actions files and 7 out of 7 JavaScript files in this invocation. Check the status page for overall coverage information: https://github.com/lilyth-y/dashboard/security/code-scanning/tools/CodeQL/status/
codeql	Perform CodeQL Analysis	2025-12-12T07:11:18.2246850Z 
codeql	Perform CodeQL Analysis	2025-12-12T07:11:18.2260149Z Post-processing sarif files: ["/home/runner/work/dashboard/results/javascript.sarif"]
codeql	Perform CodeQL Analysis	2025-12-12T07:11:18.2306451Z Adding fingerprints to SARIF file. See https://docs.github.com/en/enterprise-cloud@latest/code-security/code-scanning/integrating-with-code-scanning/sarif-support-for-code-scanning#providing-data-to-track-code-scanning-alerts-across-runs for more information.
codeql	Perform CodeQL Analysis	2025-12-12T07:11:18.2309140Z ##[group]Uploading code scanning results
codeql	Perform CodeQL Analysis	2025-12-12T07:11:18.2532586Z Uploading results
codeql	Perform CodeQL Analysis	2025-12-12T07:11:18.5806126Z Successfully uploaded results
codeql	Perform CodeQL Analysis	2025-12-12T07:11:18.5806945Z ##[endgroup]
codeql	Perform CodeQL Analysis	2025-12-12T07:11:18.5814155Z ##[group]Cleaning up databases
codeql	Perform CodeQL Analysis	2025-12-12T07:11:18.5815565Z [command]/opt/hostedtoolcache/CodeQL/2.23.6/x64/codeql/codeql database cleanup /home/runner/work/_temp/codeql_databases/javascript --cache-cleanup=clear
codeql	Perform CodeQL Analysis	2025-12-12T07:11:19.2665522Z Cleaning up existing TRAP files after import...
codeql	Perform CodeQL Analysis	2025-12-12T07:11:19.2707785Z TRAP files cleaned up (3ms).
codeql	Perform CodeQL Analysis	2025-12-12T07:11:19.2709563Z Cleaning up scratch directory...
codeql	Perform CodeQL Analysis	2025-12-12T07:11:19.2710807Z Scratch directory cleaned up (0ms).
codeql	Perform CodeQL Analysis	2025-12-12T07:11:19.3578526Z ##[endgroup]
codeql	Perform CodeQL Analysis	2025-12-12T07:11:19.3589488Z [command]/opt/hostedtoolcache/CodeQL/2.23.6/x64/codeql/codeql database bundle /home/runner/work/_temp/codeql_databases/javascript --output=/home/runner/work/_temp/codeql_databases/javascript.zip --name=javascript
codeql	Perform CodeQL Analysis	2025-12-12T07:11:20.1871715Z Creating bundle metadata for /home/runner/work/_temp/codeql_databases/javascript...
codeql	Perform CodeQL Analysis	2025-12-12T07:11:20.3638496Z Creating zip file at /home/runner/work/_temp/codeql_databases/javascript.zip.
codeql	Perform CodeQL Analysis	2025-12-12T07:11:21.6346636Z Skipping upload of TRAP cache for javascript as it is too small
codeql	Perform CodeQL Analysis	2025-12-12T07:11:21.6351115Z ##[group]Waiting for processing to finish
codeql	Perform CodeQL Analysis	2025-12-12T07:11:21.7703783Z Analysis upload status is complete.
codeql	Perform CodeQL Analysis	2025-12-12T07:11:21.7704809Z ##[endgroup]
codeql	Post Perform CodeQL Analysis	﻿2025-12-12T07:11:21.9166010Z Post job cleanup.
codeql	Post Initialize CodeQL	﻿2025-12-12T07:11:22.7555263Z Post job cleanup.
codeql	Post Initialize CodeQL	2025-12-12T07:11:23.5848339Z CodeQL job status was success.
codeql	Post Initialize CodeQL	2025-12-12T07:11:23.5858497Z Sending status report for init-post step.
codeql	Post Initialize CodeQL	2025-12-12T07:11:23.8016699Z Status report sent for init-post step.
codeql	Post Checkout code	﻿2025-12-12T07:11:23.8776098Z Post job cleanup.
codeql	Post Checkout code	2025-12-12T07:11:23.9696212Z [command]/usr/bin/git version
codeql	Post Checkout code	2025-12-12T07:11:23.9732575Z git version 2.52.0
codeql	Post Checkout code	2025-12-12T07:11:23.9776773Z Temporarily overriding HOME='/home/runner/work/_temp/be5cd6fb-606c-46e6-8b5a-437179e5f34b' before making global git config changes
codeql	Post Checkout code	2025-12-12T07:11:23.9778022Z Adding repository directory to the temporary git global config as a safe directory
codeql	Post Checkout code	2025-12-12T07:11:23.9790254Z [command]/usr/bin/git config --global --add safe.directory /home/runner/work/dashboard/dashboard
codeql	Post Checkout code	2025-12-12T07:11:23.9824882Z [command]/usr/bin/git config --local --name-only --get-regexp core\.sshCommand
codeql	Post Checkout code	2025-12-12T07:11:23.9857676Z [command]/usr/bin/git submodule foreach --recursive sh -c "git config --local --name-only --get-regexp 'core\.sshCommand' && git config --local --unset-all 'core.sshCommand' || :"
codeql	Post Checkout code	2025-12-12T07:11:24.0089230Z [command]/usr/bin/git config --local --name-only --get-regexp http\.https\:\/\/github\.com\/\.extraheader
codeql	Post Checkout code	2025-12-12T07:11:24.0110892Z http.https://github.com/.extraheader
codeql	Post Checkout code	2025-12-12T07:11:24.0123789Z [command]/usr/bin/git config --local --unset-all http.https://github.com/.extraheader
codeql	Post Checkout code	2025-12-12T07:11:24.0154416Z [command]/usr/bin/git submodule foreach --recursive sh -c "git config --local --name-only --get-regexp 'http\.https\:\/\/github\.com\/\.extraheader' && git config --local --unset-all 'http.https://github.com/.extraheader' || :"
codeql	Post Checkout code	2025-12-12T07:11:24.0379968Z [command]/usr/bin/git config --local --name-only --get-regexp ^includeIf\.gitdir:
codeql	Post Checkout code	2025-12-12T07:11:24.0410590Z [command]/usr/bin/git submodule foreach --recursive git config --local --show-origin --name-only --get-regexp remote.origin.url
codeql	Complete job	﻿2025-12-12T07:11:24.0733503Z Cleaning up orphan processes
